[user:Dalí] [type:pago] [ammount:1115401358389555][total:1115401358389555]
[user:Carlos] [type:descuento] [ammount:1734933044616430][total:2850334403005985]
[user:Anakin] [type:inversión] [ammount:3070571329704184][total:5920905732710169]
[user:Carlos] [type:cobro] [ammount:2652114566217957][total:8573020298928126]
[user:David] [type:pago] [ammount:783317923257422][total:9356338222185548]
[user:Sonia] [type:inversión] [ammount:1266964944909833][total:10623303167095381]
[user:David] [type:pago] [ammount:1965753336897549][total:12589056503992930]
[user:Kung] [type:inversión] [ammount:2133401470837310][total:14722457974830240]
[user:Dalí] [type:descuento] [ammount:178877189836623][total:14901335164666863]
[user:Anakin] [type:cobro] [ammount:2399758815467011][total:17301093980133874]
[user:Keanu] [type:pago] [ammount:950399550152079][total:18251493530285953]
[user:Kung] [type:descuento] [ammount:1500900812852733][total:19752394343138686]
[user:Felipe] [type:descuento] [ammount:2239921489547853][total:21992315832686539]
[user:Carlos] [type:pago] [ammount:702188575082891][total:22694504407769430]
[user:Gustavo] [type:inversión] [ammount:2431388181613244][total:25125892589382674]
[user:David] [type:descuento] [ammount:864949096767636][total:25990841686150310]
[user:Anakin] [type:descuento] [ammount:2366780262465484][total:28357621948615794]
[user:Anakin] [type:pago] [ammount:2385351902353071][total:30742973850968865]
[user:Juan] [type:descuento] [ammount:1252690122107822][total:31995663973076687]
[user:David] [type:descuento] [ammount:2247833630141625][total:34243497603218312]
[user:Keanu] [type:inversión] [ammount:374813631264955][total:34618311234483267]
[user:Gustavo] [type:pago] [ammount:665690267027629][total:35284001501510896]
[user:Sonia] [type:cobro] [ammount:2897380794709710][total:38181382296220606]
[user:Carlos] [type:cobro] [ammount:1591015881236703][total:39772398177457309]
[user:Keanu] [type:cobro] [ammount:2385374752735328][total:42157772930192637]
[user:David] [type:inversión] [ammount:548020601868446][total:42705793532061083]
[user:Dalí] [type:descuento] [ammount:1388252218359530][total:44094045750420613]
[user:Anakin] [type:pago] [ammount:381077749438766][total:44475123499859379]
[user:David] [type:cobro] [ammount:3440935759656947][total:47916059259516326]
[user:Gustavo] [type:inversión] [ammount:3129894421548614][total:51045953681064940]
[user:Anakin] [type:descuento] [ammount:966277912631657][total:52012231593696597]
[user:Kung] [type:descuento] [ammount:52209973460956][total:52064441567157553]
[user:Sonia] [type:cobro] [ammount:2136738529290512][total:54201180096448065]
[user:Gustavo] [type:inversión] [ammount:1120184878717597][total:55321364975165662]
[user:Sonia] [type:cobro] [ammount:3643677662686083][total:58965042637851745]
[user:Sonia] [type:descuento] [ammount:1991240472981627][total:60956283110833372]
[user:Kung] [type:pago] [ammount:1097228197430152][total:62053511308263524]
[user:Anakin] [type:inversión] [ammount:1953732759796762][total:64007244068060286]
[user:Kung] [type:pago] [ammount:1276560045561731][total:65283804113622017]
[user:Sonia] [type:descuento] [ammount:556211172894677][total:65840015286516694]
[user:Sonia] [type:inversión] [ammount:2164294202608031][total:68004309489124725]
[user:Anakin] [type:inversión] [ammount:998153054366748][total:69002462543491473]
[user:Dalí] [type:inversión] [ammount:2848464266513965][total:71850926810005438]
[user:Felipe] [type:cobro] [ammount:2358430289592879][total:74209357099598317]
[user:Gustavo] [type:cobro] [ammount:2625252444033182][total:76834609543631499]
[user:Felipe] [type:descuento] [ammount:2823432297395011][total:79658041841026510]
[user:Felipe] [type:cobro] [ammount:467699672532154][total:80125741513558664]
[user:Anakin] [type:cobro] [ammount:520347592217531][total:80646089105776195]
[user:Anakin] [type:inversión] [ammount:1454719304263132][total:82100808410039327]
[user:Keanu] [type:cobro] [ammount:667413310288592][total:82768221720327919]
[user:Felipe] [type:inversión] [ammount:3468989770478917][total:86237211490806836]
[user:David] [type:descuento] [ammount:2392749790689269][total:88629961281496105]
[user:Keanu] [type:inversión] [ammount:1649806193027917][total:90279767474524022]
[user:Dalí] [type:descuento] [ammount:179772040440952][total:90459539514964974]
[user:Felipe] [type:descuento] [ammount:1802093545610052][total:92261633060575026]
[user:Anakin] [type:pago] [ammount:1981717111831753][total:94243350172406779]
[user:Gustavo] [type:cobro] [ammount:2254726005952786][total:96498076178359565]
[user:Juan] [type:cobro] [ammount:3101042139656931][total:99599118318016496]
[user:David] [type:descuento] [ammount:445516702836862][total:100044635020853358]
[user:Sonia] [type:pago] [ammount:2419331887712223][total:102463966908565581]
[user:Keanu] [type:inversión] [ammount:1720797932695354][total:104184764841260935]
[user:Juan] [type:inversión] [ammount:1368469790631675][total:105553234631892610]
[user:Gustavo] [type:cobro] [ammount:1477685736076813][total:107030920367969423]
[user:David] [type:inversión] [ammount:1347039317622417][total:108377959685591840]
[user:Carlos] [type:cobro] [ammount:337436911852995][total:108715396597444835]
[user:Sonia] [type:pago] [ammount:2634853753396080][total:111350250350840915]
[user:Keanu] [type:inversión] [ammount:3499332515102915][total:114849582865943830]
[user:Kung] [type:cobro] [ammount:1259273418440545][total:116108856284384375]
[user:Juan] [type:inversión] [ammount:3650480336227412][total:119759336620611787]
[user:Juan] [type:inversión] [ammount:1701181352196666][total:121460517972808453]
[user:Gustavo] [type:pago] [ammount:167565197080623][total:121628083169889076]
[user:Gustavo] [type:inversión] [ammount:2754360829736934][total:124382443999626010]
[user:David] [type:descuento] [ammount:1709988832524328][total:126092432832150338]
[user:Felipe] [type:descuento] [ammount:1761563414372422][total:127853996246522760]
[user:Carlos] [type:cobro] [ammount:2486536179019222][total:130340532425541982]
[user:Anakin] [type:descuento] [ammount:3119047119467536][total:133459579545009518]
[user:Sonia] [type:cobro] [ammount:1311392309185766][total:134770971854195284]
[user:Keanu] [type:inversión] [ammount:1039989791798359][total:135810961645993643]
[user:Kung] [type:inversión] [ammount:3042770993183918][total:138853732639177561]
[user:Carlos] [type:cobro] [ammount:1017826864795646][total:139871559503973207]
[user:Dalí] [type:descuento] [ammount:3238922688130054][total:143110482192103261]
[user:Juan] [type:cobro] [ammount:2589559994290583][total:145700042186393844]
[user:Sonia] [type:descuento] [ammount:2085683179248727][total:147785725365642571]
[user:Kung] [type:cobro] [ammount:3663458310155338][total:151449183675797909]
[user:Juan] [type:cobro] [ammount:3498133085361567][total:154947316761159476]
[user:Dalí] [type:inversión] [ammount:594140057444291][total:155541456818603767]
[user:Felipe] [type:pago] [ammount:1330282826383684][total:156871739644987451]
[user:Anakin] [type:descuento] [ammount:1188966041327401][total:158060705686314852]
[user:Sonia] [type:cobro] [ammount:157757491567938][total:158218463177882790]
[user:Sonia] [type:pago] [ammount:3079822822845517][total:161298286000728307]
[user:Gustavo] [type:pago] [ammount:2993405397156958][total:164291691397885265]
[user:Gustavo] [type:cobro] [ammount:681962927250571][total:164973654325135836]
[user:Juan] [type:inversión] [ammount:2281534898551443][total:167255189223687279]
[user:Felipe] [type:descuento] [ammount:987420804382427][total:168242610028069706]
[user:Sonia] [type:inversión] [ammount:2190082498505464][total:170432692526575170]
[user:Gustavo] [type:descuento] [ammount:440583331903463][total:170873275858478633]
[user:David] [type:pago] [ammount:1158636621763014][total:172031912480241647]
[user:Carlos] [type:cobro] [ammount:233817884872935][total:172265730365114582]
[user:Anakin] [type:inversión] [ammount:2363637200371852][total:174629367565486434]
[user:Carlos] [type:inversión] [ammount:756912049743690][total:175386279615230124]
[user:Felipe] [type:cobro] [ammount:2646946317404915][total:178033225932635039]
[user:Dalí] [type:descuento] [ammount:2997771208251766][total:181030997140886805]
[user:Sonia] [type:inversión] [ammount:2859516351925495][total:183890513492812300]
[user:Dalí] [type:inversión] [ammount:1150355242368355][total:185040868735180655]
[user:Anakin] [type:inversión] [ammount:1345101024954913][total:186385969760135568]
[user:Juan] [type:inversión] [ammount:3376739072194176][total:189762708832329744]
[user:Anakin] [type:descuento] [ammount:1845622229703654][total:191608331062033398]
[user:Felipe] [type:descuento] [ammount:3202481318618907][total:194810812380652305]
[user:Juan] [type:pago] [ammount:2582514218077187][total:197393326598729492]
[user:David] [type:cobro] [ammount:918404566929344][total:198311731165658836]
[user:Gustavo] [type:pago] [ammount:2958817355264748][total:201270548520923584]
[user:Kung] [type:cobro] [ammount:2600286761376765][total:203870835282300349]
[user:David] [type:cobro] [ammount:1899408260572643][total:205770243542872992]
[user:Kung] [type:cobro] [ammount:1848186472855701][total:207618430015728693]
[user:Dalí] [type:descuento] [ammount:1849918892665325][total:209468348908394018]
[user:Kung] [type:cobro] [ammount:1689392140791345][total:211157741049185363]
[user:David] [type:descuento] [ammount:2932726433042035][total:214090467482227398]
[user:Sonia] [type:cobro] [ammount:2876571341848815][total:216967038824076213]
[user:Juan] [type:inversión] [ammount:3348831457829664][total:220315870281905877]
[user:Keanu] [type:inversión] [ammount:3464320227927801][total:223780190509833678]
[user:Carlos] [type:cobro] [ammount:2690351514851165][total:226470542024684843]
[user:Keanu] [type:descuento] [ammount:1107110113877501][total:227577652138562344]
[user:Anakin] [type:pago] [ammount:1893125058506392][total:229470777197068736]
[user:Sonia] [type:pago] [ammount:3404960502922659][total:232875737699991395]
[user:Felipe] [type:descuento] [ammount:460602657880824][total:233336340357872219]
[user:Carlos] [type:descuento] [ammount:1183883056290709][total:234520223414162928]
[user:Gustavo] [type:inversión] [ammount:456495318155133][total:234976718732318061]
[user:Juan] [type:cobro] [ammount:2165012899822102][total:237141731632140163]
[user:Anakin] [type:inversión] [ammount:2937872278122074][total:240079603910262237]
[user:Gustavo] [type:cobro] [ammount:3346967193042179][total:243426571103304416]
[user:Juan] [type:inversión] [ammount:1279905453291251][total:244706476556595667]
[user:Juan] [type:inversión] [ammount:55935227953829][total:244762411784549496]
[user:Juan] [type:descuento] [ammount:2839341489903765][total:247601753274453261]
[user:David] [type:descuento] [ammount:1799802361123494][total:249401555635576755]
[user:Felipe] [type:inversión] [ammount:1384913396287510][total:250786469031864265]
[user:Keanu] [type:descuento] [ammount:2387020328189418][total:253173489360053683]
[user:Carlos] [type:cobro] [ammount:1389337333663806][total:254562826693717489]
[user:Sonia] [type:descuento] [ammount:278479510207078][total:254841306203924567]
[user:Gustavo] [type:cobro] [ammount:656274769480768][total:255497580973405335]
[user:Anakin] [type:cobro] [ammount:1534641553175709][total:257032222526581044]
[user:Sonia] [type:descuento] [ammount:2272325352593122][total:259304547879174166]
[user:Gustavo] [type:descuento] [ammount:3002824835276349][total:262307372714450515]
[user:Sonia] [type:inversión] [ammount:919375212343321][total:263226747926793836]
[user:Sonia] [type:pago] [ammount:165718334716891][total:263392466261510727]
[user:Dalí] [type:descuento] [ammount:1891149060224930][total:265283615321735657]
[user:Dalí] [type:inversión] [ammount:723511155220948][total:266007126476956605]
[user:Kung] [type:inversión] [ammount:2931894302991813][total:268939020779948418]
[user:Kung] [type:pago] [ammount:1714830792707084][total:270653851572655502]
[user:David] [type:inversión] [ammount:2899988288787721][total:273553839861443223]
[user:Felipe] [type:descuento] [ammount:1085731720670115][total:274639571582113338]
[user:Gustavo] [type:descuento] [ammount:2604242500471269][total:277243814082584607]
[user:Felipe] [type:inversión] [ammount:1019330903105401][total:278263144985690008]
[user:Juan] [type:cobro] [ammount:906855582118275][total:279170000567808283]
[user:Anakin] [type:inversión] [ammount:1767113067743500][total:280937113635551783]
[user:Dalí] [type:pago] [ammount:3315264600126654][total:284252378235678437]
[user:Sonia] [type:descuento] [ammount:198083190655454][total:284450461426333891]
[user:Keanu] [type:cobro] [ammount:3289118982870957][total:287739580409204848]
[user:Anakin] [type:cobro] [ammount:725420053950582][total:288465000463155430]
[user:Gustavo] [type:descuento] [ammount:2085245491774561][total:290550245954929991]
[user:Carlos] [type:inversión] [ammount:350548580627841][total:290900794535557832]
[user:Juan] [type:inversión] [ammount:1364737684153136][total:292265532219710968]
[user:Keanu] [type:pago] [ammount:1206493448969775][total:293472025668680743]
[user:Gustavo] [type:pago] [ammount:2026160465013120][total:295498186133693863]
[user:Carlos] [type:cobro] [ammount:959932195153732][total:296458118328847595]
[user:Sonia] [type:cobro] [ammount:183968758319875][total:296642087087167470]
[user:Kung] [type:descuento] [ammount:280101637748621][total:296922188724916091]
[user:David] [type:descuento] [ammount:1985220634333572][total:298907409359249663]
[user:Felipe] [type:descuento] [ammount:581456287986434][total:299488865647236097]
[user:Gustavo] [type:pago] [ammount:294503968939482][total:299783369616175579]
[user:Juan] [type:pago] [ammount:2098878033072265][total:301882247649247844]
[user:Felipe] [type:pago] [ammount:595111670230693][total:302477359319478537]
[user:Anakin] [type:inversión] [ammount:2839091372619540][total:305316450692098077]
[user:Juan] [type:cobro] [ammount:2897709794741252][total:308214160486839329]
[user:David] [type:inversión] [ammount:2790589793125150][total:311004750279964479]
[user:Keanu] [type:inversión] [ammount:3106754760021424][total:314111505039985903]
[user:Gustavo] [type:descuento] [ammount:3049320960768433][total:317160826000754336]
[user:Felipe] [type:pago] [ammount:2812205690484811][total:319973031691239147]
[user:Carlos] [type:pago] [ammount:1206915372479376][total:321179947063718523]
[user:Kung] [type:pago] [ammount:1321466407431034][total:322501413471149557]
[user:Juan] [type:cobro] [ammount:3019075695607982][total:325520489166757539]
[user:Juan] [type:cobro] [ammount:23659626279770][total:325544148793037309]
[user:Keanu] [type:descuento] [ammount:1901273068701434][total:327445421861738743]
[user:David] [type:pago] [ammount:2025509453258332][total:329470931314997075]
[user:Anakin] [type:inversión] [ammount:2525565330727373][total:331996496645724448]
[user:Carlos] [type:pago] [ammount:1524538774424548][total:333521035420148996]
[user:Carlos] [type:descuento] [ammount:2486033957120829][total:336007069377269825]
[user:Keanu] [type:inversión] [ammount:635149101273294][total:336642218478543119]
[user:David] [type:pago] [ammount:2311376707123498][total:338953595185666617]
[user:Keanu] [type:inversión] [ammount:399318784168668][total:339352913969835285]
[user:Dalí] [type:cobro] [ammount:2868472643012683][total:342221386612847968]
[user:Felipe] [type:pago] [ammount:2586364205593908][total:344807750818441876]
[user:David] [type:cobro] [ammount:934322170772425][total:345742072989214301]
[user:Kung] [type:cobro] [ammount:2155833474591125][total:347897906463805426]
[user:David] [type:descuento] [ammount:611266549203329][total:348509173013008755]
[user:Dalí] [type:pago] [ammount:3371932177483250][total:351881105190492005]
[user:Kung] [type:pago] [ammount:3136477524755278][total:355017582715247283]
[user:Felipe] [type:inversión] [ammount:1951529496088479][total:356969112211335762]
[user:Gustavo] [type:cobro] [ammount:1843123940491258][total:358812236151827020]
[user:Sonia] [type:inversión] [ammount:2603832383003914][total:361416068534830934]
[user:Juan] [type:descuento] [ammount:2050677751763438][total:363466746286594372]
[user:Felipe] [type:cobro] [ammount:3284911485606345][total:366751657772200717]
[user:Felipe] [type:cobro] [ammount:169927024273646][total:366921584796474363]
[user:David] [type:pago] [ammount:98680164736753][total:367020264961211116]
[user:Anakin] [type:inversión] [ammount:1318381080630393][total:368338646041841509]
[user:David] [type:cobro] [ammount:462574751818315][total:368801220793659824]
[user:Felipe] [type:inversión] [ammount:3410125837813468][total:372211346631473292]
[user:Gustavo] [type:pago] [ammount:3641169376271588][total:375852516007744880]
[user:Kung] [type:descuento] [ammount:392105742719606][total:376244621750464486]
[user:Sonia] [type:cobro] [ammount:39722818994615][total:376284344569459101]
[user:Carlos] [type:pago] [ammount:3588250991841344][total:379872595561300445]
[user:Gustavo] [type:inversión] [ammount:171499666500009][total:380044095227800454]
[user:Keanu] [type:cobro] [ammount:3036026704781355][total:383080121932581809]
[user:David] [type:cobro] [ammount:575327278882064][total:383655449211463873]
[user:Dalí] [type:cobro] [ammount:2671945142149809][total:386327394353613682]
[user:David] [type:cobro] [ammount:2743472179493817][total:389070866533107499]
[user:Dalí] [type:cobro] [ammount:152148148388722][total:389223014681496221]
[user:Felipe] [type:cobro] [ammount:3083980365768897][total:392306995047265118]
[user:Keanu] [type:inversión] [ammount:2582891503000310][total:394889886550265428]
[user:Keanu] [type:cobro] [ammount:3505388931121548][total:398395275481386976]
[user:Dalí] [type:descuento] [ammount:1752225240286452][total:400147500721673428]
[user:Anakin] [type:pago] [ammount:2433736624199130][total:402581237345872558]
[user:Anakin] [type:descuento] [ammount:921203639737384][total:403502440985609942]
[user:Felipe] [type:inversión] [ammount:2583341654686707][total:406085782640296649]
[user:Keanu] [type:descuento] [ammount:1881214954564364][total:407966997594861013]
[user:David] [type:pago] [ammount:3034561095276613][total:411001558690137626]
[user:Juan] [type:descuento] [ammount:2635464983056993][total:413637023673194619]
[user:Anakin] [type:cobro] [ammount:626445436110487][total:414263469109305106]
[user:Felipe] [type:descuento] [ammount:3481726100075187][total:417745195209380293]
[user:Keanu] [type:pago] [ammount:435947243607870][total:418181142452988163]
[user:Sonia] [type:inversión] [ammount:1411191075515960][total:419592333528504123]
[user:Kung] [type:inversión] [ammount:65955683069916][total:419658289211574039]
[user:Felipe] [type:pago] [ammount:3186817550975937][total:422845106762549976]
[user:Keanu] [type:descuento] [ammount:2999139216315972][total:425844245978865948]
[user:Anakin] [type:pago] [ammount:2791153798593013][total:428635399777458961]
[user:Keanu] [type:pago] [ammount:1978318037001885][total:430613717814460846]
[user:Anakin] [type:cobro] [ammount:3180641216584946][total:433794359031045792]
[user:Felipe] [type:descuento] [ammount:1623027270437373][total:435417386301483165]
[user:Dalí] [type:descuento] [ammount:3648329670514768][total:439065715971997933]
[user:Juan] [type:descuento] [ammount:3408036451410785][total:442473752423408718]
[user:Anakin] [type:descuento] [ammount:1535134238372058][total:444008886661780776]
[user:Felipe] [type:descuento] [ammount:2301866856301062][total:446310753518081838]
[user:Dalí] [type:inversión] [ammount:3529598282486475][total:449840351800568313]
[user:Keanu] [type:cobro] [ammount:138419221135911][total:449978771021704224]
[user:Juan] [type:cobro] [ammount:3385169016858593][total:453363940038562817]
[user:Juan] [type:inversión] [ammount:1160912065325555][total:454524852103888372]
[user:Keanu] [type:cobro] [ammount:1386716606873033][total:455911568710761405]
[user:Gustavo] [type:pago] [ammount:3010514967051718][total:458922083677813123]
[user:Carlos] [type:pago] [ammount:178812062360127][total:459100895740173250]
[user:Kung] [type:inversión] [ammount:1872026076406786][total:460972921816580036]
[user:David] [type:inversión] [ammount:1076985006447839][total:462049906823027875]
[user:Juan] [type:descuento] [ammount:1971507201008571][total:464021414024036446]
[user:David] [type:inversión] [ammount:1841490150716039][total:465862904174752485]
[user:Gustavo] [type:descuento] [ammount:3042215665031741][total:468905119839784226]
[user:David] [type:cobro] [ammount:1817863132249761][total:470722982972033987]
[user:Carlos] [type:pago] [ammount:3384619228373190][total:474107602200407177]
[user:Gustavo] [type:descuento] [ammount:2457209770508681][total:476564811970915858]
[user:Gustavo] [type:inversión] [ammount:1220055073431768][total:477784867044347626]
[user:Sonia] [type:cobro] [ammount:3608221190172465][total:481393088234520091]
[user:Kung] [type:cobro] [ammount:2417464767148568][total:483810553001668659]
[user:Keanu] [type:cobro] [ammount:2184815201553863][total:485995368203222522]
[user:Juan] [type:cobro] [ammount:3628648588412734][total:489624016791635256]
[user:Gustavo] [type:inversión] [ammount:1537059852256097][total:491161076643891353]
[user:Kung] [type:cobro] [ammount:2415690511900051][total:493576767155791404]
[user:Keanu] [type:pago] [ammount:1486571025199488][total:495063338180990892]
[user:Juan] [type:pago] [ammount:2614504707994083][total:497677842888984975]
[user:Dalí] [type:inversión] [ammount:1325454730837815][total:499003297619822790]
[user:Kung] [type:pago] [ammount:2594971327580878][total:501598268947403668]
[user:Felipe] [type:pago] [ammount:1652465362046897][total:503250734309450565]
[user:Kung] [type:inversión] [ammount:3612197821211752][total:506862932130662317]
[user:Juan] [type:descuento] [ammount:1879194207486752][total:508742126338149069]
[user:Carlos] [type:pago] [ammount:1460377647587987][total:510202503985737056]
[user:Juan] [type:cobro] [ammount:781317663134462][total:510983821648871518]
[user:Sonia] [type:cobro] [ammount:28004513564607][total:511011826162436125]
[user:Anakin] [type:descuento] [ammount:2642861776959257][total:513654687939395382]
[user:Sonia] [type:pago] [ammount:3513691976283509][total:517168379915678891]
[user:Sonia] [type:cobro] [ammount:1578496033840638][total:518746875949519529]
[user:David] [type:inversión] [ammount:79176454845017][total:518826052404364546]
[user:Keanu] [type:inversión] [ammount:3060371165286399][total:521886423569650945]
[user:Juan] [type:inversión] [ammount:2486361081605514][total:524372784651256459]
[user:Gustavo] [type:cobro] [ammount:2773443603423128][total:527146228254679587]
[user:Gustavo] [type:cobro] [ammount:1549429511370564][total:528695657766050151]
[user:Carlos] [type:descuento] [ammount:42629629412318][total:528738287395462469]
[user:Keanu] [type:cobro] [ammount:229410199971176][total:528967697595433645]
[user:Juan] [type:descuento] [ammount:2326458387916724][total:531294155983350369]
[user:Carlos] [type:inversión] [ammount:3384880704097698][total:534679036687448067]
[user:Anakin] [type:cobro] [ammount:580712350417623][total:535259749037865690]
[user:Juan] [type:cobro] [ammount:1858843732371437][total:537118592770237127]
[user:Gustavo] [type:cobro] [ammount:3504420437310877][total:540623013207548004]
[user:Anakin] [type:cobro] [ammount:2527697455741504][total:543150710663289508]
[user:Sonia] [type:cobro] [ammount:2029509693283933][total:545180220356573441]
[user:Sonia] [type:inversión] [ammount:3031176413902956][total:548211396770476397]
[user:Felipe] [type:pago] [ammount:1420194700805908][total:549631591471282305]
[user:Gustavo] [type:cobro] [ammount:3304043067089374][total:552935634538371679]
[user:Dalí] [type:pago] [ammount:2328683597039380][total:555264318135411059]
[user:Anakin] [type:inversión] [ammount:639850922976992][total:555904169058388051]
[user:Keanu] [type:descuento] [ammount:2240640622573888][total:558144809680961939]
[user:Sonia] [type:descuento] [ammount:3361168135274019][total:561505977816235958]
[user:Felipe] [type:inversión] [ammount:647728456142542][total:562153706272378500]
[user:Anakin] [type:inversión] [ammount:1105318302641368][total:563259024575019868]
[user:Dalí] [type:pago] [ammount:2911544169502601][total:566170568744522469]
[user:David] [type:cobro] [ammount:762922263895099][total:566933491008417568]
[user:Carlos] [type:descuento] [ammount:2065759573854451][total:568999250582272019]
[user:Dalí] [type:pago] [ammount:1681630474327032][total:570680881056599051]
[user:Anakin] [type:descuento] [ammount:99216883106674][total:570780097939705725]
[user:Felipe] [type:pago] [ammount:422278413694396][total:571202376353400121]
[user:Sonia] [type:descuento] [ammount:597995413195360][total:571800371766595481]
[user:Juan] [type:inversión] [ammount:2491721861339879][total:574292093627935360]
[user:Sonia] [type:descuento] [ammount:644324013801830][total:574936417641737190]
[user:Felipe] [type:pago] [ammount:2405090421218091][total:577341508062955281]
[user:Anakin] [type:pago] [ammount:3631695655898777][total:580973203718854058]
[user:Carlos] [type:inversión] [ammount:1238747841505207][total:582211951560359265]
[user:Dalí] [type:pago] [ammount:383587367098614][total:582595538927457879]
[user:Keanu] [type:cobro] [ammount:3621353011499738][total:586216891938957617]
[user:Dalí] [type:inversión] [ammount:2402139394457898][total:588619031333415515]
[user:David] [type:cobro] [ammount:1490388234700959][total:590109419568116474]
[user:Dalí] [type:pago] [ammount:2092016030830088][total:592201435598946562]
[user:Anakin] [type:inversión] [ammount:1748309149799693][total:593949744748746255]
[user:Gustavo] [type:pago] [ammount:3026861341564396][total:596976606090310651]
[user:Felipe] [type:inversión] [ammount:3603126434938897][total:600579732525249548]
[user:Keanu] [type:inversión] [ammount:3338628665140679][total:603918361190390227]
[user:David] [type:inversión] [ammount:2179650394997454][total:606098011585387681]
[user:Kung] [type:pago] [ammount:1739080395635303][total:607837091981022984]
[user:Carlos] [type:descuento] [ammount:3378043471995073][total:611215135453018057]
[user:Sonia] [type:descuento] [ammount:2757198747085232][total:613972334200103289]
[user:Juan] [type:pago] [ammount:1577769106505595][total:615550103306608884]
[user:Sonia] [type:inversión] [ammount:3155765511698364][total:618705868818307248]
[user:Keanu] [type:descuento] [ammount:504508777481267][total:619210377595788515]
[user:Dalí] [type:inversión] [ammount:751949926382261][total:619962327522170776]
[user:Juan] [type:pago] [ammount:3522887762050950][total:623485215284221726]
[user:Anakin] [type:inversión] [ammount:1742105232154809][total:625227320516376535]
[user:Anakin] [type:cobro] [ammount:2764488929993613][total:627991809446370148]
[user:Carlos] [type:cobro] [ammount:532443703678648][total:628524253150048796]
[user:Keanu] [type:cobro] [ammount:3644883411310551][total:632169136561359347]
[user:Felipe] [type:cobro] [ammount:834871000563563][total:633004007561922910]
[user:David] [type:cobro] [ammount:82993190420965][total:633087000752343875]
[user:Kung] [type:inversión] [ammount:581740176364429][total:633668740928708304]
[user:Felipe] [type:cobro] [ammount:1755956909656715][total:635424697838365019]
[user:Keanu] [type:inversión] [ammount:1386389183765049][total:636811087022130068]
[user:Juan] [type:cobro] [ammount:988359943535858][total:637799446965665926]
[user:David] [type:pago] [ammount:1235405362267084][total:639034852327933010]
[user:Kung] [type:cobro] [ammount:3440640583125604][total:642475492911058614]
[user:Sonia] [type:pago] [ammount:2691166815427856][total:645166659726486470]
[user:Gustavo] [type:inversión] [ammount:1067238043195408][total:646233897769681878]
[user:Kung] [type:cobro] [ammount:888265738751965][total:647122163508433843]
[user:Juan] [type:descuento] [ammount:2860381211796389][total:649982544720230232]
[user:Anakin] [type:inversión] [ammount:1753590368904862][total:651736135089135094]
[user:Anakin] [type:cobro] [ammount:940535692349891][total:652676670781484985]
[user:Dalí] [type:inversión] [ammount:3214372326274096][total:655891043107759081]
[user:Felipe] [type:pago] [ammount:2750029565051968][total:658641072672811049]
[user:Gustavo] [type:cobro] [ammount:122027822023339][total:658763100494834388]
[user:Dalí] [type:descuento] [ammount:484209807564112][total:659247310302398500]
[user:Sonia] [type:inversión] [ammount:3551861438653855][total:662799171741052355]
[user:Felipe] [type:cobro] [ammount:2529946326364806][total:665329118067417161]
[user:Anakin] [type:pago] [ammount:2599919896489446][total:667929037963906607]
[user:Gustavo] [type:cobro] [ammount:766927018382366][total:668695964982288973]
[user:Anakin] [type:descuento] [ammount:2024090391224907][total:670720055373513880]
[user:Dalí] [type:inversión] [ammount:1663209403856360][total:672383264777370240]
[user:Sonia] [type:pago] [ammount:1852873357550041][total:674236138134920281]
[user:Keanu] [type:inversión] [ammount:505301594670414][total:674741439729590695]
[user:Gustavo] [type:pago] [ammount:2046309607688286][total:676787749337278981]
[user:Dalí] [type:cobro] [ammount:3422698201460689][total:680210447538739670]
[user:Carlos] [type:descuento] [ammount:2318857845040579][total:682529305383780249]
[user:Kung] [type:cobro] [ammount:3669301063051718][total:686198606446831967]
[user:Juan] [type:descuento] [ammount:3553601848909563][total:689752208295741530]
[user:Juan] [type:cobro] [ammount:315339770435072][total:690067548066176602]
[user:Carlos] [type:descuento] [ammount:2405247209391079][total:692472795275567681]
[user:Carlos] [type:descuento] [ammount:984044236986228][total:693456839512553909]
[user:Carlos] [type:pago] [ammount:325565873146836][total:693782405385700745]
[user:Dalí] [type:inversión] [ammount:3345484487674323][total:697127889873375068]
[user:Carlos] [type:inversión] [ammount:3145422813334302][total:700273312686709370]
[user:Juan] [type:descuento] [ammount:474464198557651][total:700747776885267021]
[user:Keanu] [type:pago] [ammount:461849139982851][total:701209626025249872]
[user:Carlos] [type:cobro] [ammount:2462814410044227][total:703672440435294099]
[user:Gustavo] [type:pago] [ammount:3230468774307264][total:706902909209601363]
[user:Carlos] [type:cobro] [ammount:9001610090116][total:706911910819691479]
[user:Anakin] [type:descuento] [ammount:1551358644685807][total:708463269464377286]
[user:Kung] [type:pago] [ammount:423488523677029][total:708886757988054315]
[user:David] [type:pago] [ammount:1869181917251931][total:710755939905306246]
[user:Kung] [type:descuento] [ammount:1752325223608596][total:712508265128914842]
[user:Anakin] [type:inversión] [ammount:1659047523572525][total:714167312652487367]
[user:Carlos] [type:inversión] [ammount:3620402635136992][total:717787715287624359]
[user:David] [type:cobro] [ammount:1923996074576896][total:719711711362201255]
[user:David] [type:descuento] [ammount:3159304889121259][total:722871016251322514]
[user:Carlos] [type:inversión] [ammount:94251975424621][total:722965268226747135]
[user:Kung] [type:cobro] [ammount:2596438451385589][total:725561706678132724]
[user:Carlos] [type:inversión] [ammount:877506771464274][total:726439213449596998]
[user:Sonia] [type:pago] [ammount:2485640446523685][total:728924853896120683]
[user:Carlos] [type:descuento] [ammount:1919789436181028][total:730844643332301711]
[user:David] [type:descuento] [ammount:2946989492710626][total:733791632825012337]
[user:Juan] [type:pago] [ammount:479845328121356][total:734271478153133693]
[user:Dalí] [type:pago] [ammount:3381022289183601][total:737652500442317294]
[user:Kung] [type:pago] [ammount:1771805166367271][total:739424305608684565]
[user:Anakin] [type:cobro] [ammount:1727920479552555][total:741152226088237120]
[user:Juan] [type:cobro] [ammount:423021174956012][total:741575247263193132]
[user:Gustavo] [type:inversión] [ammount:3173417548583910][total:744748664811777042]
[user:Sonia] [type:descuento] [ammount:1395463583207085][total:746144128394984127]
[user:David] [type:descuento] [ammount:830387424965184][total:746974515819949311]
[user:Anakin] [type:inversión] [ammount:2469977320421460][total:749444493140370771]
[user:Gustavo] [type:descuento] [ammount:871593996473811][total:750316087136844582]
[user:Kung] [type:cobro] [ammount:3663512969090131][total:753979600105934713]
[user:Sonia] [type:cobro] [ammount:2513058010215630][total:756492658116150343]
[user:Anakin] [type:cobro] [ammount:2305206610015948][total:758797864726166291]
[user:Juan] [type:pago] [ammount:88301516810333][total:758886166242976624]
[user:Carlos] [type:cobro] [ammount:1456771136548434][total:760342937379525058]
[user:Anakin] [type:pago] [ammount:3239635975597077][total:763582573355122135]
[user:Carlos] [type:pago] [ammount:3057490729354042][total:766640064084476177]
[user:Kung] [type:cobro] [ammount:2252345333779538][total:768892409418255715]
[user:Anakin] [type:cobro] [ammount:3057557747891304][total:771949967166147019]
[user:Anakin] [type:inversión] [ammount:2565651463255570][total:774515618629402589]
[user:Sonia] [type:cobro] [ammount:1695725249953362][total:776211343879355951]
[user:Dalí] [type:pago] [ammount:2120795384598752][total:778332139263954703]
[user:Carlos] [type:descuento] [ammount:959953844894434][total:779292093108849137]
[user:Gustavo] [type:cobro] [ammount:3256935978622273][total:782549029087471410]
[user:Keanu] [type:inversión] [ammount:457815832629556][total:783006844920100966]
[user:Anakin] [type:cobro] [ammount:840145833175943][total:783846990753276909]
[user:Gustavo] [type:cobro] [ammount:3135557528962877][total:786982548282239786]
[user:Kung] [type:cobro] [ammount:151206977895561][total:787133755260135347]
[user:Juan] [type:descuento] [ammount:944975108781668][total:788078730368917015]
[user:Carlos] [type:descuento] [ammount:2336062084202210][total:790414792453119225]
[user:Keanu] [type:pago] [ammount:1147390496684603][total:791562182949803828]
[user:Anakin] [type:pago] [ammount:2027426624539223][total:793589609574343051]
[user:Sonia] [type:cobro] [ammount:2103990042875927][total:795693599617218978]
[user:Dalí] [type:cobro] [ammount:2138353148675999][total:797831952765894977]
[user:Sonia] [type:descuento] [ammount:1741400490703900][total:799573353256598877]
[user:Anakin] [type:cobro] [ammount:1164868686104348][total:800738221942703225]
[user:Felipe] [type:inversión] [ammount:2298080535367522][total:803036302478070747]
[user:Kung] [type:cobro] [ammount:3629406573704135][total:806665709051774882]
[user:Sonia] [type:cobro] [ammount:990554399534882][total:807656263451309764]
[user:David] [type:inversión] [ammount:623834011406818][total:808280097462716582]
[user:David] [type:descuento] [ammount:3083682514358645][total:811363779977075227]
[user:Juan] [type:cobro] [ammount:3389526364554508][total:814753306341629735]
[user:Sonia] [type:pago] [ammount:1353723236914339][total:816107029578544074]
[user:Gustavo] [type:inversión] [ammount:926433872323707][total:817033463450867781]
[user:Gustavo] [type:descuento] [ammount:2625845650898507][total:819659309101766288]
[user:Juan] [type:inversión] [ammount:854157119616661][total:820513466221382949]
[user:David] [type:inversión] [ammount:3602731487377922][total:824116197708760871]
[user:David] [type:pago] [ammount:3217246123143082][total:827333443831903953]
[user:Dalí] [type:descuento] [ammount:2684350998045315][total:830017794829949268]
[user:Dalí] [type:inversión] [ammount:458248449010865][total:830476043278960133]
[user:Keanu] [type:descuento] [ammount:3172628881273218][total:833648672160233351]
[user:Kung] [type:pago] [ammount:2626267011050120][total:836274939171283471]
[user:Gustavo] [type:cobro] [ammount:3214512757111432][total:839489451928394903]
[user:Keanu] [type:pago] [ammount:1211671172364481][total:840701123100759384]
[user:Felipe] [type:descuento] [ammount:3103704489989776][total:843804827590749160]
[user:Juan] [type:cobro] [ammount:1174671866091424][total:844979499456840584]
[user:Juan] [type:cobro] [ammount:2303228802199968][total:847282728259040552]
[user:Kung] [type:descuento] [ammount:2558307799836083][total:849841036058876635]
[user:Carlos] [type:cobro] [ammount:3265020118428591][total:853106056177305226]
[user:Kung] [type:cobro] [ammount:233101099546107][total:853339157276851333]
[user:Felipe] [type:descuento] [ammount:528753350227512][total:853867910627078845]
[user:David] [type:inversión] [ammount:2787928702830230][total:856655839329909075]
[user:David] [type:descuento] [ammount:366281382593337][total:857022120712502412]
[user:Keanu] [type:cobro] [ammount:1834724910377586][total:858856845622879998]
[user:Kung] [type:cobro] [ammount:1173126746402684][total:860029972369282682]
[user:Gustavo] [type:pago] [ammount:3186341140325816][total:863216313509608498]
[user:Anakin] [type:pago] [ammount:760587745493767][total:863976901255102265]
[user:Dalí] [type:inversión] [ammount:2792880529506525][total:866769781784608790]
[user:Keanu] [type:descuento] [ammount:242002679406481][total:867011784464015271]
[user:Sonia] [type:pago] [ammount:2851133622630522][total:869862918086645793]
[user:Sonia] [type:pago] [ammount:1558814468284429][total:871421732554930222]
[user:Carlos] [type:cobro] [ammount:2385688548913901][total:873807421103844123]
[user:Kung] [type:cobro] [ammount:3280391540561632][total:877087812644405755]
[user:Sonia] [type:descuento] [ammount:2106210073660891][total:879194022718066646]
[user:Kung] [type:inversión] [ammount:3051791566908807][total:882245814284975453]
[user:Felipe] [type:inversión] [ammount:1164631930591882][total:883410446215567335]
[user:Juan] [type:descuento] [ammount:2571412011813113][total:885981858227380448]
[user:Anakin] [type:inversión] [ammount:1847278246508538][total:887829136473888986]
[user:Anakin] [type:inversión] [ammount:1043839661647638][total:888872976135536624]
[user:Carlos] [type:cobro] [ammount:3482361628755947][total:892355337764292571]
[user:Anakin] [type:inversión] [ammount:834683504746042][total:893190021269038613]
[user:David] [type:inversión] [ammount:2944429920969319][total:896134451190007932]
[user:Anakin] [type:pago] [ammount:1185821894569716][total:897320273084577648]
[user:Sonia] [type:inversión] [ammount:3375456072308421][total:900695729156886069]
[user:Dalí] [type:descuento] [ammount:1494887539685580][total:902190616696571649]
[user:Felipe] [type:inversión] [ammount:1966302704267085][total:904156919400838734]
[user:Carlos] [type:pago] [ammount:150294303299241][total:904307213704137975]
[user:Anakin] [type:inversión] [ammount:2463595916131654][total:906770809620269629]
[user:Gustavo] [type:cobro] [ammount:2749735750722521][total:909520545370992150]
[user:Gustavo] [type:pago] [ammount:1141908203757876][total:910662453574750026]
[user:Gustavo] [type:descuento] [ammount:1157826006796638][total:911820279581546664]
[user:Juan] [type:descuento] [ammount:2443537085323441][total:914263816666870105]
[user:Dalí] [type:pago] [ammount:3307896935174267][total:917571713602044372]
[user:David] [type:cobro] [ammount:155297393120326][total:917727010995164698]
[user:Dalí] [type:pago] [ammount:469148146914548][total:918196159142079246]
[user:Dalí] [type:inversión] [ammount:1268339444449180][total:919464498586528426]
[user:Felipe] [type:cobro] [ammount:2619838627365407][total:922084337213893833]
[user:David] [type:pago] [ammount:40824733108586][total:922125161947002419]
[user:Gustavo] [type:cobro] [ammount:2244962836954122][total:924370124783956541]
[user:Gustavo] [type:inversión] [ammount:144337904723312][total:924514462688679853]
[user:Gustavo] [type:descuento] [ammount:2884783620299015][total:927399246308978868]
[user:Kung] [type:cobro] [ammount:421646808077738][total:927820893117056606]
[user:Keanu] [type:cobro] [ammount:678053551162845][total:928498946668219451]
[user:David] [type:pago] [ammount:2346508630093480][total:930845455298312931]
[user:Dalí] [type:cobro] [ammount:1660759937940367][total:932506215236253298]
[user:Keanu] [type:inversión] [ammount:1220860962952710][total:933727076199206008]
[user:Anakin] [type:cobro] [ammount:821119751072948][total:934548195950278956]
[user:Dalí] [type:inversión] [ammount:3631692715212176][total:938179888665491132]
[user:Kung] [type:cobro] [ammount:3076203649606447][total:941256092315097579]
[user:Dalí] [type:pago] [ammount:2516873877797667][total:943772966192895246]
[user:Dalí] [type:inversión] [ammount:12224593742583][total:943785190786637829]
[user:Kung] [type:descuento] [ammount:2225000677696669][total:946010191464334498]
[user:Gustavo] [type:inversión] [ammount:3288049220887819][total:949298240685222317]
[user:Juan] [type:pago] [ammount:1413816148417306][total:950712056833639623]
[user:Felipe] [type:cobro] [ammount:3335617042432887][total:954047673876072510]
[user:David] [type:pago] [ammount:2375773667707047][total:956423447543779557]
[user:Keanu] [type:descuento] [ammount:2969833041588436][total:959393280585367993]
[user:Dalí] [type:pago] [ammount:2678843420706921][total:962072124006074914]
[user:Gustavo] [type:cobro] [ammount:2262510852473631][total:964334634858548545]
[user:Juan] [type:descuento] [ammount:2562356776081585][total:966896991634630130]
[user:Gustavo] [type:cobro] [ammount:2300059219174611][total:969197050853804741]
[user:Carlos] [type:cobro] [ammount:1858561944909884][total:971055612798714625]
[user:Carlos] [type:inversión] [ammount:283112711847347][total:971338725510561972]
[user:Carlos] [type:cobro] [ammount:8281299568366][total:971347006810130338]
[user:Carlos] [type:pago] [ammount:3521858922253169][total:974868865732383507]
[user:Carlos] [type:pago] [ammount:438739056978703][total:975307604789362210]
[user:Sonia] [type:pago] [ammount:603693806995773][total:975911298596357983]
[user:Gustavo] [type:cobro] [ammount:3307790118914945][total:979219088715272928]
[user:Juan] [type:cobro] [ammount:2638422641034198][total:981857511356307126]
[user:Carlos] [type:pago] [ammount:811831468444955][total:982669342824752081]
[user:Dalí] [type:inversión] [ammount:183747050107563][total:982853089874859644]
[user:Dalí] [type:descuento] [ammount:1446262876913355][total:984299352751772999]
[user:Gustavo] [type:cobro] [ammount:963065942732542][total:985262418694505541]
[user:Kung] [type:pago] [ammount:2033177784600661][total:987295596479106202]
[user:Dalí] [type:cobro] [ammount:3409487773860358][total:990705084252966560]
[user:Keanu] [type:pago] [ammount:2146939879641818][total:992852024132608378]
[user:Dalí] [type:pago] [ammount:2887661088274231][total:995739685220882609]
[user:Juan] [type:inversión] [ammount:2068244253266704][total:997807929474149313]
[user:Carlos] [type:inversión] [ammount:507939392040285][total:998315868866189598]
[user:Keanu] [type:inversión] [ammount:1841599481416940][total:1000157468347606538]
[user:Felipe] [type:descuento] [ammount:3558930044902435][total:1003716398392508973]
[user:Sonia] [type:inversión] [ammount:2035208398027075][total:1005751606790536048]
[user:Gustavo] [type:descuento] [ammount:2233662922785051][total:1007985269713321099]
[user:Kung] [type:inversión] [ammount:580316378662786][total:1008565586091983885]
[user:Carlos] [type:descuento] [ammount:871477963578313][total:1009437064055562198]
[user:Juan] [type:descuento] [ammount:264280790866792][total:1009701344846428990]
[user:Anakin] [type:descuento] [ammount:692635408611793][total:1010393980255040783]
[user:Sonia] [type:inversión] [ammount:1268774250777548][total:1011662754505818331]
[user:Gustavo] [type:pago] [ammount:3298095235543431][total:1014960849741361762]
[user:Juan] [type:pago] [ammount:1905209009691555][total:1016866058751053317]
[user:Felipe] [type:descuento] [ammount:2022480838460949][total:1018888539589514266]
[user:Juan] [type:cobro] [ammount:617630931983622][total:1019506170521497888]
[user:Carlos] [type:inversión] [ammount:2809637291812044][total:1022315807813309932]
[user:Anakin] [type:pago] [ammount:2487691114565925][total:1024803498927875857]
[user:Gustavo] [type:pago] [ammount:2177217157090534][total:1026980716084966391]
[user:Sonia] [type:descuento] [ammount:3532000710924095][total:1030512716795890486]
[user:Felipe] [type:pago] [ammount:2523701014214043][total:1033036417810104529]
[user:Carlos] [type:cobro] [ammount:292298384413862][total:1033328716194518391]
[user:Anakin] [type:descuento] [ammount:167898308402902][total:1033496614502921293]
[user:Felipe] [type:pago] [ammount:2330097035505134][total:1035826711538426427]
[user:Felipe] [type:pago] [ammount:2572373800072160][total:1038399085338498587]
[user:Anakin] [type:inversión] [ammount:2193234388302393][total:1040592319726800980]
[user:Dalí] [type:pago] [ammount:3238977508347515][total:1043831297235148495]
[user:Kung] [type:pago] [ammount:3027781358123244][total:1046859078593271739]
[user:David] [type:cobro] [ammount:2432539757725152][total:1049291618350996891]
[user:Carlos] [type:cobro] [ammount:3003861796981701][total:1052295480147978592]
[user:Gustavo] [type:descuento] [ammount:513639965644841][total:1052809120113623433]
[user:Anakin] [type:inversión] [ammount:621627756264638][total:1053430747869888071]
[user:Kung] [type:cobro] [ammount:2909915082408208][total:1056340662952296279]
[user:Juan] [type:cobro] [ammount:2634665690439333][total:1058975328642735612]
[user:Dalí] [type:pago] [ammount:203818519402250][total:1059179147162137862]
[user:Sonia] [type:cobro] [ammount:639731703342068][total:1059818878865479930]
[user:Felipe] [type:pago] [ammount:2547465243116858][total:1062366344108596788]
[user:David] [type:cobro] [ammount:3329624476486634][total:1065695968585083422]
[user:Felipe] [type:descuento] [ammount:3473589999169767][total:1069169558584253189]
[user:Anakin] [type:cobro] [ammount:695983780466328][total:1069865542364719517]
[user:Carlos] [type:cobro] [ammount:331757176013911][total:1070197299540733428]
[user:Anakin] [type:descuento] [ammount:825128726211369][total:1071022428266944797]
[user:Juan] [type:cobro] [ammount:2194004956504399][total:1073216433223449196]
[user:Sonia] [type:inversión] [ammount:182351187449960][total:1073398784410899156]
[user:Dalí] [type:inversión] [ammount:2148372705049748][total:1075547157115948904]
[user:Sonia] [type:pago] [ammount:1893603804489470][total:1077440760920438374]
[user:Carlos] [type:inversión] [ammount:3045878439864325][total:1080486639360302699]
[user:David] [type:cobro] [ammount:1445251764544066][total:1081931891124846765]
[user:Sonia] [type:pago] [ammount:338976293187615][total:1082270867418034380]
[user:Carlos] [type:descuento] [ammount:3643481092876179][total:1085914348510910559]
[user:Anakin] [type:cobro] [ammount:1348896239385542][total:1087263244750296101]
[user:Anakin] [type:inversión] [ammount:816536334203499][total:1088079781084499600]
[user:Kung] [type:descuento] [ammount:2308166410554511][total:1090387947495054111]
[user:Gustavo] [type:inversión] [ammount:2974420811518596][total:1093362368306572707]
[user:David] [type:inversión] [ammount:1886111990639096][total:1095248480297211803]
[user:David] [type:pago] [ammount:177997632371883][total:1095426477929583686]
[user:David] [type:inversión] [ammount:2767144435603603][total:1098193622365187289]
[user:Juan] [type:inversión] [ammount:2284060112856790][total:1100477682478044079]
[user:Felipe] [type:inversión] [ammount:518371419259145][total:1100996053897303224]
[user:Gustavo] [type:cobro] [ammount:807981934319374][total:1101804035831622598]
[user:Gustavo] [type:pago] [ammount:3533442440377633][total:1105337478272000231]
[user:Carlos] [type:pago] [ammount:379011703478245][total:1105716489975478476]
[user:Carlos] [type:cobro] [ammount:1296648993645001][total:1107013138969123477]
[user:Carlos] [type:inversión] [ammount:867327061878339][total:1107880466031001816]
[user:Dalí] [type:cobro] [ammount:3581763122246865][total:1111462229153248681]
[user:Carlos] [type:pago] [ammount:2009879364781632][total:1113472108518030313]
[user:David] [type:inversión] [ammount:1419025767959874][total:1114891134285990187]
[user:Juan] [type:pago] [ammount:33949457847174][total:1114925083743837361]
[user:Felipe] [type:inversión] [ammount:2017930968254081][total:1116943014712091442]
[user:Dalí] [type:cobro] [ammount:1753968667295060][total:1118696983379386502]
[user:Gustavo] [type:descuento] [ammount:116620797160370][total:1118813604176546872]
[user:Felipe] [type:pago] [ammount:928358492326515][total:1119741962668873387]
[user:Keanu] [type:cobro] [ammount:3316254067003863][total:1123058216735877250]
[user:Keanu] [type:descuento] [ammount:2850735127820792][total:1125908951863698042]
[user:Gustavo] [type:inversión] [ammount:746607709932202][total:1126655559573630244]
[user:Felipe] [type:inversión] [ammount:373200671681228][total:1127028760245311472]
[user:Keanu] [type:descuento] [ammount:586917797681360][total:1127615678042992832]
[user:Felipe] [type:inversión] [ammount:3599277855637045][total:1131214955898629877]
[user:David] [type:pago] [ammount:3304193734051790][total:1134519149632681667]
[user:Carlos] [type:cobro] [ammount:3624176177847982][total:1138143325810529649]
[user:Sonia] [type:inversión] [ammount:2150943122089540][total:1140294268932619189]
[user:Kung] [type:inversión] [ammount:2345645486414631][total:1142639914419033820]
[user:Kung] [type:descuento] [ammount:1198394548810521][total:1143838308967844341]
[user:Dalí] [type:cobro] [ammount:2316673220980860][total:1146154982188825201]
[user:Sonia] [type:cobro] [ammount:1137179424618989][total:1147292161613444190]
[user:Keanu] [type:inversión] [ammount:349154935241096][total:1147641316548685286]
[user:Gustavo] [type:inversión] [ammount:1771677866793281][total:1149412994415478567]
[user:David] [type:inversión] [ammount:2502370307176918][total:1151915364722655485]
[user:Kung] [type:pago] [ammount:1717045105281242][total:1153632409827936727]
[user:Carlos] [type:descuento] [ammount:1135219471523256][total:1154767629299459983]
[user:Kung] [type:descuento] [ammount:1246115233032031][total:1156013744532492014]
[user:David] [type:inversión] [ammount:3288024554218976][total:1159301769086710990]
[user:Anakin] [type:inversión] [ammount:121431947206559][total:1159423201033917549]
[user:Kung] [type:inversión] [ammount:3254491181757595][total:1162677692215675144]
[user:Juan] [type:cobro] [ammount:3180457181897745][total:1165858149397572889]
[user:Anakin] [type:pago] [ammount:227212086615077][total:1166085361484187966]
[user:Kung] [type:pago] [ammount:1492068931923302][total:1167577430416111268]
[user:Sonia] [type:inversión] [ammount:986976918790975][total:1168564407334902243]
[user:Dalí] [type:inversión] [ammount:2850990070029596][total:1171415397404931839]
[user:Anakin] [type:cobro] [ammount:2247864526265017][total:1173663261931196856]
[user:Gustavo] [type:descuento] [ammount:93287633730718][total:1173756549564927574]
[user:Gustavo] [type:descuento] [ammount:1158404711889162][total:1174914954276816736]
[user:Felipe] [type:pago] [ammount:1141740649647322][total:1176056694926464058]
[user:Sonia] [type:inversión] [ammount:2689780658252537][total:1178746475584716595]
[user:Felipe] [type:pago] [ammount:871241383824160][total:1179617716968540755]
[user:Carlos] [type:descuento] [ammount:3443889238786744][total:1183061606207327499]
[user:Gustavo] [type:descuento] [ammount:2890676347405743][total:1185952282554733242]
[user:Gustavo] [type:cobro] [ammount:2594330209556732][total:1188546612764289974]
[user:Dalí] [type:cobro] [ammount:1121601605078309][total:1189668214369368283]
[user:Sonia] [type:inversión] [ammount:2699935594479345][total:1192368149963847628]
[user:Kung] [type:inversión] [ammount:3420888007966755][total:1195789037971814383]
[user:Carlos] [type:inversión] [ammount:2994147455716268][total:1198783185427530651]
[user:Juan] [type:cobro] [ammount:1281617683066730][total:1200064803110597381]
[user:Keanu] [type:cobro] [ammount:2457457182852035][total:1202522260293449416]
[user:Anakin] [type:pago] [ammount:3120782766276741][total:1205643043059726157]
[user:Keanu] [type:pago] [ammount:1445750751864434][total:1207088793811590591]
[user:Sonia] [type:inversión] [ammount:3299813335618496][total:1210388607147209087]
[user:Carlos] [type:pago] [ammount:1447314471574019][total:1211835921618783106]
[user:Anakin] [type:cobro] [ammount:1571692395987803][total:1213407614014770909]
[user:Gustavo] [type:inversión] [ammount:2415581899779614][total:1215823195914550523]
[user:Juan] [type:cobro] [ammount:50025640864049][total:1215873221555414572]
[user:Anakin] [type:descuento] [ammount:97331132460031][total:1215970552687874603]
[user:Juan] [type:pago] [ammount:2173295812698148][total:1218143848500572751]
[user:Felipe] [type:inversión] [ammount:2549511699052556][total:1220693360199625307]
[user:Carlos] [type:descuento] [ammount:3271952790190995][total:1223965312989816302]
[user:Carlos] [type:pago] [ammount:538263392102900][total:1224503576381919202]
[user:Juan] [type:descuento] [ammount:688228852899868][total:1225191805234819070]
[user:Juan] [type:descuento] [ammount:793131006225626][total:1225984936241044696]
[user:Dalí] [type:inversión] [ammount:398753492927236][total:1226383689733971932]
[user:David] [type:pago] [ammount:2444343666794428][total:1228828033400766360]
[user:Kung] [type:pago] [ammount:924675378642481][total:1229752708779408841]
[user:Keanu] [type:inversión] [ammount:761665285713213][total:1230514374065122054]
[user:Gustavo] [type:pago] [ammount:2376079407122596][total:1232890453472244650]
[user:Felipe] [type:cobro] [ammount:3270256562153544][total:1236160710034398194]
[user:Gustavo] [type:descuento] [ammount:446097824809692][total:1236606807859207886]
[user:Carlos] [type:descuento] [ammount:2099561476621981][total:1238706369335829867]
[user:Gustavo] [type:pago] [ammount:1059734223578769][total:1239766103559408636]
[user:Carlos] [type:pago] [ammount:2461562439953109][total:1242227665999361745]
[user:Carlos] [type:inversión] [ammount:1946399480394477][total:1244174065479756222]
[user:Carlos] [type:inversión] [ammount:1183498491282291][total:1245357563971038513]
[user:Keanu] [type:pago] [ammount:2173437182389417][total:1247531001153427930]
[user:Kung] [type:pago] [ammount:2842353062668236][total:1250373354216096166]
[user:David] [type:pago] [ammount:1204866666537354][total:1251578220882633520]
[user:Felipe] [type:descuento] [ammount:2763933373838760][total:1254342154256472280]
[user:Keanu] [type:cobro] [ammount:2308073161041997][total:1256650227417514277]
[user:Gustavo] [type:cobro] [ammount:127667823301967][total:1256777895240816244]
[user:Gustavo] [type:inversión] [ammount:1209030908326806][total:1257986926149143050]
[user:David] [type:cobro] [ammount:2609017907744301][total:1260595944056887351]
[user:Dalí] [type:cobro] [ammount:2323041710576635][total:1262918985767463986]
[user:Juan] [type:pago] [ammount:3564480028456494][total:1266483465795920480]
[user:Keanu] [type:inversión] [ammount:49433038295835][total:1266532898834216315]
[user:Dalí] [type:inversión] [ammount:3157952488745101][total:1269690851322961416]
[user:Kung] [type:cobro] [ammount:3407201172677700][total:1273098052495639116]
[user:Keanu] [type:cobro] [ammount:2122502744349066][total:1275220555239988182]
[user:David] [type:descuento] [ammount:272985351561957][total:1275493540591550139]
[user:Keanu] [type:cobro] [ammount:1129772347521816][total:1276623312939071955]
[user:Gustavo] [type:descuento] [ammount:1362838827532881][total:1277986151766604836]
[user:Kung] [type:descuento] [ammount:1125423554678989][total:1279111575321283825]
[user:Sonia] [type:inversión] [ammount:3432187693784518][total:1282543763015068343]
[user:David] [type:descuento] [ammount:1999943636692794][total:1284543706651761137]
[user:Anakin] [type:pago] [ammount:2610358157064281][total:1287154064808825418]
[user:David] [type:descuento] [ammount:1475642697425202][total:1288629707506250620]
[user:Gustavo] [type:inversión] [ammount:389719706564088][total:1289019427212814708]
[user:Gustavo] [type:inversión] [ammount:2035768708511550][total:1291055195921326258]
[user:Felipe] [type:pago] [ammount:2236890157144289][total:1293292086078470547]
[user:David] [type:pago] [ammount:919084604195097][total:1294211170682665644]
[user:Felipe] [type:pago] [ammount:2144846354821868][total:1296356017037487512]
[user:Gustavo] [type:descuento] [ammount:1741530554128894][total:1298097547591616406]
[user:Felipe] [type:inversión] [ammount:3357709450922908][total:1301455257042539314]
[user:Gustavo] [type:pago] [ammount:3292956084203328][total:1304748213126742642]
[user:Anakin] [type:inversión] [ammount:2296110640243937][total:1307044323766986579]
[user:Gustavo] [type:descuento] [ammount:1131874498807507][total:1308176198265794086]
[user:Juan] [type:cobro] [ammount:468925268519397][total:1308645123534313483]
[user:Kung] [type:pago] [ammount:2980043462618094][total:1311625166996931577]
[user:Kung] [type:pago] [ammount:2221592657513669][total:1313846759654445246]
[user:Dalí] [type:pago] [ammount:1977975203917309][total:1315824734858362555]
[user:Anakin] [type:cobro] [ammount:2813916509912283][total:1318638651368274838]
[user:Felipe] [type:pago] [ammount:3524265846262109][total:1322162917214536947]
[user:Felipe] [type:descuento] [ammount:858814171575612][total:1323021731386112559]
[user:Anakin] [type:descuento] [ammount:1587541121787275][total:1324609272507899834]
[user:Felipe] [type:inversión] [ammount:3290071072695560][total:1327899343580595394]
[user:Anakin] [type:pago] [ammount:3382757700642197][total:1331282101281237591]
[user:Anakin] [type:inversión] [ammount:3501103437021577][total:1334783204718259168]
[user:Keanu] [type:inversión] [ammount:2911153880887779][total:1337694358599146947]
[user:Sonia] [type:descuento] [ammount:2387413660326667][total:1340081772259473614]
[user:Felipe] [type:descuento] [ammount:145357425671760][total:1340227129685145374]
[user:Felipe] [type:cobro] [ammount:1803349473965779][total:1342030479159111153]
[user:Keanu] [type:descuento] [ammount:2860019138725484][total:1344890498297836637]
[user:Carlos] [type:inversión] [ammount:782540426011864][total:1345673038723848501]
[user:Keanu] [type:pago] [ammount:2727645260988429][total:1348400683984836930]
[user:Carlos] [type:descuento] [ammount:104836575699758][total:1348505520560536688]
[user:Felipe] [type:pago] [ammount:332760242177210][total:1348838280802713898]
[user:Felipe] [type:descuento] [ammount:444140406614262][total:1349282421209328160]
[user:Keanu] [type:inversión] [ammount:1214166748834823][total:1350496587958162983]
[user:Carlos] [type:cobro] [ammount:768367245666816][total:1351264955203829799]
[user:Anakin] [type:descuento] [ammount:1423857776542382][total:1352688812980372181]
[user:Dalí] [type:inversión] [ammount:2083019992211433][total:1354771832972583614]
[user:Dalí] [type:inversión] [ammount:2218145491018858][total:1356989978463602472]
[user:Carlos] [type:descuento] [ammount:2031306321130355][total:1359021284784732827]
[user:Keanu] [type:descuento] [ammount:3242852724442152][total:1362264137509174979]
[user:Sonia] [type:cobro] [ammount:1494207553465340][total:1363758345062640319]
[user:Keanu] [type:cobro] [ammount:948098159588575][total:1364706443222228894]
[user:Sonia] [type:inversión] [ammount:2187343840435071][total:1366893787062663965]
[user:Sonia] [type:descuento] [ammount:1867697859371269][total:1368761484922035234]
[user:Dalí] [type:cobro] [ammount:996656773271007][total:1369758141695306241]
[user:Anakin] [type:descuento] [ammount:3646963182329141][total:1373405104877635382]
[user:Gustavo] [type:cobro] [ammount:3311736280511347][total:1376716841158146729]
[user:Dalí] [type:pago] [ammount:2742697524575139][total:1379459538682721868]
[user:Dalí] [type:cobro] [ammount:2842183867069035][total:1382301722549790903]
[user:Carlos] [type:pago] [ammount:1756055625641824][total:1384057778175432727]
[user:Gustavo] [type:descuento] [ammount:1354733537041055][total:1385412511712473782]
[user:David] [type:descuento] [ammount:2709409945209077][total:1388121921657682859]
[user:Carlos] [type:pago] [ammount:2444537383883133][total:1390566459041565992]
[user:Carlos] [type:cobro] [ammount:2627347239766942][total:1393193806281332934]
[user:David] [type:cobro] [ammount:997270921670393][total:1394191077203003327]
[user:Juan] [type:descuento] [ammount:2843642022771133][total:1397034719225774460]
[user:Dalí] [type:inversión] [ammount:1177926210301547][total:1398212645436076007]
[user:Juan] [type:inversión] [ammount:3221703832935461][total:1401434349269011468]
[user:Felipe] [type:inversión] [ammount:644418439891215][total:1402078767708902683]
[user:Felipe] [type:descuento] [ammount:1464301404776795][total:1403543069113679478]
[user:David] [type:pago] [ammount:342382027047280][total:1403885451140726758]
[user:Anakin] [type:inversión] [ammount:3029529092861289][total:1406914980233588047]
[user:Dalí] [type:inversión] [ammount:549279242118298][total:1407464259475706345]
[user:David] [type:descuento] [ammount:3153119138575591][total:1410617378614281936]
[user:Sonia] [type:pago] [ammount:3382971128474976][total:1414000349742756912]
[user:David] [type:pago] [ammount:2915454085439413][total:1416915803828196325]
[user:Felipe] [type:pago] [ammount:3033057263982807][total:1419948861092179132]
[user:Dalí] [type:cobro] [ammount:1881337162017587][total:1421830198254196719]
[user:Sonia] [type:pago] [ammount:1686082573573344][total:1423516280827770063]
[user:Carlos] [type:pago] [ammount:1333378913139441][total:1424849659740909504]
[user:Felipe] [type:cobro] [ammount:3055285681908047][total:1427904945422817551]
[user:Dalí] [type:inversión] [ammount:1554879867584663][total:1429459825290402214]
[user:Sonia] [type:pago] [ammount:183233130178539][total:1429643058420580753]
[user:David] [type:cobro] [ammount:3639169530470809][total:1433282227951051562]
[user:Sonia] [type:pago] [ammount:947680315226861][total:1434229908266278423]
[user:Sonia] [type:inversión] [ammount:322727089955712][total:1434552635356234135]
[user:Dalí] [type:pago] [ammount:3459602504849967][total:1438012237861084102]
[user:Gustavo] [type:descuento] [ammount:3082866810954469][total:1441095104672038571]
[user:Dalí] [type:cobro] [ammount:21416976206785][total:1441116521648245356]
[user:Felipe] [type:cobro] [ammount:1403473605113427][total:1442519995253358783]
[user:Gustavo] [type:cobro] [ammount:742405307126131][total:1443262400560484914]
[user:Gustavo] [type:pago] [ammount:2011308518568209][total:1445273709079053123]
[user:Gustavo] [type:cobro] [ammount:2585598647105846][total:1447859307726158969]
[user:Keanu] [type:descuento] [ammount:2027613200042723][total:1449886920926201692]
[user:Felipe] [type:cobro] [ammount:1968504365483386][total:1451855425291685078]
[user:Gustavo] [type:pago] [ammount:346787030018269][total:1452202212321703347]
[user:Kung] [type:cobro] [ammount:2700842636117543][total:1454903054957820890]
[user:Kung] [type:inversión] [ammount:292326231491205][total:1455195381189312095]
[user:David] [type:inversión] [ammount:520872497288331][total:1455716253686600426]
[user:Anakin] [type:inversión] [ammount:180156694132343][total:1455896410380732769]
[user:Dalí] [type:pago] [ammount:1708320117356788][total:1457604730498089557]
[user:Gustavo] [type:inversión] [ammount:1745146260763242][total:1459349876758852799]
[user:Keanu] [type:cobro] [ammount:2970885337937740][total:1462320762096790539]
[user:Anakin] [type:descuento] [ammount:2119575599466066][total:1464440337696256605]
[user:Keanu] [type:cobro] [ammount:1887204400706264][total:1466327542096962869]
[user:Sonia] [type:inversión] [ammount:1363751830856872][total:1467691293927819741]
[user:Anakin] [type:cobro] [ammount:1979762721361099][total:1469671056649180840]
[user:Dalí] [type:pago] [ammount:1660031365201135][total:1471331088014381975]
[user:Sonia] [type:inversión] [ammount:981418820652785][total:1472312506835034760]
[user:Sonia] [type:descuento] [ammount:1490028084326724][total:1473802534919361484]
[user:Keanu] [type:pago] [ammount:1329747706999401][total:1475132282626360885]
[user:Felipe] [type:cobro] [ammount:2851585803119241][total:1477983868429480126]
[user:Dalí] [type:inversión] [ammount:462398683258474][total:1478446267112738600]
[user:Gustavo] [type:cobro] [ammount:2504966875697207][total:1480951233988435807]
[user:Keanu] [type:descuento] [ammount:1643950757431367][total:1482595184745867174]
[user:Gustavo] [type:descuento] [ammount:1474639157019661][total:1484069823902886835]
[user:Dalí] [type:pago] [ammount:2336370242869503][total:1486406194145756338]
[user:David] [type:cobro] [ammount:2669781007228393][total:1489075975152984731]
[user:Kung] [type:descuento] [ammount:2081411978186649][total:1491157387131171380]
[user:David] [type:cobro] [ammount:3274442649856040][total:1494431829781027420]
[user:Sonia] [type:inversión] [ammount:2432496568769329][total:1496864326349796749]
[user:Felipe] [type:cobro] [ammount:2588611602131132][total:1499452937951927881]
[user:Juan] [type:inversión] [ammount:1043955270493816][total:1500496893222421697]
[user:Anakin] [type:cobro] [ammount:132634444304747][total:1500629527666726444]
[user:David] [type:inversión] [ammount:534728913115920][total:1501164256579842364]
[user:Juan] [type:descuento] [ammount:1119205941243615][total:1502283462521085979]
[user:Felipe] [type:descuento] [ammount:1524182844158280][total:1503807645365244259]
[user:Felipe] [type:pago] [ammount:3006058754915803][total:1506813704120160062]
[user:Felipe] [type:inversión] [ammount:297389079373644][total:1507111093199533706]
[user:Gustavo] [type:pago] [ammount:387438048534399][total:1507498531248068105]
[user:Carlos] [type:inversión] [ammount:3184148761666701][total:1510682680009734806]
[user:Carlos] [type:inversión] [ammount:2922155715341751][total:1513604835725076557]
[user:Carlos] [type:inversión] [ammount:3549192276473137][total:1517154028001549694]
[user:Gustavo] [type:inversión] [ammount:862562432885439][total:1518016590434435133]
[user:Sonia] [type:inversión] [ammount:1367454415514301][total:1519384044849949434]
[user:Carlos] [type:cobro] [ammount:927127501431913][total:1520311172351381347]
[user:Anakin] [type:cobro] [ammount:2367783761509871][total:1522678956112891218]
[user:Sonia] [type:inversión] [ammount:1743257861532508][total:1524422213974423726]
[user:David] [type:cobro] [ammount:569451493513300][total:1524991665467937026]
[user:Keanu] [type:pago] [ammount:3201743034531650][total:1528193408502468676]
[user:David] [type:inversión] [ammount:2527413933560540][total:1530720822436029216]
[user:Dalí] [type:cobro] [ammount:2076119334189968][total:1532796941770219184]
[user:Kung] [type:pago] [ammount:14151562682194][total:1532811093332901378]
[user:Kung] [type:cobro] [ammount:1870378904253489][total:1534681472237154867]
[user:Kung] [type:inversión] [ammount:867625663295926][total:1535549097900450793]
[user:Keanu] [type:pago] [ammount:2839843450552711][total:1538388941351003504]
[user:Juan] [type:cobro] [ammount:1384220400257041][total:1539773161751260545]
[user:David] [type:cobro] [ammount:2724521948460883][total:1542497683699721428]
[user:Sonia] [type:inversión] [ammount:1587865939329380][total:1544085549639050808]
[user:Gustavo] [type:cobro] [ammount:2132520196605916][total:1546218069835656724]
[user:Gustavo] [type:cobro] [ammount:2843821474502882][total:1549061891310159606]
[user:Dalí] [type:inversión] [ammount:495416183269694][total:1549557307493429300]
[user:David] [type:inversión] [ammount:1748249606438921][total:1551305557099868221]
[user:Felipe] [type:descuento] [ammount:1434843605382226][total:1552740400705250447]
[user:Carlos] [type:descuento] [ammount:3204969410951345][total:1555945370116201792]
[user:Keanu] [type:inversión] [ammount:1101781222230663][total:1557047151338432455]
[user:Juan] [type:descuento] [ammount:1979877970974036][total:1559027029309406491]
[user:Anakin] [type:cobro] [ammount:2839283502459244][total:1561866312811865735]
[user:Felipe] [type:pago] [ammount:1266177139452556][total:1563132489951318291]
[user:Gustavo] [type:inversión] [ammount:2339842528450135][total:1565472332479768426]
[user:Juan] [type:pago] [ammount:76222905352595][total:1565548555385121021]
[user:Juan] [type:cobro] [ammount:1195432259943817][total:1566743987645064838]
[user:Keanu] [type:descuento] [ammount:761939463536244][total:1567505927108601082]
[user:Anakin] [type:pago] [ammount:3518574726989848][total:1571024501835590930]
[user:David] [type:descuento] [ammount:134919127785431][total:1571159420963376361]
[user:David] [type:cobro] [ammount:1295809940355502][total:1572455230903731863]
[user:Dalí] [type:inversión] [ammount:2160669224451845][total:1574615900128183708]
[user:Keanu] [type:cobro] [ammount:1639665106892784][total:1576255565235076492]
[user:Gustavo] [type:inversión] [ammount:3516631074926843][total:1579772196310003335]
[user:Anakin] [type:inversión] [ammount:3004859295637184][total:1582777055605640519]
[user:David] [type:descuento] [ammount:1163939401212941][total:1583940995006853460]
[user:Sonia] [type:descuento] [ammount:1874110531559674][total:1585815105538413134]
[user:Felipe] [type:descuento] [ammount:2255999134435331][total:1588071104672848465]
[user:Sonia] [type:cobro] [ammount:1189145707130107][total:1589260250379978572]
[user:Keanu] [type:descuento] [ammount:954955555339411][total:1590215205935317983]
[user:Juan] [type:inversión] [ammount:2003986612671194][total:1592219192547989177]
[user:Dalí] [type:pago] [ammount:445984062102242][total:1592665176610091419]
[user:David] [type:descuento] [ammount:3272828597512129][total:1595938005207603548]
[user:Anakin] [type:inversión] [ammount:3188512599423601][total:1599126517807027149]
[user:Anakin] [type:inversión] [ammount:2945956497963730][total:1602072474304990879]
[user:Sonia] [type:inversión] [ammount:466737374521666][total:1602539211679512545]
[user:Sonia] [type:pago] [ammount:1595356425706985][total:1604134568105219530]
[user:Dalí] [type:cobro] [ammount:2779489135327946][total:1606914057240547476]
[user:Anakin] [type:inversión] [ammount:1685583776351762][total:1608599641016899238]
[user:David] [type:descuento] [ammount:3421227368509986][total:1612020868385409224]
[user:Gustavo] [type:pago] [ammount:3114512125894763][total:1615135380511303987]
[user:Kung] [type:inversión] [ammount:562597475509620][total:1615697977986813607]
[user:Kung] [type:cobro] [ammount:2349624078013636][total:1618047602064827243]
[user:Kung] [type:pago] [ammount:3229934438213401][total:1621277536503040644]
[user:Carlos] [type:descuento] [ammount:1337898143390429][total:1622615434646431073]
[user:Gustavo] [type:pago] [ammount:2451414224995742][total:1625066848871426815]
[user:Kung] [type:pago] [ammount:513397355066034][total:1625580246226492849]
[user:Sonia] [type:inversión] [ammount:1693268440965884][total:1627273514667458733]
[user:Juan] [type:descuento] [ammount:1653680649416467][total:1628927195316875200]
[user:David] [type:inversión] [ammount:3344049004226567][total:1632271244321101767]
[user:Carlos] [type:inversión] [ammount:1113476277461441][total:1633384720598563208]
[user:Sonia] [type:descuento] [ammount:1775891021072965][total:1635160611619636173]
[user:David] [type:inversión] [ammount:2072062440770018][total:1637232674060406191]
[user:Anakin] [type:descuento] [ammount:2968171999262106][total:1640200846059668297]
[user:David] [type:pago] [ammount:2239383159728257][total:1642440229219396554]
[user:Kung] [type:pago] [ammount:3522126862106887][total:1645962356081503441]
[user:Gustavo] [type:inversión] [ammount:1494039126796632][total:1647456395208300073]
[user:Kung] [type:inversión] [ammount:1395205010694060][total:1648851600218994133]
[user:Gustavo] [type:pago] [ammount:2932260785224002][total:1651783861004218135]
[user:Juan] [type:pago] [ammount:2373649999979238][total:1654157511004197373]
[user:Kung] [type:cobro] [ammount:151907511027868][total:1654309418515225241]
[user:Dalí] [type:inversión] [ammount:2141016382522459][total:1656450434897747700]
[user:Keanu] [type:pago] [ammount:2715675458459628][total:1659166110356207328]
[user:Carlos] [type:pago] [ammount:428331390086114][total:1659594441746293442]
[user:Felipe] [type:pago] [ammount:1142700217337770][total:1660737141963631212]
[user:Dalí] [type:pago] [ammount:1299382574040522][total:1662036524537671734]
[user:Keanu] [type:descuento] [ammount:801139893962461][total:1662837664431634195]
[user:David] [type:cobro] [ammount:2684648982893821][total:1665522313414528016]
[user:Kung] [type:cobro] [ammount:1288744862444350][total:1666811058276972366]
[user:Keanu] [type:descuento] [ammount:3517434754190152][total:1670328493031162518]
[user:David] [type:pago] [ammount:2447890335123283][total:1672776383366285801]
[user:Dalí] [type:pago] [ammount:2950023071113383][total:1675726406437399184]
[user:Keanu] [type:descuento] [ammount:71820717573458][total:1675798227154972642]
[user:Keanu] [type:inversión] [ammount:2086055818986515][total:1677884282973959157]
[user:Dalí] [type:inversión] [ammount:1307140554492268][total:1679191423528451425]
[user:Keanu] [type:cobro] [ammount:3514674374532480][total:1682706097902983905]
[user:David] [type:descuento] [ammount:1191150948571619][total:1683897248851555524]
[user:Sonia] [type:descuento] [ammount:1589692125426063][total:1685486940976981587]
[user:Keanu] [type:descuento] [ammount:1513482334536627][total:1687000423311518214]
[user:Anakin] [type:pago] [ammount:773098964236626][total:1687773522275754840]
[user:Felipe] [type:descuento] [ammount:3470424246686703][total:1691243946522441543]
[user:Kung] [type:inversión] [ammount:3329631581229529][total:1694573578103671072]
[user:Sonia] [type:pago] [ammount:3111882006398048][total:1697685460110069120]
[user:Keanu] [type:inversión] [ammount:3115708559318853][total:1700801168669387973]
[user:Keanu] [type:cobro] [ammount:3538404803548285][total:1704339573472936258]
[user:Sonia] [type:cobro] [ammount:10299697456191][total:1704349873170392449]
[user:Sonia] [type:descuento] [ammount:343796959839001][total:1704693670130231450]
[user:Keanu] [type:inversión] [ammount:3462857858374444][total:1708156527988605894]
[user:Anakin] [type:cobro] [ammount:1797298767079297][total:1709953826755685191]
[user:Carlos] [type:inversión] [ammount:986429115301390][total:1710940255870986581]
[user:Sonia] [type:inversión] [ammount:1380834566173404][total:1712321090437159985]
[user:Sonia] [type:pago] [ammount:2879735596546432][total:1715200826033706417]
[user:David] [type:cobro] [ammount:29429364730191][total:1715230255398436608]
[user:David] [type:descuento] [ammount:248123798462403][total:1715478379196899011]
[user:Kung] [type:inversión] [ammount:254788534678417][total:1715733167731577428]
[user:Sonia] [type:inversión] [ammount:163056078050200][total:1715896223809627628]
[user:Felipe] [type:inversión] [ammount:1514039237144670][total:1717410263046772298]
[user:David] [type:pago] [ammount:3654329741284821][total:1721064592788057119]
[user:Juan] [type:inversión] [ammount:433613007962664][total:1721498205796019783]
[user:Kung] [type:cobro] [ammount:29335329217860][total:1721527541125237643]
[user:Keanu] [type:pago] [ammount:886086392414136][total:1722413627517651779]
[user:Gustavo] [type:pago] [ammount:350551119011605][total:1722764178636663384]
[user:Kung] [type:pago] [ammount:1674620006279172][total:1724438798642942556]
[user:Kung] [type:cobro] [ammount:2286572541902594][total:1726725371184845150]
[user:Kung] [type:descuento] [ammount:25741379722354][total:1726751112564567504]
[user:Dalí] [type:inversión] [ammount:706908626422614][total:1727458021190990118]
[user:Keanu] [type:inversión] [ammount:48033343326005][total:1727506054534316123]
[user:Anakin] [type:inversión] [ammount:934645247049972][total:1728440699781366095]
[user:Juan] [type:descuento] [ammount:2663755774277785][total:1731104455555643880]
[user:Dalí] [type:inversión] [ammount:450359942966376][total:1731554815498610256]
[user:Sonia] [type:cobro] [ammount:1443929339465918][total:1732998744838076174]
[user:David] [type:descuento] [ammount:1158676853917229][total:1734157421691993403]
[user:Carlos] [type:cobro] [ammount:3601863336508057][total:1737759285028501460]
[user:Anakin] [type:pago] [ammount:2604070254103248][total:1740363355282604708]
[user:Dalí] [type:pago] [ammount:1811684149961030][total:1742175039432565738]
[user:David] [type:cobro] [ammount:2295101387262149][total:1744470140819827887]
[user:Sonia] [type:pago] [ammount:3688504712549287][total:1748158645532377174]
[user:Gustavo] [type:pago] [ammount:258638606533995][total:1748417284138911169]
[user:Dalí] [type:descuento] [ammount:2705880886068065][total:1751123165024979234]
[user:Carlos] [type:descuento] [ammount:2797887659236877][total:1753921052684216111]
[user:Gustavo] [type:cobro] [ammount:2039737667100917][total:1755960790351317028]
[user:Felipe] [type:pago] [ammount:2846926564259726][total:1758807716915576754]
[user:Anakin] [type:descuento] [ammount:2889813337406426][total:1761697530252983180]
[user:Felipe] [type:inversión] [ammount:1883624732958683][total:1763581154985941863]
[user:Carlos] [type:descuento] [ammount:2595420092091856][total:1766176575078033719]
[user:Gustavo] [type:descuento] [ammount:3597377851280159][total:1769773952929313878]
[user:Juan] [type:cobro] [ammount:3558447072843720][total:1773332400002157598]
[user:Anakin] [type:pago] [ammount:3315771796840188][total:1776648171798997786]
[user:Anakin] [type:pago] [ammount:2740599853723691][total:1779388771652721477]
[user:Kung] [type:cobro] [ammount:535841717198599][total:1779924613369920076]
[user:Dalí] [type:descuento] [ammount:606118096687756][total:1780530731466607832]
[user:Gustavo] [type:cobro] [ammount:1293535141403546][total:1781824266608011378]
[user:Kung] [type:pago] [ammount:2026575720466819][total:1783850842328478197]
[user:Gustavo] [type:pago] [ammount:2070308039871708][total:1785921150368349905]
[user:Dalí] [type:inversión] [ammount:887862339065067][total:1786809012707414972]
[user:Juan] [type:descuento] [ammount:186104304989046][total:1786995117012404018]
[user:David] [type:pago] [ammount:3554215515807857][total:1790549332528211875]
[user:Sonia] [type:descuento] [ammount:2484153444256906][total:1793033485972468781]
[user:Gustavo] [type:inversión] [ammount:2472870780976227][total:1795506356753445008]
[user:Gustavo] [type:pago] [ammount:316240209048099][total:1795822596962493107]
[user:Carlos] [type:pago] [ammount:2989639603053535][total:1798812236565546642]
[user:Anakin] [type:pago] [ammount:2802695726893917][total:1801614932292440559]
[user:Anakin] [type:inversión] [ammount:571631733627285][total:1802186564026067844]
[user:Carlos] [type:cobro] [ammount:2582294008051458][total:1804768858034119302]
[user:Anakin] [type:inversión] [ammount:308370897629999][total:1805077228931749301]
[user:Dalí] [type:pago] [ammount:2246832148799309][total:1807324061080548610]
[user:Juan] [type:cobro] [ammount:1714670243869284][total:1809038731324417894]
[user:Gustavo] [type:inversión] [ammount:3026305470922108][total:1812065036795340002]
[user:Juan] [type:cobro] [ammount:925619670542606][total:1812990656465882608]
[user:Keanu] [type:inversión] [ammount:1111826747117316][total:1814102483212999924]
[user:Anakin] [type:cobro] [ammount:333178302687050][total:1814435661515686974]
[user:David] [type:cobro] [ammount:3295383233053166][total:1817731044748740140]
[user:Dalí] [type:cobro] [ammount:937491052162838][total:1818668535800902978]
[user:Sonia] [type:pago] [ammount:2962019440903538][total:1821630555241806516]
[user:Sonia] [type:descuento] [ammount:3139482383059119][total:1824770037624865635]
[user:David] [type:descuento] [ammount:3180401519194522][total:1827950439144060157]
[user:Gustavo] [type:cobro] [ammount:314888170168004][total:1828265327314228161]
[user:Dalí] [type:inversión] [ammount:2062005320344926][total:1830327332634573087]
[user:Juan] [type:pago] [ammount:62571397936501][total:1830389904032509588]
[user:Dalí] [type:cobro] [ammount:2156223295944515][total:1832546127328454103]
[user:Anakin] [type:descuento] [ammount:3042223396586932][total:1835588350725041035]
[user:Dalí] [type:pago] [ammount:2920155490977896][total:1838508506216018931]
[user:Dalí] [type:inversión] [ammount:249423490270564][total:1838757929706289495]
[user:Kung] [type:cobro] [ammount:568845949348790][total:1839326775655638285]
[user:David] [type:inversión] [ammount:3672531391217710][total:1842999307046855995]
[user:Kung] [type:pago] [ammount:922995547592170][total:1843922302594448165]
[user:David] [type:descuento] [ammount:2441587949584390][total:1846363890544032555]
[user:Kung] [type:pago] [ammount:2658699081383512][total:1849022589625416067]
[user:Carlos] [type:descuento] [ammount:2028832650276655][total:1851051422275692722]
[user:Anakin] [type:inversión] [ammount:3492065131298469][total:1854543487406991191]
[user:Kung] [type:pago] [ammount:538392382038883][total:1855081879789030074]
[user:Juan] [type:inversión] [ammount:121256385478502][total:1855203136174508576]
[user:Dalí] [type:inversión] [ammount:1645874017131091][total:1856849010191639667]
[user:Keanu] [type:descuento] [ammount:220149408324157][total:1857069159599963824]
[user:Juan] [type:cobro] [ammount:313460613650551][total:1857382620213614375]
[user:Dalí] [type:pago] [ammount:1475786168987574][total:1858858406382601949]
[user:Gustavo] [type:inversión] [ammount:2511151649251711][total:1861369558031853660]
[user:Dalí] [type:descuento] [ammount:2934526198883843][total:1864304084230737503]
[user:Anakin] [type:pago] [ammount:3266012719832611][total:1867570096950570114]
[user:Sonia] [type:pago] [ammount:2676018639141130][total:1870246115589711244]
[user:Kung] [type:inversión] [ammount:2610365015391083][total:1872856480605102327]
[user:Carlos] [type:cobro] [ammount:1351766593213269][total:1874208247198315596]
[user:Juan] [type:cobro] [ammount:2392120356478092][total:1876600367554793688]
[user:Gustavo] [type:pago] [ammount:788001792552414][total:1877388369347346102]
[user:Dalí] [type:inversión] [ammount:2092364786190897][total:1879480734133536999]
[user:Carlos] [type:descuento] [ammount:3614291521048951][total:1883095025654585950]
[user:Gustavo] [type:inversión] [ammount:2816348021417256][total:1885911373676003206]
[user:Felipe] [type:cobro] [ammount:579764821115544][total:1886491138497118750]
[user:Carlos] [type:descuento] [ammount:3659940147057004][total:1890151078644175754]
[user:Juan] [type:cobro] [ammount:2797711462019410][total:1892948790106195164]
[user:Felipe] [type:pago] [ammount:211959705689657][total:1893160749811884821]
[user:Keanu] [type:cobro] [ammount:2177634400622109][total:1895338384212506930]
[user:Sonia] [type:pago] [ammount:365412836282526][total:1895703797048789456]
[user:David] [type:descuento] [ammount:1406638541808761][total:1897110435590598217]
[user:Felipe] [type:descuento] [ammount:546135143450941][total:1897656570734049158]
[user:Kung] [type:pago] [ammount:2098006481449121][total:1899754577215498279]
[user:Juan] [type:pago] [ammount:2340143689844578][total:1902094720905342857]
[user:David] [type:pago] [ammount:3585096789375547][total:1905679817694718404]
[user:Juan] [type:descuento] [ammount:1302335871941714][total:1906982153566660118]
[user:Gustavo] [type:inversión] [ammount:2597116256741652][total:1909579269823401770]
[user:Juan] [type:pago] [ammount:1007095074747854][total:1910586364898149624]
[user:Juan] [type:inversión] [ammount:303916157009625][total:1910890281055159249]
[user:David] [type:inversión] [ammount:2829179842695943][total:1913719460897855192]
[user:Dalí] [type:descuento] [ammount:3066661063334974][total:1916786121961190166]
[user:Kung] [type:cobro] [ammount:288683558022565][total:1917074805519212731]
[user:Felipe] [type:inversión] [ammount:528050431477887][total:1917602855950690618]
[user:Kung] [type:cobro] [ammount:2833473070257947][total:1920436329020948565]
[user:Carlos] [type:inversión] [ammount:3360805537678664][total:1923797134558627229]
[user:Gustavo] [type:pago] [ammount:1469926910042064][total:1925267061468669293]
[user:Gustavo] [type:descuento] [ammount:3884201518752][total:1925270945670188045]
[user:Anakin] [type:descuento] [ammount:1924633620882439][total:1927195579291070484]
[user:Juan] [type:cobro] [ammount:1114689401833247][total:1928310268692903731]
[user:Kung] [type:cobro] [ammount:3245760850594384][total:1931556029543498115]
[user:Kung] [type:pago] [ammount:262784848917937][total:1931818814392416052]
[user:Sonia] [type:inversión] [ammount:760808089642939][total:1932579622482058991]
[user:Sonia] [type:descuento] [ammount:17352007619378][total:1932596974489678369]
[user:David] [type:descuento] [ammount:3105099490565430][total:1935702073980243799]
[user:Gustavo] [type:cobro] [ammount:1103651154926025][total:1936805725135169824]
[user:Gustavo] [type:descuento] [ammount:2096128544040471][total:1938901853679210295]
[user:David] [type:cobro] [ammount:2937742390891916][total:1941839596070102211]
[user:Gustavo] [type:inversión] [ammount:1522095483262444][total:1943361691553364655]
[user:Keanu] [type:pago] [ammount:2881770319659385][total:1946243461873024040]
[user:Keanu] [type:cobro] [ammount:1881887038119399][total:1948125348911143439]
[user:Juan] [type:cobro] [ammount:3564033153161351][total:1951689382064304790]
[user:Anakin] [type:pago] [ammount:1695844819420948][total:1953385226883725738]
[user:Keanu] [type:cobro] [ammount:750574680502070][total:1954135801564227808]
[user:Sonia] [type:cobro] [ammount:4152563819639][total:1954139954128047447]
[user:Dalí] [type:inversión] [ammount:2806423705182463][total:1956946377833229910]
[user:Felipe] [type:pago] [ammount:1233484059726310][total:1958179861892956220]
[user:David] [type:descuento] [ammount:2956817433127723][total:1961136679326083943]
[user:Kung] [type:inversión] [ammount:2385241013185606][total:1963521920339269549]
[user:Anakin] [type:inversión] [ammount:3294247465557491][total:1966816167804827040]
[user:Keanu] [type:cobro] [ammount:501084388164322][total:1967317252192991362]
[user:Dalí] [type:inversión] [ammount:232710815951045][total:1967549963008942407]
[user:Juan] [type:cobro] [ammount:1555434025047780][total:1969105397033990187]
[user:Dalí] [type:inversión] [ammount:1893132464747242][total:1970998529498737429]
[user:Juan] [type:descuento] [ammount:1510172170880297][total:1972508701669617726]
[user:Juan] [type:pago] [ammount:588607972415044][total:1973097309642032770]
[user:Juan] [type:inversión] [ammount:1696029089592738][total:1974793338731625508]
[user:Gustavo] [type:inversión] [ammount:996961898754917][total:1975790300630380425]
[user:Anakin] [type:cobro] [ammount:1635525429661158][total:1977425826060041583]
[user:Sonia] [type:inversión] [ammount:2001959201281113][total:1979427785261322696]
[user:Sonia] [type:descuento] [ammount:2404538502925135][total:1981832323764247831]
[user:Gustavo] [type:pago] [ammount:578170871784276][total:1982410494636032107]
[user:David] [type:cobro] [ammount:2578372922275985][total:1984988867558308092]
[user:Dalí] [type:descuento] [ammount:1831565815117006][total:1986820433373425098]
[user:David] [type:inversión] [ammount:3640226446471079][total:1990460659819896177]
[user:Juan] [type:cobro] [ammount:1970782384028031][total:1992431442203924208]
[user:Dalí] [type:descuento] [ammount:2023539294589051][total:1994454981498513259]
[user:Carlos] [type:inversión] [ammount:1005472861050113][total:1995460454359563372]
[user:Carlos] [type:cobro] [ammount:406398022660713][total:1995866852382224085]
[user:David] [type:descuento] [ammount:1297266374896629][total:1997164118757120714]
[user:Gustavo] [type:pago] [ammount:3106140924929033][total:2000270259682049747]
[user:Kung] [type:descuento] [ammount:2966484187752153][total:2003236743869801900]
[user:Juan] [type:inversión] [ammount:2568022505805919][total:2005804766375607819]
[user:Kung] [type:inversión] [ammount:2799071568929841][total:2008603837944537660]
[user:Dalí] [type:cobro] [ammount:1132072584119687][total:2009735910528657347]
[user:Anakin] [type:inversión] [ammount:3331867969503718][total:2013067778498161065]
[user:Kung] [type:pago] [ammount:680621841494507][total:2013748400339655572]
[user:Juan] [type:inversión] [ammount:2608262972908262][total:2016356663312563834]
[user:Carlos] [type:cobro] [ammount:1354731001416808][total:2017711394313980642]
[user:Felipe] [type:descuento] [ammount:2828865137152525][total:2020540259451133167]
[user:Carlos] [type:inversión] [ammount:1517748718813543][total:2022058008169946710]
[user:Sonia] [type:descuento] [ammount:3390723417563568][total:2025448731587510278]
[user:Felipe] [type:pago] [ammount:1428170697490482][total:2026876902285000760]
[user:Kung] [type:descuento] [ammount:2885166065290384][total:2029762068350291144]
[user:Carlos] [type:pago] [ammount:1727277500309939][total:2031489345850601083]
[user:Felipe] [type:descuento] [ammount:1955931305113181][total:2033445277155714264]
[user:Anakin] [type:cobro] [ammount:2145962053992897][total:2035591239209707161]
[user:Dalí] [type:inversión] [ammount:2231416727310294][total:2037822655937017455]
[user:David] [type:cobro] [ammount:483299709596743][total:2038305955646614198]
[user:Gustavo] [type:inversión] [ammount:3138718348702669][total:2041444673995316867]
[user:Kung] [type:pago] [ammount:3487464290661334][total:2044932138285978201]
[user:Felipe] [type:pago] [ammount:2880668183661297][total:2047812806469639498]
[user:Juan] [type:descuento] [ammount:3629183237211164][total:2051441989706850662]
[user:Juan] [type:descuento] [ammount:2868859853184196][total:2054310849560034858]
[user:Anakin] [type:inversión] [ammount:783300744886485][total:2055094150304921343]
[user:Sonia] [type:pago] [ammount:2554167004683654][total:2057648317309604997]
[user:Keanu] [type:pago] [ammount:3521875025665727][total:2061170192335270724]
[user:Anakin] [type:inversión] [ammount:2841924813363174][total:2064012117148633898]
[user:Dalí] [type:cobro] [ammount:3409009544379288][total:2067421126693013186]
[user:David] [type:inversión] [ammount:2655704568334936][total:2070076831261348122]
[user:Keanu] [type:cobro] [ammount:336740347282383][total:2070413571608630505]
[user:Gustavo] [type:pago] [ammount:1044125122700929][total:2071457696731331434]
[user:Gustavo] [type:inversión] [ammount:1366732805838574][total:2072824429537170008]
[user:Sonia] [type:descuento] [ammount:1666808565515001][total:2074491238102685009]
[user:Gustavo] [type:inversión] [ammount:1278401733195139][total:2075769639835880148]
[user:Sonia] [type:cobro] [ammount:875494391404894][total:2076645134227285042]
[user:Kung] [type:descuento] [ammount:3364272126240414][total:2080009406353525456]
[user:David] [type:inversión] [ammount:2609248408361123][total:2082618654761886579]
[user:Keanu] [type:inversión] [ammount:408207691227222][total:2083026862453113801]
[user:Anakin] [type:descuento] [ammount:2204999579954985][total:2085231862033068786]
[user:Anakin] [type:pago] [ammount:3104752169373868][total:2088336614202442654]
[user:Carlos] [type:cobro] [ammount:285304546320514][total:2088621918748763168]
[user:Kung] [type:cobro] [ammount:733831262183566][total:2089355750010946734]
[user:Gustavo] [type:cobro] [ammount:512673068232460][total:2089868423079179194]
[user:Carlos] [type:descuento] [ammount:2127341479359545][total:2091995764558538739]
[user:Dalí] [type:descuento] [ammount:1174072425805158][total:2093169836984343897]
[user:Dalí] [type:descuento] [ammount:1447052113060289][total:2094616889097404186]
[user:Kung] [type:cobro] [ammount:1882391831128040][total:2096499280928532226]
[user:Gustavo] [type:cobro] [ammount:2088509241946590][total:2098587790170478816]
[user:David] [type:cobro] [ammount:1627884764108811][total:2100215674934587627]
[user:Carlos] [type:pago] [ammount:1558649362335184][total:2101774324296922811]
[user:Felipe] [type:pago] [ammount:1622427916844229][total:2103396752213767040]
[user:David] [type:descuento] [ammount:3084406703136441][total:2106481158916903481]
[user:Juan] [type:cobro] [ammount:395311251215174][total:2106876470168118655]
[user:Gustavo] [type:pago] [ammount:3372259649531165][total:2110248729817649820]
[user:Felipe] [type:pago] [ammount:702870560135175][total:2110951600377784995]
[user:Juan] [type:descuento] [ammount:1429803317254209][total:2112381403695039204]
[user:Anakin] [type:inversión] [ammount:3628534210307646][total:2116009937905346850]
[user:Keanu] [type:cobro] [ammount:2499628094446394][total:2118509565999793244]
[user:Kung] [type:descuento] [ammount:143174841251670][total:2118652740841044914]
[user:David] [type:cobro] [ammount:2619539642042307][total:2121272280483087221]
[user:David] [type:descuento] [ammount:1493407564419558][total:2122765688047506779]
[user:Keanu] [type:pago] [ammount:1070536867549906][total:2123836224915056685]
[user:Anakin] [type:descuento] [ammount:501874744688667][total:2124338099659745352]
[user:Anakin] [type:cobro] [ammount:3099515668373926][total:2127437615328119278]
[user:Dalí] [type:inversión] [ammount:3373106541417504][total:2130810721869536782]
[user:Keanu] [type:descuento] [ammount:995728333038883][total:2131806450202575665]
[user:Anakin] [type:cobro] [ammount:1093713733728821][total:2132900163936304486]
[user:Kung] [type:pago] [ammount:2564746404544197][total:2135464910340848683]
[user:Carlos] [type:cobro] [ammount:1917961440283259][total:2137382871781131942]
[user:Dalí] [type:cobro] [ammount:347335598096450][total:2137730207379228392]
[user:David] [type:inversión] [ammount:2382250528238989][total:2140112457907467381]
[user:Juan] [type:descuento] [ammount:1384637441874486][total:2141497095349341867]
[user:Keanu] [type:cobro] [ammount:287922635719663][total:2141785017985061530]
[user:Juan] [type:descuento] [ammount:1301304022981145][total:2143086322008042675]
[user:Keanu] [type:cobro] [ammount:2857014091711880][total:2145943336099754555]
[user:Felipe] [type:pago] [ammount:2642415339177021][total:2148585751438931576]
[user:David] [type:descuento] [ammount:292381426620647][total:2148878132865552223]
[user:Anakin] [type:pago] [ammount:3572422167784594][total:2152450555033336817]
[user:Gustavo] [type:cobro] [ammount:2774912681406188][total:2155225467714743005]
[user:Anakin] [type:cobro] [ammount:1208002199451371][total:2156433469914194376]
[user:Felipe] [type:cobro] [ammount:444205895441731][total:2156877675809636107]
[user:David] [type:pago] [ammount:2308914690925362][total:2159186590500561469]
[user:Juan] [type:pago] [ammount:1356423679222852][total:2160543014179784321]
[user:Juan] [type:cobro] [ammount:3000705190158274][total:2163543719369942595]
[user:Felipe] [type:inversión] [ammount:3335934605640164][total:2166879653975582759]
[user:Anakin] [type:inversión] [ammount:849011267646128][total:2167728665243228887]
[user:Kung] [type:descuento] [ammount:139572437343795][total:2167868237680572682]
[user:David] [type:descuento] [ammount:1427839925877063][total:2169296077606449745]
[user:Sonia] [type:descuento] [ammount:603257844684141][total:2169899335451133886]
[user:Felipe] [type:inversión] [ammount:341725905093084][total:2170241061356226970]
[user:Anakin] [type:cobro] [ammount:3069518091387921][total:2173310579447614891]
[user:Keanu] [type:pago] [ammount:2170589338779682][total:2175481168786394573]
[user:David] [type:pago] [ammount:2706486408012791][total:2178187655194407364]
[user:Anakin] [type:inversión] [ammount:2289874338388765][total:2180477529532796129]
[user:Juan] [type:descuento] [ammount:1946872257834337][total:2182424401790630466]
[user:Felipe] [type:pago] [ammount:2372790802907428][total:2184797192593537894]
[user:Kung] [type:descuento] [ammount:831426610316343][total:2185628619203854237]
[user:Carlos] [type:inversión] [ammount:1373933309853920][total:2187002552513708157]
[user:Carlos] [type:pago] [ammount:2209466115002955][total:2189212018628711112]
[user:Carlos] [type:pago] [ammount:1104856140250538][total:2190316874768961650]
[user:Felipe] [type:inversión] [ammount:606204158156162][total:2190923078927117812]
[user:Carlos] [type:descuento] [ammount:1834287722992018][total:2192757366650109830]
[user:Juan] [type:inversión] [ammount:3294233193848008][total:2196051599843957838]
[user:Gustavo] [type:descuento] [ammount:1574732449626691][total:2197626332293584529]
[user:David] [type:inversión] [ammount:1742659793295846][total:2199368992086880375]
[user:Anakin] [type:pago] [ammount:3056178137320516][total:2202425170224200891]
[user:Anakin] [type:cobro] [ammount:1789048724383067][total:2204214218948583958]
[user:Felipe] [type:descuento] [ammount:112485336820149][total:2204326704285404107]
[user:Gustavo] [type:pago] [ammount:1751431045213566][total:2206078135330617673]
[user:Carlos] [type:inversión] [ammount:2335325354686933][total:2208413460685304606]
[user:Dalí] [type:cobro] [ammount:2197370900376903][total:2210610831585681509]
[user:Gustavo] [type:inversión] [ammount:1498553192359033][total:2212109384778040542]
[user:Anakin] [type:descuento] [ammount:3003850176248788][total:2215113234954289330]
[user:Anakin] [type:inversión] [ammount:2134235789101500][total:2217247470743390830]
[user:Kung] [type:cobro] [ammount:432786167050301][total:2217680256910441131]
[user:Kung] [type:descuento] [ammount:2930200513653803][total:2220610457424094934]
[user:Carlos] [type:cobro] [ammount:108750535259550][total:2220719207959354484]
[user:Juan] [type:inversión] [ammount:483352345802057][total:2221202560305156541]
[user:Dalí] [type:cobro] [ammount:1241594942282038][total:2222444155247438579]
[user:Gustavo] [type:inversión] [ammount:3562777769595494][total:2226006933017034073]
[user:Anakin] [type:pago] [ammount:1265098095892381][total:2227272031112926454]
[user:Gustavo] [type:pago] [ammount:1647200112656606][total:2228919231225583060]
[user:Felipe] [type:pago] [ammount:2541947068157512][total:2231461178293740572]
[user:Dalí] [type:inversión] [ammount:2178986849407549][total:2233640165143148121]
[user:Felipe] [type:inversión] [ammount:2035620744503987][total:2235675785887652108]
[user:Gustavo] [type:descuento] [ammount:2125934394382489][total:2237801720282034597]
[user:Dalí] [type:pago] [ammount:81982801173179][total:2237883703083207776]
[user:Keanu] [type:inversión] [ammount:2952576215304054][total:2240836279298511830]
[user:Kung] [type:inversión] [ammount:728375626830935][total:2241564654925342765]
[user:Gustavo] [type:descuento] [ammount:566980740126747][total:2242131635665469512]
[user:Kung] [type:cobro] [ammount:2372287831792434][total:2244503923497261946]
[user:Anakin] [type:inversión] [ammount:785582106179181][total:2245289505603441127]
[user:Felipe] [type:inversión] [ammount:2763249649586939][total:2248052755253028066]
[user:Kung] [type:descuento] [ammount:3350677964035450][total:2251403433217063516]
[user:Sonia] [type:inversión] [ammount:2184884821642259][total:2253588318038705775]
[user:Juan] [type:descuento] [ammount:2882019184943509][total:2256470337223649284]
[user:Keanu] [type:pago] [ammount:3598433753444422][total:2260068770977093706]
[user:Sonia] [type:descuento] [ammount:3562832340585785][total:2263631603317679491]
[user:Sonia] [type:descuento] [ammount:2640708249174138][total:2266272311566853629]
[user:Carlos] [type:inversión] [ammount:1259481966584507][total:2267531793533438136]
[user:Gustavo] [type:inversión] [ammount:696034338773638][total:2268227827872211774]
[user:Anakin] [type:inversión] [ammount:355972298328337][total:2268583800170540111]
[user:Gustavo] [type:descuento] [ammount:1517137743645376][total:2270100937914185487]
[user:Sonia] [type:pago] [ammount:3020804157577673][total:2273121742071763160]
[user:Carlos] [type:inversión] [ammount:2944575027332953][total:2276066317099096113]
[user:Felipe] [type:pago] [ammount:1679706903331530][total:2277746024002427643]
[user:Carlos] [type:pago] [ammount:2371468565278728][total:2280117492567706371]
[user:Felipe] [type:pago] [ammount:1343468087379521][total:2281460960655085892]
[user:Kung] [type:descuento] [ammount:186470510505038][total:2281647431165590930]
[user:Carlos] [type:pago] [ammount:1781956950230631][total:2283429388115821561]
[user:Gustavo] [type:descuento] [ammount:204793836164822][total:2283634181951986383]
[user:Kung] [type:cobro] [ammount:1414967088610105][total:2285049149040596488]
[user:Anakin] [type:inversión] [ammount:1591718087482504][total:2286640867128078992]
[user:Keanu] [type:descuento] [ammount:1561416407027543][total:2288202283535106535]
[user:Juan] [type:descuento] [ammount:1115074425680145][total:2289317357960786680]
[user:Sonia] [type:descuento] [ammount:1678173236912348][total:2290995531197699028]
[user:Keanu] [type:descuento] [ammount:851843619856922][total:2291847374817555950]
[user:Juan] [type:pago] [ammount:1645794699544592][total:2293493169517100542]
[user:Keanu] [type:pago] [ammount:1031386492499334][total:2294524556009599876]
[user:Dalí] [type:pago] [ammount:409527842778817][total:2294934083852378693]
[user:Juan] [type:cobro] [ammount:458695500200787][total:2295392779352579480]
[user:Felipe] [type:cobro] [ammount:255087561799329][total:2295647866914378809]
[user:Anakin] [type:inversión] [ammount:3261412391879822][total:2298909279306258631]
[user:Kung] [type:cobro] [ammount:3453535391875618][total:2302362814698134249]
[user:Juan] [type:cobro] [ammount:62911321674833][total:2302425726019809082]
[user:Juan] [type:pago] [ammount:1448159681463142][total:2303873885701272224]
[user:Sonia] [type:inversión] [ammount:619651638684107][total:2304493537339956331]
[user:Kung] [type:inversión] [ammount:458558261258507][total:2304952095601214838]
[user:Anakin] [type:cobro] [ammount:3625555265021951][total:2308577650866236789]
[user:Dalí] [type:cobro] [ammount:843365940342161][total:2309421016806578950]
[user:Gustavo] [type:descuento] [ammount:3327325758403318][total:2312748342564982268]
[user:Anakin] [type:pago] [ammount:887652101377986][total:2313635994666360254]
[user:Anakin] [type:cobro] [ammount:3394948235014874][total:2317030942901375128]
[user:Dalí] [type:inversión] [ammount:2393453392438369][total:2319424396293813497]
[user:Keanu] [type:inversión] [ammount:895884320181643][total:2320320280613995140]
[user:Gustavo] [type:cobro] [ammount:2790866040071109][total:2323111146654066249]
[user:David] [type:inversión] [ammount:1762202641742024][total:2324873349295808273]
[user:Sonia] [type:cobro] [ammount:3633697716332729][total:2328507047012141002]
[user:Sonia] [type:pago] [ammount:2478153297716115][total:2330985200309857117]
[user:Dalí] [type:descuento] [ammount:2206248936808564][total:2333191449246665681]
[user:Keanu] [type:pago] [ammount:3139554529046964][total:2336331003775712645]
[user:Dalí] [type:cobro] [ammount:1404102488934134][total:2337735106264646779]
[user:Kung] [type:pago] [ammount:2798935189323120][total:2340534041453969899]
[user:Felipe] [type:descuento] [ammount:151449924797875][total:2340685491378767774]
[user:Dalí] [type:pago] [ammount:521445968578701][total:2341206937347346475]
[user:David] [type:descuento] [ammount:1611224400492038][total:2342818161747838513]
[user:Juan] [type:descuento] [ammount:3234718955810017][total:2346052880703648530]
[user:Sonia] [type:pago] [ammount:3057452574310749][total:2349110333277959279]
[user:Sonia] [type:pago] [ammount:783827502329173][total:2349894160780288452]
[user:Anakin] [type:inversión] [ammount:727391695199041][total:2350621552475487493]
[user:Juan] [type:pago] [ammount:1300057667752096][total:2351921610143239589]
[user:Sonia] [type:cobro] [ammount:2497335792601099][total:2354418945935840688]
[user:David] [type:cobro] [ammount:1226781764542725][total:2355645727700383413]
[user:Keanu] [type:descuento] [ammount:666247233133850][total:2356311974933517263]
[user:Gustavo] [type:pago] [ammount:2413022090272532][total:2358724997023789795]
[user:Gustavo] [type:pago] [ammount:2535520392566343][total:2361260517416356138]
[user:Keanu] [type:cobro] [ammount:1283365274462910][total:2362543882690819048]
[user:Anakin] [type:descuento] [ammount:1191576864536411][total:2363735459555355459]
[user:Keanu] [type:pago] [ammount:760162396372992][total:2364495621951728451]
[user:David] [type:descuento] [ammount:1160107006788638][total:2365655728958517089]
[user:David] [type:pago] [ammount:1763369263317409][total:2367419098221834498]
[user:Sonia] [type:inversión] [ammount:2556633259750623][total:2369975731481585121]
[user:Anakin] [type:pago] [ammount:1466704915574943][total:2371442436397160064]
[user:Carlos] [type:cobro] [ammount:3096074953594412][total:2374538511350754476]
[user:David] [type:pago] [ammount:2220032609492865][total:2376758543960247341]
[user:Carlos] [type:cobro] [ammount:1133973614633847][total:2377892517574881188]
[user:David] [type:pago] [ammount:1736017114419646][total:2379628534689300834]
[user:David] [type:descuento] [ammount:2902806531692180][total:2382531341220993014]
[user:Keanu] [type:cobro] [ammount:3535071360771589][total:2386066412581764603]
[user:Gustavo] [type:inversión] [ammount:2847144500315245][total:2388913557082079848]
[user:David] [type:pago] [ammount:3369912194434759][total:2392283469276514607]
[user:Carlos] [type:descuento] [ammount:1895486758557899][total:2394178956035072506]
[user:David] [type:pago] [ammount:2487915580631592][total:2396666871615704098]
[user:Dalí] [type:pago] [ammount:1679623893370718][total:2398346495509074816]
[user:Gustavo] [type:descuento] [ammount:1675907490972758][total:2400022403000047574]
[user:Keanu] [type:pago] [ammount:3460845308982003][total:2403483248309029577]
[user:Keanu] [type:descuento] [ammount:3465567244523567][total:2406948815553553144]
[user:David] [type:inversión] [ammount:3327935668418155][total:2410276751221971299]
[user:Juan] [type:inversión] [ammount:3302279508634508][total:2413579030730605807]
[user:Carlos] [type:cobro] [ammount:1518125599064023][total:2415097156329669830]
[user:Anakin] [type:inversión] [ammount:2482737772173057][total:2417579894101842887]
[user:Gustavo] [type:descuento] [ammount:693635863573713][total:2418273529965416600]
[user:Carlos] [type:descuento] [ammount:1175599736465582][total:2419449129701882182]
[user:Keanu] [type:pago] [ammount:1614202405737353][total:2421063332107619535]
[user:Felipe] [type:cobro] [ammount:1207768162217663][total:2422271100269837198]
[user:Anakin] [type:inversión] [ammount:2672896786299755][total:2424943997056136953]
[user:Felipe] [type:pago] [ammount:885654809644932][total:2425829651865781885]
[user:David] [type:inversión] [ammount:3029166173859662][total:2428858818039641547]
[user:Dalí] [type:cobro] [ammount:1073534179503483][total:2429932352219145030]
[user:Dalí] [type:pago] [ammount:2299994841762690][total:2432232347060907720]
[user:Keanu] [type:cobro] [ammount:3056508119689947][total:2435288855180597667]
[user:Felipe] [type:inversión] [ammount:1583614670352644][total:2436872469850950311]
[user:David] [type:cobro] [ammount:2536455498470568][total:2439408925349420879]
[user:Sonia] [type:descuento] [ammount:2484377506431607][total:2441893302855852486]
[user:Sonia] [type:cobro] [ammount:2738783293560248][total:2444632086149412734]
[user:Anakin] [type:inversión] [ammount:2831268517531661][total:2447463354666944395]
[user:Carlos] [type:pago] [ammount:2940016522085629][total:2450403371189030024]
[user:Juan] [type:pago] [ammount:1962465326501638][total:2452365836515531662]
[user:Keanu] [type:inversión] [ammount:3683669665827746][total:2456049506181359408]
[user:David] [type:inversión] [ammount:2538464648845567][total:2458587970830204975]
[user:Kung] [type:pago] [ammount:1215504369162731][total:2459803475199367706]
[user:Sonia] [type:cobro] [ammount:2693524941939052][total:2462497000141306758]
[user:Felipe] [type:pago] [ammount:1103692104265268][total:2463600692245572026]
[user:Sonia] [type:cobro] [ammount:2262097998746108][total:2465862790244318134]
[user:Dalí] [type:inversión] [ammount:1841202245092709][total:2467703992489410843]
[user:Dalí] [type:cobro] [ammount:2553924154467850][total:2470257916643878693]
[user:David] [type:pago] [ammount:2864171702545124][total:2473122088346423817]
[user:Sonia] [type:inversión] [ammount:3588964131194327][total:2476711052477618144]
[user:Kung] [type:descuento] [ammount:271780505972830][total:2476982832983590974]
[user:Sonia] [type:pago] [ammount:3061654008827482][total:2480044486992418456]
[user:David] [type:cobro] [ammount:2718001255362817][total:2482762488247781273]
[user:Dalí] [type:cobro] [ammount:49039057429843][total:2482811527305211116]
[user:Sonia] [type:inversión] [ammount:1715251136999145][total:2484526778442210261]
[user:Gustavo] [type:inversión] [ammount:1001078061617861][total:2485527856503828122]
[user:Dalí] [type:inversión] [ammount:2979291801590163][total:2488507148305418285]
[user:Anakin] [type:descuento] [ammount:286803642216765][total:2488793951947635050]
[user:Felipe] [type:descuento] [ammount:38968847157245][total:2488832920794792295]
[user:Kung] [type:descuento] [ammount:2619914293545399][total:2491452835088337694]
[user:Sonia] [type:pago] [ammount:1249532999292980][total:2492702368087630674]
[user:Felipe] [type:descuento] [ammount:2491169452220257][total:2495193537539850931]
[user:Kung] [type:cobro] [ammount:2583623589249733][total:2497777161129100664]
[user:Carlos] [type:descuento] [ammount:499954226974275][total:2498277115356074939]
[user:Anakin] [type:pago] [ammount:582887547554494][total:2498860002903629433]
[user:Anakin] [type:descuento] [ammount:1574827645055284][total:2500434830548684717]
[user:Felipe] [type:pago] [ammount:2535987289863215][total:2502970817838547932]
[user:Dalí] [type:pago] [ammount:1453953280886443][total:2504424771119434375]
[user:Carlos] [type:inversión] [ammount:2693575156304308][total:2507118346275738683]
[user:Anakin] [type:inversión] [ammount:1123617436355156][total:2508241963712093839]
[user:Carlos] [type:pago] [ammount:90246105488966][total:2508332209817582805]
[user:Anakin] [type:pago] [ammount:2360206398091169][total:2510692416215673974]
[user:Dalí] [type:pago] [ammount:3115807967869790][total:2513808224183543764]
[user:Anakin] [type:descuento] [ammount:52454944037852][total:2513860679127581616]
[user:Anakin] [type:cobro] [ammount:2044139349954065][total:2515904818477535681]
[user:Kung] [type:cobro] [ammount:274406294680637][total:2516179224772216318]
[user:Felipe] [type:cobro] [ammount:1722315713835142][total:2517901540486051460]
[user:David] [type:cobro] [ammount:287648964489478][total:2518189189450540938]
[user:Juan] [type:descuento] [ammount:664427602313238][total:2518853617052854176]
[user:Juan] [type:cobro] [ammount:286937594653023][total:2519140554647507199]
[user:Juan] [type:cobro] [ammount:2144923246271302][total:2521285477893778501]
[user:Anakin] [type:inversión] [ammount:2950644999955542][total:2524236122893734043]
[user:Keanu] [type:pago] [ammount:694911279536187][total:2524931034173270230]
[user:Sonia] [type:inversión] [ammount:3378144379270823][total:2528309178552541053]
[user:Sonia] [type:pago] [ammount:981519042647224][total:2529290697595188277]
[user:Kung] [type:inversión] [ammount:3084345731296634][total:2532375043326484911]
[user:Kung] [type:pago] [ammount:654275968187985][total:2533029319294672896]
[user:Carlos] [type:pago] [ammount:2228874514531281][total:2535258193809204177]
[user:David] [type:pago] [ammount:3608614662327526][total:2538866808471531703]
[user:Juan] [type:inversión] [ammount:3642013878686526][total:2542508822350218229]
[user:Felipe] [type:pago] [ammount:3479340967132339][total:2545988163317350568]
[user:Anakin] [type:cobro] [ammount:1597353594476432][total:2547585516911827000]
[user:Juan] [type:inversión] [ammount:2038179577181407][total:2549623696489008407]
[user:Sonia] [type:cobro] [ammount:3321951478881208][total:2552945647967889615]
[user:Carlos] [type:cobro] [ammount:3437285006390233][total:2556382932974279848]
[user:Kung] [type:descuento] [ammount:138999684146249][total:2556521932658426097]
[user:Keanu] [type:descuento] [ammount:262561512424966][total:2556784494170851063]
[user:Kung] [type:pago] [ammount:2639113543292253][total:2559423607714143316]
[user:Felipe] [type:cobro] [ammount:176818741099045][total:2559600426455242361]
[user:Keanu] [type:descuento] [ammount:2575583980890440][total:2562176010436132801]
[user:David] [type:descuento] [ammount:1235999816037244][total:2563412010252170045]
[user:Gustavo] [type:cobro] [ammount:3584330120489305][total:2566996340372659350]
[user:Juan] [type:inversión] [ammount:1730969248205587][total:2568727309620864937]
[user:Anakin] [type:pago] [ammount:1551954400698873][total:2570279264021563810]
[user:Dalí] [type:cobro] [ammount:2364353547325107][total:2572643617568888917]
[user:Kung] [type:cobro] [ammount:3012629488184315][total:2575656247057073232]
[user:Kung] [type:descuento] [ammount:1713519835856843][total:2577369766892930075]
[user:Gustavo] [type:descuento] [ammount:678302386890634][total:2578048069279820709]
[user:Kung] [type:descuento] [ammount:1570727964686345][total:2579618797244507054]
[user:Sonia] [type:cobro] [ammount:1396366888693225][total:2581015164133200279]
[user:Juan] [type:pago] [ammount:3544428820372757][total:2584559592953573036]
[user:Gustavo] [type:cobro] [ammount:628219710976002][total:2585187812664549038]
[user:David] [type:descuento] [ammount:2153353951990464][total:2587341166616539502]
[user:David] [type:descuento] [ammount:1486536103150816][total:2588827702719690318]
[user:Gustavo] [type:inversión] [ammount:1534978954098024][total:2590362681673788342]
[user:Anakin] [type:descuento] [ammount:2172508947026778][total:2592535190620815120]
[user:Anakin] [type:inversión] [ammount:2097583093040438][total:2594632773713855558]
[user:Carlos] [type:pago] [ammount:2492435789593559][total:2597125209503449117]
[user:Dalí] [type:pago] [ammount:98024029818770][total:2597223233533267887]
[user:Gustavo] [type:descuento] [ammount:2155491246457943][total:2599378724779725830]
[user:Gustavo] [type:descuento] [ammount:2937080197387013][total:2602315804977112843]
[user:Anakin] [type:pago] [ammount:3212139538127442][total:2605527944515240285]
[user:Juan] [type:inversión] [ammount:1250746230323921][total:2606778690745564206]
[user:Juan] [type:pago] [ammount:2090283447367285][total:2608868974192931491]
[user:Anakin] [type:descuento] [ammount:374267423290481][total:2609243241616221972]
[user:Kung] [type:descuento] [ammount:3266378674275596][total:2612509620290497568]
[user:Anakin] [type:pago] [ammount:869697045414192][total:2613379317335911760]
[user:Carlos] [type:pago] [ammount:2731681494084678][total:2616110998829996438]
[user:David] [type:cobro] [ammount:2352691842017649][total:2618463690672014087]
[user:Gustavo] [type:cobro] [ammount:2784282538321824][total:2621247973210335911]
[user:Juan] [type:cobro] [ammount:1014897152368339][total:2622262870362704250]
[user:Carlos] [type:inversión] [ammount:2371681964335066][total:2624634552327039316]
[user:Anakin] [type:pago] [ammount:1398890881835616][total:2626033443208874932]
[user:Felipe] [type:descuento] [ammount:1187130111745487][total:2627220573320620419]
[user:Kung] [type:pago] [ammount:2752174086347054][total:2629972747406967473]
[user:Felipe] [type:cobro] [ammount:2028136477535478][total:2632000883884502951]
[user:Felipe] [type:cobro] [ammount:2189742808793521][total:2634190626693296472]
[user:Dalí] [type:descuento] [ammount:2026057588846948][total:2636216684282143420]
[user:Felipe] [type:cobro] [ammount:2416225608547819][total:2638632909890691239]
[user:Dalí] [type:inversión] [ammount:3670495620791149][total:2642303405511482388]
[user:Keanu] [type:descuento] [ammount:1383166381573283][total:2643686571893055671]
[user:Felipe] [type:cobro] [ammount:588513680653612][total:2644275085573709283]
[user:Kung] [type:inversión] [ammount:1797553305144038][total:2646072638878853321]
[user:Felipe] [type:inversión] [ammount:1777804902014487][total:2647850443780867808]
[user:Anakin] [type:descuento] [ammount:1209898030981889][total:2649060341811849697]
[user:Juan] [type:pago] [ammount:60356129011380][total:2649120697940861077]
[user:Felipe] [type:inversión] [ammount:2311764943306399][total:2651432462884167476]
[user:Felipe] [type:pago] [ammount:2655706397229534][total:2654088169281397010]
[user:Felipe] [type:pago] [ammount:3044561884513654][total:2657132731165910664]
[user:David] [type:cobro] [ammount:3426465585225181][total:2660559196751135845]
[user:Dalí] [type:descuento] [ammount:2154809558966761][total:2662714006310102606]
[user:Sonia] [type:inversión] [ammount:2819795360181187][total:2665533801670283793]
[user:Gustavo] [type:descuento] [ammount:1959192687232652][total:2667492994357516445]
[user:Sonia] [type:cobro] [ammount:2789064244088383][total:2670282058601604828]
[user:Sonia] [type:inversión] [ammount:3078381103704861][total:2673360439705309689]
[user:Anakin] [type:descuento] [ammount:1311831558737658][total:2674672271264047347]
[user:Felipe] [type:pago] [ammount:1459409326736163][total:2676131680590783510]
[user:David] [type:descuento] [ammount:2740644079479894][total:2678872324670263404]
[user:Carlos] [type:cobro] [ammount:2035878323877247][total:2680908202994140651]
[user:Felipe] [type:pago] [ammount:1234451730227634][total:2682142654724368285]
[user:Juan] [type:cobro] [ammount:2981531464252044][total:2685124186188620329]
[user:Juan] [type:inversión] [ammount:2983393911846677][total:2688107580100467006]
[user:Sonia] [type:descuento] [ammount:1923256109146757][total:2690030836209613763]
[user:Anakin] [type:inversión] [ammount:2351507451123062][total:2692382343660736825]
[user:Anakin] [type:descuento] [ammount:1776569510475310][total:2694158913171212135]
[user:Juan] [type:cobro] [ammount:2585138687597356][total:2696744051858809491]
[user:Sonia] [type:descuento] [ammount:3272370561010345][total:2700016422419819836]
[user:Kung] [type:cobro] [ammount:997015564244918][total:2701013437984064754]
[user:Dalí] [type:pago] [ammount:1439809026106099][total:2702453247010170853]
[user:Dalí] [type:pago] [ammount:3213049397286893][total:2705666296407457746]
[user:Keanu] [type:cobro] [ammount:1023284516615653][total:2706689580924073399]
[user:Kung] [type:pago] [ammount:907649515668939][total:2707597230439742338]
[user:Juan] [type:pago] [ammount:2569365569797738][total:2710166596009540076]
[user:Juan] [type:cobro] [ammount:2971405578539200][total:2713138001588079276]
[user:Carlos] [type:cobro] [ammount:934082052498476][total:2714072083640577752]
[user:Sonia] [type:pago] [ammount:741123285941594][total:2714813206926519346]
[user:Sonia] [type:inversión] [ammount:3130097663347521][total:2717943304589866867]
[user:Kung] [type:inversión] [ammount:1765553603557944][total:2719708858193424811]
[user:Felipe] [type:inversión] [ammount:3214397556519476][total:2722923255749944287]
[user:Keanu] [type:cobro] [ammount:1569942053480779][total:2724493197803425066]
[user:Keanu] [type:cobro] [ammount:2371688618215791][total:2726864886421640857]
[user:Sonia] [type:inversión] [ammount:2952988125596008][total:2729817874547236865]
[user:Kung] [type:pago] [ammount:1986595868379823][total:2731804470415616688]
[user:Felipe] [type:pago] [ammount:318081364906987][total:2732122551780523675]
[user:Carlos] [type:pago] [ammount:3524471061817040][total:2735647022842340715]
[user:Sonia] [type:descuento] [ammount:3152326455716315][total:2738799349298057030]
[user:Kung] [type:inversión] [ammount:3502539805030227][total:2742301889103087257]
[user:Kung] [type:cobro] [ammount:3449834238351030][total:2745751723341438287]
[user:Juan] [type:cobro] [ammount:1717715571871719][total:2747469438913310006]
[user:Keanu] [type:cobro] [ammount:3621298766473903][total:2751090737679783909]
[user:Dalí] [type:inversión] [ammount:2186808196875623][total:2753277545876659532]
[user:Felipe] [type:cobro] [ammount:575487909781217][total:2753853033786440749]
[user:Anakin] [type:descuento] [ammount:2078708771509042][total:2755931742557949791]
[user:Felipe] [type:pago] [ammount:331735262868074][total:2756263477820817865]
[user:Felipe] [type:inversión] [ammount:1559012731205346][total:2757822490552023211]
[user:Dalí] [type:cobro] [ammount:996976649660457][total:2758819467201683668]
[user:Gustavo] [type:pago] [ammount:1072363423809460][total:2759891830625493128]
[user:Sonia] [type:inversión] [ammount:3104544543667132][total:2762996375169160260]
[user:Sonia] [type:descuento] [ammount:839262112679276][total:2763835637281839536]
[user:David] [type:cobro] [ammount:1576206367975477][total:2765411843649815013]
[user:Dalí] [type:descuento] [ammount:3463832537772918][total:2768875676187587931]
[user:Keanu] [type:descuento] [ammount:2533397026168922][total:2771409073213756853]
[user:Anakin] [type:cobro] [ammount:3465973570370088][total:2774875046784126941]
[user:Sonia] [type:descuento] [ammount:2421644067796819][total:2777296690851923760]
[user:Juan] [type:descuento] [ammount:2220661389543214][total:2779517352241466974]
[user:Anakin] [type:pago] [ammount:2026988021277090][total:2781544340262744064]
[user:Gustavo] [type:pago] [ammount:1899058383640623][total:2783443398646384687]
[user:Felipe] [type:descuento] [ammount:849791855917994][total:2784293190502302681]
[user:Felipe] [type:inversión] [ammount:1733391590063558][total:2786026582092366239]
[user:Kung] [type:inversión] [ammount:1463708006162455][total:2787490290098528694]
[user:Sonia] [type:cobro] [ammount:1432053529929856][total:2788922343628458550]
[user:Gustavo] [type:cobro] [ammount:3431211800809399][total:2792353555429267949]
[user:Juan] [type:cobro] [ammount:1367522652640508][total:2793721078081908457]
[user:Kung] [type:cobro] [ammount:346564445126288][total:2794067642527034745]
[user:Gustavo] [type:inversión] [ammount:502393937066599][total:2794570036464101344]
[user:Carlos] [type:cobro] [ammount:3069684338752877][total:2797639720802854221]
[user:Kung] [type:inversión] [ammount:507879809356206][total:2798147600612210427]
[user:Keanu] [type:pago] [ammount:3658154126167836][total:2801805754738378263]
[user:Gustavo] [type:pago] [ammount:2047130801295391][total:2803852885539673654]
[user:Dalí] [type:inversión] [ammount:3372906417419067][total:2807225791957092721]
[user:Dalí] [type:inversión] [ammount:2822407120669301][total:2810048199077762022]
[user:Juan] [type:inversión] [ammount:3670851139319251][total:2813719050217081273]
[user:Carlos] [type:cobro] [ammount:2144607981341982][total:2815863658198423255]
[user:Gustavo] [type:pago] [ammount:2871119493398859][total:2818734777691822114]
[user:Keanu] [type:descuento] [ammount:3070701812674981][total:2821805479504497095]
[user:Keanu] [type:descuento] [ammount:32879775613065][total:2821838359280110160]
[user:Dalí] [type:descuento] [ammount:173508608991477][total:2822011867889101637]
[user:Anakin] [type:descuento] [ammount:852392343853978][total:2822864260232955615]
[user:Juan] [type:inversión] [ammount:1633237124601001][total:2824497497357556616]
[user:Carlos] [type:pago] [ammount:3201130244666660][total:2827698627602223276]
[user:Kung] [type:pago] [ammount:2985313791404617][total:2830683941393627893]
[user:Keanu] [type:inversión] [ammount:677169179647492][total:2831361110573275385]
[user:Dalí] [type:inversión] [ammount:2836945648116212][total:2834198056221391597]
[user:Keanu] [type:cobro] [ammount:2621078617925398][total:2836819134839316995]
[user:Dalí] [type:pago] [ammount:1923010177315444][total:2838742145016632439]
[user:Gustavo] [type:descuento] [ammount:1231794464437413][total:2839973939481069852]
[user:Kung] [type:cobro] [ammount:36162993744122][total:2840010102474813974]
[user:Felipe] [type:cobro] [ammount:2901695158367441][total:2842911797633181415]
[user:Keanu] [type:pago] [ammount:2876068583531757][total:2845787866216713172]
[user:Dalí] [type:cobro] [ammount:3178619880993686][total:2848966486097706858]
[user:Anakin] [type:descuento] [ammount:1297215670269518][total:2850263701767976376]
[user:Felipe] [type:descuento] [ammount:629951336140298][total:2850893653104116674]
[user:Kung] [type:inversión] [ammount:802355221097508][total:2851696008325214182]
[user:Juan] [type:pago] [ammount:3399064308654485][total:2855095072633868667]
[user:Kung] [type:descuento] [ammount:2640664707421458][total:2857735737341290125]
[user:Dalí] [type:descuento] [ammount:624406058962798][total:2858360143400252923]
[user:Keanu] [type:cobro] [ammount:2268486667551390][total:2860628630067804313]
[user:Anakin] [type:pago] [ammount:2585335016819396][total:2863213965084623709]
[user:Anakin] [type:cobro] [ammount:2422882757168560][total:2865636847841792269]
[user:Carlos] [type:descuento] [ammount:1144008118644047][total:2866780855960436316]
[user:David] [type:inversión] [ammount:3045654574749526][total:2869826510535185842]
[user:Keanu] [type:descuento] [ammount:1925258719792224][total:2871751769254978066]
[user:Dalí] [type:pago] [ammount:1458388138735490][total:2873210157393713556]
[user:Keanu] [type:inversión] [ammount:2443134224259027][total:2875653291617972583]
[user:David] [type:pago] [ammount:2639861944771228][total:2878293153562743811]
[user:Keanu] [type:pago] [ammount:3168889858264824][total:2881462043421008635]
[user:Gustavo] [type:descuento] [ammount:2290188881348270][total:2883752232302356905]
[user:Sonia] [type:pago] [ammount:3149486308334726][total:2886901718610691631]
[user:Gustavo] [type:pago] [ammount:1826069931077048][total:2888727788541768679]
[user:Carlos] [type:inversión] [ammount:2808018510481295][total:2891535807052249974]
[user:Anakin] [type:cobro] [ammount:1636965780214393][total:2893172772832464367]
[user:Sonia] [type:pago] [ammount:252278767490721][total:2893425051599955088]
[user:Sonia] [type:descuento] [ammount:3105485917636754][total:2896530537517591842]
[user:Kung] [type:inversión] [ammount:1718472749379146][total:2898249010266970988]
[user:Gustavo] [type:descuento] [ammount:3391147469476826][total:2901640157736447814]
[user:Felipe] [type:descuento] [ammount:1750417610718473][total:2903390575347166287]
[user:Juan] [type:cobro] [ammount:251916317325107][total:2903642491664491394]
[user:Anakin] [type:pago] [ammount:2385458618459954][total:2906027950282951348]
[user:David] [type:descuento] [ammount:578761754899997][total:2906606712037851345]
[user:Sonia] [type:descuento] [ammount:1327743529633871][total:2907934455567485216]
[user:Juan] [type:descuento] [ammount:657855727785464][total:2908592311295270680]
[user:Dalí] [type:pago] [ammount:3578466661725059][total:2912170777956995739]
[user:Anakin] [type:inversión] [ammount:1190732762343788][total:2913361510719339527]
[user:David] [type:inversión] [ammount:1018801002906988][total:2914380311722246515]
[user:Keanu] [type:cobro] [ammount:176639078114793][total:2914556950800361308]
[user:Gustavo] [type:pago] [ammount:871908107812376][total:2915428858908173684]
[user:Juan] [type:inversión] [ammount:907022112109630][total:2916335881020283314]
[user:Gustavo] [type:pago] [ammount:624282665092759][total:2916960163685376073]
[user:Dalí] [type:pago] [ammount:2296539476258928][total:2919256703161635001]
[user:Anakin] [type:cobro] [ammount:414308527709638][total:2919671011689344639]
[user:Carlos] [type:pago] [ammount:40044891983794][total:2919711056581328433]
[user:Keanu] [type:descuento] [ammount:1644046150957896][total:2921355102732286329]
[user:Anakin] [type:pago] [ammount:2771904789793991][total:2924127007522080320]
[user:Carlos] [type:descuento] [ammount:3161494342869867][total:2927288501864950187]
[user:Gustavo] [type:cobro] [ammount:1898395539297027][total:2929186897404247214]
[user:Keanu] [type:cobro] [ammount:216405096891448][total:2929403302501138662]
[user:Dalí] [type:pago] [ammount:2501604855245656][total:2931904907356384318]
[user:Dalí] [type:pago] [ammount:92101907293228][total:2931997009263677546]
[user:Juan] [type:inversión] [ammount:16850799095627][total:2932013860062773173]
[user:Gustavo] [type:descuento] [ammount:56866716102556][total:2932070726778875729]
[user:Gustavo] [type:descuento] [ammount:659358833305160][total:2932730085612180889]
[user:Sonia] [type:inversión] [ammount:3651671549512614][total:2936381757161693503]
[user:Dalí] [type:cobro] [ammount:3192802369484102][total:2939574559531177605]
[user:Sonia] [type:descuento] [ammount:2097084138149504][total:2941671643669327109]
[user:Juan] [type:inversión] [ammount:301647565298340][total:2941973291234625449]
[user:Juan] [type:inversión] [ammount:2798977981221156][total:2944772269215846605]
[user:Anakin] [type:cobro] [ammount:3683275466627249][total:2948455544682473854]
[user:Carlos] [type:pago] [ammount:288946648617589][total:2948744491331091443]
[user:Keanu] [type:descuento] [ammount:2185834139364639][total:2950930325470456082]
[user:Felipe] [type:inversión] [ammount:100713355527211][total:2951031038825983293]
[user:Felipe] [type:inversión] [ammount:2981267683929754][total:2954012306509913047]
[user:Gustavo] [type:pago] [ammount:3132486958444241][total:2957144793468357288]
[user:Kung] [type:pago] [ammount:1054487602987036][total:2958199281071344324]
[user:Keanu] [type:descuento] [ammount:410490835683681][total:2958609771907028005]
[user:Keanu] [type:descuento] [ammount:3225614512305296][total:2961835386419333301]
[user:Dalí] [type:pago] [ammount:478986052065353][total:2962314372471398654]
[user:Keanu] [type:pago] [ammount:1916792973039694][total:2964231165444438348]
[user:Keanu] [type:pago] [ammount:2142489916781824][total:2966373655361220172]
[user:Carlos] [type:inversión] [ammount:3421868558594445][total:2969795523919814617]
[user:David] [type:cobro] [ammount:2011453919721877][total:2971806977839536494]
[user:Gustavo] [type:inversión] [ammount:2281402085848871][total:2974088379925385365]
[user:Kung] [type:descuento] [ammount:2431069226538241][total:2976519449151923606]
[user:David] [type:inversión] [ammount:2277353496669643][total:2978796802648593249]
[user:Felipe] [type:pago] [ammount:2056326171430762][total:2980853128820024011]
[user:Felipe] [type:inversión] [ammount:2601036046782068][total:2983454164866806079]
[user:David] [type:descuento] [ammount:3371727665107246][total:2986825892531913325]
[user:Juan] [type:inversión] [ammount:2046399523784074][total:2988872292055697399]
[user:Carlos] [type:inversión] [ammount:334498780501253][total:2989206790836198652]
[user:Carlos] [type:pago] [ammount:2511521489016673][total:2991718312325215325]
[user:Felipe] [type:cobro] [ammount:2410048194441500][total:2994128360519656825]
[user:Carlos] [type:inversión] [ammount:2537106730943650][total:2996665467250600475]
[user:Felipe] [type:cobro] [ammount:97818435395384][total:2996763285685995859]
[user:Anakin] [type:cobro] [ammount:2341203266036807][total:2999104488952032666]
[user:Sonia] [type:pago] [ammount:2930479587356342][total:3002034968539389008]
[user:Juan] [type:inversión] [ammount:1401137844362228][total:3003436106383751236]
[user:Gustavo] [type:descuento] [ammount:2520717571919376][total:3005956823955670612]
[user:Dalí] [type:pago] [ammount:587431439468726][total:3006544255395139338]
[user:Kung] [type:inversión] [ammount:1836507522477647][total:3008380762917616985]
[user:Anakin] [type:inversión] [ammount:2646952078748952][total:3011027714996365937]
[user:Carlos] [type:pago] [ammount:3199441209914321][total:3014227156206280258]
[user:Felipe] [type:pago] [ammount:600264255867316][total:3014827420462147574]
[user:Felipe] [type:inversión] [ammount:1514755016144819][total:3016342175478292393]
[user:Anakin] [type:cobro] [ammount:1441717128055200][total:3017783892606347593]
[user:Gustavo] [type:cobro] [ammount:494710383434914][total:3018278602989782507]
[user:Felipe] [type:descuento] [ammount:2067833357310958][total:3020346436347093465]
[user:Juan] [type:pago] [ammount:1570293413648953][total:3021916729760742418]
[user:Keanu] [type:descuento] [ammount:3110319242365358][total:3025027049003107776]
[user:Kung] [type:pago] [ammount:1934654140767763][total:3026961703143875539]
[user:Felipe] [type:pago] [ammount:277599186791466][total:3027239302330667005]
[user:Keanu] [type:cobro] [ammount:3323989082415630][total:3030563291413082635]
[user:Dalí] [type:descuento] [ammount:3546318067077341][total:3034109609480159976]
[user:Keanu] [type:pago] [ammount:2618517862611349][total:3036728127342771325]
[user:Juan] [type:pago] [ammount:250616643030502][total:3036978743985801827]
[user:David] [type:cobro] [ammount:670010926604510][total:3037648754912406337]
[user:Gustavo] [type:pago] [ammount:2330797730406264][total:3039979552642812601]
[user:Carlos] [type:inversión] [ammount:2224170615147290][total:3042203723257959891]
[user:Anakin] [type:cobro] [ammount:264414649727510][total:3042468137907687401]
[user:Sonia] [type:descuento] [ammount:532424935834264][total:3043000562843521665]
[user:Gustavo] [type:descuento] [ammount:639819130963163][total:3043640381974484828]
[user:David] [type:inversión] [ammount:3128954255643904][total:3046769336230128732]
[user:Carlos] [type:pago] [ammount:833784107940419][total:3047603120338069151]
[user:Juan] [type:descuento] [ammount:2762434083762359][total:3050365554421831510]
[user:Sonia] [type:inversión] [ammount:2627081284497601][total:3052992635706329111]
[user:Felipe] [type:descuento] [ammount:2040671220904939][total:3055033306927234050]
[user:Anakin] [type:inversión] [ammount:563632057155346][total:3055596938984389396]
[user:David] [type:cobro] [ammount:3292027536277840][total:3058888966520667236]
[user:Carlos] [type:inversión] [ammount:695890639276767][total:3059584857159944003]
[user:Sonia] [type:descuento] [ammount:1285435199656849][total:3060870292359600852]
[user:Carlos] [type:inversión] [ammount:2224176759250666][total:3063094469118851518]
[user:Felipe] [type:descuento] [ammount:31588216781050][total:3063126057335632568]
[user:Sonia] [type:inversión] [ammount:2517558072553847][total:3065643615408186415]
[user:David] [type:descuento] [ammount:447316279063503][total:3066090931687249918]
[user:Anakin] [type:descuento] [ammount:2786138134202563][total:3068877069821452481]
[user:Keanu] [type:descuento] [ammount:3150797690069093][total:3072027867511521574]
[user:Anakin] [type:inversión] [ammount:3067280504518497][total:3075095148016040071]
[user:Dalí] [type:descuento] [ammount:2042063778700159][total:3077137211794740230]
[user:Dalí] [type:pago] [ammount:1557236285021738][total:3078694448079761968]
[user:Felipe] [type:cobro] [ammount:862625593481570][total:3079557073673243538]
[user:Kung] [type:inversión] [ammount:3384760534740633][total:3082941834207984171]
[user:Dalí] [type:descuento] [ammount:525346361342904][total:3083467180569327075]
[user:David] [type:descuento] [ammount:3399921632935192][total:3086867102202262267]
[user:Dalí] [type:inversión] [ammount:194170748718423][total:3087061272950980690]
[user:David] [type:inversión] [ammount:1991334656713960][total:3089052607607694650]
[user:Keanu] [type:pago] [ammount:2339650970963269][total:3091392258578657919]
[user:Gustavo] [type:descuento] [ammount:1991109849787866][total:3093383368428445785]
[user:Carlos] [type:inversión] [ammount:979362824355594][total:3094362731252801379]
[user:Keanu] [type:pago] [ammount:3074049883961317][total:3097436781136762696]
[user:Sonia] [type:descuento] [ammount:1556775052242582][total:3098993556189005278]
[user:Juan] [type:inversión] [ammount:1205167711561804][total:3100198723900567082]
[user:Felipe] [type:descuento] [ammount:1588204174276285][total:3101786928074843367]
[user:Juan] [type:pago] [ammount:2374147206311582][total:3104161075281154949]
[user:David] [type:descuento] [ammount:2321302645188416][total:3106482377926343365]
[user:Carlos] [type:descuento] [ammount:1400519452512865][total:3107882897378856230]
[user:Kung] [type:pago] [ammount:2661503710813310][total:3110544401089669540]
[user:Gustavo] [type:descuento] [ammount:1861703770702313][total:3112406104860371853]
[user:Juan] [type:cobro] [ammount:1420822570376278][total:3113826927430748131]
[user:Felipe] [type:descuento] [ammount:182428301594512][total:3114009355732342643]
[user:David] [type:pago] [ammount:1139877604913605][total:3115149233337256248]
[user:Juan] [type:inversión] [ammount:2673593335191100][total:3117822826672447348]
[user:Keanu] [type:cobro] [ammount:2330293908991484][total:3120153120581438832]
[user:Keanu] [type:descuento] [ammount:358520999899430][total:3120511641581338262]
[user:Dalí] [type:descuento] [ammount:1991156494566012][total:3122502798075904274]
[user:Gustavo] [type:inversión] [ammount:3665663417338241][total:3126168461493242515]
[user:Juan] [type:inversión] [ammount:3525688169802058][total:3129694149663044573]
[user:Kung] [type:inversión] [ammount:1218819812978270][total:3130912969476022843]
[user:Dalí] [type:pago] [ammount:2247708129078838][total:3133160677605101681]
[user:Carlos] [type:pago] [ammount:36460062286533][total:3133197137667388214]
[user:Dalí] [type:cobro] [ammount:2376226624571595][total:3135573364291959809]
[user:David] [type:cobro] [ammount:1981568362458821][total:3137554932654418630]
[user:Felipe] [type:inversión] [ammount:1447867917198469][total:3139002800571617099]
[user:David] [type:inversión] [ammount:1620705601618753][total:3140623506173235852]
[user:Kung] [type:pago] [ammount:494908842392745][total:3141118415015628597]
[user:Juan] [type:cobro] [ammount:2735160170050993][total:3143853575185679590]
[user:David] [type:descuento] [ammount:2985679536396371][total:3146839254722075961]
[user:Anakin] [type:cobro] [ammount:705872444182207][total:3147545127166258168]
[user:David] [type:descuento] [ammount:2404363742885730][total:3149949490909143898]
[user:Felipe] [type:inversión] [ammount:1593528134406201][total:3151543019043550099]
[user:Carlos] [type:pago] [ammount:360091646501773][total:3151903110690051872]
[user:Keanu] [type:pago] [ammount:1444928587722601][total:3153348039277774473]
[user:Keanu] [type:descuento] [ammount:1466878181803765][total:3154814917459578238]
[user:Gustavo] [type:inversión] [ammount:904731279910957][total:3155719648739489195]
[user:Keanu] [type:cobro] [ammount:1525948362735750][total:3157245597102224945]
[user:Dalí] [type:descuento] [ammount:1113219390168926][total:3158358816492393871]
[user:David] [type:cobro] [ammount:1025685536335091][total:3159384502028728962]
[user:Kung] [type:cobro] [ammount:1269135522148119][total:3160653637550877081]
[user:Carlos] [type:pago] [ammount:716467463310391][total:3161370105014187472]
[user:Felipe] [type:pago] [ammount:3132535903431295][total:3164502640917618767]
[user:Anakin] [type:inversión] [ammount:349414353392504][total:3164852055271011271]
[user:Keanu] [type:pago] [ammount:1578104847824923][total:3166430160118836194]
[user:Juan] [type:cobro] [ammount:2013139546128057][total:3168443299664964251]
[user:Juan] [type:descuento] [ammount:394528279978107][total:3168837827944942358]
[user:Dalí] [type:cobro] [ammount:2240379135062128][total:3171078207080004486]
[user:Kung] [type:pago] [ammount:1464394270793210][total:3172542601350797696]
[user:Felipe] [type:pago] [ammount:421392049338033][total:3172963993400135729]
[user:Keanu] [type:inversión] [ammount:1276408599432175][total:3174240401999567904]
[user:Kung] [type:inversión] [ammount:501260599801036][total:3174741662599368940]
[user:Keanu] [type:descuento] [ammount:3272363953685126][total:3178014026553054066]
[user:Dalí] [type:descuento] [ammount:2527750637665620][total:3180541777190719686]
[user:David] [type:pago] [ammount:1109947034657082][total:3181651724225376768]
[user:David] [type:inversión] [ammount:650728695655550][total:3182302452921032318]
[user:Felipe] [type:pago] [ammount:2680478501949148][total:3184982931422981466]
[user:Dalí] [type:inversión] [ammount:1215389362319533][total:3186198320785300999]
[user:Anakin] [type:inversión] [ammount:2017752475114120][total:3188216073260415119]
[user:Keanu] [type:pago] [ammount:1846349654193789][total:3190062422914608908]
[user:Felipe] [type:inversión] [ammount:2815920122770494][total:3192878343037379402]
[user:Kung] [type:cobro] [ammount:1075832107768021][total:3193954175145147423]
[user:Keanu] [type:cobro] [ammount:2071168180760440][total:3196025343325907863]
[user:Dalí] [type:pago] [ammount:742925264068336][total:3196768268589976199]
[user:Felipe] [type:pago] [ammount:2921879034879740][total:3199690147624855939]
[user:Carlos] [type:cobro] [ammount:627146868969363][total:3200317294493825302]
[user:Felipe] [type:pago] [ammount:2363748370083492][total:3202681042863908794]
[user:Felipe] [type:pago] [ammount:3106617591621100][total:3205787660455529894]
[user:Juan] [type:inversión] [ammount:802102315740123][total:3206589762771270017]
[user:Kung] [type:inversión] [ammount:1898778908020547][total:3208488541679290564]
[user:Anakin] [type:descuento] [ammount:582572827167443][total:3209071114506458007]
[user:David] [type:inversión] [ammount:1489265163416951][total:3210560379669874958]
[user:Kung] [type:cobro] [ammount:3379613269766422][total:3213939992939641380]
[user:Juan] [type:pago] [ammount:3139081632453462][total:3217079074572094842]
[user:Juan] [type:cobro] [ammount:156526640573552][total:3217235601212668394]
[user:Keanu] [type:pago] [ammount:3415402209668035][total:3220651003422336429]
[user:Keanu] [type:pago] [ammount:2499384865741510][total:3223150388288077939]
[user:Sonia] [type:pago] [ammount:37721810010026][total:3223188110098087965]
[user:Anakin] [type:pago] [ammount:7934718098415][total:3223196044816186380]
[user:Juan] [type:pago] [ammount:3545761044020949][total:3226741805860207329]
[user:Carlos] [type:pago] [ammount:710691423914387][total:3227452497284121716]
[user:Sonia] [type:descuento] [ammount:179638884765954][total:3227632136168887670]
[user:Kung] [type:pago] [ammount:2406590606853578][total:3230038726775741248]
[user:Juan] [type:pago] [ammount:1463007011183941][total:3231501733786925189]
[user:Dalí] [type:cobro] [ammount:1021627003309589][total:3232523360790234778]
[user:Keanu] [type:pago] [ammount:1435618907132546][total:3233958979697367324]
[user:Felipe] [type:pago] [ammount:2844892126745561][total:3236803871824112885]
[user:Keanu] [type:descuento] [ammount:2113026823086894][total:3238916898647199779]
[user:Dalí] [type:cobro] [ammount:3304209601263158][total:3242221108248462937]
[user:Carlos] [type:inversión] [ammount:2889678757010799][total:3245110787005473736]
[user:Juan] [type:descuento] [ammount:2005291227035426][total:3247116078232509162]
[user:Juan] [type:descuento] [ammount:2017894167074778][total:3249133972399583940]
[user:Dalí] [type:cobro] [ammount:2831363357314469][total:3251965335756898409]
[user:Gustavo] [type:pago] [ammount:1702187572457017][total:3253667523329355426]
[user:Dalí] [type:cobro] [ammount:3616516291702765][total:3257284039621058191]
[user:Carlos] [type:inversión] [ammount:2565770988229018][total:3259849810609287209]
[user:Juan] [type:cobro] [ammount:485732596475128][total:3260335543205762337]
[user:Dalí] [type:pago] [ammount:1341136857367943][total:3261676680063130280]
[user:Felipe] [type:cobro] [ammount:986373221607493][total:3262663053284737773]
[user:Anakin] [type:cobro] [ammount:3147590264448513][total:3265810643549186286]
[user:Sonia] [type:descuento] [ammount:3529125359207806][total:3269339768908394092]
[user:Juan] [type:cobro] [ammount:870338489356999][total:3270210107397751091]
[user:Carlos] [type:inversión] [ammount:1297041657599106][total:3271507149055350197]
[user:Sonia] [type:inversión] [ammount:449274015084564][total:3271956423070434761]
[user:Dalí] [type:cobro] [ammount:2374323619373541][total:3274330746689808302]
[user:Carlos] [type:inversión] [ammount:591960097137702][total:3274922706786946004]
[user:Carlos] [type:pago] [ammount:2234429297792480][total:3277157136084738484]
[user:David] [type:descuento] [ammount:2021314225783222][total:3279178450310521706]
[user:Gustavo] [type:pago] [ammount:2765012029143601][total:3281943462339665307]
[user:Dalí] [type:inversión] [ammount:599718806899826][total:3282543181146565133]
[user:Keanu] [type:descuento] [ammount:2384278325244510][total:3284927459471809643]
[user:Dalí] [type:cobro] [ammount:1659904079261155][total:3286587363551070798]
[user:Carlos] [type:descuento] [ammount:229637798168972][total:3286817001349239770]
[user:Dalí] [type:descuento] [ammount:3277306618472787][total:3290094307967712557]
[user:Dalí] [type:inversión] [ammount:588337723462339][total:3290682645691174896]
[user:Gustavo] [type:descuento] [ammount:952085704797937][total:3291634731395972833]
[user:Keanu] [type:cobro] [ammount:2277720002351288][total:3293912451398324121]
[user:David] [type:cobro] [ammount:3403554480518243][total:3297316005878842364]
[user:David] [type:pago] [ammount:2684262792835431][total:3300000268671677795]
[user:Sonia] [type:descuento] [ammount:2468992911567554][total:3302469261583245349]
[user:Carlos] [type:inversión] [ammount:830513592223469][total:3303299775175468818]
[user:Keanu] [type:pago] [ammount:2284180418685778][total:3305583955594154596]
[user:David] [type:inversión] [ammount:609610604534012][total:3306193566198688608]
[user:Carlos] [type:inversión] [ammount:3673959657359123][total:3309867525856047731]
[user:Sonia] [type:descuento] [ammount:374605680706149][total:3310242131536753880]
[user:Kung] [type:inversión] [ammount:3243026700379399][total:3313485158237133279]
[user:Anakin] [type:descuento] [ammount:3022981682633660][total:3316508139919766939]
[user:Kung] [type:pago] [ammount:650374717871883][total:3317158514637638822]
[user:Keanu] [type:cobro] [ammount:1801655768313515][total:3318960170405952337]
[user:Sonia] [type:pago] [ammount:1242837234497045][total:3320203007640449382]
[user:Sonia] [type:cobro] [ammount:3049959982554920][total:3323252967623004302]
[user:Carlos] [type:pago] [ammount:3668372258432555][total:3326921339881436857]
[user:Anakin] [type:pago] [ammount:305663113037408][total:3327227002994474265]
[user:Anakin] [type:pago] [ammount:443127477576490][total:3327670130472050755]
[user:Felipe] [type:cobro] [ammount:2336650604687952][total:3330006781076738707]
[user:Sonia] [type:descuento] [ammount:642367151900284][total:3330649148228638991]
[user:Sonia] [type:pago] [ammount:1046634066617550][total:3331695782295256541]
[user:Juan] [type:pago] [ammount:2480952962637855][total:3334176735257894396]
[user:Anakin] [type:cobro] [ammount:1064003515878468][total:3335240738773772864]
[user:Felipe] [type:descuento] [ammount:3039875463565364][total:3338280614237338228]
[user:Keanu] [type:inversión] [ammount:3686129473460815][total:3341966743710799043]
[user:Juan] [type:descuento] [ammount:2591403945480576][total:3344558147656279619]
[user:Anakin] [type:pago] [ammount:3511549645474635][total:3348069697301754254]
[user:Gustavo] [type:pago] [ammount:702746937893114][total:3348772444239647368]
[user:Kung] [type:pago] [ammount:2959731413649731][total:3351732175653297099]
[user:Gustavo] [type:descuento] [ammount:776508753186384][total:3352508684406483483]
[user:Dalí] [type:inversión] [ammount:394539394436519][total:3352903223800920002]
[user:Dalí] [type:pago] [ammount:1737384118675438][total:3354640607919595440]
[user:Juan] [type:descuento] [ammount:3278243907745548][total:3357918851827340988]
[user:Kung] [type:pago] [ammount:3478440741799827][total:3361397292569140815]
[user:Dalí] [type:descuento] [ammount:1166110418704118][total:3362563402987844933]
[user:Dalí] [type:inversión] [ammount:1567138673995040][total:3364130541661839973]
[user:Carlos] [type:inversión] [ammount:2926486570061084][total:3367057028231901057]
[user:Kung] [type:cobro] [ammount:192108072311356][total:3367249136304212413]
[user:Juan] [type:cobro] [ammount:3042318813118408][total:3370291455117330821]
[user:Keanu] [type:descuento] [ammount:3555286977240652][total:3373846742094571473]
[user:David] [type:inversión] [ammount:1107337606249422][total:3374954079700820895]
[user:Felipe] [type:descuento] [ammount:678668184492650][total:3375632747885313545]
[user:Dalí] [type:descuento] [ammount:1297656545146934][total:3376930404430460479]
[user:Juan] [type:inversión] [ammount:3672586524718380][total:3380602990955178859]
[user:Sonia] [type:inversión] [ammount:2378213161873210][total:3382981204117052069]
[user:Keanu] [type:pago] [ammount:3187468718809934][total:3386168672835862003]
[user:Keanu] [type:descuento] [ammount:981700149941289][total:3387150372985803292]
[user:Sonia] [type:descuento] [ammount:430174281565851][total:3387580547267369143]
[user:Keanu] [type:descuento] [ammount:2317398350845220][total:3389897945618214363]
[user:Carlos] [type:cobro] [ammount:2624204149117541][total:3392522149767331904]
[user:Sonia] [type:pago] [ammount:3171040724639135][total:3395693190491971039]
[user:Gustavo] [type:cobro] [ammount:3342011404486937][total:3399035201896457976]
[user:Felipe] [type:cobro] [ammount:989072678927411][total:3400024274575385387]
[user:Gustavo] [type:pago] [ammount:2842740549427723][total:3402867015124813110]
[user:David] [type:cobro] [ammount:2771137031926658][total:3405638152156739768]
[user:Sonia] [type:cobro] [ammount:1099817701046301][total:3406737969857786069]
[user:Felipe] [type:inversión] [ammount:892284528750863][total:3407630254386536932]
[user:Juan] [type:descuento] [ammount:2817347327288932][total:3410447601713825864]
[user:Gustavo] [type:pago] [ammount:2131390074396883][total:3412578991788222747]
[user:Anakin] [type:inversión] [ammount:1603056450883269][total:3414182048239106016]
[user:Keanu] [type:cobro] [ammount:980254963421096][total:3415162303202527112]
[user:Dalí] [type:inversión] [ammount:124328405162395][total:3415286631607689507]
[user:Kung] [type:pago] [ammount:3435112685287311][total:3418721744292976818]
[user:Carlos] [type:pago] [ammount:2984619919316747][total:3421706364212293565]
[user:Keanu] [type:cobro] [ammount:3323753054289426][total:3425030117266582991]
[user:Felipe] [type:inversión] [ammount:1454024540330809][total:3426484141806913800]
[user:David] [type:inversión] [ammount:815613615507478][total:3427299755422421278]
[user:Keanu] [type:inversión] [ammount:2084866049802065][total:3429384621472223343]
[user:Kung] [type:descuento] [ammount:1998362047122079][total:3431382983519345422]
[user:Keanu] [type:pago] [ammount:2706398691410478][total:3434089382210755900]
[user:Carlos] [type:cobro] [ammount:1507068995903333][total:3435596451206659233]
[user:Kung] [type:inversión] [ammount:1608568886578132][total:3437205020093237365]
[user:Kung] [type:pago] [ammount:1618283123130099][total:3438823303216367464]
[user:Sonia] [type:pago] [ammount:1774433258985306][total:3440597736475352770]
[user:Dalí] [type:pago] [ammount:1640495971683052][total:3442238232447035822]
[user:Sonia] [type:cobro] [ammount:355297174599114][total:3442593529621634936]
[user:Sonia] [type:pago] [ammount:53530022952187][total:3442647059644587123]
[user:Anakin] [type:pago] [ammount:1333034057797675][total:3443980093702384798]
[user:David] [type:descuento] [ammount:3208505823999974][total:3447188599526384772]
[user:Dalí] [type:pago] [ammount:452622152086126][total:3447641221678470898]
[user:David] [type:pago] [ammount:544034210416918][total:3448185255888887816]
[user:Carlos] [type:cobro] [ammount:1757897716502551][total:3449943153605390367]
[user:Dalí] [type:pago] [ammount:3554248747402829][total:3453497402352793196]
[user:Carlos] [type:pago] [ammount:3044179005604588][total:3456541581358397784]
[user:Carlos] [type:descuento] [ammount:891297825165473][total:3457432879183563257]
[user:Sonia] [type:inversión] [ammount:1674139241671143][total:3459107018425234400]
[user:Dalí] [type:inversión] [ammount:869049096942189][total:3459976067522176589]
[user:Keanu] [type:cobro] [ammount:3161820962585337][total:3463137888484761926]
[user:David] [type:pago] [ammount:1322351992407515][total:3464460240477169441]
[user:Sonia] [type:descuento] [ammount:1554769916701102][total:3466015010393870543]
[user:Kung] [type:cobro] [ammount:3030142018159811][total:3469045152412030354]
[user:Keanu] [type:inversión] [ammount:3127467978867409][total:3472172620390897763]
[user:Carlos] [type:descuento] [ammount:715558497418335][total:3472888178888316098]
[user:Juan] [type:pago] [ammount:3177286406030515][total:3476065465294346613]
[user:Felipe] [type:pago] [ammount:1532586451867440][total:3477598051746214053]
[user:Anakin] [type:inversión] [ammount:350207323669757][total:3477948259069883810]
[user:Dalí] [type:pago] [ammount:2000675073021582][total:3479948934142905392]
[user:Kung] [type:descuento] [ammount:1389840529756273][total:3481338774672661665]
[user:Carlos] [type:descuento] [ammount:1888627787173900][total:3483227402459835565]
[user:Gustavo] [type:inversión] [ammount:1496605238089128][total:3484724007697924693]
[user:David] [type:inversión] [ammount:1738601269435388][total:3486462608967360081]
[user:Juan] [type:descuento] [ammount:1621107863597883][total:3488083716830957964]
[user:Anakin] [type:pago] [ammount:2561498119239375][total:3490645214950197339]
[user:Carlos] [type:inversión] [ammount:3058552699522351][total:3493703767649719690]
[user:Gustavo] [type:descuento] [ammount:1709042835887422][total:3495412810485607112]
[user:Gustavo] [type:cobro] [ammount:1886573407104914][total:3497299383892712026]
[user:Felipe] [type:inversión] [ammount:2298583346925181][total:3499597967239637207]
[user:Dalí] [type:cobro] [ammount:2184965346691401][total:3501782932586328608]
[user:Gustavo] [type:pago] [ammount:3248109267118418][total:3505031041853447026]
[user:David] [type:cobro] [ammount:1887489107220823][total:3506918530960667849]
[user:Carlos] [type:pago] [ammount:644494500336836][total:3507563025461004685]
[user:Keanu] [type:cobro] [ammount:184385028549767][total:3507747410489554452]
[user:Kung] [type:inversión] [ammount:176339628306261][total:3507923750117860713]
[user:Kung] [type:descuento] [ammount:3013286346139849][total:3510937036464000562]
[user:Dalí] [type:inversión] [ammount:360926593969253][total:3511297963057969815]
[user:Keanu] [type:cobro] [ammount:2725082402518111][total:3514023045460487926]
[user:David] [type:pago] [ammount:1686287247971326][total:3515709332708459252]
[user:Dalí] [type:inversión] [ammount:2827995753683951][total:3518537328462143203]
[user:Juan] [type:cobro] [ammount:2730400420437591][total:3521267728882580794]
[user:Anakin] [type:cobro] [ammount:1184339690940858][total:3522452068573521652]
[user:Carlos] [type:descuento] [ammount:801938585776476][total:3523254007159298128]
[user:Kung] [type:inversión] [ammount:1744304102366409][total:3524998311261664537]
[user:Sonia] [type:descuento] [ammount:2730715221268132][total:3527729026482932669]
[user:Felipe] [type:inversión] [ammount:2077001861828296][total:3529806028344760965]
[user:Gustavo] [type:pago] [ammount:63142662503286][total:3529869171007264251]
[user:Carlos] [type:pago] [ammount:1986633757450149][total:3531855804764714400]
[user:Anakin] [type:descuento] [ammount:3572817458296691][total:3535428622223011091]
[user:Kung] [type:pago] [ammount:2176520276435943][total:3537605142499447034]
[user:Anakin] [type:pago] [ammount:1381966300720625][total:3538987108800167659]
[user:David] [type:descuento] [ammount:3634326844162269][total:3542621435644329928]
[user:Gustavo] [type:cobro] [ammount:2427911694392164][total:3545049347338722092]
[user:David] [type:inversión] [ammount:3127734711594756][total:3548177082050316848]
[user:Keanu] [type:descuento] [ammount:1119229334272712][total:3549296311384589560]
[user:David] [type:descuento] [ammount:2509691598913178][total:3551806002983502738]
[user:Kung] [type:inversión] [ammount:2533930578002452][total:3554339933561505190]
[user:Sonia] [type:pago] [ammount:2403299714279258][total:3556743233275784448]
[user:Keanu] [type:descuento] [ammount:1679258074581184][total:3558422491350365632]
[user:Felipe] [type:inversión] [ammount:176562751047945][total:3558599054101413577]
[user:Juan] [type:descuento] [ammount:1120804320599953][total:3559719858422013530]
[user:Felipe] [type:inversión] [ammount:3178628411449825][total:3562898486833463355]
[user:Anakin] [type:inversión] [ammount:1979071063230563][total:3564877557896693918]
[user:Anakin] [type:cobro] [ammount:3399776495716249][total:3568277334392410167]
[user:Dalí] [type:inversión] [ammount:1645790622518403][total:3569923125014928570]
[user:David] [type:cobro] [ammount:35977420029599][total:3569959102434958169]
[user:Sonia] [type:cobro] [ammount:3120213065363259][total:3573079315500321428]
[user:Kung] [type:inversión] [ammount:3671792943847495][total:3576751108444168923]
[user:David] [type:pago] [ammount:2490615049186846][total:3579241723493355769]
[user:David] [type:inversión] [ammount:451465869280070][total:3579693189362635839]
[user:Dalí] [type:pago] [ammount:652709805720939][total:3580345899168356778]
[user:Keanu] [type:descuento] [ammount:924395589969775][total:3581270294758326553]
[user:Dalí] [type:inversión] [ammount:2446240263834214][total:3583716535022160767]
[user:Anakin] [type:inversión] [ammount:2231867218469291][total:3585948402240630058]
[user:Anakin] [type:cobro] [ammount:3009723867774511][total:3588958126108404569]
[user:Dalí] [type:inversión] [ammount:2449356111753530][total:3591407482220158099]
[user:Anakin] [type:cobro] [ammount:3025439266250085][total:3594432921486408184]
[user:David] [type:inversión] [ammount:1242002364057679][total:3595674923850465863]
[user:David] [type:pago] [ammount:612767482722998][total:3596287691333188861]
[user:Sonia] [type:cobro] [ammount:1985430700873702][total:3598273122034062563]
[user:Carlos] [type:cobro] [ammount:3517827473201161][total:3601790949507263724]
[user:Carlos] [type:inversión] [ammount:600205438382138][total:3602391154945645862]
[user:Juan] [type:cobro] [ammount:560951179439725][total:3602952106125085587]
[user:Juan] [type:descuento] [ammount:2308859815827072][total:3605260965940912659]
[user:Juan] [type:cobro] [ammount:160953358280483][total:3605421919299193142]
[user:Keanu] [type:descuento] [ammount:526000636662381][total:3605947919935855523]
[user:Kung] [type:cobro] [ammount:1185877984914355][total:3607133797920769878]
[user:David] [type:cobro] [ammount:575342340316078][total:3607709140261085956]
[user:Dalí] [type:cobro] [ammount:2561119027265728][total:3610270259288351684]
[user:Gustavo] [type:cobro] [ammount:2133484276675143][total:3612403743565026827]
[user:Felipe] [type:inversión] [ammount:793127764461850][total:3613196871329488677]
[user:Keanu] [type:descuento] [ammount:2900429556957330][total:3616097300886446007]
[user:Kung] [type:pago] [ammount:1188916662343449][total:3617286217548789456]
[user:Kung] [type:pago] [ammount:699495657448335][total:3617985713206237791]
[user:Gustavo] [type:descuento] [ammount:3331371970609345][total:3621317085176847136]
[user:Juan] [type:inversión] [ammount:3337812801489593][total:3624654897978336729]
[user:Carlos] [type:pago] [ammount:2277960136782778][total:3626932858115119507]
[user:Anakin] [type:cobro] [ammount:15283449753576][total:3626948141564873083]
[user:Gustavo] [type:cobro] [ammount:2456253648605547][total:3629404395213478630]
[user:Kung] [type:descuento] [ammount:2468352812271251][total:3631872748025749881]
[user:Kung] [type:inversión] [ammount:1049528766557186][total:3632922276792307067]
[user:Felipe] [type:pago] [ammount:2620083651536267][total:3635542360443843334]
[user:Carlos] [type:inversión] [ammount:2876180851545871][total:3638418541295389205]
[user:Dalí] [type:pago] [ammount:2564455910013315][total:3640982997205402520]
[user:Carlos] [type:pago] [ammount:3022695562253753][total:3644005692767656273]
[user:Felipe] [type:inversión] [ammount:467344076740058][total:3644473036844396331]
[user:Anakin] [type:pago] [ammount:1948862123279188][total:3646421898967675519]
[user:Juan] [type:inversión] [ammount:1739386511613392][total:3648161285479288911]
[user:David] [type:descuento] [ammount:419948158009617][total:3648581233637298528]
[user:Anakin] [type:pago] [ammount:796118549671173][total:3649377352186969701]
[user:Anakin] [type:pago] [ammount:1075221326234989][total:3650452573513204690]
[user:Gustavo] [type:pago] [ammount:1019987287534081][total:3651472560800738771]
[user:Sonia] [type:pago] [ammount:412546590539625][total:3651885107391278396]
[user:Felipe] [type:cobro] [ammount:3489067937676667][total:3655374175328955063]
[user:Keanu] [type:pago] [ammount:1741284476484402][total:3657115459805439465]
[user:Dalí] [type:pago] [ammount:2627046993746100][total:3659742506799185565]
[user:Juan] [type:descuento] [ammount:1813597327225228][total:3661556104126410793]
[user:Carlos] [type:cobro] [ammount:1777646992482164][total:3663333751118892957]
[user:David] [type:pago] [ammount:1312623130988115][total:3664646374249881072]
[user:Gustavo] [type:cobro] [ammount:3414058768419421][total:3668060433018300493]
[user:Anakin] [type:pago] [ammount:3667112463265933][total:3671727545481566426]
[user:Juan] [type:descuento] [ammount:138098368225572][total:3671865643849791998]
[user:Gustavo] [type:descuento] [ammount:38209917921418][total:3671903853767713416]
[user:Dalí] [type:pago] [ammount:2559623890472147][total:3674463477658185563]
[user:Kung] [type:descuento] [ammount:1408136462682781][total:3675871614120868344]
[user:Sonia] [type:inversión] [ammount:1048804248166092][total:3676920418369034436]
[user:Felipe] [type:pago] [ammount:779904834851499][total:3677700323203885935]
[user:Felipe] [type:descuento] [ammount:1383660118378826][total:3679083983322264761]
[user:Keanu] [type:inversión] [ammount:374057113282648][total:3679458040435547409]
[user:Carlos] [type:descuento] [ammount:1066400751822603][total:3680524441187370012]
[user:Dalí] [type:inversión] [ammount:2098614194277469][total:3682623055381647481]
[user:Keanu] [type:inversión] [ammount:1621194716124622][total:3684244250097772103]
[user:Keanu] [type:inversión] [ammount:2160353301804918][total:3686404603399577021]
[user:Sonia] [type:inversión] [ammount:857883226305405][total:3687262486625882426]
[user:Dalí] [type:inversión] [ammount:789728379801800][total:3688052215005684226]
[user:Dalí] [type:inversión] [ammount:2943040014374115][total:3690995255020058341]
[user:Sonia] [type:descuento] [ammount:165154090869876][total:3691160409110928217]
[user:Dalí] [type:cobro] [ammount:2194571216213165][total:3693354980327141382]
[user:Kung] [type:pago] [ammount:732584820342319][total:3694087565147483701]
[user:Sonia] [type:cobro] [ammount:362571124065828][total:3694450136271549529]
[user:Gustavo] [type:cobro] [ammount:970813413515416][total:3695420949685064945]
[user:Carlos] [type:pago] [ammount:112788614224118][total:3695533738299289063]
[user:Anakin] [type:cobro] [ammount:2294879664767209][total:3697828617964056272]
[user:Sonia] [type:inversión] [ammount:1596883767462937][total:3699425501731519209]
[user:Sonia] [type:cobro] [ammount:3639776357153679][total:3703065278088672888]
[user:Gustavo] [type:descuento] [ammount:387919391198426][total:3703453197479871314]
[user:Felipe] [type:pago] [ammount:95571163769824][total:3703548768643641138]
[user:Kung] [type:descuento] [ammount:2372830280426468][total:3705921598924067606]
[user:Kung] [type:cobro] [ammount:3295145796713773][total:3709216744720781379]
[user:Carlos] [type:inversión] [ammount:437652832798290][total:3709654397553579669]
[user:Juan] [type:inversión] [ammount:2117484874392954][total:3711771882427972623]
[user:Gustavo] [type:inversión] [ammount:1843618407014976][total:3713615500834987599]
[user:Carlos] [type:descuento] [ammount:936268920862368][total:3714551769755849967]
[user:Felipe] [type:inversión] [ammount:1691505594671577][total:3716243275350521544]
[user:Anakin] [type:cobro] [ammount:1898562341952903][total:3718141837692474447]
[user:Anakin] [type:inversión] [ammount:907619144040039][total:3719049456836514486]
[user:Anakin] [type:cobro] [ammount:2530157599603586][total:3721579614436118072]
[user:Anakin] [type:inversión] [ammount:105958747917185][total:3721685573184035257]
[user:Sonia] [type:cobro] [ammount:2011903475736983][total:3723697476659772240]
[user:Juan] [type:inversión] [ammount:3647771621301401][total:3727345248281073641]
[user:Kung] [type:cobro] [ammount:3391778422893396][total:3730737026703967037]
[user:Gustavo] [type:pago] [ammount:3657336837177500][total:3734394363541144537]
[user:Dalí] [type:inversión] [ammount:3553290458551227][total:3737947653999695764]
[user:Keanu] [type:pago] [ammount:1395894426600071][total:3739343548426295835]
[user:Dalí] [type:descuento] [ammount:1012648766666233][total:3740356197192962068]
[user:Anakin] [type:inversión] [ammount:25240357417843][total:3740381437550379911]
[user:Keanu] [type:pago] [ammount:1155359502429662][total:3741536797052809573]
[user:Sonia] [type:pago] [ammount:1967552628538897][total:3743504349681348470]
[user:Keanu] [type:cobro] [ammount:1984612480590714][total:3745488962161939184]
[user:Juan] [type:cobro] [ammount:3020188379403765][total:3748509150541342949]
[user:Kung] [type:cobro] [ammount:700227316667934][total:3749209377858010883]
[user:Carlos] [type:cobro] [ammount:540905424408175][total:3749750283282419058]
[user:Anakin] [type:pago] [ammount:2889317684202504][total:3752639600966621562]
[user:Kung] [type:descuento] [ammount:2679341563307909][total:3755318942529929471]
[user:Dalí] [type:pago] [ammount:904558651022586][total:3756223501180952057]
[user:Dalí] [type:cobro] [ammount:2675475405268650][total:3758898976586220707]
[user:Juan] [type:descuento] [ammount:3367194446214891][total:3762266171032435598]
[user:Dalí] [type:inversión] [ammount:3402598830155313][total:3765668769862590911]
[user:Felipe] [type:descuento] [ammount:3128737070497752][total:3768797506933088663]
[user:Sonia] [type:cobro] [ammount:1222942926039179][total:3770020449859127842]
[user:Dalí] [type:pago] [ammount:1458852170010611][total:3771479302029138453]
[user:Felipe] [type:cobro] [ammount:3094594962743145][total:3774573896991881598]
[user:Kung] [type:inversión] [ammount:2227078917099051][total:3776800975908980649]
[user:Kung] [type:cobro] [ammount:3584221650355430][total:3780385197559336079]
[user:Anakin] [type:descuento] [ammount:652316226149082][total:3781037513785485161]
[user:Gustavo] [type:pago] [ammount:856845426356969][total:3781894359211842130]
[user:Sonia] [type:inversión] [ammount:987671808270846][total:3782882031020112976]
[user:Sonia] [type:cobro] [ammount:2120225098915345][total:3785002256119028321]
[user:Juan] [type:pago] [ammount:336835577383097][total:3785339091696411418]
[user:Juan] [type:pago] [ammount:849739069469362][total:3786188830765880780]
[user:Anakin] [type:descuento] [ammount:790350624700433][total:3786979181390581213]
[user:David] [type:inversión] [ammount:2188830485401624][total:3789168011875982837]
[user:Felipe] [type:inversión] [ammount:2377022047819260][total:3791545033923802097]
[user:Carlos] [type:pago] [ammount:3666718827167200][total:3795211752750969297]
[user:Felipe] [type:cobro] [ammount:2263917263535596][total:3797475670014504893]
[user:Juan] [type:descuento] [ammount:47780514345541][total:3797523450528850434]
[user:Keanu] [type:descuento] [ammount:2454849745256228][total:3799978300274106662]
[user:Carlos] [type:cobro] [ammount:1030792301970769][total:3801009092576077431]
[user:Gustavo] [type:cobro] [ammount:14095827053278][total:3801023188403130709]
[user:Gustavo] [type:descuento] [ammount:122696241733604][total:3801145884644864313]
[user:Gustavo] [type:pago] [ammount:1578225515790545][total:3802724110160654858]
[user:Dalí] [type:inversión] [ammount:2532866713680769][total:3805256976874335627]
[user:Dalí] [type:descuento] [ammount:2336118293740275][total:3807593095168075902]
[user:Keanu] [type:cobro] [ammount:2151175191181460][total:3809744270359257362]
[user:Gustavo] [type:cobro] [ammount:2138816573234846][total:3811883086932492208]
[user:Juan] [type:pago] [ammount:2606003428902095][total:3814489090361394303]
[user:Anakin] [type:cobro] [ammount:1647390282116801][total:3816136480643511104]
[user:Kung] [type:cobro] [ammount:3241464794419615][total:3819377945437930719]
[user:Sonia] [type:inversión] [ammount:766537817042028][total:3820144483254972747]
[user:Dalí] [type:descuento] [ammount:383895684428663][total:3820528378939401410]
[user:Anakin] [type:cobro] [ammount:886672959359584][total:3821415051898760994]
[user:Keanu] [type:inversión] [ammount:2875028682835147][total:3824290080581596141]
[user:Carlos] [type:inversión] [ammount:3414533056115690][total:3827704613637711831]
[user:Carlos] [type:inversión] [ammount:3270732657186429][total:3830975346294898260]
[user:Carlos] [type:pago] [ammount:1383490437841879][total:3832358836732740139]
[user:Kung] [type:descuento] [ammount:487382915223161][total:3832846219647963300]
[user:Juan] [type:pago] [ammount:557157751453889][total:3833403377399417189]
[user:Juan] [type:inversión] [ammount:589052257656034][total:3833992429657073223]
[user:Juan] [type:inversión] [ammount:920468702304233][total:3834912898359377456]
[user:Kung] [type:cobro] [ammount:2368469276934695][total:3837281367636312151]
[user:Sonia] [type:inversión] [ammount:1855043256334674][total:3839136410892646825]
[user:David] [type:cobro] [ammount:1808796699112548][total:3840945207591759373]
[user:Carlos] [type:descuento] [ammount:1020828302800102][total:3841966035894559475]
[user:Felipe] [type:cobro] [ammount:2794853660724862][total:3844760889555284337]
[user:Carlos] [type:pago] [ammount:239486394160789][total:3845000375949445126]
[user:Juan] [type:inversión] [ammount:207730384724837][total:3845208106334169963]
[user:Juan] [type:descuento] [ammount:1497869542284558][total:3846705975876454521]
[user:Dalí] [type:pago] [ammount:1306610664875357][total:3848012586541329878]
[user:Dalí] [type:inversión] [ammount:3410390693531820][total:3851422977234861698]
[user:Carlos] [type:cobro] [ammount:3352918615579742][total:3854775895850441440]
[user:Carlos] [type:pago] [ammount:2142626583776258][total:3856918522434217698]
[user:Keanu] [type:inversión] [ammount:1315846526828216][total:3858234368961045914]
[user:Felipe] [type:descuento] [ammount:523843335179430][total:3858758212296225344]
[user:Keanu] [type:pago] [ammount:911982729581844][total:3859670195025807188]
[user:Anakin] [type:cobro] [ammount:862914812159200][total:3860533109837966388]
[user:Carlos] [type:pago] [ammount:2179701030058882][total:3862712810868025270]
[user:Anakin] [type:inversión] [ammount:93863913417873][total:3862806674781443143]
[user:Juan] [type:descuento] [ammount:2136918657826210][total:3864943593439269353]
[user:Anakin] [type:inversión] [ammount:1559444077951947][total:3866503037517221300]
[user:Juan] [type:cobro] [ammount:2152696884904218][total:3868655734402125518]
[user:Anakin] [type:pago] [ammount:2031516930236947][total:3870687251332362465]
[user:Juan] [type:inversión] [ammount:758324905569468][total:3871445576237931933]
[user:Sonia] [type:inversión] [ammount:2851818349362671][total:3874297394587294604]
[user:David] [type:descuento] [ammount:848710925646525][total:3875146105512941129]
[user:Kung] [type:inversión] [ammount:961843355652722][total:3876107948868593851]
[user:Felipe] [type:descuento] [ammount:1380750293537848][total:3877488699162131699]
[user:Gustavo] [type:pago] [ammount:502454445663020][total:3877991153607794719]
[user:Sonia] [type:cobro] [ammount:2722464268990970][total:3880713617876785689]
[user:Anakin] [type:descuento] [ammount:617099740848268][total:3881330717617633957]
[user:Keanu] [type:cobro] [ammount:513841747114604][total:3881844559364748561]
[user:Felipe] [type:inversión] [ammount:841680687113790][total:3882686240051862351]
[user:Sonia] [type:cobro] [ammount:2259807181391372][total:3884946047233253723]
[user:Gustavo] [type:inversión] [ammount:3163911772415220][total:3888109959005668943]
[user:Felipe] [type:descuento] [ammount:2633784011463483][total:3890743743017132426]
[user:Keanu] [type:descuento] [ammount:983391974894237][total:3891727134992026663]
[user:Juan] [type:inversión] [ammount:1488134772777303][total:3893215269764803966]
[user:Kung] [type:descuento] [ammount:93133716588321][total:3893308403481392287]
[user:Carlos] [type:descuento] [ammount:1792894671840792][total:3895101298153233079]
[user:Gustavo] [type:cobro] [ammount:2668177521993904][total:3897769475675226983]
[user:Gustavo] [type:inversión] [ammount:2456811360216817][total:3900226287035443800]
[user:Anakin] [type:pago] [ammount:1435526864908150][total:3901661813900351950]
[user:Sonia] [type:cobro] [ammount:2960221596849461][total:3904622035497201411]
[user:Felipe] [type:inversión] [ammount:1266636728459014][total:3905888672225660425]
[user:Kung] [type:inversión] [ammount:1379715045055151][total:3907268387270715576]
[user:Felipe] [type:descuento] [ammount:2739278467023544][total:3910007665737739120]
[user:Dalí] [type:pago] [ammount:1680577604894811][total:3911688243342633931]
[user:Juan] [type:pago] [ammount:2460961230432111][total:3914149204573066042]
[user:Juan] [type:pago] [ammount:3251520247731101][total:3917400724820797143]
[user:Gustavo] [type:pago] [ammount:1286214688910056][total:3918686939509707199]
[user:Juan] [type:cobro] [ammount:936460948345760][total:3919623400458052959]
[user:Carlos] [type:descuento] [ammount:1032466354246607][total:3920655866812299566]
[user:Dalí] [type:inversión] [ammount:2890475671068399][total:3923546342483367965]
[user:David] [type:pago] [ammount:264763860981163][total:3923811106344349128]
[user:Kung] [type:descuento] [ammount:1442167186573508][total:3925253273530922636]
[user:Keanu] [type:pago] [ammount:1684416616523540][total:3926937690147446176]
[user:Carlos] [type:descuento] [ammount:580197204161040][total:3927517887351607216]
[user:Felipe] [type:pago] [ammount:970244060128083][total:3928488131411735299]
[user:David] [type:cobro] [ammount:2740968516192676][total:3931229099927927975]
[user:Sonia] [type:cobro] [ammount:2533450071856364][total:3933762549999784339]
[user:Keanu] [type:descuento] [ammount:2188513495434991][total:3935951063495219330]
[user:Carlos] [type:cobro] [ammount:2304090577811441][total:3938255154073030771]
[user:Carlos] [type:descuento] [ammount:1671404318039698][total:3939926558391070469]
[user:Carlos] [type:descuento] [ammount:2871536456497913][total:3942798094847568382]
[user:Dalí] [type:cobro] [ammount:273667885087063][total:3943071762732655445]
[user:Anakin] [type:descuento] [ammount:2179175975663901][total:3945250938708319346]
[user:David] [type:inversión] [ammount:1609279870969292][total:3946860218579288638]
[user:Sonia] [type:cobro] [ammount:2023454180944895][total:3948883672760233533]
[user:Gustavo] [type:cobro] [ammount:3138441254586896][total:3952022114014820429]
[user:Anakin] [type:descuento] [ammount:631945709932652][total:3952654059724753081]
[user:Juan] [type:descuento] [ammount:888892211875056][total:3953542951936628137]
[user:David] [type:pago] [ammount:2275466043461982][total:3955818417980090119]
[user:David] [type:inversión] [ammount:3459063211757072][total:3959277481191847191]
[user:Anakin] [type:descuento] [ammount:143625939273390][total:3959421107131120581]
[user:Dalí] [type:inversión] [ammount:839140917203218][total:3960260248048323799]
[user:Felipe] [type:inversión] [ammount:976146281612043][total:3961236394329935842]
[user:Keanu] [type:cobro] [ammount:339441336041748][total:3961575835665977590]
[user:Dalí] [type:pago] [ammount:1081245357190699][total:3962657081023168289]
[user:Carlos] [type:inversión] [ammount:698219235574514][total:3963355300258742803]
[user:Gustavo] [type:pago] [ammount:2177222395261737][total:3965532522654004540]
[user:Gustavo] [type:pago] [ammount:3346008616101815][total:3968878531270106355]
[user:Anakin] [type:descuento] [ammount:2138852174595635][total:3971017383444701990]
[user:Anakin] [type:cobro] [ammount:1714720449820025][total:3972732103894522015]
[user:David] [type:cobro] [ammount:214089281328637][total:3972946193175850652]
[user:Anakin] [type:cobro] [ammount:2949907921853335][total:3975896101097703987]
[user:Felipe] [type:cobro] [ammount:3637906717939297][total:3979534007815643284]
[user:Carlos] [type:descuento] [ammount:896410817661944][total:3980430418633305228]
[user:Kung] [type:descuento] [ammount:2569843647009721][total:3983000262280314949]
[user:Juan] [type:descuento] [ammount:755101383206259][total:3983755363663521208]
[user:Anakin] [type:cobro] [ammount:651681061031810][total:3984407044724553018]
[user:Kung] [type:descuento] [ammount:1018782321754717][total:3985425827046307735]
[user:Anakin] [type:inversión] [ammount:2614200249501260][total:3988040027295808995]
[user:Felipe] [type:cobro] [ammount:2877020010315114][total:3990917047306124109]
[user:Carlos] [type:pago] [ammount:157447941849029][total:3991074495247973138]
[user:Gustavo] [type:cobro] [ammount:2907039498552385][total:3993981534746525523]
[user:Felipe] [type:inversión] [ammount:2056247798753234][total:3996037782545278757]
[user:Carlos] [type:descuento] [ammount:1708960697886107][total:3997746743243164864]
[user:Sonia] [type:inversión] [ammount:2368586767459168][total:4000115330010624032]
[user:Juan] [type:pago] [ammount:1337905882785151][total:4001453235893409183]
[user:Carlos] [type:inversión] [ammount:2491310389537934][total:4003944546282947117]
[user:Juan] [type:inversión] [ammount:103187554487081][total:4004047733837434198]
[user:Keanu] [type:descuento] [ammount:3630679908408045][total:4007678413745842243]
[user:Felipe] [type:descuento] [ammount:2655373433348772][total:4010333787179191015]
[user:Gustavo] [type:pago] [ammount:1648665804563900][total:4011982452983754915]
[user:Felipe] [type:cobro] [ammount:3280361840017652][total:4015262814823772567]
[user:Dalí] [type:cobro] [ammount:161383126311807][total:4015424197950084374]
[user:Dalí] [type:descuento] [ammount:1240167734895909][total:4016664365684980283]
[user:Gustavo] [type:pago] [ammount:3219836618887984][total:4019884202303868267]
[user:Sonia] [type:inversión] [ammount:1136080133368340][total:4021020282437236607]
[user:Kung] [type:descuento] [ammount:2566558315015734][total:4023586840752252341]
[user:Anakin] [type:cobro] [ammount:3193289411307613][total:4026780130163559954]
[user:Dalí] [type:cobro] [ammount:2365622449049962][total:4029145752612609916]
[user:Juan] [type:inversión] [ammount:1182711629323376][total:4030328464241933292]
[user:Keanu] [type:descuento] [ammount:2273646889197450][total:4032602111131130742]
[user:Carlos] [type:descuento] [ammount:1422451885898294][total:4034024563017029036]
[user:Juan] [type:inversión] [ammount:2288257577929070][total:4036312820594958106]
[user:Carlos] [type:pago] [ammount:1972997715115902][total:4038285818310074008]
[user:Felipe] [type:descuento] [ammount:3688723144333839][total:4041974541454407847]
[user:Dalí] [type:descuento] [ammount:142275947141132][total:4042116817401548979]
[user:Juan] [type:descuento] [ammount:136690775556810][total:4042253508177105789]
[user:Kung] [type:cobro] [ammount:2412131934551103][total:4044665640111656892]
[user:Keanu] [type:pago] [ammount:3114931087549827][total:4047780571199206719]
[user:Carlos] [type:pago] [ammount:3545102652173882][total:4051325673851380601]
[user:David] [type:descuento] [ammount:861956704963751][total:4052187630556344352]
[user:Dalí] [type:cobro] [ammount:188975503284325][total:4052376606059628677]
[user:Gustavo] [type:descuento] [ammount:1403381642035129][total:4053779987701663806]
[user:Dalí] [type:inversión] [ammount:673684422131998][total:4054453672123795804]
[user:Sonia] [type:cobro] [ammount:685008320509206][total:4055138680444305010]
[user:Juan] [type:pago] [ammount:2742243611627046][total:4057880924055932056]
[user:Felipe] [type:descuento] [ammount:771461216733497][total:4058652385272665553]
[user:Anakin] [type:descuento] [ammount:1617492537357046][total:4060269877810022599]
[user:Gustavo] [type:pago] [ammount:3673071590595921][total:4063942949400618520]
[user:Felipe] [type:pago] [ammount:2890120979392641][total:4066833070380011161]
[user:David] [type:pago] [ammount:352408057562555][total:4067185478437573716]
[user:Kung] [type:descuento] [ammount:2429514705241319][total:4069614993142815035]
[user:Juan] [type:descuento] [ammount:282584288747475][total:4069897577431562510]
[user:Keanu] [type:inversión] [ammount:2607350703223799][total:4072504928134786309]
[user:Anakin] [type:pago] [ammount:2643358596328326][total:4075148286731114635]
[user:Dalí] [type:cobro] [ammount:2672474847297156][total:4077820761578411791]
[user:Dalí] [type:pago] [ammount:2936048831103882][total:4080756810409515673]
[user:Anakin] [type:cobro] [ammount:33635901116096][total:4080790446310631769]
[user:Anakin] [type:cobro] [ammount:673160775711463][total:4081463607086343232]
[user:Dalí] [type:cobro] [ammount:1212973478560625][total:4082676580564903857]
[user:Dalí] [type:inversión] [ammount:1374615049289575][total:4084051195614193432]
[user:Dalí] [type:cobro] [ammount:2194265608824078][total:4086245461223017510]
[user:Carlos] [type:pago] [ammount:1731798314134796][total:4087977259537152306]
[user:Dalí] [type:inversión] [ammount:1776348101812176][total:4089753607638964482]
[user:Felipe] [type:pago] [ammount:2536003179925983][total:4092289610818890465]
[user:Gustavo] [type:cobro] [ammount:2288975234616388][total:4094578586053506853]
[user:Carlos] [type:cobro] [ammount:2847905196662004][total:4097426491250168857]
[user:Felipe] [type:descuento] [ammount:2878224392650094][total:4100304715642818951]
[user:Anakin] [type:cobro] [ammount:1530038465898396][total:4101834754108717347]
[user:Gustavo] [type:descuento] [ammount:208621961918838][total:4102043376070636185]
[user:Kung] [type:descuento] [ammount:2963063195706165][total:4105006439266342350]
[user:Keanu] [type:pago] [ammount:3117362123868145][total:4108123801390210495]
[user:Sonia] [type:cobro] [ammount:501028250443310][total:4108624829640653805]
[user:Felipe] [type:cobro] [ammount:2297151279169319][total:4110921980919823124]
[user:Felipe] [type:pago] [ammount:809761236039168][total:4111731742155862292]
[user:David] [type:pago] [ammount:3300294749045219][total:4115032036904907511]
[user:Dalí] [type:descuento] [ammount:101984344413779][total:4115134021249321290]
[user:Anakin] [type:pago] [ammount:1805831375614619][total:4116939852624935909]
[user:Keanu] [type:descuento] [ammount:668555559482831][total:4117608408184418740]
[user:Sonia] [type:cobro] [ammount:670564801040120][total:4118278972985458860]
[user:Felipe] [type:inversión] [ammount:1466129476275684][total:4119745102461734544]
[user:Carlos] [type:descuento] [ammount:3406019056641253][total:4123151121518375797]
[user:Juan] [type:pago] [ammount:3244157902681371][total:4126395279421057168]
[user:Keanu] [type:pago] [ammount:676961240267135][total:4127072240661324303]
[user:Anakin] [type:cobro] [ammount:332144058769021][total:4127404384720093324]
[user:Felipe] [type:cobro] [ammount:2381103607447566][total:4129785488327540890]
[user:Keanu] [type:descuento] [ammount:2066652434648094][total:4131852140762188984]
[user:David] [type:cobro] [ammount:2647381435165648][total:4134499522197354632]
[user:Felipe] [type:descuento] [ammount:850732261502614][total:4135350254458857246]
[user:Keanu] [type:pago] [ammount:250355600743806][total:4135600610059601052]
[user:Gustavo] [type:pago] [ammount:1765381174582450][total:4137365991234183502]
[user:Anakin] [type:cobro] [ammount:541395705679370][total:4137907386939862872]
[user:Juan] [type:inversión] [ammount:3430125904503412][total:4141337512844366284]
[user:Carlos] [type:pago] [ammount:734100557198186][total:4142071613401564470]
[user:David] [type:pago] [ammount:155710275387087][total:4142227323676951557]
[user:Gustavo] [type:pago] [ammount:3632313221933448][total:4145859636898885005]
[user:Dalí] [type:cobro] [ammount:1080392464947143][total:4146940029363832148]
[user:Dalí] [type:pago] [ammount:3297462907405346][total:4150237492271237494]
[user:Keanu] [type:descuento] [ammount:1830976397442330][total:4152068468668679824]
[user:Dalí] [type:cobro] [ammount:3160195247485212][total:4155228663916165036]
[user:Carlos] [type:descuento] [ammount:527849627149787][total:4155756513543314823]
[user:Sonia] [type:descuento] [ammount:1476545884054055][total:4157233059427368878]
[user:Anakin] [type:pago] [ammount:3663258494824782][total:4160896317922193660]
[user:Sonia] [type:pago] [ammount:28240772084746][total:4160924558694278406]
[user:Gustavo] [type:pago] [ammount:1720508819786975][total:4162645067514065381]
[user:Keanu] [type:cobro] [ammount:485140099800523][total:4163130207613865904]
[user:Keanu] [type:cobro] [ammount:3468386375717019][total:4166598593989582923]
[user:Anakin] [type:descuento] [ammount:3565075723805068][total:4170163669713387991]
[user:Keanu] [type:pago] [ammount:2388741964931589][total:4172552411678319580]
[user:Kung] [type:descuento] [ammount:2723919477056279][total:4175276331155375859]
[user:Sonia] [type:pago] [ammount:2702222095029098][total:4177978553250404957]
[user:Carlos] [type:pago] [ammount:2961923263303283][total:4180940476513708240]
[user:Sonia] [type:descuento] [ammount:1092151438579713][total:4182032627952287953]
[user:Anakin] [type:inversión] [ammount:1679580733986616][total:4183712208686274569]
[user:Felipe] [type:inversión] [ammount:3153658819705519][total:4186865867505980088]
[user:Juan] [type:inversión] [ammount:1155595253973573][total:4188021462759953661]
[user:Dalí] [type:pago] [ammount:1976123565474711][total:4189997586325428372]
[user:Gustavo] [type:inversión] [ammount:2469718370081406][total:4192467304695509778]
[user:David] [type:inversión] [ammount:1004784110872974][total:4193472088806382752]
[user:Kung] [type:inversión] [ammount:1006316434484728][total:4194478405240867480]
[user:Felipe] [type:descuento] [ammount:3099156543611601][total:4197577561784479081]
[user:Gustavo] [type:inversión] [ammount:289839830353357][total:4197867401614832438]
[user:Anakin] [type:pago] [ammount:3264440977391254][total:4201131842592223692]
[user:Dalí] [type:inversión] [ammount:1118697222456881][total:4202250539814680573]
[user:Keanu] [type:inversión] [ammount:2831383199585183][total:4205081923014265756]
[user:Kung] [type:inversión] [ammount:882806862402093][total:4205964729876667849]
[user:Carlos] [type:descuento] [ammount:3237913053031523][total:4209202642929699372]
[user:Kung] [type:inversión] [ammount:2888678599503016][total:4212091321529202388]
[user:Felipe] [type:descuento] [ammount:2097115242483198][total:4214188436771685586]
[user:Carlos] [type:descuento] [ammount:1988218078333314][total:4216176654850018900]
[user:Carlos] [type:inversión] [ammount:3484110976361548][total:4219660765826380448]
[user:Kung] [type:cobro] [ammount:921249421129756][total:4220582015247510204]
[user:Carlos] [type:inversión] [ammount:2215696151514428][total:4222797711399024632]
[user:Dalí] [type:descuento] [ammount:3589750520837760][total:4226387461919862392]
[user:Anakin] [type:cobro] [ammount:82772236429756][total:4226470234156292148]
[user:Gustavo] [type:cobro] [ammount:2994217129125054][total:4229464451285417202]
[user:Sonia] [type:descuento] [ammount:1473108274616312][total:4230937559560033514]
[user:Kung] [type:pago] [ammount:2776065104048415][total:4233713624664081929]
[user:Dalí] [type:pago] [ammount:2462461470931642][total:4236176086135013571]
[user:Sonia] [type:descuento] [ammount:1030423835899797][total:4237206509970913368]
[user:Sonia] [type:descuento] [ammount:2316519101058226][total:4239523029071971594]
[user:Dalí] [type:descuento] [ammount:1406099760850142][total:4240929128832821736]
[user:Juan] [type:descuento] [ammount:2945269167293905][total:4243874398000115641]
[user:Kung] [type:inversión] [ammount:793497003866795][total:4244667895003982436]
[user:Sonia] [type:cobro] [ammount:3039433209809683][total:4247707328213792119]
[user:Gustavo] [type:pago] [ammount:2349487238745187][total:4250056815452537306]
[user:Kung] [type:descuento] [ammount:453004772330505][total:4250509820224867811]
[user:Felipe] [type:pago] [ammount:582576911383939][total:4251092397136251750]
[user:Kung] [type:pago] [ammount:1239198378149153][total:4252331595514400903]
[user:Kung] [type:pago] [ammount:552607645924768][total:4252884203160325671]
[user:Juan] [type:cobro] [ammount:2248628462374271][total:4255132831622699942]
[user:Felipe] [type:pago] [ammount:2727987692158731][total:4257860819314858673]
[user:Kung] [type:cobro] [ammount:121713611311626][total:4257982532926170299]
[user:Sonia] [type:inversión] [ammount:1670266005788436][total:4259652798931958735]
[user:Anakin] [type:descuento] [ammount:244287189006025][total:4259897086120964760]
[user:Gustavo] [type:cobro] [ammount:2230421073974005][total:4262127507194938765]
[user:Carlos] [type:descuento] [ammount:2869984972485027][total:4264997492167423792]
[user:Anakin] [type:inversión] [ammount:1382200088248953][total:4266379692255672745]
[user:Dalí] [type:descuento] [ammount:671255419235563][total:4267050947674908308]
[user:Keanu] [type:descuento] [ammount:1801229848176307][total:4268852177523084615]
[user:Kung] [type:pago] [ammount:1271131118807395][total:4270123308641892010]
[user:Dalí] [type:cobro] [ammount:2066759224132608][total:4272190067866024618]
[user:Felipe] [type:pago] [ammount:2690091085202661][total:4274880158951227279]
[user:Sonia] [type:cobro] [ammount:1960037186762476][total:4276840196137989755]
[user:Sonia] [type:inversión] [ammount:2505120650090910][total:4279345316788080665]
[user:Gustavo] [type:inversión] [ammount:3373864298192678][total:4282719181086273343]
[user:David] [type:descuento] [ammount:698509210001092][total:4283417690296274435]
[user:David] [type:inversión] [ammount:1445979432463466][total:4284863669728737901]
[user:Felipe] [type:pago] [ammount:2246181664290302][total:4287109851393028203]
[user:Carlos] [type:inversión] [ammount:2031848302167399][total:4289141699695195602]
[user:Juan] [type:pago] [ammount:1969045895927393][total:4291110745591122995]
[user:Felipe] [type:cobro] [ammount:704796823819129][total:4291815542414942124]
[user:Juan] [type:inversión] [ammount:3608698821448791][total:4295424241236390915]
[user:Kung] [type:cobro] [ammount:717937659758806][total:4296142178896149721]
[user:Keanu] [type:pago] [ammount:2894100455249796][total:4299036279351399517]
[user:Keanu] [type:pago] [ammount:1371346793372676][total:4300407626144772193]
[user:Gustavo] [type:inversión] [ammount:3233150297871459][total:4303640776442643652]
[user:Felipe] [type:cobro] [ammount:321789837458383][total:4303962566280102035]
[user:Dalí] [type:cobro] [ammount:2658733571298805][total:4306621299851400840]
[user:Keanu] [type:descuento] [ammount:1568640132782151][total:4308189939984182991]
[user:Kung] [type:pago] [ammount:2282674592449211][total:4310472614576632202]
[user:Sonia] [type:descuento] [ammount:1469245786527027][total:4311941860363159229]
[user:Juan] [type:cobro] [ammount:674945031510188][total:4312616805394669417]
[user:Carlos] [type:cobro] [ammount:3104797511140202][total:4315721602905809619]
[user:Dalí] [type:descuento] [ammount:2720465474897981][total:4318442068380707600]
[user:Gustavo] [type:inversión] [ammount:1540017078415431][total:4319982085459123031]
[user:Kung] [type:pago] [ammount:213436310149286][total:4320195521769272317]
[user:Kung] [type:cobro] [ammount:3056542617195400][total:4323252064386467717]
[user:Felipe] [type:descuento] [ammount:626774067666060][total:4323878838454133777]
[user:Anakin] [type:pago] [ammount:928403420402648][total:4324807241874536425]
[user:Juan] [type:inversión] [ammount:2224881506213735][total:4327032123380750160]
[user:Juan] [type:pago] [ammount:2565734680249062][total:4329597858060999222]
[user:Felipe] [type:cobro] [ammount:1988435583878503][total:4331586293644877725]
[user:Juan] [type:cobro] [ammount:3427418909653680][total:4335013712554531405]
[user:Felipe] [type:cobro] [ammount:568511857166893][total:4335582224411698298]
[user:Juan] [type:cobro] [ammount:1261113397470378][total:4336843337809168676]
[user:Juan] [type:inversión] [ammount:1643349291857384][total:4338486687101026060]
[user:Dalí] [type:inversión] [ammount:653412854288209][total:4339140099955314269]
[user:Carlos] [type:pago] [ammount:3419637487962252][total:4342559737443276521]
[user:Gustavo] [type:cobro] [ammount:3025251480053068][total:4345584988923329589]
[user:Sonia] [type:inversión] [ammount:2553248557848631][total:4348138237481178220]
[user:Carlos] [type:descuento] [ammount:458568996069774][total:4348596806477247994]
[user:Kung] [type:inversión] [ammount:3333740693902995][total:4351930547171150989]
[user:Sonia] [type:cobro] [ammount:3355206692493899][total:4355285753863644888]
[user:Carlos] [type:inversión] [ammount:2614170302038861][total:4357899924165683749]
[user:Carlos] [type:pago] [ammount:790082289120055][total:4358690006454803804]
[user:Kung] [type:inversión] [ammount:1056123203545990][total:4359746129658349794]
[user:Sonia] [type:cobro] [ammount:579596509893002][total:4360325726168242796]
[user:Juan] [type:pago] [ammount:3478055515194154][total:4363803781683436950]
[user:Sonia] [type:descuento] [ammount:2545817299559441][total:4366349598982996391]
[user:Anakin] [type:pago] [ammount:1610938334610821][total:4367960537317607212]
[user:Sonia] [type:pago] [ammount:1871293474702843][total:4369831830792310055]
[user:Keanu] [type:pago] [ammount:1628663394926467][total:4371460494187236522]
[user:Anakin] [type:pago] [ammount:459511192219867][total:4371920005379456389]
[user:David] [type:inversión] [ammount:1297984940731089][total:4373217990320187478]
[user:Dalí] [type:pago] [ammount:3336166975026263][total:4376554157295213741]
[user:Felipe] [type:pago] [ammount:1972710390675550][total:4378526867685889291]
[user:Dalí] [type:inversión] [ammount:2736883743455501][total:4381263751429344792]
[user:David] [type:pago] [ammount:1054429680032281][total:4382318181109377073]
[user:Sonia] [type:cobro] [ammount:3382111769991870][total:4385700292879368943]
[user:Anakin] [type:cobro] [ammount:1113560554014431][total:4386813853433383374]
[user:David] [type:pago] [ammount:3225959012358301][total:4390039812445741675]
[user:Sonia] [type:cobro] [ammount:230362445910617][total:4390270174891652292]
[user:Carlos] [type:inversión] [ammount:3393549570584192][total:4393663724462236484]
[user:Anakin] [type:pago] [ammount:2221741815194361][total:4395885466277430845]
[user:Keanu] [type:inversión] [ammount:1571729698356576][total:4397457195975787421]
[user:Sonia] [type:pago] [ammount:2440220477575240][total:4399897416453362661]
[user:Kung] [type:cobro] [ammount:2370853718939610][total:4402268270172302271]
[user:Carlos] [type:cobro] [ammount:1507100337617126][total:4403775370509919397]
[user:Gustavo] [type:inversión] [ammount:1663091500087425][total:4405438462010006822]
[user:Dalí] [type:inversión] [ammount:1236455457042462][total:4406674917467049284]
[user:Gustavo] [type:pago] [ammount:2266040457131620][total:4408940957924180904]
[user:Felipe] [type:cobro] [ammount:1555053200793329][total:4410496011124974233]
[user:Sonia] [type:descuento] [ammount:1876247332993027][total:4412372258457967260]
[user:David] [type:pago] [ammount:1364325887672364][total:4413736584345639624]
[user:Dalí] [type:pago] [ammount:3113884147729693][total:4416850468493369317]
[user:Felipe] [type:inversión] [ammount:1234255490532300][total:4418084723983901617]
[user:Carlos] [type:inversión] [ammount:1794594098323861][total:4419879318082225478]
[user:Anakin] [type:cobro] [ammount:212546150861074][total:4420091864233086552]
[user:Gustavo] [type:descuento] [ammount:3087870457223572][total:4423179734690310124]
[user:Keanu] [type:pago] [ammount:2179298182842805][total:4425359032873152929]
[user:Anakin] [type:pago] [ammount:393077522059617][total:4425752110395212546]
[user:Carlos] [type:pago] [ammount:2869499114759045][total:4428621609509971591]
[user:Anakin] [type:descuento] [ammount:570426974018572][total:4429192036483990163]
[user:David] [type:pago] [ammount:1885294664149998][total:4431077331148140161]
[user:Kung] [type:pago] [ammount:331718406469582][total:4431409049554609743]
[user:Sonia] [type:descuento] [ammount:1222564356061325][total:4432631613910671068]
[user:Dalí] [type:cobro] [ammount:2016878126745633][total:4434648492037416701]
[user:Juan] [type:descuento] [ammount:1532572664088621][total:4436181064701505322]
[user:Felipe] [type:descuento] [ammount:3597453587734832][total:4439778518289240154]
[user:Felipe] [type:cobro] [ammount:1539040144258445][total:4441317558433498599]
[user:Sonia] [type:descuento] [ammount:2300871236530346][total:4443618429670028945]
[user:Dalí] [type:descuento] [ammount:573459448778364][total:4444191889118807309]
[user:Kung] [type:cobro] [ammount:2693737287230638][total:4446885626406037947]
[user:Sonia] [type:descuento] [ammount:976414822980178][total:4447862041229018125]
[user:Juan] [type:pago] [ammount:1449558574571723][total:4449311599803589848]
[user:David] [type:pago] [ammount:2385788624155676][total:4451697388427745524]
[user:David] [type:inversión] [ammount:2417993575381414][total:4454115382003126938]
[user:Sonia] [type:pago] [ammount:1186476558520424][total:4455301858561647362]
[user:Sonia] [type:descuento] [ammount:220840802936290][total:4455522699364583652]
[user:David] [type:cobro] [ammount:677984138932973][total:4456200683503516625]
[user:Keanu] [type:descuento] [ammount:3441576462166100][total:4459642259965682725]
[user:Sonia] [type:descuento] [ammount:1336853071010202][total:4460979113036692927]
[user:Anakin] [type:inversión] [ammount:3070112509334475][total:4464049225546027402]
[user:Dalí] [type:inversión] [ammount:1031248989514574][total:4465080474535541976]
[user:Felipe] [type:pago] [ammount:329116279988541][total:4465409590815530517]
[user:Felipe] [type:descuento] [ammount:205379498540491][total:4465614970314071008]
[user:Carlos] [type:descuento] [ammount:2188582963440122][total:4467803553277511130]
[user:Juan] [type:cobro] [ammount:1376887420067164][total:4469180440697578294]
[user:Juan] [type:descuento] [ammount:3474878940408671][total:4472655319637986965]
[user:Keanu] [type:pago] [ammount:3329246326078285][total:4475984565964065250]
[user:Dalí] [type:pago] [ammount:827716521726935][total:4476812282485792185]
[user:Carlos] [type:inversión] [ammount:1212840353888050][total:4478025122839680235]
[user:Anakin] [type:pago] [ammount:1195789431269927][total:4479220912270950162]
[user:Carlos] [type:inversión] [ammount:3380082203419186][total:4482600994474369348]
[user:Keanu] [type:descuento] [ammount:2265956254042608][total:4484866950728411956]
[user:David] [type:pago] [ammount:3520614966779485][total:4488387565695191441]
[user:Gustavo] [type:inversión] [ammount:2051535556906947][total:4490439101252098388]
[user:David] [type:pago] [ammount:407763972951286][total:4490846865225049674]
[user:Carlos] [type:cobro] [ammount:1640753739959221][total:4492487618965008895]
[user:Keanu] [type:cobro] [ammount:172174056440530][total:4492659793021449425]
[user:Keanu] [type:descuento] [ammount:1695988466686008][total:4494355781488135433]
[user:Sonia] [type:descuento] [ammount:287488896619505][total:4494643270384754938]
[user:David] [type:descuento] [ammount:1049732470599893][total:4495693002855354831]
[user:Keanu] [type:inversión] [ammount:2035038011099407][total:4497728040866454238]
[user:Kung] [type:inversión] [ammount:498289058408208][total:4498226329924862446]
[user:Anakin] [type:pago] [ammount:3312017148769377][total:4501538347073631823]
[user:David] [type:inversión] [ammount:3348841730880265][total:4504887188804512088]
[user:Juan] [type:cobro] [ammount:1462234287947547][total:4506349423092459635]
[user:Sonia] [type:pago] [ammount:2237074260083336][total:4508586497352542971]
[user:David] [type:cobro] [ammount:3087807473803828][total:4511674304826346799]
[user:Juan] [type:descuento] [ammount:3265084147955562][total:4514939388974302361]
[user:David] [type:inversión] [ammount:420049158937671][total:4515359438133240032]
[user:Anakin] [type:inversión] [ammount:2464279420071378][total:4517823717553311410]
[user:Sonia] [type:cobro] [ammount:1675879075077807][total:4519499596628389217]
[user:David] [type:cobro] [ammount:2159745173433887][total:4521659341801823104]
[user:Carlos] [type:cobro] [ammount:257217611564478][total:4521916559413387582]
[user:David] [type:inversión] [ammount:1037556800049407][total:4522954116213436989]
[user:Sonia] [type:cobro] [ammount:2744649019946473][total:4525698765233383462]
[user:Gustavo] [type:descuento] [ammount:495492623403924][total:4526194257856787386]
[user:Carlos] [type:inversión] [ammount:1278373855551009][total:4527472631712338395]
[user:Kung] [type:descuento] [ammount:316769605991104][total:4527789401318329499]
[user:David] [type:descuento] [ammount:1538008803922491][total:4529327410122251990]
[user:Carlos] [type:cobro] [ammount:2327176912149637][total:4531654587034401627]
[user:Sonia] [type:inversión] [ammount:2755485943695969][total:4534410072978097596]
[user:Dalí] [type:pago] [ammount:1807414587187134][total:4536217487565284730]
[user:Keanu] [type:descuento] [ammount:2425619867202028][total:4538643107432486758]
[user:Sonia] [type:pago] [ammount:543408540008847][total:4539186515972495605]
[user:Felipe] [type:pago] [ammount:1900173663643684][total:4541086689636139289]
[user:Kung] [type:inversión] [ammount:1590708217730][total:4541088280344357019]
[user:Kung] [type:descuento] [ammount:1766962125413781][total:4542855242469770800]
[user:Anakin] [type:cobro] [ammount:316880097973390][total:4543172122567744190]
[user:Anakin] [type:descuento] [ammount:1529893079103116][total:4544702015646847306]
[user:Keanu] [type:pago] [ammount:1731005801905941][total:4546433021448753247]
[user:Keanu] [type:inversión] [ammount:3350796465869663][total:4549783817914622910]
[user:Felipe] [type:descuento] [ammount:2725733634442644][total:4552509551549065554]
[user:Gustavo] [type:descuento] [ammount:2228454338833101][total:4554738005887898655]
[user:Anakin] [type:cobro] [ammount:25801523927107][total:4554763807411825762]
[user:Keanu] [type:cobro] [ammount:2180362775752545][total:4556944170187578307]
[user:Juan] [type:descuento] [ammount:1487019714151833][total:4558431189901730140]
[user:Gustavo] [type:descuento] [ammount:1105430128645650][total:4559536620030375790]
[user:Gustavo] [type:cobro] [ammount:1516309227721451][total:4561052929258097241]
[user:Sonia] [type:descuento] [ammount:3240328303062398][total:4564293257561159639]
[user:Juan] [type:cobro] [ammount:2353083130584137][total:4566646340691743776]
[user:David] [type:descuento] [ammount:130006420255683][total:4566776347111999459]
[user:Felipe] [type:pago] [ammount:2171212075921376][total:4568947559187920835]
[user:Kung] [type:pago] [ammount:414607126571018][total:4569362166314491853]
[user:Felipe] [type:descuento] [ammount:692611051021804][total:4570054777365513657]
[user:Sonia] [type:inversión] [ammount:604233896153130][total:4570659011261666787]
[user:Sonia] [type:inversión] [ammount:1808198135601347][total:4572467209397268134]
[user:Dalí] [type:descuento] [ammount:3092188600638447][total:4575559397997906581]
[user:Sonia] [type:descuento] [ammount:2382203611598885][total:4577941601609505466]
[user:Carlos] [type:cobro] [ammount:3099546885665540][total:4581041148495171006]
[user:Keanu] [type:cobro] [ammount:3673198396214756][total:4584714346891385762]
[user:Dalí] [type:inversión] [ammount:689882140773570][total:4585404229032159332]
[user:Carlos] [type:cobro] [ammount:1290558766511304][total:4586694787798670636]
[user:David] [type:descuento] [ammount:3663837209033000][total:4590358625007703636]
[user:Gustavo] [type:inversión] [ammount:3180497680262820][total:4593539122687966456]
[user:Anakin] [type:inversión] [ammount:2473360263166156][total:4596012482951132612]
[user:David] [type:pago] [ammount:3024244824968265][total:4599036727776100877]
[user:Felipe] [type:descuento] [ammount:2202161924048033][total:4601238889700148910]
[user:Felipe] [type:inversión] [ammount:1890965059867649][total:4603129854760016559]
[user:Sonia] [type:cobro] [ammount:2933704364436949][total:4606063559124453508]
[user:Carlos] [type:inversión] [ammount:960001628935581][total:4607023560753389089]
[user:Felipe] [type:descuento] [ammount:2256009062810186][total:4609279569816199275]
[user:Kung] [type:descuento] [ammount:3231428670880902][total:4612510998487080177]
[user:David] [type:cobro] [ammount:3481490970110177][total:4615992489457190354]
[user:Juan] [type:descuento] [ammount:1611699821815645][total:4617604189279005999]
[user:Sonia] [type:inversión] [ammount:1355250036669719][total:4618959439315675718]
[user:Dalí] [type:pago] [ammount:2832699565681912][total:4621792138881357630]
[user:Keanu] [type:pago] [ammount:193484422701005][total:4621985623304058635]
[user:Gustavo] [type:inversión] [ammount:731698221986117][total:4622717321526044752]
[user:Dalí] [type:pago] [ammount:2657198558490269][total:4625374520084535021]
[user:Keanu] [type:descuento] [ammount:1349598119830466][total:4626724118204365487]
[user:David] [type:cobro] [ammount:1893190518335286][total:4628617308722700773]
[user:Juan] [type:inversión] [ammount:936775388660087][total:4629554084111360860]
[user:Anakin] [type:inversión] [ammount:621939269687495][total:4630176023381048355]
[user:David] [type:descuento] [ammount:2760055753161185][total:4632936079134209540]
[user:Carlos] [type:descuento] [ammount:1819489504300412][total:4634755568638509952]
[user:Felipe] [type:descuento] [ammount:3185881768920806][total:4637941450407430758]
[user:Juan] [type:descuento] [ammount:1467724219336916][total:4639409174626767674]
[user:Juan] [type:inversión] [ammount:3384662839505067][total:4642793837466272741]
[user:Sonia] [type:pago] [ammount:2653655315023065][total:4645447492781295806]
[user:Anakin] [type:descuento] [ammount:3444639249163634][total:4648892132030459440]
[user:Gustavo] [type:cobro] [ammount:717958456727315][total:4649610090487186755]
[user:Juan] [type:descuento] [ammount:861581410361456][total:4650471671897548211]
[user:Sonia] [type:inversión] [ammount:223380153906101][total:4650695052051454312]
[user:David] [type:pago] [ammount:2134781338617650][total:4652829833390071962]
[user:Carlos] [type:inversión] [ammount:3342740902907787][total:4656172574292979749]
[user:Kung] [type:inversión] [ammount:2726183087465546][total:4658898757380445295]
[user:Carlos] [type:pago] [ammount:3333440327434946][total:4662232197707880241]
[user:Anakin] [type:descuento] [ammount:1261840648063679][total:4663494038355943920]
[user:David] [type:descuento] [ammount:3142639376590797][total:4666636677732534717]
[user:Felipe] [type:inversión] [ammount:3018464676336633][total:4669655142408871350]
[user:Anakin] [type:descuento] [ammount:1928011753334126][total:4671583154162205476]
[user:Kung] [type:descuento] [ammount:626619485803811][total:4672209773648009287]
[user:Sonia] [type:inversión] [ammount:952636362054521][total:4673162410010063808]
[user:Anakin] [type:pago] [ammount:477400268879279][total:4673639810278943087]
[user:Felipe] [type:inversión] [ammount:2717007318269814][total:4676356817597212901]
[user:Keanu] [type:cobro] [ammount:2788761428749620][total:4679145579025962521]
[user:Dalí] [type:cobro] [ammount:2325083020816689][total:4681470662046779210]
[user:Sonia] [type:cobro] [ammount:1724832416439764][total:4683195494463218974]
[user:David] [type:cobro] [ammount:276573026372049][total:4683472067489591023]
[user:Sonia] [type:descuento] [ammount:3314989577752096][total:4686787057067343119]
[user:David] [type:pago] [ammount:1258005149435076][total:4688045062216778195]
[user:Sonia] [type:pago] [ammount:920630097038964][total:4688965692313817159]
[user:Felipe] [type:inversión] [ammount:2279786172368755][total:4691245478486185914]
[user:Keanu] [type:descuento] [ammount:25261184403334][total:4691270739670589248]
[user:Dalí] [type:cobro] [ammount:3464455069800646][total:4694735194740389894]
[user:Sonia] [type:cobro] [ammount:2137076923755194][total:4696872271664145088]
[user:Felipe] [type:descuento] [ammount:2995719006743788][total:4699867990670888876]
[user:Sonia] [type:inversión] [ammount:2190662095787329][total:4702058652766676205]
[user:Sonia] [type:inversión] [ammount:1581658774800807][total:4703640311541477012]
[user:Juan] [type:inversión] [ammount:1970926756135419][total:4705611238297612431]
[user:Juan] [type:cobro] [ammount:2423324107028500][total:4708034562404640931]
[user:Juan] [type:cobro] [ammount:368219927111195][total:4708402782331752126]
[user:Juan] [type:inversión] [ammount:329777964672301][total:4708732560296424427]
[user:Felipe] [type:pago] [ammount:330951047186722][total:4709063511343611149]
[user:Juan] [type:cobro] [ammount:1582302519850429][total:4710645813863461578]
[user:Anakin] [type:inversión] [ammount:2879936208898959][total:4713525750072360537]
[user:Sonia] [type:inversión] [ammount:2537142586250699][total:4716062892658611236]
[user:Dalí] [type:cobro] [ammount:685726564524066][total:4716748619223135302]
[user:Anakin] [type:descuento] [ammount:2003501528086890][total:4718752120751222192]
[user:Keanu] [type:descuento] [ammount:2251015810225186][total:4721003136561447378]
[user:Sonia] [type:cobro] [ammount:3389602233401007][total:4724392738794848385]
[user:Dalí] [type:cobro] [ammount:3265224918071615][total:4727657963712920000]
[user:Felipe] [type:cobro] [ammount:2520485357632117][total:4730178449070552117]
[user:Keanu] [type:inversión] [ammount:2958953087975627][total:4733137402158527744]
[user:Dalí] [type:cobro] [ammount:1869324224396459][total:4735006726382924203]
[user:David] [type:descuento] [ammount:806455022128155][total:4735813181405052358]
[user:Gustavo] [type:cobro] [ammount:3243409180788474][total:4739056590585840832]
[user:Gustavo] [type:inversión] [ammount:721974779468920][total:4739778565365309752]
[user:Felipe] [type:pago] [ammount:2769810347513189][total:4742548375712822941]
[user:Anakin] [type:inversión] [ammount:2736467259067843][total:4745284842971890784]
[user:Keanu] [type:inversión] [ammount:2202218310521316][total:4747487061282412100]
[user:Carlos] [type:pago] [ammount:331141678786984][total:4747818202961199084]
[user:Keanu] [type:cobro] [ammount:1813484291400876][total:4749631687252599960]
[user:Juan] [type:descuento] [ammount:3451979800349309][total:4753083667052949269]
[user:Keanu] [type:inversión] [ammount:2149206361679944][total:4755232873414629213]
[user:Sonia] [type:pago] [ammount:2194289248814908][total:4757427162663444121]
[user:David] [type:inversión] [ammount:3209623905130039][total:4760636786568574160]
[user:Gustavo] [type:cobro] [ammount:3052795705374382][total:4763689582273948542]
[user:Kung] [type:cobro] [ammount:2330254638406932][total:4766019836912355474]
[user:Anakin] [type:inversión] [ammount:3561251593362386][total:4769581088505717860]
[user:Carlos] [type:inversión] [ammount:2452697645836242][total:4772033786151554102]
[user:Felipe] [type:cobro] [ammount:99477259835649][total:4772133263411389751]
[user:Gustavo] [type:pago] [ammount:1808364374014008][total:4773941627785403759]
[user:Sonia] [type:descuento] [ammount:282497106927443][total:4774224124892331202]
[user:Juan] [type:pago] [ammount:1100696149704243][total:4775324821042035445]
[user:Gustavo] [type:pago] [ammount:588772620425899][total:4775913593662461344]
[user:Gustavo] [type:inversión] [ammount:2431004336415046][total:4778344597998876390]
[user:Dalí] [type:cobro] [ammount:1451160254087063][total:4779795758252963453]
[user:Gustavo] [type:inversión] [ammount:3184889966555133][total:4782980648219518586]
[user:Gustavo] [type:inversión] [ammount:1645188232090044][total:4784625836451608630]
[user:Felipe] [type:pago] [ammount:3133159975955212][total:4787758996427563842]
[user:Felipe] [type:descuento] [ammount:1099356464738220][total:4788858352892302062]
[user:Anakin] [type:pago] [ammount:3581231902887099][total:4792439584795189161]
[user:Juan] [type:descuento] [ammount:976125137153918][total:4793415709932343079]
[user:Juan] [type:descuento] [ammount:542398709756173][total:4793958108642099252]
[user:Felipe] [type:inversión] [ammount:1488237589802892][total:4795446346231902144]
[user:Keanu] [type:cobro] [ammount:699670632095671][total:4796146016863997815]
[user:David] [type:descuento] [ammount:2411335755160179][total:4798557352619157994]
[user:Anakin] [type:descuento] [ammount:537070703638654][total:4799094423322796648]
[user:Gustavo] [type:pago] [ammount:2701630716269712][total:4801796054039066360]
[user:Dalí] [type:descuento] [ammount:1067367947884958][total:4802863421986951318]
[user:Keanu] [type:inversión] [ammount:890163420222298][total:4803753585407173616]
[user:Juan] [type:inversión] [ammount:830726273982924][total:4804584311681156540]
[user:Juan] [type:inversión] [ammount:1499631305275096][total:4806083942986431636]
[user:Dalí] [type:pago] [ammount:2968230560835613][total:4809052173547267249]
[user:Dalí] [type:inversión] [ammount:3183577840283228][total:4812235751387550477]
[user:Gustavo] [type:inversión] [ammount:709709228656810][total:4812945460616207287]
[user:Sonia] [type:cobro] [ammount:2754304735068629][total:4815699765351275916]
[user:David] [type:inversión] [ammount:252121598466709][total:4815951886949742625]
[user:Anakin] [type:descuento] [ammount:1888471574421074][total:4817840358524163699]
[user:Anakin] [type:pago] [ammount:1906898619325318][total:4819747257143489017]
[user:Felipe] [type:pago] [ammount:2792429905903142][total:4822539687049392159]
[user:Juan] [type:descuento] [ammount:1259067103413269][total:4823798754152805428]
[user:Dalí] [type:descuento] [ammount:3656734395760349][total:4827455488548565777]
[user:Carlos] [type:descuento] [ammount:3231522673087009][total:4830687011221652786]
[user:Dalí] [type:cobro] [ammount:2111998652102189][total:4832799009873754975]
[user:Felipe] [type:descuento] [ammount:274812946493529][total:4833073822820248504]
[user:Dalí] [type:descuento] [ammount:3156931667269646][total:4836230754487518150]
[user:Felipe] [type:pago] [ammount:1034362168319834][total:4837265116655837984]
[user:Felipe] [type:inversión] [ammount:547436167208807][total:4837812552823046791]
[user:Carlos] [type:cobro] [ammount:2524157486808553][total:4840336710309855344]
[user:Felipe] [type:inversión] [ammount:1690865192029989][total:4842027575501885333]
[user:David] [type:pago] [ammount:3395406932089270][total:4845422982433974603]
[user:Carlos] [type:inversión] [ammount:432453500976210][total:4845855435934950813]
[user:Felipe] [type:cobro] [ammount:2657007824070449][total:4848512443759021262]
[user:Kung] [type:inversión] [ammount:2655998058523617][total:4851168441817544879]
[user:Juan] [type:inversión] [ammount:678653211706052][total:4851847095029250931]
[user:Dalí] [type:descuento] [ammount:885648175650004][total:4852732743204900935]
[user:Gustavo] [type:cobro] [ammount:1303455293850056][total:4854036198498750991]
[user:Keanu] [type:cobro] [ammount:848512223697435][total:4854884710722448426]
[user:Kung] [type:pago] [ammount:3478757375473539][total:4858363468097921965]
[user:Keanu] [type:inversión] [ammount:344619195829020][total:4858708087293750985]
[user:Felipe] [type:descuento] [ammount:206763302160164][total:4858914850595911149]
[user:Keanu] [type:inversión] [ammount:1814139171499455][total:4860728989767410604]
[user:Juan] [type:pago] [ammount:3469423852427965][total:4864198413619838569]
[user:Anakin] [type:inversión] [ammount:1960681854568577][total:4866159095474407146]
[user:Carlos] [type:pago] [ammount:3255071915161652][total:4869414167389568798]
[user:David] [type:pago] [ammount:3155901146667135][total:4872570068536235933]
[user:Anakin] [type:cobro] [ammount:2259067314972844][total:4874829135851208777]
[user:Carlos] [type:pago] [ammount:1050326590366663][total:4875879462441575440]
[user:Anakin] [type:pago] [ammount:3094236400742023][total:4878973698842317463]
[user:Gustavo] [type:cobro] [ammount:3087515564937079][total:4882061214407254542]
[user:Juan] [type:inversión] [ammount:3554106154963013][total:4885615320562217555]
[user:Juan] [type:descuento] [ammount:3525063857830140][total:4889140384420047695]
[user:Sonia] [type:descuento] [ammount:3231039810639783][total:4892371424230687478]
[user:Carlos] [type:pago] [ammount:2625026616824633][total:4894996450847512111]
[user:Juan] [type:descuento] [ammount:3593729169812471][total:4898590180017324582]
[user:Gustavo] [type:inversión] [ammount:2042101488303128][total:4900632281505627710]
[user:Dalí] [type:descuento] [ammount:1812988054165305][total:4902445269559793015]
[user:Felipe] [type:cobro] [ammount:1450396131397528][total:4903895665691190543]
[user:Dalí] [type:cobro] [ammount:386349267085753][total:4904282014958276296]
[user:David] [type:cobro] [ammount:1020713070611050][total:4905302728028887346]
[user:Carlos] [type:pago] [ammount:1893031241243907][total:4907195759270131253]
[user:Gustavo] [type:inversión] [ammount:909415048271711][total:4908105174318402964]
[user:Anakin] [type:pago] [ammount:1549099710781866][total:4909654274029184830]
[user:Keanu] [type:inversión] [ammount:1014788926368926][total:4910669062955553756]
[user:Juan] [type:descuento] [ammount:2418634233285152][total:4913087697188838908]
[user:Dalí] [type:pago] [ammount:272601268131444][total:4913360298456970352]
[user:David] [type:cobro] [ammount:2693883802058194][total:4916054182259028546]
[user:Juan] [type:inversión] [ammount:1250551284095741][total:4917304733543124287]
[user:David] [type:inversión] [ammount:2388736698865224][total:4919693470241989511]
[user:Kung] [type:cobro] [ammount:3133278716583874][total:4922826748958573385]
[user:Kung] [type:inversión] [ammount:719765231931887][total:4923546514190505272]
[user:Kung] [type:inversión] [ammount:11095366670729][total:4923557609557176001]
[user:Gustavo] [type:inversión] [ammount:1575710524169243][total:4925133320081345244]
[user:Anakin] [type:cobro] [ammount:3373072063767146][total:4928506392145112390]
[user:Carlos] [type:pago] [ammount:711248712484047][total:4929217640857596437]
[user:Keanu] [type:pago] [ammount:1859936432977876][total:4931077577290574313]
[user:Sonia] [type:inversión] [ammount:2639986436901277][total:4933717563727475590]
[user:Kung] [type:descuento] [ammount:2945835999884834][total:4936663399727360424]
[user:Anakin] [type:pago] [ammount:776973206488281][total:4937440372933848705]
[user:David] [type:descuento] [ammount:66823259376719][total:4937507196193225424]
[user:Kung] [type:descuento] [ammount:3445455656853719][total:4940952651850079143]
[user:David] [type:cobro] [ammount:1610478905523778][total:4942563130755602921]
[user:Anakin] [type:inversión] [ammount:3602451063656011][total:4946165581819258932]
[user:Kung] [type:cobro] [ammount:2606054793903205][total:4948771636613162137]
[user:Anakin] [type:cobro] [ammount:2504261041968794][total:4951275897655130931]
[user:Gustavo] [type:inversión] [ammount:2089730415542511][total:4953365628070673442]
[user:Dalí] [type:inversión] [ammount:497157030648956][total:4953862785101322398]
[user:Keanu] [type:inversión] [ammount:2459508846562679][total:4956322293947885077]
[user:Sonia] [type:cobro] [ammount:979991698723132][total:4957302285646608209]
[user:Kung] [type:descuento] [ammount:2428502705113039][total:4959730788351721248]
[user:Carlos] [type:pago] [ammount:813185171601276][total:4960543973523322524]
[user:Gustavo] [type:inversión] [ammount:1997243125780280][total:4962541216649102804]
[user:Juan] [type:pago] [ammount:555063420554675][total:4963096280069657479]
[user:Kung] [type:cobro] [ammount:2625275018316465][total:4965721555087973944]
[user:Kung] [type:pago] [ammount:2625723960106252][total:4968347279048080196]
[user:Juan] [type:inversión] [ammount:2684346100804982][total:4971031625148885178]
[user:David] [type:cobro] [ammount:1527451467811647][total:4972559076616696825]
[user:Keanu] [type:cobro] [ammount:399026017722884][total:4972958102634419709]
[user:Dalí] [type:cobro] [ammount:3105146263003932][total:4976063248897423641]
[user:Keanu] [type:descuento] [ammount:3479479654786460][total:4979542728552210101]
[user:David] [type:inversión] [ammount:696610221420782][total:4980239338773630883]
[user:Juan] [type:pago] [ammount:1555092324694005][total:4981794431098324888]
[user:Kung] [type:inversión] [ammount:1241099009570385][total:4983035530107895273]
[user:Gustavo] [type:inversión] [ammount:1068294310699691][total:4984103824418594964]
[user:Anakin] [type:descuento] [ammount:678935178757094][total:4984782759597352058]
[user:Dalí] [type:descuento] [ammount:1470751333485038][total:4986253510930837096]
[user:Dalí] [type:pago] [ammount:1922448783492972][total:4988175959714330068]
[user:Anakin] [type:cobro] [ammount:1199341589288322][total:4989375301303618390]
[user:Kung] [type:descuento] [ammount:2980413406631154][total:4992355714710249544]
[user:Sonia] [type:pago] [ammount:3244357284124997][total:4995600071994374541]
[user:Felipe] [type:descuento] [ammount:1954114336839395][total:4997554186331213936]
[user:Juan] [type:descuento] [ammount:2542551738039947][total:5000096738069253883]
[user:Felipe] [type:descuento] [ammount:3114667179689133][total:5003211405248943016]
[user:Carlos] [type:cobro] [ammount:793109507690297][total:5004004514756633313]
[user:Keanu] [type:cobro] [ammount:3432285850444796][total:5007436800607078109]
[user:Dalí] [type:inversión] [ammount:910218418614307][total:5008347019025692416]
[user:Gustavo] [type:pago] [ammount:673869194208281][total:5009020888219900697]
[user:Juan] [type:pago] [ammount:789273797288799][total:5009810162017189496]
[user:Dalí] [type:inversión] [ammount:2209830213800613][total:5012019992230990109]
[user:Dalí] [type:inversión] [ammount:1129169583733296][total:5013149161814723405]
[user:Keanu] [type:pago] [ammount:3309539651991265][total:5016458701466714670]
[user:Anakin] [type:descuento] [ammount:1509600968772717][total:5017968302435487387]
[user:Keanu] [type:inversión] [ammount:3132073069871691][total:5021100375505359078]
[user:Dalí] [type:descuento] [ammount:606060308921704][total:5021706435814280782]
[user:David] [type:descuento] [ammount:1147627688915657][total:5022854063503196439]
[user:Dalí] [type:pago] [ammount:1555368004535868][total:5024409431507732307]
[user:Dalí] [type:cobro] [ammount:340620117182218][total:5024750051624914525]
[user:Juan] [type:descuento] [ammount:2066636181055822][total:5026816687805970347]
[user:Sonia] [type:descuento] [ammount:2032546693430469][total:5028849234499400816]
[user:Anakin] [type:descuento] [ammount:1855576023845822][total:5030704810523246638]
[user:Anakin] [type:inversión] [ammount:1735152202178929][total:5032439962725425567]
[user:Kung] [type:descuento] [ammount:2942515803536822][total:5035382478528962389]
[user:Juan] [type:descuento] [ammount:3539460218489038][total:5038921938747451427]
[user:Dalí] [type:pago] [ammount:2996496078588022][total:5041918434826039449]
[user:Juan] [type:pago] [ammount:2718134404944219][total:5044636569230983668]
[user:Carlos] [type:cobro] [ammount:1516261435636674][total:5046152830666620342]
[user:Kung] [type:inversión] [ammount:57664056393115][total:5046210494723013457]
[user:Juan] [type:cobro] [ammount:2564588544461066][total:5048775083267474523]
[user:Kung] [type:descuento] [ammount:1253230554336865][total:5050028313821811388]
[user:Juan] [type:cobro] [ammount:2570475158169098][total:5052598788979980486]
[user:David] [type:descuento] [ammount:1528303768476126][total:5054127092748456612]
[user:Gustavo] [type:descuento] [ammount:3020249804677132][total:5057147342553133744]
[user:Gustavo] [type:pago] [ammount:3249581773760643][total:5060396924326894387]
[user:Keanu] [type:cobro] [ammount:420687668983658][total:5060817611995878045]
[user:Anakin] [type:descuento] [ammount:1123605744169888][total:5061941217740047933]
[user:Gustavo] [type:cobro] [ammount:2870417723771768][total:5064811635463819701]
[user:Kung] [type:descuento] [ammount:2742559224410406][total:5067554194688230107]
[user:Dalí] [type:cobro] [ammount:611063382528235][total:5068165258070758342]
[user:Felipe] [type:cobro] [ammount:2505393593408382][total:5070670651664166724]
[user:Carlos] [type:descuento] [ammount:144634842172648][total:5070815286506339372]
[user:Felipe] [type:cobro] [ammount:3402410119945640][total:5074217696626285012]
[user:Juan] [type:cobro] [ammount:2532984107625666][total:5076750680733910678]
[user:Juan] [type:descuento] [ammount:2999401519529708][total:5079750082253440386]
[user:Sonia] [type:pago] [ammount:718281499755092][total:5080468363753195478]
[user:Felipe] [type:inversión] [ammount:1635081394896399][total:5082103445148091877]
[user:Keanu] [type:inversión] [ammount:514468141955530][total:5082617913290047407]
[user:Anakin] [type:cobro] [ammount:936112153996819][total:5083554025444044226]
[user:Kung] [type:descuento] [ammount:1737375838578303][total:5085291401282622529]
[user:Dalí] [type:inversión] [ammount:2405201439596507][total:5087696602722219036]
[user:Gustavo] [type:cobro] [ammount:1826445531782471][total:5089523048254001507]
[user:Felipe] [type:cobro] [ammount:2122797527599299][total:5091645845781600806]
[user:Dalí] [type:descuento] [ammount:273632359529074][total:5091919478141129880]
[user:Felipe] [type:inversión] [ammount:3010352993124594][total:5094929831134254474]
[user:Kung] [type:descuento] [ammount:1390753408183061][total:5096320584542437535]
[user:David] [type:cobro] [ammount:1032052387063552][total:5097352636929501087]
[user:Gustavo] [type:inversión] [ammount:1685479253343829][total:5099038116182844916]
[user:Kung] [type:descuento] [ammount:2506417371175861][total:5101544533554020777]
[user:Dalí] [type:pago] [ammount:1580062181158274][total:5103124595735179051]
[user:Juan] [type:descuento] [ammount:2038863412958790][total:5105163459148137841]
[user:Juan] [type:cobro] [ammount:1549050245519266][total:5106712509393657107]
[user:Gustavo] [type:pago] [ammount:1698570031292871][total:5108411079424949978]
[user:Dalí] [type:descuento] [ammount:903971422102208][total:5109315050847052186]
[user:Gustavo] [type:descuento] [ammount:551117873622729][total:5109866168720674915]
[user:Keanu] [type:inversión] [ammount:3612395112230387][total:5113478563832905302]
[user:David] [type:inversión] [ammount:387559683182854][total:5113866123516088156]
[user:Anakin] [type:descuento] [ammount:1353855095433967][total:5115219978611522123]
[user:Dalí] [type:descuento] [ammount:89997393432614][total:5115309976004954737]
[user:Gustavo] [type:pago] [ammount:2853842985079843][total:5118163818990034580]
[user:Kung] [type:descuento] [ammount:2909747381622367][total:5121073566371656947]
[user:Keanu] [type:pago] [ammount:1858555799196299][total:5122932122170853246]
[user:David] [type:pago] [ammount:147672824508785][total:5123079794995362031]
[user:Anakin] [type:inversión] [ammount:2413457004659216][total:5125493252000021247]
[user:Juan] [type:cobro] [ammount:2449119354691377][total:5127942371354712624]
[user:Carlos] [type:pago] [ammount:1848389954121502][total:5129790761308834126]
[user:Sonia] [type:descuento] [ammount:3320660519701752][total:5133111421828535878]
[user:Anakin] [type:cobro] [ammount:34487989386977][total:5133145909817922855]
[user:Dalí] [type:pago] [ammount:481256633725153][total:5133627166451648008]
[user:Keanu] [type:cobro] [ammount:2684794812238940][total:5136311961263886948]
[user:Juan] [type:descuento] [ammount:834885776473199][total:5137146847040360147]
[user:Keanu] [type:pago] [ammount:2598529652156404][total:5139745376692516551]
[user:Anakin] [type:inversión] [ammount:315622738437328][total:5140060999430953879]
[user:Dalí] [type:pago] [ammount:3541856322899186][total:5143602855753853065]
[user:Keanu] [type:descuento] [ammount:527788413935829][total:5144130644167788894]
[user:Carlos] [type:cobro] [ammount:783322395999302][total:5144913966563788196]
[user:Felipe] [type:inversión] [ammount:310874673315184][total:5145224841237103380]
[user:Anakin] [type:descuento] [ammount:1349977308446486][total:5146574818545549866]
[user:Juan] [type:descuento] [ammount:632613087547237][total:5147207431633097103]
[user:Carlos] [type:descuento] [ammount:344933719610740][total:5147552365352707843]
[user:David] [type:pago] [ammount:2888603436070770][total:5150440968788778613]
[user:Gustavo] [type:pago] [ammount:1329928949331117][total:5151770897738109730]
[user:Dalí] [type:cobro] [ammount:938002063745100][total:5152708899801854830]
[user:Sonia] [type:descuento] [ammount:2991605345924765][total:5155700505147779595]
[user:Keanu] [type:descuento] [ammount:2284033296259750][total:5157984538444039345]
[user:David] [type:descuento] [ammount:2511637731835172][total:5160496176175874517]
[user:Gustavo] [type:descuento] [ammount:418430238991642][total:5160914606414866159]
[user:Juan] [type:descuento] [ammount:3342115232499716][total:5164256721647365875]
[user:David] [type:pago] [ammount:2868459034606679][total:5167125180681972554]
[user:Dalí] [type:descuento] [ammount:3470131102991757][total:5170595311784964311]
[user:Carlos] [type:cobro] [ammount:3673972582614782][total:5174269284367579093]
[user:David] [type:pago] [ammount:2568221649398714][total:5176837506016977807]
[user:Juan] [type:cobro] [ammount:2874218513768606][total:5179711724530746413]
[user:Keanu] [type:inversión] [ammount:2789968458297878][total:5182501692989044291]
[user:Carlos] [type:descuento] [ammount:815594989088137][total:5183317287978132428]
[user:David] [type:descuento] [ammount:2356018004089650][total:5185673305982222078]
[user:David] [type:descuento] [ammount:1151084691011278][total:5186824390673233356]
[user:Kung] [type:descuento] [ammount:3402015638779020][total:5190226406312012376]
[user:David] [type:descuento] [ammount:1841656225634757][total:5192068062537647133]
[user:David] [type:inversión] [ammount:3096544237550186][total:5195164606775197319]
[user:Carlos] [type:descuento] [ammount:3342324953796810][total:5198506931728994129]
[user:Kung] [type:pago] [ammount:260295802226060][total:5198767227531220189]
[user:Carlos] [type:cobro] [ammount:2515761742402827][total:5201282989273623016]
[user:Felipe] [type:pago] [ammount:1610413206997631][total:5202893402480620647]
[user:Keanu] [type:descuento] [ammount:3350144802280284][total:5206243547282900931]
[user:Felipe] [type:pago] [ammount:2562370461116230][total:5208805917744017161]
[user:David] [type:inversión] [ammount:2632611887627134][total:5211438529631644295]
[user:Felipe] [type:cobro] [ammount:2418464851387062][total:5213856994483031357]
[user:Dalí] [type:inversión] [ammount:1120202956310441][total:5214977197439341798]
[user:Juan] [type:pago] [ammount:2242419023105760][total:5217219616462447558]
[user:David] [type:inversión] [ammount:2224297996903426][total:5219443914459350984]
[user:Anakin] [type:pago] [ammount:2254819550512270][total:5221698734009863254]
[user:Anakin] [type:descuento] [ammount:3183900234696045][total:5224882634244559299]
[user:Felipe] [type:descuento] [ammount:108590341576165][total:5224991224586135464]
[user:Juan] [type:pago] [ammount:2562485535935273][total:5227553710122070737]
[user:Gustavo] [type:pago] [ammount:2061576278807097][total:5229615286400877834]
[user:Keanu] [type:inversión] [ammount:2107299148998898][total:5231722585549876732]
[user:Gustavo] [type:descuento] [ammount:428956885034502][total:5232151542434911234]
[user:David] [type:cobro] [ammount:1479562628773437][total:5233631105063684671]
[user:Juan] [type:cobro] [ammount:1695698968170793][total:5235326804031855464]
[user:David] [type:descuento] [ammount:3563950957174160][total:5238890754989029624]
[user:Sonia] [type:descuento] [ammount:3533539993985286][total:5242424294983014910]
[user:Keanu] [type:pago] [ammount:2459637772144024][total:5244883932755158934]
[user:Gustavo] [type:cobro] [ammount:2663316614365263][total:5247547249369524197]
[user:Gustavo] [type:pago] [ammount:2693238227197850][total:5250240487596722047]
[user:Gustavo] [type:cobro] [ammount:3021513608075427][total:5253262001204797474]
[user:Kung] [type:inversión] [ammount:1566755552403037][total:5254828756757200511]
[user:Carlos] [type:inversión] [ammount:2679085460435627][total:5257507842217636138]
[user:Felipe] [type:descuento] [ammount:417400956431465][total:5257925243174067603]
[user:David] [type:descuento] [ammount:3345393525202254][total:5261270636699269857]
[user:Gustavo] [type:cobro] [ammount:2527806155083540][total:5263798442854353397]
[user:Carlos] [type:descuento] [ammount:3438365906996020][total:5267236808761349417]
[user:David] [type:descuento] [ammount:3407032060107963][total:5270643840821457380]
[user:David] [type:inversión] [ammount:3668347786797000][total:5274312188608254380]
[user:Carlos] [type:inversión] [ammount:47811920686328][total:5274360000528940708]
[user:Kung] [type:pago] [ammount:1368293379340338][total:5275728293908281046]
[user:David] [type:cobro] [ammount:439592225874534][total:5276167886134155580]
[user:Anakin] [type:pago] [ammount:2481350420448965][total:5278649236554604545]
[user:Anakin] [type:pago] [ammount:886044041520564][total:5279535280596125109]
[user:Gustavo] [type:cobro] [ammount:1586927525036223][total:5281122208121161332]
[user:Anakin] [type:pago] [ammount:2010828325798121][total:5283133036446959453]
[user:Juan] [type:pago] [ammount:3180986899909547][total:5286314023346869000]
[user:David] [type:pago] [ammount:122258379364283][total:5286436281726233283]
[user:Felipe] [type:pago] [ammount:528730005676782][total:5286965011731910065]
[user:Keanu] [type:pago] [ammount:640872965515020][total:5287605884697425085]
[user:Keanu] [type:inversión] [ammount:1549141463775511][total:5289155026161200596]
[user:David] [type:inversión] [ammount:1016597664125630][total:5290171623825326226]
[user:Sonia] [type:inversión] [ammount:1256406425091330][total:5291428030250417556]
[user:Carlos] [type:cobro] [ammount:531737027617437][total:5291959767278034993]
[user:Carlos] [type:inversión] [ammount:3511396801362189][total:5295471164079397182]
[user:Gustavo] [type:descuento] [ammount:1059274346750500][total:5296530438426147682]
[user:Dalí] [type:pago] [ammount:1326517549255553][total:5297856955975403235]
[user:Carlos] [type:descuento] [ammount:1116034664833346][total:5298972990640236581]
[user:Juan] [type:descuento] [ammount:3661009603104999][total:5302634000243341580]
[user:Sonia] [type:descuento] [ammount:2575902348792276][total:5305209902592133856]
[user:Carlos] [type:inversión] [ammount:3555141582969971][total:5308765044175103827]
[user:Juan] [type:cobro] [ammount:1004365909238664][total:5309769410084342491]
[user:Keanu] [type:cobro] [ammount:2262907529543148][total:5312032317613885639]
[user:Felipe] [type:pago] [ammount:1973377689603416][total:5314005695303489055]
[user:Anakin] [type:descuento] [ammount:478708193070780][total:5314484403496559835]
[user:Anakin] [type:pago] [ammount:2287062664223337][total:5316771466160783172]
[user:Carlos] [type:descuento] [ammount:2925812668570243][total:5319697278829353415]
[user:Dalí] [type:descuento] [ammount:1736201378584082][total:5321433480207937497]
[user:Juan] [type:descuento] [ammount:80241228172147][total:5321513721436109644]
[user:Keanu] [type:pago] [ammount:162737868783671][total:5321676459304893315]
[user:David] [type:descuento] [ammount:1922877712562637][total:5323599337017455952]
[user:David] [type:inversión] [ammount:3179212039261713][total:5326778549056717665]
[user:Dalí] [type:pago] [ammount:2432540565799223][total:5329211089622516888]
[user:Kung] [type:cobro] [ammount:649824279514892][total:5329860913902031780]
[user:Sonia] [type:pago] [ammount:2685832794131521][total:5332546746696163301]
[user:Carlos] [type:inversión] [ammount:1534674290408126][total:5334081420986571427]
[user:Sonia] [type:cobro] [ammount:1256905709339684][total:5335338326695911111]
[user:Gustavo] [type:inversión] [ammount:2894788008905802][total:5338233114704816913]
[user:David] [type:inversión] [ammount:1316706348195009][total:5339549821053011922]
[user:Juan] [type:inversión] [ammount:3082269736256499][total:5342632090789268421]
[user:Sonia] [type:pago] [ammount:834159266062614][total:5343466250055331035]
[user:David] [type:descuento] [ammount:1086082803475320][total:5344552332858806355]
[user:Gustavo] [type:descuento] [ammount:2373557057930282][total:5346925889916736637]
[user:Juan] [type:pago] [ammount:2994805514504283][total:5349920695431240920]
[user:Sonia] [type:cobro] [ammount:3512725999525053][total:5353433421430765973]
[user:Carlos] [type:descuento] [ammount:2356261452030752][total:5355789682882796725]
[user:Felipe] [type:inversión] [ammount:3131477410803032][total:5358921160293599757]
[user:Gustavo] [type:pago] [ammount:2535654245542122][total:5361456814539141879]
[user:Anakin] [type:inversión] [ammount:2318919648428191][total:5363775734187570070]
[user:Gustavo] [type:cobro] [ammount:2612114613159746][total:5366387848800729816]
[user:Sonia] [type:cobro] [ammount:1921754268861789][total:5368309603069591605]
[user:Juan] [type:inversión] [ammount:332855207072060][total:5368642458276663665]
[user:Felipe] [type:cobro] [ammount:2739780060500206][total:5371382238337163871]
[user:Gustavo] [type:descuento] [ammount:1960866372906761][total:5373343104710070632]
[user:Gustavo] [type:inversión] [ammount:2151761486322365][total:5375494866196392997]
[user:Gustavo] [type:inversión] [ammount:3661713279698420][total:5379156579476091417]
[user:Kung] [type:inversión] [ammount:76567950039788][total:5379233147426131205]
[user:Carlos] [type:inversión] [ammount:1878936059597232][total:5381112083485728437]
[user:Anakin] [type:cobro] [ammount:2105927661789855][total:5383218011147518292]
[user:Juan] [type:pago] [ammount:1750718956679162][total:5384968730104197454]
[user:David] [type:pago] [ammount:3152032469454070][total:5388120762573651524]
[user:Kung] [type:descuento] [ammount:2607636175366251][total:5390728398749017775]
[user:Felipe] [type:pago] [ammount:2819508247495738][total:5393547906996513513]
[user:Juan] [type:pago] [ammount:620820278571854][total:5394168727275085367]
[user:Kung] [type:descuento] [ammount:18727872750247][total:5394187455147835614]
[user:Kung] [type:cobro] [ammount:49129243309165][total:5394236584391144779]
[user:Dalí] [type:pago] [ammount:3498265693121998][total:5397734850084266777]
[user:Carlos] [type:descuento] [ammount:1602934236291431][total:5399337784320558208]
[user:Juan] [type:descuento] [ammount:1653516048374384][total:5400991300368932592]
[user:Keanu] [type:pago] [ammount:2126154442353899][total:5403117454811286491]
[user:Felipe] [type:pago] [ammount:3675819766274639][total:5406793274577561130]
[user:David] [type:descuento] [ammount:1505981048876666][total:5408299255626437796]
[user:Gustavo] [type:descuento] [ammount:3475326999645809][total:5411774582626083605]
[user:Gustavo] [type:pago] [ammount:1166098876056728][total:5412940681502140333]
[user:Felipe] [type:pago] [ammount:2774365327555588][total:5415715046829695921]
[user:David] [type:pago] [ammount:3424301576552082][total:5419139348406248003]
[user:Keanu] [type:cobro] [ammount:2484243473400868][total:5421623591879648871]
[user:Sonia] [type:pago] [ammount:3251625979573835][total:5424875217859222706]
[user:Sonia] [type:cobro] [ammount:1657480385893149][total:5426532698245115855]
[user:Gustavo] [type:descuento] [ammount:3087472294743658][total:5429620170539859513]
[user:Anakin] [type:descuento] [ammount:893773511704658][total:5430513944051564171]
[user:Kung] [type:pago] [ammount:2869452235034187][total:5433383396286598358]
[user:Juan] [type:pago] [ammount:364871546130865][total:5433748267832729223]
[user:Carlos] [type:inversión] [ammount:699304409819694][total:5434447572242548917]
[user:Juan] [type:descuento] [ammount:3117143443286245][total:5437564715685835162]
[user:Keanu] [type:cobro] [ammount:1718580700594910][total:5439283296386430072]
[user:Juan] [type:inversión] [ammount:1250716651606587][total:5440534013038036659]
[user:Dalí] [type:cobro] [ammount:3282399586263140][total:5443816412624299799]
[user:Carlos] [type:pago] [ammount:668433780050707][total:5444484846404350506]
[user:David] [type:descuento] [ammount:148726725661094][total:5444633573130011600]
[user:Anakin] [type:descuento] [ammount:639115238638768][total:5445272688368650368]
[user:David] [type:descuento] [ammount:729033026429535][total:5446001721395079903]
[user:Kung] [type:inversión] [ammount:780462164677130][total:5446782183559757033]
[user:Sonia] [type:inversión] [ammount:1055070042397912][total:5447837253602154945]
[user:David] [type:inversión] [ammount:255050195613596][total:5448092303797768541]
[user:Kung] [type:inversión] [ammount:2181726270436259][total:5450274030068204800]
[user:Sonia] [type:pago] [ammount:1609371193458172][total:5451883401261662972]
[user:Kung] [type:inversión] [ammount:825127317925075][total:5452708528579588047]
[user:Carlos] [type:descuento] [ammount:3059647798937492][total:5455768176378525539]
[user:Keanu] [type:descuento] [ammount:1536069045903747][total:5457304245424429286]
[user:Juan] [type:cobro] [ammount:431051873621997][total:5457735297298051283]
[user:Carlos] [type:descuento] [ammount:1025927601922071][total:5458761224899973354]
[user:Gustavo] [type:pago] [ammount:2633567723812082][total:5461394792623785436]
[user:Gustavo] [type:inversión] [ammount:456723057576726][total:5461851515681362162]
[user:Carlos] [type:pago] [ammount:2717697352118080][total:5464569213033480242]
[user:Felipe] [type:inversión] [ammount:1456924217996001][total:5466026137251476243]
[user:David] [type:pago] [ammount:1123931098315016][total:5467150068349791259]
[user:Keanu] [type:cobro] [ammount:3387912266965328][total:5470537980616756587]
[user:Anakin] [type:pago] [ammount:3204873204936867][total:5473742853821693454]
[user:David] [type:pago] [ammount:1304888570620191][total:5475047742392313645]
[user:Juan] [type:descuento] [ammount:2801620755479780][total:5477849363147793425]
[user:Felipe] [type:inversión] [ammount:1735313220692051][total:5479584676368485476]
[user:Carlos] [type:cobro] [ammount:1123575277721568][total:5480708251646207044]
[user:Dalí] [type:pago] [ammount:197039601044933][total:5480905291247251977]
[user:Felipe] [type:descuento] [ammount:579724437221726][total:5481485015684473703]
[user:Anakin] [type:inversión] [ammount:3337758955093192][total:5484822774639566895]
[user:Kung] [type:cobro] [ammount:1257740141031989][total:5486080514780598884]
[user:David] [type:pago] [ammount:3424277497775953][total:5489504792278374837]
[user:Carlos] [type:cobro] [ammount:1969046006110653][total:5491473838284485490]
[user:Gustavo] [type:cobro] [ammount:248699836114324][total:5491722538120599814]
[user:Anakin] [type:descuento] [ammount:341002100581867][total:5492063540221181681]
[user:Anakin] [type:descuento] [ammount:1220950202445995][total:5493284490423627676]
[user:Felipe] [type:descuento] [ammount:165920496867336][total:5493450410920495012]
[user:Dalí] [type:cobro] [ammount:1858376599819747][total:5495308787520314759]
[user:Sonia] [type:cobro] [ammount:1735058382303085][total:5497043845902617844]
[user:Carlos] [type:cobro] [ammount:2050347843378040][total:5499094193745995884]
[user:Juan] [type:inversión] [ammount:1711155483945216][total:5500805349229941100]
[user:Kung] [type:descuento] [ammount:55810074105853][total:5500861159304046953]
[user:Sonia] [type:pago] [ammount:902002926500066][total:5501763162230547019]
[user:Keanu] [type:pago] [ammount:1426301944085930][total:5503189464174632949]
[user:Felipe] [type:pago] [ammount:3582777731765863][total:5506772241906398812]
[user:Felipe] [type:cobro] [ammount:3002062930259815][total:5509774304836658627]
[user:Anakin] [type:pago] [ammount:723303305678312][total:5510497608142336939]
[user:Dalí] [type:pago] [ammount:439927667974650][total:5510937535810311589]
[user:Dalí] [type:pago] [ammount:1715647426378436][total:5512653183236690025]
[user:Felipe] [type:descuento] [ammount:3647102162069808][total:5516300285398759833]
[user:Keanu] [type:pago] [ammount:1728298874240563][total:5518028584273000396]
[user:Juan] [type:cobro] [ammount:482036752538759][total:5518510621025539155]
[user:Dalí] [type:cobro] [ammount:3323390767815044][total:5521834011793354199]
[user:Kung] [type:descuento] [ammount:665779781349687][total:5522499791574703886]
[user:Dalí] [type:cobro] [ammount:3539902097901883][total:5526039693672605769]
[user:Anakin] [type:inversión] [ammount:1213801724615000][total:5527253495397220769]
[user:Anakin] [type:inversión] [ammount:1664466070324142][total:5528917961467544911]
[user:Keanu] [type:inversión] [ammount:2177790007278281][total:5531095751474823192]
[user:Kung] [type:inversión] [ammount:3587848166490898][total:5534683599641314090]
[user:Anakin] [type:pago] [ammount:236872908733569][total:5534920472550047659]
[user:Kung] [type:descuento] [ammount:1847720454799345][total:5536768193004847004]
[user:Felipe] [type:inversión] [ammount:40378866401337][total:5536808571871248341]
[user:Gustavo] [type:descuento] [ammount:3269002150472931][total:5540077574021721272]
[user:Gustavo] [type:descuento] [ammount:432267666235532][total:5540509841687956804]
[user:Anakin] [type:descuento] [ammount:3290205402972259][total:5543800047090929063]
[user:David] [type:inversión] [ammount:1129414321787939][total:5544929461412717002]
[user:Juan] [type:cobro] [ammount:1214437291419492][total:5546143898704136494]
[user:David] [type:pago] [ammount:2421031411575806][total:5548564930115712300]
[user:Kung] [type:inversión] [ammount:263041080734609][total:5548827971196446909]
[user:Gustavo] [type:descuento] [ammount:3310855533960536][total:5552138826730407445]
[user:Sonia] [type:inversión] [ammount:270210207254189][total:5552409036937661634]
[user:Sonia] [type:inversión] [ammount:1963110186942728][total:5554372147124604362]
[user:Sonia] [type:pago] [ammount:3432528737179670][total:5557804675861784032]
[user:Dalí] [type:cobro] [ammount:2963552680228716][total:5560768228542012748]
[user:Kung] [type:cobro] [ammount:708454068493261][total:5561476682610506009]
[user:Juan] [type:inversión] [ammount:3590676778695704][total:5565067359389201713]
[user:Carlos] [type:inversión] [ammount:1445527623168731][total:5566512887012370444]
[user:Carlos] [type:inversión] [ammount:752406075453240][total:5567265293087823684]
[user:Felipe] [type:inversión] [ammount:2346170100231214][total:5569611463188054898]
[user:Keanu] [type:cobro] [ammount:1197947035775491][total:5570809410223830389]
[user:Keanu] [type:descuento] [ammount:585783073757118][total:5571395193297587507]
[user:Keanu] [type:descuento] [ammount:519168155521157][total:5571914361453108664]
[user:Gustavo] [type:descuento] [ammount:355084922924918][total:5572269446376033582]
[user:David] [type:pago] [ammount:2445506078702994][total:5574714952454736576]
[user:Gustavo] [type:pago] [ammount:286520753982094][total:5575001473208718670]
[user:Anakin] [type:descuento] [ammount:1537372580114394][total:5576538845788833064]
[user:Gustavo] [type:cobro] [ammount:286467527767976][total:5576825313316601040]
[user:David] [type:descuento] [ammount:2167840074326816][total:5578993153390927856]
[user:Anakin] [type:inversión] [ammount:331521204310165][total:5579324674595238021]
[user:Kung] [type:cobro] [ammount:2932461717336945][total:5582257136312574966]
[user:Carlos] [type:cobro] [ammount:2122588712517243][total:5584379725025092209]
[user:Felipe] [type:inversión] [ammount:1958216641514593][total:5586337941666606802]
[user:Sonia] [type:cobro] [ammount:3083185578529481][total:5589421127245136283]
[user:Dalí] [type:pago] [ammount:1578673179206661][total:5590999800424342944]
[user:Kung] [type:cobro] [ammount:3459650598609502][total:5594459451022952446]
[user:Sonia] [type:pago] [ammount:3343744868863549][total:5597803195891815995]
[user:Kung] [type:descuento] [ammount:352253167897259][total:5598155449059713254]
[user:David] [type:pago] [ammount:1719869688171602][total:5599875318747884856]
[user:Carlos] [type:cobro] [ammount:1237431885604043][total:5601112750633488899]
[user:Dalí] [type:cobro] [ammount:184713402042041][total:5601297464035530940]
[user:Dalí] [type:cobro] [ammount:193955976501116][total:5601491420012032056]
[user:Keanu] [type:descuento] [ammount:1365592306825036][total:5602857012318857092]
[user:Gustavo] [type:cobro] [ammount:1678760924295166][total:5604535773243152258]
[user:Dalí] [type:descuento] [ammount:2376766767246201][total:5606912540010398459]
[user:Kung] [type:cobro] [ammount:2911410385180921][total:5609823950395579380]
[user:David] [type:inversión] [ammount:2099760853372135][total:5611923711248951515]
[user:Gustavo] [type:descuento] [ammount:241851262300006][total:5612165562511251521]
[user:Dalí] [type:descuento] [ammount:2189002551531085][total:5614354565062782606]
[user:Juan] [type:cobro] [ammount:218825835220430][total:5614573390898003036]
[user:Anakin] [type:cobro] [ammount:3405390652340915][total:5617978781550343951]
[user:David] [type:cobro] [ammount:497761366383901][total:5618476542916727852]
[user:Gustavo] [type:inversión] [ammount:805247910297154][total:5619281790827025006]
[user:Juan] [type:descuento] [ammount:3081921438062897][total:5622363712265087903]
[user:Carlos] [type:cobro] [ammount:3554544265882307][total:5625918256530970210]
[user:David] [type:pago] [ammount:435161721128291][total:5626353418252098501]
[user:Juan] [type:cobro] [ammount:3463189475259110][total:5629816607727357611]
[user:Sonia] [type:descuento] [ammount:794808551048874][total:5630611416278406485]
[user:Carlos] [type:inversión] [ammount:2346679012529710][total:5632958095290936195]
[user:Anakin] [type:cobro] [ammount:2943328853729220][total:5635901424144665415]
[user:Juan] [type:cobro] [ammount:3383329720267242][total:5639284753864932657]
[user:Keanu] [type:pago] [ammount:1943490921672700][total:5641228244786605357]
[user:Kung] [type:cobro] [ammount:1232520257580366][total:5642460765044185723]
[user:David] [type:cobro] [ammount:233344435535117][total:5642694109479720840]
[user:Carlos] [type:cobro] [ammount:2174264985370056][total:5644868374465090896]
[user:David] [type:descuento] [ammount:735671897375000][total:5645604046362465896]
[user:Gustavo] [type:inversión] [ammount:2316786928228655][total:5647920833290694551]
[user:Anakin] [type:descuento] [ammount:2203667489013637][total:5650124500779708188]
[user:Anakin] [type:descuento] [ammount:2943067569433189][total:5653067568349141377]
[user:Anakin] [type:inversión] [ammount:568092284879663][total:5653635660634021040]
[user:Felipe] [type:descuento] [ammount:2387534108495894][total:5656023194742516934]
[user:Sonia] [type:cobro] [ammount:3377262107493710][total:5659400456850010644]
[user:Anakin] [type:cobro] [ammount:840426343014664][total:5660240883193025308]
[user:David] [type:inversión] [ammount:477628476879869][total:5660718511669905177]
[user:Carlos] [type:descuento] [ammount:1646698555322222][total:5662365210225227399]
[user:Keanu] [type:inversión] [ammount:2476010867667592][total:5664841221092894991]
[user:Anakin] [type:inversión] [ammount:1629433443332493][total:5666470654536227484]
[user:Carlos] [type:inversión] [ammount:1350170425213810][total:5667820824961441294]
[user:Carlos] [type:cobro] [ammount:629703504280396][total:5668450528465721690]
[user:Felipe] [type:pago] [ammount:2844050106193670][total:5671294578571915360]
[user:Gustavo] [type:cobro] [ammount:196174957766653][total:5671490753529682013]
[user:David] [type:inversión] [ammount:1079283883508453][total:5672570037413190466]
[user:Anakin] [type:descuento] [ammount:3471721811209487][total:5676041759224399953]
[user:Sonia] [type:inversión] [ammount:1751585893286653][total:5677793345117686606]
[user:Kung] [type:cobro] [ammount:2885101747372105][total:5680678446865058711]
[user:Felipe] [type:descuento] [ammount:714762778129812][total:5681393209643188523]
[user:Sonia] [type:pago] [ammount:831625445461909][total:5682224835088650432]
[user:Anakin] [type:descuento] [ammount:477042640215890][total:5682701877728866322]
[user:Kung] [type:cobro] [ammount:1392402823790385][total:5684094280552656707]
[user:Sonia] [type:inversión] [ammount:3379539029844379][total:5687473819582501086]
[user:Felipe] [type:pago] [ammount:3427817162706128][total:5690901636745207214]
[user:Anakin] [type:cobro] [ammount:332670186645392][total:5691234306931852606]
[user:Dalí] [type:pago] [ammount:894215136960109][total:5692128522068812715]
[user:Carlos] [type:descuento] [ammount:758406267700550][total:5692886928336513265]
[user:Kung] [type:cobro] [ammount:1776605029947511][total:5694663533366460776]
[user:Felipe] [type:inversión] [ammount:2066741230723316][total:5696730274597184092]
[user:Felipe] [type:pago] [ammount:274147522839858][total:5697004422120023950]
[user:Anakin] [type:pago] [ammount:3480151222535967][total:5700484573342559917]
[user:Keanu] [type:descuento] [ammount:1044233722295696][total:5701528807064855613]
[user:Gustavo] [type:pago] [ammount:3047219014198152][total:5704576026079053765]
[user:Kung] [type:descuento] [ammount:3111075902408866][total:5707687101981462631]
[user:Anakin] [type:pago] [ammount:1724436852463571][total:5709411538833926202]
[user:Carlos] [type:pago] [ammount:361268343965197][total:5709772807177891399]
[user:Sonia] [type:descuento] [ammount:1627137782799963][total:5711399944960691362]
[user:David] [type:pago] [ammount:947674347369245][total:5712347619308060607]
[user:Dalí] [type:inversión] [ammount:2594098305619675][total:5714941717613680282]
[user:Carlos] [type:cobro] [ammount:92439923049011][total:5715034157536729293]
[user:Dalí] [type:cobro] [ammount:3252367676708843][total:5718286525213438136]
[user:Juan] [type:pago] [ammount:3352135045318402][total:5721638660258756538]
[user:Carlos] [type:descuento] [ammount:2081787543289988][total:5723720447802046526]
[user:Gustavo] [type:pago] [ammount:3609454565297323][total:5727329902367343849]
[user:Kung] [type:inversión] [ammount:263574077197683][total:5727593476444541532]
[user:Kung] [type:inversión] [ammount:1030594978397148][total:5728624071422938680]
[user:Carlos] [type:inversión] [ammount:2076764066480283][total:5730700835489418963]
[user:David] [type:descuento] [ammount:1735156239111026][total:5732435991728529989]
[user:Juan] [type:inversión] [ammount:1703993321839063][total:5734139985050369052]
[user:David] [type:cobro] [ammount:3623318243300844][total:5737763303293669896]
[user:Dalí] [type:inversión] [ammount:1259898475266126][total:5739023201768936022]
[user:Dalí] [type:descuento] [ammount:2563593464214419][total:5741586795233150441]
[user:Felipe] [type:descuento] [ammount:1358897707771304][total:5742945692940921745]
[user:Carlos] [type:cobro] [ammount:601436467509362][total:5743547129408431107]
[user:David] [type:inversión] [ammount:1772650993101184][total:5745319780401532291]
[user:Felipe] [type:pago] [ammount:2488744276142256][total:5747808524677674547]
[user:David] [type:cobro] [ammount:2721290577784545][total:5750529815255459092]
[user:Felipe] [type:pago] [ammount:480715314240228][total:5751010530569699320]
[user:Gustavo] [type:inversión] [ammount:2374881803856322][total:5753385412373555642]
[user:Sonia] [type:inversión] [ammount:1328597091885556][total:5754714009465441198]
[user:Carlos] [type:cobro] [ammount:1941002439021614][total:5756655011904462812]
[user:Keanu] [type:descuento] [ammount:2305068768000425][total:5758960080672463237]
[user:Felipe] [type:cobro] [ammount:1061531495562029][total:5760021612168025266]
[user:Felipe] [type:descuento] [ammount:1552057358868240][total:5761573669526893506]
[user:Kung] [type:descuento] [ammount:2705533545820976][total:5764279203072714482]
[user:David] [type:descuento] [ammount:1083460479215119][total:5765362663551929601]
[user:Carlos] [type:cobro] [ammount:3478552545135037][total:5768841216097064638]
[user:Juan] [type:pago] [ammount:2876300924672703][total:5771717517021737341]
[user:Dalí] [type:pago] [ammount:2775913694387348][total:5774493430716124689]
[user:Anakin] [type:pago] [ammount:284020440098507][total:5774777451156223196]
[user:Kung] [type:pago] [ammount:1358831422242335][total:5776136282578465531]
[user:Juan] [type:cobro] [ammount:2410722874136967][total:5778547005452602498]
[user:Anakin] [type:descuento] [ammount:1239977818031731][total:5779786983270634229]
[user:Juan] [type:pago] [ammount:3391187763708980][total:5783178171034343209]
[user:Juan] [type:cobro] [ammount:185129115783314][total:5783363300150126523]
[user:Kung] [type:descuento] [ammount:2548231074085826][total:5785911531224212349]
[user:Sonia] [type:cobro] [ammount:703365859443536][total:5786614897083655885]
[user:Carlos] [type:descuento] [ammount:2588358197319232][total:5789203255280975117]
[user:Kung] [type:cobro] [ammount:569325226682234][total:5789772580507657351]
[user:Juan] [type:inversión] [ammount:2990125464699722][total:5792762705972357073]
[user:Anakin] [type:descuento] [ammount:814565287384491][total:5793577271259741564]
[user:Sonia] [type:inversión] [ammount:492412254031873][total:5794069683513773437]
[user:Gustavo] [type:descuento] [ammount:1957002271293186][total:5796026685785066623]
[user:Keanu] [type:cobro] [ammount:2740307798422427][total:5798766993583489050]
[user:Kung] [type:descuento] [ammount:1001036193131320][total:5799768029776620370]
[user:Dalí] [type:descuento] [ammount:3267469621820401][total:5803035499398440771]
[user:Gustavo] [type:descuento] [ammount:922796870298116][total:5803958296268738887]
[user:Juan] [type:inversión] [ammount:961296270268097][total:5804919592539006984]
[user:Carlos] [type:cobro] [ammount:2012774404956131][total:5806932366943963115]
[user:Dalí] [type:inversión] [ammount:3395230805924243][total:5810327597749887358]
[user:Sonia] [type:cobro] [ammount:1420743018218747][total:5811748340768106105]
[user:Carlos] [type:pago] [ammount:2843507809601601][total:5814591848577707706]
[user:David] [type:pago] [ammount:1769649396888558][total:5816361497974596264]
[user:Gustavo] [type:inversión] [ammount:2457801750202557][total:5818819299724798821]
[user:Carlos] [type:descuento] [ammount:424930534573628][total:5819244230259372449]
[user:Carlos] [type:inversión] [ammount:1133560903144805][total:5820377791162517254]
[user:Juan] [type:pago] [ammount:841044482410004][total:5821218835644927258]
[user:David] [type:pago] [ammount:3447567805127014][total:5824666403450054272]
[user:Carlos] [type:cobro] [ammount:787097968964699][total:5825453501419018971]
[user:Kung] [type:cobro] [ammount:3287633104330429][total:5828741134523349400]
[user:Keanu] [type:descuento] [ammount:1816245028543089][total:5830557379551892489]
[user:Anakin] [type:cobro] [ammount:1202379193173809][total:5831759758745066298]
[user:David] [type:pago] [ammount:1415860768147621][total:5833175619513213919]
[user:Juan] [type:cobro] [ammount:2704508105117004][total:5835880127618330923]
[user:Keanu] [type:descuento] [ammount:887759219612802][total:5836767886837943725]
[user:Gustavo] [type:inversión] [ammount:2703313393682102][total:5839471200231625827]
[user:Dalí] [type:cobro] [ammount:1204055223539541][total:5840675255455165368]
[user:Dalí] [type:inversión] [ammount:127855160585188][total:5840803110615750556]
[user:Felipe] [type:cobro] [ammount:849806958887102][total:5841652917574637658]
[user:Carlos] [type:inversión] [ammount:880586643911467][total:5842533504218549125]
[user:David] [type:pago] [ammount:2312368031818843][total:5844845872250367968]
[user:Juan] [type:descuento] [ammount:1497630372191494][total:5846343502622559462]
[user:Gustavo] [type:descuento] [ammount:2853340564704177][total:5849196843187263639]
[user:Juan] [type:cobro] [ammount:2009384333733924][total:5851206227520997563]
[user:Juan] [type:pago] [ammount:140841782561310][total:5851347069303558873]
[user:Dalí] [type:cobro] [ammount:2958216508450520][total:5854305285812009393]
[user:Keanu] [type:inversión] [ammount:3215773645744985][total:5857521059457754378]
[user:Dalí] [type:descuento] [ammount:798542729508708][total:5858319602187263086]
[user:Gustavo] [type:descuento] [ammount:959397592368512][total:5859278999779631598]
[user:Dalí] [type:inversión] [ammount:1153046106115789][total:5860432045885747387]
[user:Carlos] [type:pago] [ammount:263588452458568][total:5860695634338205955]
[user:David] [type:descuento] [ammount:3483174148241055][total:5864178808486447010]
[user:Dalí] [type:inversión] [ammount:731771652025217][total:5864910580138472227]
[user:Dalí] [type:cobro] [ammount:2582139233103137][total:5867492719371575364]
[user:Anakin] [type:pago] [ammount:2770026640251799][total:5870262746011827163]
[user:Sonia] [type:pago] [ammount:2213017121565155][total:5872475763133392318]
[user:Gustavo] [type:cobro] [ammount:3258753148439204][total:5875734516281831522]
[user:Kung] [type:descuento] [ammount:2861712583754470][total:5878596228865585992]
[user:Anakin] [type:pago] [ammount:243840059956454][total:5878840068925542446]
[user:Gustavo] [type:pago] [ammount:1525418826994860][total:5880365487752537306]
[user:Kung] [type:descuento] [ammount:889503273448232][total:5881254991025985538]
[user:Juan] [type:descuento] [ammount:85948211368378][total:5881340939237353916]
[user:Juan] [type:descuento] [ammount:3314345422890675][total:5884655284660244591]
[user:Felipe] [type:inversión] [ammount:68475291831342][total:5884723759952075933]
[user:Carlos] [type:inversión] [ammount:2266795025760972][total:5886990554977836905]
[user:Kung] [type:cobro] [ammount:3363137947981487][total:5890353692925818392]
[user:Anakin] [type:descuento] [ammount:2165957098225218][total:5892519650024043610]
[user:Kung] [type:pago] [ammount:246054912746022][total:5892765704936789632]
[user:Carlos] [type:cobro] [ammount:2747167131387059][total:5895512872068176691]
[user:Kung] [type:inversión] [ammount:3302668617983193][total:5898815540686159884]
[user:Keanu] [type:inversión] [ammount:2531283455956960][total:5901346824142116844]
[user:Carlos] [type:pago] [ammount:1993129976442878][total:5903339954118559722]
[user:Dalí] [type:cobro] [ammount:2761335323179377][total:5906101289441739099]
[user:Juan] [type:pago] [ammount:1340996683284784][total:5907442286125023883]
[user:Sonia] [type:inversión] [ammount:1241703119575867][total:5908683989244599750]
[user:Keanu] [type:pago] [ammount:916032218347227][total:5909600021462946977]
[user:Dalí] [type:pago] [ammount:2418251332690582][total:5912018272795637559]
[user:Dalí] [type:descuento] [ammount:3662052406766766][total:5915680325202404325]
[user:Sonia] [type:inversión] [ammount:130121475159884][total:5915810446677564209]
[user:Gustavo] [type:descuento] [ammount:3370064496320420][total:5919180511173884629]
[user:Gustavo] [type:pago] [ammount:1216094673546052][total:5920396605847430681]
[user:Anakin] [type:pago] [ammount:1529278658861066][total:5921925884506291747]
[user:Juan] [type:inversión] [ammount:1559759300412459][total:5923485643806704206]
[user:Gustavo] [type:descuento] [ammount:2280093469952226][total:5925765737276656432]
[user:Gustavo] [type:inversión] [ammount:333951788491615][total:5926099689065148047]
[user:Dalí] [type:descuento] [ammount:3438628035896824][total:5929538317101044871]
[user:Kung] [type:inversión] [ammount:2891435499093070][total:5932429752600137941]
[user:Felipe] [type:descuento] [ammount:674327113784891][total:5933104079713922832]
[user:Keanu] [type:inversión] [ammount:1077248916391785][total:5934181328630314617]
[user:Felipe] [type:pago] [ammount:1258770558616656][total:5935440099188931273]
[user:Anakin] [type:descuento] [ammount:3442967665229065][total:5938883066854160338]
[user:Anakin] [type:descuento] [ammount:3223481779525140][total:5942106548633685478]
[user:Dalí] [type:cobro] [ammount:2284994705335340][total:5944391543339020818]
[user:Juan] [type:descuento] [ammount:2600953304830521][total:5946992496643851339]
[user:Anakin] [type:cobro] [ammount:3688245730663735][total:5950680742374515074]
[user:Dalí] [type:cobro] [ammount:1140347189478360][total:5951821089563993434]
[user:Juan] [type:descuento] [ammount:1731737164489531][total:5953552826728482965]
[user:Kung] [type:pago] [ammount:591513950842752][total:5954144340679325717]
[user:Kung] [type:pago] [ammount:732925620543252][total:5954877266299868969]
[user:Gustavo] [type:pago] [ammount:62960557403764][total:5954940226857272733]
[user:Dalí] [type:pago] [ammount:139697242686834][total:5955079924099959567]
[user:David] [type:pago] [ammount:803137132767859][total:5955883061232727426]
[user:Kung] [type:descuento] [ammount:1441371338039411][total:5957324432570766837]
[user:Dalí] [type:cobro] [ammount:1556028778697779][total:5958880461349464616]
[user:Felipe] [type:inversión] [ammount:2854047425115383][total:5961734508774579999]
[user:Kung] [type:pago] [ammount:3235722495745343][total:5964970231270325342]
[user:Sonia] [type:cobro] [ammount:327063352057334][total:5965297294622382676]
[user:Keanu] [type:descuento] [ammount:2143388316681994][total:5967440682939064670]
[user:Kung] [type:pago] [ammount:1038383976884098][total:5968479066915948768]
[user:Sonia] [type:pago] [ammount:2817558229808089][total:5971296625145756857]
[user:Keanu] [type:inversión] [ammount:38108396845953][total:5971334733542602810]
[user:Gustavo] [type:pago] [ammount:685621296410887][total:5972020354839013697]
[user:Anakin] [type:descuento] [ammount:1427713504606160][total:5973448068343619857]
[user:David] [type:cobro] [ammount:1980059668366792][total:5975428128011986649]
[user:Carlos] [type:cobro] [ammount:1638451637505802][total:5977066579649492451]
[user:Carlos] [type:inversión] [ammount:6391422129752][total:5977072971071622203]
[user:Dalí] [type:descuento] [ammount:1616070943797782][total:5978689042015419985]
[user:Carlos] [type:descuento] [ammount:1177707815870441][total:5979866749831290426]
[user:Sonia] [type:descuento] [ammount:2314877389078698][total:5982181627220369124]
[user:Anakin] [type:pago] [ammount:1952329516866729][total:5984133956737235853]
[user:Anakin] [type:pago] [ammount:831189530086043][total:5984965146267321896]
[user:Anakin] [type:pago] [ammount:2980944481961032][total:5987946090749282928]
[user:Juan] [type:inversión] [ammount:2866820270480918][total:5990812911019763846]
[user:Carlos] [type:descuento] [ammount:559018348766542][total:5991371929368530388]
[user:Anakin] [type:inversión] [ammount:3670967478614434][total:5995042896847144822]
[user:Gustavo] [type:pago] [ammount:651325228461160][total:5995694222075605982]
[user:Keanu] [type:inversión] [ammount:3551482517140369][total:5999245704592746351]
[user:Kung] [type:cobro] [ammount:81051547801781][total:5999326756140548132]
[user:Carlos] [type:descuento] [ammount:2295024806704064][total:6001621780947252196]
[user:Dalí] [type:cobro] [ammount:1084438084470662][total:6002706219031722858]
[user:Anakin] [type:descuento] [ammount:1052129048435440][total:6003758348080158298]
[user:Felipe] [type:cobro] [ammount:871266353771023][total:6004629614433929321]
[user:Carlos] [type:cobro] [ammount:3106832965858907][total:6007736447399788228]
[user:Felipe] [type:inversión] [ammount:2573881118595853][total:6010310328518384081]
[user:Juan] [type:cobro] [ammount:37540903318236][total:6010347869421702317]
[user:Sonia] [type:descuento] [ammount:913288278117915][total:6011261157699820232]
[user:Felipe] [type:inversión] [ammount:2655507142018721][total:6013916664841838953]
[user:Dalí] [type:pago] [ammount:2120321722930789][total:6016036986564769742]
[user:David] [type:cobro] [ammount:2734262668459532][total:6018771249233229274]
[user:Carlos] [type:inversión] [ammount:830204619826762][total:6019601453853056036]
[user:Sonia] [type:pago] [ammount:2821004365100756][total:6022422458218156792]
[user:Sonia] [type:descuento] [ammount:2734135304814223][total:6025156593522971015]
[user:Sonia] [type:inversión] [ammount:1849179553719827][total:6027005773076690842]
[user:Keanu] [type:pago] [ammount:1225532658090221][total:6028231305734781063]
[user:Keanu] [type:cobro] [ammount:307393121003139][total:6028538698855784202]
[user:Felipe] [type:inversión] [ammount:3636113144501756][total:6032174812000285958]
[user:Dalí] [type:pago] [ammount:332755431702673][total:6032507567431988631]
[user:David] [type:inversión] [ammount:2130146640232065][total:6034637714072220696]
[user:Kung] [type:pago] [ammount:913747809102095][total:6035551461881322791]
[user:Felipe] [type:inversión] [ammount:2689015922322594][total:6038240477803645385]
[user:Sonia] [type:descuento] [ammount:51177071975087][total:6038291654875620472]
[user:Anakin] [type:descuento] [ammount:775277327869980][total:6039066932203490452]
[user:Kung] [type:cobro] [ammount:3346783620807513][total:6042413715824297965]
[user:Anakin] [type:cobro] [ammount:3056006528692510][total:6045469722352990475]
[user:David] [type:pago] [ammount:665508324367340][total:6046135230677357815]
[user:David] [type:descuento] [ammount:1262876079392509][total:6047398106756750324]
[user:Felipe] [type:cobro] [ammount:12859263002375][total:6047410966019752699]
[user:Felipe] [type:pago] [ammount:2675513489299629][total:6050086479509052328]
[user:Gustavo] [type:pago] [ammount:1016325186170114][total:6051102804695222442]
[user:Sonia] [type:descuento] [ammount:2814593769487597][total:6053917398464710039]
[user:Juan] [type:descuento] [ammount:3425497777426126][total:6057342896242136165]
[user:Gustavo] [type:cobro] [ammount:2715023459095133][total:6060057919701231298]
[user:Dalí] [type:pago] [ammount:2350557751715671][total:6062408477452946969]
[user:Anakin] [type:pago] [ammount:2283710653548256][total:6064692188106495225]
[user:Sonia] [type:pago] [ammount:2722903494881491][total:6067415091601376716]
[user:David] [type:descuento] [ammount:2956796222626631][total:6070371887824003347]
[user:Anakin] [type:pago] [ammount:1868836862701287][total:6072240724686704634]
[user:Keanu] [type:descuento] [ammount:1117585998580316][total:6073358310685284950]
[user:David] [type:cobro] [ammount:3485668109326241][total:6076843978794611191]
[user:David] [type:descuento] [ammount:3482211596252365][total:6080326190390863556]
[user:Anakin] [type:cobro] [ammount:994470627468684][total:6081320661018332240]
[user:Felipe] [type:cobro] [ammount:3249781438654052][total:6084570442456986292]
[user:Sonia] [type:pago] [ammount:351006275542421][total:6084921448732528713]
[user:Gustavo] [type:pago] [ammount:1907345492591264][total:6086828794225119977]
[user:Felipe] [type:pago] [ammount:2960968697741988][total:6089789762922861965]
[user:Sonia] [type:descuento] [ammount:2305726196303735][total:6092095489119165700]
[user:Carlos] [type:pago] [ammount:863648580799136][total:6092959137699964836]
[user:David] [type:inversión] [ammount:1664707309986154][total:6094623845009950990]
[user:Gustavo] [type:descuento] [ammount:3288041090318008][total:6097911886100268998]
[user:Kung] [type:descuento] [ammount:2878102513583488][total:6100789988613852486]
[user:Sonia] [type:inversión] [ammount:1667831359135446][total:6102457819972987932]
[user:Anakin] [type:inversión] [ammount:2466418854564009][total:6104924238827551941]
[user:Dalí] [type:inversión] [ammount:364526375469621][total:6105288765203021562]
[user:Juan] [type:pago] [ammount:2784403000339953][total:6108073168203361515]
[user:Sonia] [type:inversión] [ammount:1614320916478307][total:6109687489119839822]
[user:Sonia] [type:cobro] [ammount:1011935342910727][total:6110699424462750549]
[user:Anakin] [type:cobro] [ammount:3148327688043801][total:6113847752150794350]
[user:Dalí] [type:descuento] [ammount:1407979784998208][total:6115255731935792558]
[user:Kung] [type:cobro] [ammount:1479117104505436][total:6116734849040297994]
[user:Dalí] [type:pago] [ammount:181846420609787][total:6116916695460907781]
[user:David] [type:inversión] [ammount:2075025664941010][total:6118991721125848791]
[user:Gustavo] [type:inversión] [ammount:1564331304861587][total:6120556052430710378]
[user:Gustavo] [type:descuento] [ammount:3083380312508466][total:6123639432743218844]
[user:Gustavo] [type:descuento] [ammount:2304409519821592][total:6125943842263040436]
[user:Felipe] [type:descuento] [ammount:1789403267659491][total:6127733245530699927]
[user:Felipe] [type:pago] [ammount:3549389162650924][total:6131282634693350851]
[user:David] [type:inversión] [ammount:841608594440990][total:6132124243287791841]
[user:Kung] [type:descuento] [ammount:3498858926208569][total:6135623102214000410]
[user:Sonia] [type:inversión] [ammount:1573140374762584][total:6137196242588762994]
[user:Felipe] [type:descuento] [ammount:2299980616590939][total:6139496223205353933]
[user:Kung] [type:inversión] [ammount:517462864058615][total:6140013686069412548]
[user:Sonia] [type:descuento] [ammount:2591247921220823][total:6142604933990633371]
[user:Dalí] [type:descuento] [ammount:362590315665674][total:6142967524306299045]
[user:Gustavo] [type:cobro] [ammount:1456834477808549][total:6144424358784107594]
[user:Kung] [type:cobro] [ammount:2793178973180317][total:6147217537757287911]
[user:Carlos] [type:descuento] [ammount:3564588363467686][total:6150782126120755597]
[user:Carlos] [type:inversión] [ammount:1416319698698202][total:6152198445819453799]
[user:Dalí] [type:pago] [ammount:1204174728388474][total:6153402620547842273]
[user:Keanu] [type:pago] [ammount:898090399407780][total:6154300710947250053]
[user:Sonia] [type:cobro] [ammount:3042217021340935][total:6157342927968590988]
[user:Felipe] [type:cobro] [ammount:2899929109659087][total:6160242857078250075]
[user:Anakin] [type:descuento] [ammount:1357137211094780][total:6161599994289344855]
[user:Sonia] [type:descuento] [ammount:3157737211808619][total:6164757731501153474]
[user:Dalí] [type:pago] [ammount:681071415149032][total:6165438802916302506]
[user:David] [type:descuento] [ammount:189936463299129][total:6165628739379601635]
[user:Sonia] [type:descuento] [ammount:3264737775177329][total:6168893477154778964]
[user:Dalí] [type:cobro] [ammount:1319780701936542][total:6170213257856715506]
[user:Dalí] [type:descuento] [ammount:260352792538311][total:6170473610649253817]
[user:Gustavo] [type:cobro] [ammount:2524932220877984][total:6172998542870131801]
[user:David] [type:cobro] [ammount:2362649275814888][total:6175361192145946689]
[user:Dalí] [type:descuento] [ammount:1701146526038577][total:6177062338671985266]
[user:Keanu] [type:cobro] [ammount:859397620302460][total:6177921736292287726]
[user:Felipe] [type:pago] [ammount:544686750665639][total:6178466423042953365]
[user:Juan] [type:descuento] [ammount:3010026747841557][total:6181476449790794922]
[user:Anakin] [type:inversión] [ammount:702455528578183][total:6182178905319373105]
[user:Juan] [type:pago] [ammount:408471714857562][total:6182587377034230667]
[user:David] [type:pago] [ammount:1373549742860617][total:6183960926777091284]
[user:Gustavo] [type:pago] [ammount:847138328600922][total:6184808065105692206]
[user:Dalí] [type:inversión] [ammount:1830327290956929][total:6186638392396649135]
[user:Sonia] [type:pago] [ammount:2495782106278854][total:6189134174502927989]
[user:Felipe] [type:cobro] [ammount:492457654802109][total:6189626632157730098]
[user:Gustavo] [type:descuento] [ammount:203837947763877][total:6189830470105493975]
[user:Keanu] [type:inversión] [ammount:2396945050439158][total:6192227415155933133]
[user:Carlos] [type:pago] [ammount:64434767323131][total:6192291849923256264]
[user:Felipe] [type:inversión] [ammount:365237900678380][total:6192657087823934644]
[user:Kung] [type:descuento] [ammount:748623607639303][total:6193405711431573947]
[user:Gustavo] [type:pago] [ammount:453779474730509][total:6193859490906304456]
[user:Kung] [type:inversión] [ammount:3409916105807401][total:6197269407012111857]
[user:Dalí] [type:pago] [ammount:2867685715141059][total:6200137092727252916]
[user:Carlos] [type:pago] [ammount:3207199963958238][total:6203344292691211154]
[user:Juan] [type:cobro] [ammount:2986537760328036][total:6206330830451539190]
[user:Sonia] [type:pago] [ammount:453799736397031][total:6206784630187936221]
[user:Dalí] [type:cobro] [ammount:1791009954341883][total:6208575640142278104]
[user:Anakin] [type:descuento] [ammount:466990284069141][total:6209042630426347245]
[user:Felipe] [type:descuento] [ammount:213904104199222][total:6209256534530546467]
[user:Carlos] [type:cobro] [ammount:2004833840778465][total:6211261368371324932]
[user:Felipe] [type:inversión] [ammount:307665433738267][total:6211569033805063199]
[user:Keanu] [type:cobro] [ammount:1617429172631651][total:6213186462977694850]
[user:Kung] [type:pago] [ammount:1120592371829763][total:6214307055349524613]
[user:Carlos] [type:descuento] [ammount:1241258236818216][total:6215548313586342829]
[user:Dalí] [type:cobro] [ammount:955554805991482][total:6216503868392334311]
[user:Kung] [type:cobro] [ammount:3562549121035363][total:6220066417513369674]
[user:Felipe] [type:pago] [ammount:81642253067720][total:6220148059766437394]
[user:Felipe] [type:pago] [ammount:3673355479925343][total:6223821415246362737]
[user:Carlos] [type:descuento] [ammount:1323364004163887][total:6225144779250526624]
[user:Anakin] [type:pago] [ammount:3207287661892806][total:6228352066912419430]
[user:Felipe] [type:cobro] [ammount:232748172469205][total:6228584815084888635]
[user:Anakin] [type:pago] [ammount:1807138982488161][total:6230391954067376796]
[user:David] [type:pago] [ammount:2970000909867409][total:6233361954977244205]
[user:Anakin] [type:pago] [ammount:1716736575281575][total:6235078691552525780]
[user:Sonia] [type:inversión] [ammount:1315601090713427][total:6236394292643239207]
[user:Juan] [type:cobro] [ammount:1284062641270816][total:6237678355284510023]
[user:Keanu] [type:pago] [ammount:1644219830322885][total:6239322575114832908]
[user:Anakin] [type:pago] [ammount:1793509947178891][total:6241116085062011799]
[user:Sonia] [type:descuento] [ammount:2832857181936255][total:6243948942243948054]
[user:Juan] [type:cobro] [ammount:1844853891561332][total:6245793796135509386]
[user:Anakin] [type:descuento] [ammount:1862932032183425][total:6247656728167692811]
[user:Kung] [type:descuento] [ammount:366162039525552][total:6248022890207218363]
[user:Felipe] [type:cobro] [ammount:1716073566762357][total:6249738963773980720]
[user:Dalí] [type:cobro] [ammount:134137450003868][total:6249873101223984588]
[user:Keanu] [type:pago] [ammount:2075555546001563][total:6251948656769986151]
[user:Felipe] [type:pago] [ammount:416493828976555][total:6252365150598962706]
[user:Felipe] [type:descuento] [ammount:1222022503843608][total:6253587173102806314]
[user:Keanu] [type:inversión] [ammount:661087953425191][total:6254248261056231505]
[user:Kung] [type:cobro] [ammount:1005407355654808][total:6255253668411886313]
[user:Kung] [type:pago] [ammount:62266735124993][total:6255315935147011306]
[user:Juan] [type:cobro] [ammount:120269187958713][total:6255436204334970019]
[user:David] [type:cobro] [ammount:3527244348283030][total:6258963448683253049]
[user:Gustavo] [type:cobro] [ammount:1727341293950595][total:6260690789977203644]
[user:Dalí] [type:descuento] [ammount:484148147693384][total:6261174938124897028]
[user:Sonia] [type:pago] [ammount:2572981965192104][total:6263747920090089132]
[user:Felipe] [type:pago] [ammount:3137546876080948][total:6266885466966170080]
[user:Sonia] [type:descuento] [ammount:2174995163726418][total:6269060462129896498]
[user:Gustavo] [type:cobro] [ammount:3604533745682370][total:6272664995875578868]
[user:Dalí] [type:pago] [ammount:1308007243120011][total:6273973003118698879]
[user:Juan] [type:inversión] [ammount:623671460640927][total:6274596674579339806]
[user:Juan] [type:inversión] [ammount:202043674691795][total:6274798718254031601]
[user:Keanu] [type:descuento] [ammount:713703017168431][total:6275512421271200032]
[user:Kung] [type:cobro] [ammount:1419777032713248][total:6276932198303913280]
[user:Felipe] [type:descuento] [ammount:329992293106393][total:6277262190597019673]
[user:David] [type:pago] [ammount:614272409322997][total:6277876463006342670]
[user:Carlos] [type:pago] [ammount:2273070207182191][total:6280149533213524861]
[user:Keanu] [type:inversión] [ammount:2221643733585161][total:6282371176947110022]
[user:Felipe] [type:pago] [ammount:3031156225216378][total:6285402333172326400]
[user:Carlos] [type:pago] [ammount:2504303797139975][total:6287906636969466375]
[user:Carlos] [type:cobro] [ammount:642671043262878][total:6288549308012729253]
[user:Gustavo] [type:descuento] [ammount:1401064823087781][total:6289950372835817034]
[user:David] [type:inversión] [ammount:2843395385960691][total:6292793768221777725]
[user:Dalí] [type:cobro] [ammount:2253763859455246][total:6295047532081232971]
[user:Keanu] [type:cobro] [ammount:3083463505515765][total:6298130995586748736]
[user:Sonia] [type:inversión] [ammount:1982516987288529][total:6300113512574037265]
[user:Dalí] [type:pago] [ammount:3041917519476969][total:6303155430093514234]
[user:Dalí] [type:inversión] [ammount:2782184524284564][total:6305937614617798798]
[user:Juan] [type:pago] [ammount:1924835370119255][total:6307862449987918053]
[user:Sonia] [type:inversión] [ammount:75515914367172][total:6307937965902285225]
[user:Kung] [type:descuento] [ammount:3477437046954719][total:6311415402949239944]
[user:Dalí] [type:inversión] [ammount:1122458439373993][total:6312537861388613937]
[user:Anakin] [type:pago] [ammount:1316716104647305][total:6313854577493261242]
[user:Dalí] [type:descuento] [ammount:493527207713629][total:6314348104700974871]
[user:Gustavo] [type:cobro] [ammount:2899754191710335][total:6317247858892685206]
[user:Anakin] [type:descuento] [ammount:2457303017439][total:6317250316195702645]
[user:Carlos] [type:cobro] [ammount:693998138130479][total:6317944314333833124]
[user:Gustavo] [type:inversión] [ammount:3340224416055492][total:6321284538749888616]
[user:Carlos] [type:pago] [ammount:1286335831442196][total:6322570874581330812]
[user:Kung] [type:descuento] [ammount:501519784647434][total:6323072394365978246]
[user:Keanu] [type:descuento] [ammount:2185505358037695][total:6325257899724015941]
[user:Carlos] [type:pago] [ammount:3576139886136961][total:6328834039610152902]
[user:Dalí] [type:pago] [ammount:2819927242996937][total:6331653966853149839]
[user:Sonia] [type:cobro] [ammount:3375617464881986][total:6335029584318031825]
[user:Felipe] [type:pago] [ammount:2871818356205329][total:6337901402674237154]
[user:Gustavo] [type:pago] [ammount:3326348884592248][total:6341227751558829402]
[user:Juan] [type:descuento] [ammount:708414684622622][total:6341936166243452024]
[user:Gustavo] [type:inversión] [ammount:870729351481842][total:6342806895594933866]
[user:Keanu] [type:inversión] [ammount:242587424513658][total:6343049483019447524]
[user:Anakin] [type:pago] [ammount:3530986068927383][total:6346580469088374907]
[user:Gustavo] [type:cobro] [ammount:2100065031365555][total:6348680534119740462]
[user:Juan] [type:inversión] [ammount:3021731458977671][total:6351702265578718133]
[user:Felipe] [type:cobro] [ammount:1562028245958855][total:6353264293824676988]
[user:Anakin] [type:descuento] [ammount:3099061163085720][total:6356363354987762708]
[user:Sonia] [type:inversión] [ammount:1156331858733517][total:6357519686846496225]
[user:Dalí] [type:pago] [ammount:1183192094810681][total:6358702878941306906]
[user:Sonia] [type:cobro] [ammount:3424826959866001][total:6362127705901172907]
[user:Keanu] [type:descuento] [ammount:1647677206359143][total:6363775383107532050]
[user:Sonia] [type:descuento] [ammount:1418233279125014][total:6365193616386657064]
[user:Anakin] [type:descuento] [ammount:726821176883399][total:6365920437563540463]
[user:Kung] [type:cobro] [ammount:1174138071924276][total:6367094575635464739]
[user:Felipe] [type:cobro] [ammount:1085072955956973][total:6368179648591421712]
[user:Dalí] [type:pago] [ammount:3523201450852302][total:6371702850042274014]
[user:Sonia] [type:cobro] [ammount:205526160857014][total:6371908376203131028]
[user:Kung] [type:inversión] [ammount:1988005084845497][total:6373896381287976525]
[user:Juan] [type:descuento] [ammount:1305329259496522][total:6375201710547473047]
[user:Sonia] [type:inversión] [ammount:384335865900702][total:6375586046413373749]
[user:David] [type:inversión] [ammount:729354468074630][total:6376315400881448379]
[user:Carlos] [type:pago] [ammount:2502944244320049][total:6378818345125768428]
[user:Sonia] [type:descuento] [ammount:879683510493243][total:6379698028636261671]
[user:David] [type:inversión] [ammount:2627128091407438][total:6382325156727669109]
[user:Anakin] [type:pago] [ammount:2345362592523448][total:6384670519320192557]
[user:Sonia] [type:pago] [ammount:3504610649119016][total:6388175129969311573]
[user:Kung] [type:pago] [ammount:2889409907950643][total:6391064539877262216]
[user:Gustavo] [type:pago] [ammount:2896959525761362][total:6393961499403023578]
[user:David] [type:cobro] [ammount:2259766256248194][total:6396221265659271772]
[user:Kung] [type:inversión] [ammount:3055934143730128][total:6399277199803001900]
[user:David] [type:descuento] [ammount:1416917060162592][total:6400694116863164492]
[user:Juan] [type:pago] [ammount:1296335901718200][total:6401990452764882692]
[user:Gustavo] [type:pago] [ammount:1692016527644737][total:6403682469292527429]
[user:Gustavo] [type:descuento] [ammount:3482637012975097][total:6407165106305502526]
[user:David] [type:pago] [ammount:1769956694472029][total:6408935062999974555]
[user:Felipe] [type:inversión] [ammount:2766492354290838][total:6411701555354265393]
[user:Sonia] [type:pago] [ammount:399103500669806][total:6412100658854935199]
[user:Kung] [type:inversión] [ammount:1887919478482680][total:6413988578333417879]
[user:Sonia] [type:cobro] [ammount:2209001404193018][total:6416197579737610897]
[user:Felipe] [type:descuento] [ammount:2334154625731469][total:6418531734363342366]
[user:Gustavo] [type:pago] [ammount:464209752780548][total:6418995944116122914]
[user:Gustavo] [type:cobro] [ammount:1070325198682165][total:6420066269314805079]
[user:Keanu] [type:cobro] [ammount:2616402701039729][total:6422682672015844808]
[user:David] [type:cobro] [ammount:3119153971397954][total:6425801825987242762]
[user:Sonia] [type:descuento] [ammount:3687036108305842][total:6429488862095548604]
[user:David] [type:inversión] [ammount:2372453973852107][total:6431861316069400711]
[user:Felipe] [type:inversión] [ammount:445803889240733][total:6432307119958641444]
[user:Keanu] [type:cobro] [ammount:1555114349272674][total:6433862234307914118]
[user:Keanu] [type:descuento] [ammount:2947775402873505][total:6436810009710787623]
[user:David] [type:cobro] [ammount:175054216604375][total:6436985063927391998]
[user:Carlos] [type:inversión] [ammount:2598614802945887][total:6439583678730337885]
[user:Dalí] [type:pago] [ammount:2458616891115026][total:6442042295621452911]
[user:Felipe] [type:cobro] [ammount:3415251745927606][total:6445457547367380517]
[user:Gustavo] [type:cobro] [ammount:3363125606901201][total:6448820672974281718]
[user:Dalí] [type:cobro] [ammount:1888883985769840][total:6450709556960051558]
[user:David] [type:descuento] [ammount:1904478670873679][total:6452614035630925237]
[user:Juan] [type:pago] [ammount:1507240053910194][total:6454121275684835431]
[user:Anakin] [type:cobro] [ammount:2478824838379699][total:6456600100523215130]
[user:Gustavo] [type:cobro] [ammount:2115752781638504][total:6458715853304853634]
[user:Felipe] [type:inversión] [ammount:1114951926923887][total:6459830805231777521]
[user:Keanu] [type:pago] [ammount:1007145474663411][total:6460837950706440932]
[user:Carlos] [type:pago] [ammount:2144036058635809][total:6462981986765076741]
[user:Juan] [type:pago] [ammount:2436340253090050][total:6465418327018166791]
[user:Keanu] [type:pago] [ammount:890397159318320][total:6466308724177485111]
[user:Anakin] [type:pago] [ammount:898347028991133][total:6467207071206476244]
[user:Gustavo] [type:descuento] [ammount:768611070259630][total:6467975682276735874]
[user:Sonia] [type:cobro] [ammount:627211700701607][total:6468602893977437481]
[user:Felipe] [type:cobro] [ammount:1634798816548030][total:6470237692793985511]
[user:Kung] [type:descuento] [ammount:1226837059179607][total:6471464529853165118]
[user:Anakin] [type:descuento] [ammount:2123794267458787][total:6473588324120623905]
[user:David] [type:pago] [ammount:3555263753158161][total:6477143587873782066]
[user:David] [type:pago] [ammount:2484705578460428][total:6479628293452242494]
[user:David] [type:descuento] [ammount:1417750109573022][total:6481046043561815516]
[user:Juan] [type:descuento] [ammount:2853291222013647][total:6483899334783829163]
[user:Kung] [type:pago] [ammount:2064999397643208][total:6485964334181472371]
[user:Juan] [type:inversión] [ammount:3456945663518333][total:6489421279844990704]
[user:Felipe] [type:pago] [ammount:1817424104517888][total:6491238703949508592]
[user:Sonia] [type:pago] [ammount:2636499029954047][total:6493875202979462639]
[user:Dalí] [type:descuento] [ammount:3505353124353863][total:6497380556103816502]
[user:Juan] [type:inversión] [ammount:1089919465363022][total:6498470475569179524]
[user:David] [type:descuento] [ammount:646715249302588][total:6499117190818482112]
[user:Juan] [type:pago] [ammount:2709609434328590][total:6501826800252810702]
[user:Kung] [type:cobro] [ammount:269389833772772][total:6502096190086583474]
[user:Keanu] [type:cobro] [ammount:311257662821655][total:6502407447749405129]
[user:Anakin] [type:cobro] [ammount:1753984538888131][total:6504161432288293260]
[user:Juan] [type:descuento] [ammount:402412449449102][total:6504563844737742362]
[user:Kung] [type:descuento] [ammount:1612592687937609][total:6506176437425679971]
[user:Gustavo] [type:cobro] [ammount:2083301770563056][total:6508259739196243027]
[user:Juan] [type:cobro] [ammount:149553608783789][total:6508409292805026816]
[user:Gustavo] [type:cobro] [ammount:295630505324208][total:6508704923310351024]
[user:Kung] [type:inversión] [ammount:423255391347992][total:6509128178701699016]
[user:Felipe] [type:inversión] [ammount:3489438145151464][total:6512617616846850480]
[user:Anakin] [type:cobro] [ammount:2882862030475318][total:6515500478877325798]
[user:David] [type:descuento] [ammount:2488294792358595][total:6517988773669684393]
[user:Keanu] [type:descuento] [ammount:1954565684519757][total:6519943339354204150]
[user:Sonia] [type:inversión] [ammount:1087855285680269][total:6521031194639884419]
[user:Keanu] [type:cobro] [ammount:1001834372157758][total:6522033029012042177]
[user:Juan] [type:descuento] [ammount:587805627316269][total:6522620834639358446]
[user:Anakin] [type:descuento] [ammount:622524095926415][total:6523243358735284861]
[user:David] [type:inversión] [ammount:2523119002560267][total:6525766477737845128]
[user:Sonia] [type:descuento] [ammount:3514143240247670][total:6529280620978092798]
[user:Juan] [type:cobro] [ammount:3110824870912579][total:6532391445849005377]
[user:Sonia] [type:cobro] [ammount:2311346373773728][total:6534702792222779105]
[user:Sonia] [type:pago] [ammount:88486679687600][total:6534791278902466705]
[user:Felipe] [type:pago] [ammount:392585315872671][total:6535183864218339376]
[user:Gustavo] [type:descuento] [ammount:3299076048179423][total:6538482940266518799]
[user:Dalí] [type:inversión] [ammount:1719599136969235][total:6540202539403488034]
[user:David] [type:descuento] [ammount:2730556615120456][total:6542933096018608490]
[user:David] [type:inversión] [ammount:443088892553720][total:6543376184911162210]
[user:Sonia] [type:pago] [ammount:2140256284485131][total:6545516441195647341]
[user:Kung] [type:cobro] [ammount:2513157221711016][total:6548029598417358357]
[user:Anakin] [type:cobro] [ammount:2941022167621083][total:6550970620584979440]
[user:Keanu] [type:pago] [ammount:330563214973415][total:6551301183799952855]
[user:Carlos] [type:cobro] [ammount:1462829692453541][total:6552764013492406396]
[user:Juan] [type:inversión] [ammount:329675059498397][total:6553093688551904793]
[user:Keanu] [type:inversión] [ammount:157129957861150][total:6553250818509765943]
[user:Dalí] [type:inversión] [ammount:3153835823671564][total:6556404654333437507]
[user:Dalí] [type:inversión] [ammount:2448561299923013][total:6558853215633360520]
[user:Kung] [type:inversión] [ammount:765996138931598][total:6559619211772292118]
[user:Anakin] [type:cobro] [ammount:1054059435616321][total:6560673271207908439]
[user:Kung] [type:pago] [ammount:3217140279286408][total:6563890411487194847]
[user:David] [type:cobro] [ammount:2963516633579338][total:6566853928120774185]
[user:Keanu] [type:cobro] [ammount:3498481274768377][total:6570352409395542562]
[user:Sonia] [type:cobro] [ammount:692008376124289][total:6571044417771666851]
[user:Juan] [type:descuento] [ammount:3128295695037260][total:6574172713466704111]
[user:Anakin] [type:inversión] [ammount:3126889194609325][total:6577299602661313436]
[user:Anakin] [type:cobro] [ammount:474753981381572][total:6577774356642695008]
[user:Dalí] [type:pago] [ammount:2598706963102221][total:6580373063605797229]
[user:Kung] [type:pago] [ammount:25706338622284][total:6580398769944419513]
[user:Sonia] [type:cobro] [ammount:1309847759521315][total:6581708617703940828]
[user:David] [type:pago] [ammount:2933912587689342][total:6584642530291630170]
[user:Anakin] [type:pago] [ammount:2569834285635512][total:6587212364577265682]
[user:David] [type:descuento] [ammount:203371983908029][total:6587415736561173711]
[user:Keanu] [type:cobro] [ammount:257955292493574][total:6587673691853667285]
[user:Dalí] [type:pago] [ammount:2097117115857858][total:6589770808969525143]
[user:David] [type:cobro] [ammount:2337624222156619][total:6592108433191681762]
[user:Carlos] [type:pago] [ammount:1451863010885378][total:6593560296202567140]
[user:Juan] [type:pago] [ammount:1174626299680328][total:6594734922502247468]
[user:Keanu] [type:pago] [ammount:1365733132326106][total:6596100655634573574]
[user:Carlos] [type:cobro] [ammount:3207415978745999][total:6599308071613319573]
[user:Felipe] [type:descuento] [ammount:663883173148546][total:6599971954786468119]
[user:Kung] [type:inversión] [ammount:1709067618014145][total:6601681022404482264]
[user:Felipe] [type:pago] [ammount:2230111086211274][total:6603911133490693538]
[user:Felipe] [type:cobro] [ammount:2933933595668439][total:6606845067086361977]
[user:Kung] [type:pago] [ammount:3518211244436592][total:6610363278330798569]
[user:Kung] [type:descuento] [ammount:3453869337983634][total:6613817147668782203]
[user:Kung] [type:cobro] [ammount:2037830355187295][total:6615854978023969498]
[user:Gustavo] [type:cobro] [ammount:740107946189978][total:6616595085970159476]
[user:Dalí] [type:pago] [ammount:46383020200228][total:6616641468990359704]
[user:Keanu] [type:pago] [ammount:3420860829561930][total:6620062329819921634]
[user:Dalí] [type:inversión] [ammount:2340359482992277][total:6622402689302913911]
[user:Juan] [type:inversión] [ammount:97116199789636][total:6622499805502703547]
[user:Kung] [type:inversión] [ammount:3023515587456355][total:6625523321090159902]
[user:Carlos] [type:inversión] [ammount:3652795718637933][total:6629176116808797835]
[user:Dalí] [type:cobro] [ammount:2586248799596489][total:6631762365608394324]
[user:Anakin] [type:inversión] [ammount:318267449857899][total:6632080633058252223]
[user:Kung] [type:descuento] [ammount:2296270960301581][total:6634376904018553804]
[user:Gustavo] [type:pago] [ammount:1679360779432812][total:6636056264797986616]
[user:Gustavo] [type:pago] [ammount:825681447607101][total:6636881946245593717]
[user:Dalí] [type:inversión] [ammount:1168300606661970][total:6638050246852255687]
[user:Felipe] [type:inversión] [ammount:1315978393541753][total:6639366225245797440]
[user:Juan] [type:cobro] [ammount:2643109032096848][total:6642009334277894288]
[user:Dalí] [type:pago] [ammount:631341076581586][total:6642640675354475874]
[user:Carlos] [type:pago] [ammount:176842465559970][total:6642817517820035844]
[user:Sonia] [type:inversión] [ammount:582399379102827][total:6643399917199138671]
[user:Gustavo] [type:inversión] [ammount:1635464086467861][total:6645035381285606532]
[user:Felipe] [type:descuento] [ammount:327795035888658][total:6645363176321495190]
[user:Juan] [type:descuento] [ammount:3665950802167756][total:6649029127123662946]
[user:Anakin] [type:descuento] [ammount:1458299828313803][total:6650487426951976749]
[user:Kung] [type:descuento] [ammount:3110715294635102][total:6653598142246611851]
[user:Juan] [type:descuento] [ammount:2881817431336046][total:6656479959677947897]
[user:David] [type:cobro] [ammount:2056231448963495][total:6658536191126911392]
[user:Carlos] [type:cobro] [ammount:3304903699005455][total:6661841094825916847]
[user:Juan] [type:pago] [ammount:831207504647733][total:6662672302330564580]
[user:Carlos] [type:inversión] [ammount:858050513214041][total:6663530352843778621]
[user:Felipe] [type:cobro] [ammount:988923056346159][total:6664519275900124780]
[user:David] [type:pago] [ammount:2576311789184378][total:6667095587689309158]
[user:Dalí] [type:descuento] [ammount:1705070947170783][total:6668800658636479941]
[user:Sonia] [type:pago] [ammount:90251231195957][total:6668890909867675898]
[user:Kung] [type:descuento] [ammount:263567188732262][total:6669154477056408160]
[user:Juan] [type:pago] [ammount:764649933051537][total:6669919126989459697]
[user:Juan] [type:descuento] [ammount:3575643233331591][total:6673494770222791288]
[user:Kung] [type:cobro] [ammount:1782511126970538][total:6675277281349761826]
[user:Gustavo] [type:cobro] [ammount:2167246834306750][total:6677444528184068576]
[user:David] [type:pago] [ammount:3408179636186681][total:6680852707820255257]
[user:Sonia] [type:pago] [ammount:717491068575639][total:6681570198888830896]
[user:Felipe] [type:pago] [ammount:2468493295810906][total:6684038692184641802]
[user:Dalí] [type:descuento] [ammount:1691211360334553][total:6685729903544976355]
[user:Sonia] [type:inversión] [ammount:3594629507849442][total:6689324533052825797]
[user:Juan] [type:descuento] [ammount:3061641691642176][total:6692386174744467973]
[user:Carlos] [type:descuento] [ammount:883443456041364][total:6693269618200509337]
[user:Carlos] [type:inversión] [ammount:975949869881292][total:6694245568070390629]
[user:David] [type:pago] [ammount:2830566503643233][total:6697076134574033862]
[user:Anakin] [type:descuento] [ammount:1013071524780895][total:6698089206098814757]
[user:Sonia] [type:cobro] [ammount:2566751137441277][total:6700655957236256034]
[user:Felipe] [type:descuento] [ammount:455755366499228][total:6701111712602755262]
[user:Keanu] [type:inversión] [ammount:504487577567640][total:6701616200180322902]
[user:Gustavo] [type:descuento] [ammount:526491268958698][total:6702142691449281600]
[user:David] [type:descuento] [ammount:1333471010230656][total:6703476162459512256]
[user:Kung] [type:pago] [ammount:1618353738213664][total:6705094516197725920]
[user:Gustavo] [type:inversión] [ammount:2046506147115371][total:6707141022344841291]
[user:Kung] [type:descuento] [ammount:348127429312470][total:6707489149774153761]
[user:David] [type:pago] [ammount:3427744572175760][total:6710916894346329521]
[user:Kung] [type:inversión] [ammount:516803974196012][total:6711433698320525533]
[user:Dalí] [type:descuento] [ammount:3447196140442543][total:6714880894460968076]
[user:Sonia] [type:descuento] [ammount:2118172555212762][total:6716999067016180838]
[user:David] [type:descuento] [ammount:1864617859680606][total:6718863684875861444]
[user:Felipe] [type:pago] [ammount:3176077026198425][total:6722039761902059869]
[user:Sonia] [type:descuento] [ammount:1501119888013494][total:6723540881790073363]
[user:Anakin] [type:inversión] [ammount:1224143016798200][total:6724765024806871563]
[user:Gustavo] [type:inversión] [ammount:2949256832861941][total:6727714281639733504]
[user:David] [type:inversión] [ammount:1548945526248544][total:6729263227165982048]
[user:Juan] [type:cobro] [ammount:3458327626640873][total:6732721554792622921]
[user:Felipe] [type:inversión] [ammount:2379891727697886][total:6735101446520320807]
[user:David] [type:pago] [ammount:420948060665635][total:6735522394580986442]
[user:Felipe] [type:pago] [ammount:1347175856207982][total:6736869570437194424]
[user:Juan] [type:descuento] [ammount:1098572646252611][total:6737968143083447035]
[user:Gustavo] [type:cobro] [ammount:2431024317063089][total:6740399167400510124]
[user:Gustavo] [type:descuento] [ammount:2753696148021446][total:6743152863548531570]
[user:David] [type:cobro] [ammount:1403986859514157][total:6744556850408045727]
[user:Kung] [type:pago] [ammount:974563793018533][total:6745531414201064260]
[user:Felipe] [type:cobro] [ammount:2553184022881433][total:6748084598223945693]
[user:Kung] [type:inversión] [ammount:2063192384298777][total:6750147790608244470]
[user:Juan] [type:inversión] [ammount:8684556769290][total:6750156475165013760]
[user:Juan] [type:inversión] [ammount:2290521396757684][total:6752446996561771444]
[user:Sonia] [type:pago] [ammount:2355577780868618][total:6754802574342640062]
[user:Sonia] [type:cobro] [ammount:691970239405389][total:6755494544582045451]
[user:Juan] [type:inversión] [ammount:2964319294152383][total:6758458863876197834]
[user:Dalí] [type:cobro] [ammount:34070491307774][total:6758492934367505608]
[user:Carlos] [type:inversión] [ammount:2806625177459049][total:6761299559544964657]
[user:Sonia] [type:descuento] [ammount:266521144160961][total:6761566080689125618]
[user:Keanu] [type:pago] [ammount:635219043736847][total:6762201299732862465]
[user:Juan] [type:cobro] [ammount:2333299808711143][total:6764534599541573608]
[user:David] [type:pago] [ammount:2889757941856231][total:6767424357483429839]
[user:Juan] [type:cobro] [ammount:746810376402369][total:6768171167859832208]
[user:Juan] [type:cobro] [ammount:1785049883335902][total:6769956217743168110]
[user:Carlos] [type:pago] [ammount:2016074284431312][total:6771972292027599422]
[user:Juan] [type:inversión] [ammount:3581582704536175][total:6775553874732135597]
[user:Kung] [type:cobro] [ammount:452171365132649][total:6776006046097268246]
[user:Kung] [type:cobro] [ammount:1752447219358640][total:6777758493316626886]
[user:Dalí] [type:inversión] [ammount:1224207430066502][total:6778982700746693388]
[user:Gustavo] [type:descuento] [ammount:1372678677023548][total:6780355379423716936]
[user:Felipe] [type:pago] [ammount:360326422387793][total:6780715705846104729]
[user:David] [type:inversión] [ammount:599036149566567][total:6781314741995671296]
[user:David] [type:descuento] [ammount:3305303748056237][total:6784620045743727533]
[user:Kung] [type:cobro] [ammount:2295106204934032][total:6786915151948661565]
[user:Sonia] [type:pago] [ammount:1686904765558575][total:6788602056714220140]
[user:Gustavo] [type:cobro] [ammount:758935022544023][total:6789360991736764163]
[user:Felipe] [type:descuento] [ammount:2265122473627647][total:6791626114210391810]
[user:Keanu] [type:descuento] [ammount:288851897176907][total:6791914966107568717]
[user:Keanu] [type:descuento] [ammount:3444731849480963][total:6795359697957049680]
[user:Sonia] [type:cobro] [ammount:3609654770088493][total:6798969352727138173]
[user:David] [type:descuento] [ammount:300243052104304][total:6799269595779242477]
[user:Keanu] [type:cobro] [ammount:1686934015162329][total:6800956529794404806]
[user:Kung] [type:pago] [ammount:2017275293168266][total:6802973805087573072]
[user:Kung] [type:cobro] [ammount:3327883591076016][total:6806301688678649088]
[user:Keanu] [type:cobro] [ammount:3140223277531212][total:6809441911956180300]
[user:David] [type:cobro] [ammount:3204245982663981][total:6812646157938844281]
[user:Gustavo] [type:cobro] [ammount:1236821855202718][total:6813882979794046999]
[user:Felipe] [type:inversión] [ammount:757101284911313][total:6814640081078958312]
[user:Dalí] [type:pago] [ammount:241000355365573][total:6814881081434323885]
[user:Carlos] [type:inversión] [ammount:2079221369497722][total:6816960302803821607]
[user:Keanu] [type:cobro] [ammount:2429154377241505][total:6819389457181063112]
[user:Anakin] [type:descuento] [ammount:1354868923152645][total:6820744326104215757]
[user:Gustavo] [type:pago] [ammount:1220305260001131][total:6821964631364216888]
[user:Anakin] [type:descuento] [ammount:1761418259913560][total:6823726049624130448]
[user:Felipe] [type:pago] [ammount:1059750007510204][total:6824785799631640652]
[user:Gustavo] [type:pago] [ammount:1245688779166355][total:6826031488410807007]
[user:Carlos] [type:inversión] [ammount:3421363710506300][total:6829452852121313307]
[user:Sonia] [type:pago] [ammount:1458919643241260][total:6830911771764554567]
[user:Carlos] [type:pago] [ammount:1671213817605675][total:6832582985582160242]
[user:David] [type:descuento] [ammount:2358290647634884][total:6834941276229795126]
[user:Felipe] [type:descuento] [ammount:1189129998862851][total:6836130406228657977]
[user:David] [type:inversión] [ammount:3245611155338165][total:6839376017383996142]
[user:Dalí] [type:cobro] [ammount:1571184516399215][total:6840947201900395357]
[user:David] [type:inversión] [ammount:1782639693207087][total:6842729841593602444]
[user:Dalí] [type:pago] [ammount:715784984624071][total:6843445626578226515]
[user:Gustavo] [type:cobro] [ammount:393914139797791][total:6843839540718024306]
[user:Keanu] [type:pago] [ammount:3114085604827095][total:6846953626322851401]
[user:Gustavo] [type:inversión] [ammount:2115245894164786][total:6849068872217016187]
[user:Felipe] [type:inversión] [ammount:2239792337948637][total:6851308664554964824]
[user:Carlos] [type:descuento] [ammount:972395825203808][total:6852281060380168632]
[user:Dalí] [type:descuento] [ammount:2611779069796795][total:6854892839449965427]
[user:Keanu] [type:cobro] [ammount:734242086004581][total:6855627081535970008]
[user:Kung] [type:descuento] [ammount:1702253719223522][total:6857329335255193530]
[user:Kung] [type:pago] [ammount:2085652599125735][total:6859414987854319265]
[user:Carlos] [type:cobro] [ammount:3584860946061244][total:6862999848800380509]
[user:Kung] [type:pago] [ammount:2325050773988704][total:6865324899574369213]
[user:Felipe] [type:inversión] [ammount:3225040399819373][total:6868549939974188586]
[user:Keanu] [type:pago] [ammount:390655276640329][total:6868940595250828915]
[user:Felipe] [type:inversión] [ammount:846887344189413][total:6869787482595018328]
[user:Anakin] [type:cobro] [ammount:2008695118940058][total:6871796177713958386]
[user:Felipe] [type:descuento] [ammount:2972694063219935][total:6874768871777178321]
[user:Felipe] [type:cobro] [ammount:1298679694756864][total:6876067551471935185]
[user:Dalí] [type:descuento] [ammount:1803720894277862][total:6877871272366213047]
[user:David] [type:inversión] [ammount:1694248797877735][total:6879565521164090782]
[user:David] [type:cobro] [ammount:3119540345439311][total:6882685061509530093]
[user:Carlos] [type:descuento] [ammount:613016049074724][total:6883298077558604817]
[user:Juan] [type:cobro] [ammount:2555569632799533][total:6885853647191404350]
[user:Carlos] [type:pago] [ammount:201097286340053][total:6886054744477744403]
[user:Dalí] [type:descuento] [ammount:2475080332839853][total:6888529824810584256]
[user:Gustavo] [type:cobro] [ammount:3182563126546310][total:6891712387937130566]
[user:Sonia] [type:pago] [ammount:327881599256316][total:6892040269536386882]
[user:Dalí] [type:descuento] [ammount:3429691465118724][total:6895469961001505606]
[user:Gustavo] [type:inversión] [ammount:1002217892900533][total:6896472178894406139]
[user:Dalí] [type:descuento] [ammount:3112759545863484][total:6899584938440269623]
[user:Sonia] [type:inversión] [ammount:2636796007834789][total:6902221734448104412]
[user:Carlos] [type:inversión] [ammount:3539606091360587][total:6905761340539464999]
[user:David] [type:inversión] [ammount:1534945289751486][total:6907296285829216485]
[user:Keanu] [type:pago] [ammount:824034035243435][total:6908120319864459920]
[user:Anakin] [type:inversión] [ammount:3021480381627486][total:6911141800246087406]
[user:Carlos] [type:inversión] [ammount:3050045886603022][total:6914191846132690428]
[user:Juan] [type:descuento] [ammount:2092373616116573][total:6916284219748807001]
[user:Felipe] [type:descuento] [ammount:1251307721745248][total:6917535527470552249]
[user:Juan] [type:inversión] [ammount:668609488270683][total:6918204136958822932]
[user:Anakin] [type:inversión] [ammount:743298914840909][total:6918947435873663841]
[user:Anakin] [type:descuento] [ammount:632184349829853][total:6919579620223493694]
[user:Keanu] [type:cobro] [ammount:1413548061711553][total:6920993168285205247]
[user:Kung] [type:pago] [ammount:1387613264227202][total:6922380781549432449]
[user:Dalí] [type:descuento] [ammount:1333563108853535][total:6923714344658285984]
[user:Gustavo] [type:inversión] [ammount:569078928212866][total:6924283423586498850]
[user:David] [type:pago] [ammount:462481811671136][total:6924745905398169986]
[user:Gustavo] [type:inversión] [ammount:302909377189564][total:6925048814775359550]
[user:Kung] [type:inversión] [ammount:3448421761832989][total:6928497236537192539]
[user:Kung] [type:inversión] [ammount:3339203535026494][total:6931836440072219033]
[user:Dalí] [type:descuento] [ammount:2038270963004539][total:6933874711035223572]
[user:Dalí] [type:inversión] [ammount:1171407164350785][total:6935046118199574357]
[user:Dalí] [type:inversión] [ammount:1052875735732107][total:6936098993935306464]
[user:David] [type:pago] [ammount:224514189865693][total:6936323508125172157]
[user:Anakin] [type:inversión] [ammount:1648081836471504][total:6937971589961643661]
[user:Anakin] [type:cobro] [ammount:1747692532088310][total:6939719282493731971]
[user:Keanu] [type:cobro] [ammount:1642177612641579][total:6941361460106373550]
[user:Sonia] [type:pago] [ammount:1913494656432596][total:6943274954762806146]
[user:David] [type:cobro] [ammount:1966543067031924][total:6945241497829838070]
[user:Kung] [type:inversión] [ammount:3297082164751598][total:6948538579994589668]
[user:Kung] [type:cobro] [ammount:2699928705548618][total:6951238508700138286]
[user:Felipe] [type:inversión] [ammount:684222492817465][total:6951922731192955751]
[user:Juan] [type:descuento] [ammount:1630118681016350][total:6953552849873972101]
[user:Dalí] [type:descuento] [ammount:3350750303362767][total:6956903600177334868]
[user:Kung] [type:descuento] [ammount:3397238340953406][total:6960300838518288274]
[user:Gustavo] [type:pago] [ammount:158467123371275][total:6960459305641659549]
[user:Dalí] [type:cobro] [ammount:796241392876901][total:6961255547034536450]
[user:Kung] [type:inversión] [ammount:1296158036471347][total:6962551705071007797]
[user:Kung] [type:descuento] [ammount:109754998372706][total:6962661460069380503]
[user:Felipe] [type:descuento] [ammount:320775590713378][total:6962982235660093881]
[user:Felipe] [type:pago] [ammount:2307253383021254][total:6965289489043115135]
[user:Gustavo] [type:pago] [ammount:2939239433382026][total:6968228728476497161]
[user:Sonia] [type:cobro] [ammount:1689996005791973][total:6969918724482289134]
[user:Felipe] [type:inversión] [ammount:3525420955349676][total:6973444145437638810]
[user:Felipe] [type:cobro] [ammount:394870315536950][total:6973839015753175760]
[user:David] [type:inversión] [ammount:2310288163193625][total:6976149303916369385]
[user:Carlos] [type:pago] [ammount:1981961407837171][total:6978131265324206556]
[user:Gustavo] [type:inversión] [ammount:1335974378109045][total:6979467239702315601]
[user:Gustavo] [type:cobro] [ammount:3393882380689647][total:6982861122083005248]
[user:Gustavo] [type:descuento] [ammount:2322929237569873][total:6985184051320575121]
[user:Carlos] [type:inversión] [ammount:2800673289729733][total:6987984724610304854]
[user:Sonia] [type:descuento] [ammount:2304387639264533][total:6990289112249569387]
[user:Anakin] [type:pago] [ammount:825971047325598][total:6991115083296894985]
[user:Sonia] [type:pago] [ammount:1743409132733887][total:6992858492429628872]
[user:Sonia] [type:pago] [ammount:2854295807513477][total:6995712788237142349]
[user:Keanu] [type:inversión] [ammount:2999333988910283][total:6998712122226052632]
[user:Carlos] [type:inversión] [ammount:2567804941474371][total:7001279927167527003]
[user:Felipe] [type:inversión] [ammount:268334097349065][total:7001548261264876068]
[user:David] [type:descuento] [ammount:553376866507877][total:7002101638131383945]
[user:David] [type:cobro] [ammount:3170153826729974][total:7005271791958113919]
[user:Carlos] [type:pago] [ammount:409607889279460][total:7005681399847393379]
[user:Carlos] [type:descuento] [ammount:328224636477751][total:7006009624483871130]
[user:Carlos] [type:pago] [ammount:3514324984932217][total:7009523949468803347]
[user:Juan] [type:inversión] [ammount:3367948755632496][total:7012891898224435843]
[user:Carlos] [type:inversión] [ammount:1335786160649374][total:7014227684385085217]
[user:Gustavo] [type:pago] [ammount:337084848471183][total:7014564769233556400]
[user:Sonia] [type:pago] [ammount:3513959595019485][total:7018078728828575885]
[user:Felipe] [type:pago] [ammount:3197446116345159][total:7021276174944921044]
[user:Anakin] [type:pago] [ammount:902043341897545][total:7022178218286818589]
[user:Sonia] [type:cobro] [ammount:680246614787325][total:7022858464901605914]
[user:Dalí] [type:pago] [ammount:2064965224260883][total:7024923430125866797]
[user:Dalí] [type:pago] [ammount:3311968459212740][total:7028235398585079537]
[user:Juan] [type:descuento] [ammount:2677580021208012][total:7030912978606287549]
[user:Felipe] [type:inversión] [ammount:2210680538268034][total:7033123659144555583]
[user:Sonia] [type:descuento] [ammount:1718496052891061][total:7034842155197446644]
[user:Sonia] [type:pago] [ammount:181554989856906][total:7035023710187303550]
[user:Dalí] [type:inversión] [ammount:2174826057043251][total:7037198536244346801]
[user:Felipe] [type:pago] [ammount:2731770235327883][total:7039930306479674684]
[user:David] [type:inversión] [ammount:3246082842254268][total:7043176389321928952]
[user:David] [type:inversión] [ammount:3003982725024848][total:7046180372046953800]
[user:Sonia] [type:cobro] [ammount:470260457660250][total:7046650632504614050]
[user:Keanu] [type:descuento] [ammount:2265966825221400][total:7048916599329835450]
[user:Juan] [type:cobro] [ammount:1771046397537809][total:7050687645727373259]
[user:David] [type:pago] [ammount:1713158736558929][total:7052400804463932188]
[user:Sonia] [type:pago] [ammount:2318534434045037][total:7054719338897977225]
[user:Sonia] [type:cobro] [ammount:1994934980926446][total:7056714273878903671]
[user:Dalí] [type:cobro] [ammount:1093059490988932][total:7057807333369892603]
[user:Sonia] [type:inversión] [ammount:3197447752298315][total:7061004781122190918]
[user:Dalí] [type:descuento] [ammount:566175441428597][total:7061570956563619515]
[user:Felipe] [type:cobro] [ammount:2091726048645516][total:7063662682612265031]
[user:Anakin] [type:cobro] [ammount:3536589671614331][total:7067199272283879362]
[user:Dalí] [type:pago] [ammount:1377629672535177][total:7068576901956414539]
[user:Anakin] [type:descuento] [ammount:866660384901510][total:7069443562341316049]
[user:Juan] [type:inversión] [ammount:1417600048234207][total:7070861162389550256]
[user:Keanu] [type:cobro] [ammount:2113205618887375][total:7072974368008437631]
[user:Anakin] [type:inversión] [ammount:2605098385231974][total:7075579466393669605]
[user:Carlos] [type:cobro] [ammount:1641777282420067][total:7077221243676089672]
[user:Gustavo] [type:descuento] [ammount:2487555575391757][total:7079708799251481429]
[user:Sonia] [type:inversión] [ammount:1559441162026131][total:7081268240413507560]
[user:Sonia] [type:cobro] [ammount:832814987760332][total:7082101055401267892]
[user:Dalí] [type:pago] [ammount:1034561513994073][total:7083135616915261965]
[user:Keanu] [type:inversión] [ammount:3238899774454606][total:7086374516689716571]
[user:Anakin] [type:pago] [ammount:1274588571596866][total:7087649105261313437]
[user:David] [type:inversión] [ammount:2896642570923162][total:7090545747832236599]
[user:Kung] [type:descuento] [ammount:1433481674757902][total:7091979229506994501]
[user:Keanu] [type:pago] [ammount:1825951528141488][total:7093805181035135989]
[user:Sonia] [type:pago] [ammount:1227866834724565][total:7095033047869860554]
[user:Carlos] [type:cobro] [ammount:3288467526547781][total:7098321515396408335]
[user:Dalí] [type:descuento] [ammount:2958907979852611][total:7101280423376260946]
[user:Sonia] [type:pago] [ammount:2793505702484807][total:7104073929078745753]
[user:Dalí] [type:cobro] [ammount:3282240134646715][total:7107356169213392468]
[user:Sonia] [type:cobro] [ammount:115851134697552][total:7107472020348090020]
[user:Keanu] [type:cobro] [ammount:2935695395553589][total:7110407715743643609]
[user:Carlos] [type:pago] [ammount:2338401641837577][total:7112746117385481186]
[user:David] [type:cobro] [ammount:2075371258505532][total:7114821488643986718]
[user:Sonia] [type:cobro] [ammount:1653396224307893][total:7116474884868294611]
[user:Anakin] [type:cobro] [ammount:2701890162218949][total:7119176775030513560]
[user:David] [type:cobro] [ammount:1851833737750808][total:7121028608768264368]
[user:Felipe] [type:cobro] [ammount:1385273336709899][total:7122413882104974267]
[user:Carlos] [type:pago] [ammount:927320819616399][total:7123341202924590666]
[user:Sonia] [type:pago] [ammount:2155171137815202][total:7125496374062405868]
[user:Keanu] [type:pago] [ammount:2697582208710247][total:7128193956271116115]
[user:Kung] [type:pago] [ammount:746079538574406][total:7128940035809690521]
[user:David] [type:cobro] [ammount:1543800107948121][total:7130483835917638642]
[user:Keanu] [type:inversión] [ammount:2603664081304721][total:7133087499998943363]
[user:Gustavo] [type:pago] [ammount:1626125109192658][total:7134713625108136021]
[user:David] [type:inversión] [ammount:1158436879309774][total:7135872061987445795]
[user:Felipe] [type:inversión] [ammount:3298447246894035][total:7139170509234339830]
[user:Gustavo] [type:cobro] [ammount:2229726202643849][total:7141400235436983679]
[user:David] [type:pago] [ammount:1642776139677532][total:7143043011576661211]
[user:Dalí] [type:descuento] [ammount:682518148556673][total:7143725529725217884]
[user:Dalí] [type:descuento] [ammount:952119793429951][total:7144677649518647835]
[user:David] [type:inversión] [ammount:239834185168430][total:7144917483703816265]
[user:Kung] [type:cobro] [ammount:1002121800418461][total:7145919605504234726]
[user:Juan] [type:inversión] [ammount:993303360255999][total:7146912908864490725]
[user:Carlos] [type:cobro] [ammount:1239478066818355][total:7148152386931309080]
[user:Dalí] [type:inversión] [ammount:1471159091316178][total:7149623546022625258]
[user:Sonia] [type:pago] [ammount:2096879969192821][total:7151720425991818079]
[user:Dalí] [type:cobro] [ammount:208793802764250][total:7151929219794582329]
[user:Kung] [type:pago] [ammount:1181476403709183][total:7153110696198291512]
[user:David] [type:pago] [ammount:3041052661689671][total:7156151748859981183]
[user:Carlos] [type:descuento] [ammount:3546230963742867][total:7159697979823724050]
[user:Carlos] [type:pago] [ammount:3208608264929712][total:7162906588088653762]
[user:Sonia] [type:pago] [ammount:3272633709894416][total:7166179221798548178]
[user:Kung] [type:cobro] [ammount:1609866469323959][total:7167789088267872137]
[user:Dalí] [type:cobro] [ammount:972518355055504][total:7168761606622927641]
[user:Carlos] [type:descuento] [ammount:1959088093897244][total:7170720694716824885]
[user:Carlos] [type:cobro] [ammount:1381153187312578][total:7172101847904137463]
[user:David] [type:cobro] [ammount:560969227635868][total:7172662817131773331]
[user:David] [type:pago] [ammount:3368506014842046][total:7176031323146615377]
[user:Dalí] [type:descuento] [ammount:2776981754439223][total:7178808304901054600]
[user:Anakin] [type:pago] [ammount:1727679458218893][total:7180535984359273493]
[user:Keanu] [type:descuento] [ammount:69837096987192][total:7180605821456260685]
[user:Dalí] [type:cobro] [ammount:2624836561166904][total:7183230658017427589]
[user:Felipe] [type:inversión] [ammount:1740113178810983][total:7184970771196238572]
[user:Gustavo] [type:descuento] [ammount:307588741896378][total:7185278359938134950]
[user:Gustavo] [type:pago] [ammount:768929273906668][total:7186047289212041618]
[user:Gustavo] [type:pago] [ammount:1037000186886420][total:7187084289398928038]
[user:David] [type:inversión] [ammount:482135731617463][total:7187566425130545501]
[user:Sonia] [type:descuento] [ammount:164703568722870][total:7187731128699268371]
[user:David] [type:pago] [ammount:809049048036769][total:7188540177747305140]
[user:Gustavo] [type:pago] [ammount:3479490379344904][total:7192019668126650044]
[user:Felipe] [type:cobro] [ammount:2931277512910898][total:7194950945639560942]
[user:Anakin] [type:cobro] [ammount:3240158366839181][total:7198191104006400123]
[user:Dalí] [type:pago] [ammount:2118808494045947][total:7200309912500446070]
[user:Gustavo] [type:inversión] [ammount:1538426611869426][total:7201848339112315496]
[user:Gustavo] [type:inversión] [ammount:792449883532547][total:7202640788995848043]
[user:Carlos] [type:descuento] [ammount:3026333523211873][total:7205667122519059916]
[user:Dalí] [type:inversión] [ammount:3525623251620807][total:7209192745770680723]
[user:Felipe] [type:descuento] [ammount:529973849922257][total:7209722719620602980]
[user:Kung] [type:descuento] [ammount:1813421422374861][total:7211536141042977841]
[user:Kung] [type:pago] [ammount:2081135279057599][total:7213617276322035440]
[user:David] [type:pago] [ammount:2841227638209098][total:7216458503960244538]
[user:Carlos] [type:inversión] [ammount:733233260292444][total:7217191737220536982]
[user:Carlos] [type:descuento] [ammount:3654021127340098][total:7220845758347877080]
[user:David] [type:cobro] [ammount:3036117374107440][total:7223881875721984520]
[user:Carlos] [type:pago] [ammount:2342728482454484][total:7226224604204439004]
[user:Sonia] [type:inversión] [ammount:1033653128264859][total:7227258257332703863]
[user:David] [type:inversión] [ammount:833048392882616][total:7228091305725586479]
[user:Sonia] [type:inversión] [ammount:159577328097574][total:7228250883053684053]
[user:Carlos] [type:cobro] [ammount:286441675957578][total:7228537324729641631]
[user:David] [type:descuento] [ammount:1281790834176799][total:7229819115563818430]
[user:Sonia] [type:cobro] [ammount:783538376331310][total:7230602653940149740]
[user:Felipe] [type:pago] [ammount:2804010334016531][total:7233406664274166271]
[user:Sonia] [type:inversión] [ammount:202402804691018][total:7233609067078857289]
[user:Gustavo] [type:descuento] [ammount:2306263865788864][total:7235915330944646153]
[user:Juan] [type:cobro] [ammount:480667031977739][total:7236395997976623892]
[user:Dalí] [type:pago] [ammount:2608161587902632][total:7239004159564526524]
[user:Kung] [type:cobro] [ammount:1872654192426313][total:7240876813756952837]
[user:Felipe] [type:pago] [ammount:1906052229480458][total:7242782865986433295]
[user:David] [type:pago] [ammount:1273772679215954][total:7244056638665649249]
[user:Carlos] [type:descuento] [ammount:1365821767864070][total:7245422460433513319]
[user:David] [type:pago] [ammount:1758909793824394][total:7247181370227337713]
[user:Sonia] [type:pago] [ammount:3036649196017651][total:7250218019423355364]
[user:Gustavo] [type:descuento] [ammount:881906702704519][total:7251099926126059883]
[user:Sonia] [type:descuento] [ammount:2539708254587802][total:7253639634380647685]
[user:Anakin] [type:pago] [ammount:1353851193244316][total:7254993485573892001]
[user:Juan] [type:cobro] [ammount:3066977969997361][total:7258060463543889362]
[user:Kung] [type:descuento] [ammount:2791453365038946][total:7260851916908928308]
[user:David] [type:descuento] [ammount:2997868319551736][total:7263849785228480044]
[user:David] [type:inversión] [ammount:345097520007810][total:7264194882748487854]
[user:Keanu] [type:pago] [ammount:59806747416781][total:7264254689495904635]
[user:Dalí] [type:cobro] [ammount:1291497127068008][total:7265546186622972643]
[user:Carlos] [type:descuento] [ammount:1105727816435549][total:7266651914439408192]
[user:Dalí] [type:inversión] [ammount:2718529813009495][total:7269370444252417687]
[user:Carlos] [type:inversión] [ammount:300705604651827][total:7269671149857069514]
[user:Gustavo] [type:cobro] [ammount:1825721107993266][total:7271496870965062780]
[user:Felipe] [type:pago] [ammount:2599585547959563][total:7274096456513022343]
[user:Keanu] [type:inversión] [ammount:3054534721023432][total:7277150991234045775]
[user:Juan] [type:cobro] [ammount:179111968560492][total:7277330103202606267]
[user:Anakin] [type:inversión] [ammount:852784077189902][total:7278182887279796169]
[user:Anakin] [type:cobro] [ammount:802874097330445][total:7278985761377126614]
[user:Keanu] [type:cobro] [ammount:2012899983753486][total:7280998661360880100]
[user:Felipe] [type:cobro] [ammount:2359540972257164][total:7283358202333137264]
[user:Anakin] [type:descuento] [ammount:2052142666236956][total:7285410344999374220]
[user:Sonia] [type:cobro] [ammount:1507558630183327][total:7286917903629557547]
[user:Dalí] [type:descuento] [ammount:2718901948358156][total:7289636805577915703]
[user:David] [type:descuento] [ammount:9419188242398][total:7289646224766158101]
[user:Kung] [type:cobro] [ammount:2623068749880112][total:7292269293516038213]
[user:Felipe] [type:inversión] [ammount:3127505919304821][total:7295396799435343034]
[user:Kung] [type:inversión] [ammount:3286780812432341][total:7298683580247775375]
[user:David] [type:inversión] [ammount:2140733751559361][total:7300824313999334736]
[user:Kung] [type:inversión] [ammount:118936432768240][total:7300943250432102976]
[user:Anakin] [type:cobro] [ammount:105525060403247][total:7301048775492506223]
[user:Anakin] [type:descuento] [ammount:3354127381730434][total:7304402902874236657]
[user:Carlos] [type:pago] [ammount:1519731008700536][total:7305922633882937193]
[user:Keanu] [type:pago] [ammount:1544487288940986][total:7307467121171878179]
[user:Keanu] [type:pago] [ammount:2374530457542964][total:7309841651629421143]
[user:Anakin] [type:pago] [ammount:1361592727195336][total:7311203244356616479]
[user:Juan] [type:cobro] [ammount:3320479606315939][total:7314523723962932418]
[user:Kung] [type:pago] [ammount:3384709183232988][total:7317908433146165406]
[user:Gustavo] [type:pago] [ammount:1228069229446098][total:7319136502375611504]
[user:Dalí] [type:cobro] [ammount:1301947513068851][total:7320438449888680355]
[user:Felipe] [type:descuento] [ammount:1745424925096993][total:7322183874813777348]
[user:Sonia] [type:cobro] [ammount:2383114011674091][total:7324566988825451439]
[user:Sonia] [type:descuento] [ammount:763627626317252][total:7325330616451768691]
[user:David] [type:inversión] [ammount:3654111882975506][total:7328984728334744197]
[user:Anakin] [type:inversión] [ammount:3266058625729422][total:7332250786960473619]
[user:Gustavo] [type:pago] [ammount:951865912731174][total:7333202652873204793]
[user:Anakin] [type:inversión] [ammount:385678408174549][total:7333588331281379342]
[user:Anakin] [type:inversión] [ammount:2504731089576278][total:7336093062370955620]
[user:Juan] [type:cobro] [ammount:840324981867071][total:7336933387352822691]
[user:Sonia] [type:pago] [ammount:3215404346722101][total:7340148791699544792]
[user:Juan] [type:pago] [ammount:3576149640385978][total:7343724941339930770]
[user:Carlos] [type:descuento] [ammount:3548642166560326][total:7347273583506491096]
[user:Juan] [type:inversión] [ammount:2238768031359123][total:7349512351537850219]
[user:Sonia] [type:inversión] [ammount:1287668822268611][total:7350800020360118830]
[user:Keanu] [type:descuento] [ammount:2481407933690338][total:7353281428293809168]
[user:Carlos] [type:pago] [ammount:266517089969084][total:7353547945383778252]
[user:Keanu] [type:descuento] [ammount:1106533275207677][total:7354654478658985929]
[user:David] [type:descuento] [ammount:997985801056448][total:7355652464460042377]
[user:Juan] [type:cobro] [ammount:1150735914981136][total:7356803200375023513]
[user:Gustavo] [type:pago] [ammount:2924276223067130][total:7359727476598090643]
[user:Felipe] [type:inversión] [ammount:2746740552550926][total:7362474217150641569]
[user:Kung] [type:inversión] [ammount:900919486974142][total:7363375136637615711]
[user:Juan] [type:pago] [ammount:2387317509113698][total:7365762454146729409]
[user:Carlos] [type:cobro] [ammount:3345309587778086][total:7369107763734507495]
[user:Dalí] [type:cobro] [ammount:228550810181449][total:7369336314544688944]
[user:Juan] [type:pago] [ammount:2574228638140009][total:7371910543182828953]
[user:Dalí] [type:descuento] [ammount:2492843266633442][total:7374403386449462395]
[user:Anakin] [type:pago] [ammount:1856327213670129][total:7376259713663132524]
[user:Juan] [type:pago] [ammount:746877756095903][total:7377006591419228427]
[user:Dalí] [type:inversión] [ammount:289367243262370][total:7377295958662490797]
[user:Keanu] [type:pago] [ammount:1609433728818195][total:7378905392391308992]
[user:Felipe] [type:descuento] [ammount:738198773817412][total:7379643591165126404]
[user:Juan] [type:cobro] [ammount:1236687509715651][total:7380880278674842055]
[user:Sonia] [type:descuento] [ammount:2757613307491329][total:7383637891982333384]
[user:Anakin] [type:cobro] [ammount:914800303508484][total:7384552692285841868]
[user:David] [type:pago] [ammount:205508550811191][total:7384758200836653059]
[user:Juan] [type:inversión] [ammount:3512555419652704][total:7388270756256305763]
[user:Anakin] [type:inversión] [ammount:942154008579313][total:7389212910264885076]
[user:Gustavo] [type:cobro] [ammount:2013412857559005][total:7391226323122444081]
[user:Kung] [type:inversión] [ammount:3223861626485695][total:7394450184748929776]
[user:Felipe] [type:descuento] [ammount:2454566956337953][total:7396904751705267729]
[user:Dalí] [type:descuento] [ammount:1451750990232854][total:7398356502695500583]
[user:Gustavo] [type:inversión] [ammount:492928319881556][total:7398849431015382139]
[user:Kung] [type:cobro] [ammount:2936010112839268][total:7401785441128221407]
[user:Sonia] [type:descuento] [ammount:3667429421204126][total:7405452870549425533]
[user:David] [type:pago] [ammount:1585895426340822][total:7407038765975766355]
[user:Gustavo] [type:descuento] [ammount:2444160577376877][total:7409482926553143232]
[user:Kung] [type:descuento] [ammount:385541788663192][total:7409868468341806424]
[user:Carlos] [type:inversión] [ammount:603876426480307][total:7410472344768286731]
[user:Gustavo] [type:cobro] [ammount:3450794012555248][total:7413923138780841979]
[user:Felipe] [type:cobro] [ammount:2668134284960164][total:7416591273065802143]
[user:Anakin] [type:cobro] [ammount:707700264197025][total:7417298973329999168]
[user:Sonia] [type:cobro] [ammount:1201636293924363][total:7418500609623923531]
[user:Keanu] [type:pago] [ammount:2510071703601195][total:7421010681327524726]
[user:Juan] [type:inversión] [ammount:2650279213500841][total:7423660960541025567]
[user:Keanu] [type:inversión] [ammount:1062606135926495][total:7424723566676952062]
[user:Sonia] [type:cobro] [ammount:3362236003381471][total:7428085802680333533]
[user:Anakin] [type:cobro] [ammount:305366680207003][total:7428391169360540536]
[user:Carlos] [type:pago] [ammount:453071085221558][total:7428844240445762094]
[user:Keanu] [type:descuento] [ammount:2990079136340076][total:7431834319582102170]
[user:Kung] [type:inversión] [ammount:3324606794446736][total:7435158926376548906]
[user:Carlos] [type:cobro] [ammount:1672926948998219][total:7436831853325547125]
[user:Sonia] [type:inversión] [ammount:3238381093769802][total:7440070234419316927]
[user:Gustavo] [type:descuento] [ammount:111305261260744][total:7440181539680577671]
[user:Carlos] [type:cobro] [ammount:778660264726532][total:7440960199945304203]
[user:Keanu] [type:inversión] [ammount:1433961182228386][total:7442394161127532589]
[user:Juan] [type:descuento] [ammount:824647154104998][total:7443218808281637587]
[user:Juan] [type:inversión] [ammount:1550494726282934][total:7444769303007920521]
[user:David] [type:descuento] [ammount:2674957751654546][total:7447444260759575067]
[user:Felipe] [type:descuento] [ammount:478462701491530][total:7447922723461066597]
[user:Keanu] [type:cobro] [ammount:2942516130062277][total:7450865239591128874]
[user:Juan] [type:descuento] [ammount:525859747002938][total:7451391099338131812]
[user:Gustavo] [type:cobro] [ammount:40834897639996][total:7451431934235771808]
[user:Anakin] [type:inversión] [ammount:2683132947598529][total:7454115067183370337]
[user:Dalí] [type:pago] [ammount:1269917772170351][total:7455384984955540688]
[user:Carlos] [type:inversión] [ammount:3257528286456995][total:7458642513241997683]
[user:Felipe] [type:pago] [ammount:1952573251610419][total:7460595086493608102]
[user:Anakin] [type:pago] [ammount:2479350131282029][total:7463074436624890131]
[user:Keanu] [type:cobro] [ammount:3534581958238707][total:7466609018583128838]
[user:Juan] [type:descuento] [ammount:1968452797072522][total:7468577471380201360]
[user:Anakin] [type:cobro] [ammount:36137847404358][total:7468613609227605718]
[user:Keanu] [type:inversión] [ammount:3666060610265425][total:7472279669837871143]
[user:Kung] [type:pago] [ammount:2864134077716250][total:7475143803915587393]
[user:Kung] [type:descuento] [ammount:921145096564739][total:7476064949012152132]
[user:Gustavo] [type:cobro] [ammount:228722951647342][total:7476293671963799474]
[user:Carlos] [type:inversión] [ammount:2515814324050639][total:7478809486287850113]
[user:Kung] [type:cobro] [ammount:280617677940759][total:7479090103965790872]
[user:Carlos] [type:inversión] [ammount:2641303637605567][total:7481731407603396439]
[user:Carlos] [type:cobro] [ammount:88869431848439][total:7481820277035244878]
[user:Anakin] [type:descuento] [ammount:3052283705644503][total:7484872560740889381]
[user:Dalí] [type:inversión] [ammount:1614268719307872][total:7486486829460197253]
[user:Anakin] [type:pago] [ammount:3184071149757777][total:7489670900609955030]
[user:Kung] [type:descuento] [ammount:3453099138733036][total:7493123999748688066]
[user:Gustavo] [type:descuento] [ammount:399422910515425][total:7493523422659203491]
[user:Keanu] [type:inversión] [ammount:2669557641890583][total:7496192980301094074]
[user:Felipe] [type:inversión] [ammount:2199395082119017][total:7498392375383213091]
[user:Juan] [type:cobro] [ammount:1775415652493824][total:7500167791035706915]
[user:Carlos] [type:inversión] [ammount:2528100353597259][total:7502695891389304174]
[user:Juan] [type:pago] [ammount:3609311010238005][total:7506305202399542179]
[user:Keanu] [type:pago] [ammount:897722072150656][total:7507202924471692835]
[user:Felipe] [type:pago] [ammount:1705943790997660][total:7508908868262690495]
[user:Carlos] [type:pago] [ammount:2020241164122488][total:7510929109426812983]
[user:Kung] [type:cobro] [ammount:3307613183165404][total:7514236722609978387]
[user:Keanu] [type:inversión] [ammount:1448556635362615][total:7515685279245341002]
[user:Anakin] [type:descuento] [ammount:412929700198302][total:7516098208945539304]
[user:David] [type:inversión] [ammount:736188349140990][total:7516834397294680294]
[user:Anakin] [type:inversión] [ammount:1712530258760256][total:7518546927553440550]
[user:Felipe] [type:cobro] [ammount:1717098705796267][total:7520264026259236817]
[user:Juan] [type:pago] [ammount:3236197967629015][total:7523500224226865832]
[user:Kung] [type:cobro] [ammount:1144456367567874][total:7524644680594433706]
[user:Sonia] [type:cobro] [ammount:3135290422943048][total:7527779971017376754]
[user:Carlos] [type:descuento] [ammount:2239022345510560][total:7530018993362887314]
[user:Felipe] [type:cobro] [ammount:2107385177864056][total:7532126378540751370]
[user:Felipe] [type:cobro] [ammount:2208367831831966][total:7534334746372583336]
[user:Kung] [type:inversión] [ammount:401601212001259][total:7534736347584584595]
[user:David] [type:descuento] [ammount:627358879097639][total:7535363706463682234]
[user:Anakin] [type:pago] [ammount:40591591574015][total:7535404298055256249]
[user:Kung] [type:inversión] [ammount:1990196823459478][total:7537394494878715727]
[user:David] [type:pago] [ammount:3421137058858644][total:7540815631937574371]
[user:Carlos] [type:cobro] [ammount:1913248713228825][total:7542728880650803196]
[user:David] [type:pago] [ammount:2928877348775277][total:7545657757999578473]
[user:Dalí] [type:inversión] [ammount:1991869756407096][total:7547649627755985569]
[user:Anakin] [type:descuento] [ammount:1444823189697100][total:7549094450945682669]
[user:Keanu] [type:inversión] [ammount:3602042722328769][total:7552696493668011438]
[user:Anakin] [type:cobro] [ammount:533664290176806][total:7553230157958188244]
[user:Felipe] [type:pago] [ammount:3502175034836641][total:7556732332993024885]
[user:Keanu] [type:cobro] [ammount:3571884329368632][total:7560304217322393517]
[user:Anakin] [type:pago] [ammount:1623851719194910][total:7561928069041588427]
[user:Gustavo] [type:inversión] [ammount:1681127368352484][total:7563609196409940911]
[user:Felipe] [type:inversión] [ammount:3098871523308928][total:7566708067933249839]
[user:Juan] [type:descuento] [ammount:1991276915508230][total:7568699344848758069]
[user:David] [type:inversión] [ammount:124621110883317][total:7568823965959641386]
[user:Anakin] [type:descuento] [ammount:1757057544219831][total:7570581023503861217]
[user:David] [type:inversión] [ammount:2315947077225341][total:7572896970581086558]
[user:David] [type:cobro] [ammount:2881816689147005][total:7575778787270233563]
[user:Gustavo] [type:pago] [ammount:3232310085933581][total:7579011097356167144]
[user:Keanu] [type:pago] [ammount:3276576098968097][total:7582287673455135241]
[user:David] [type:inversión] [ammount:25043819829453][total:7582312717274964694]
[user:Dalí] [type:descuento] [ammount:3683235429484918][total:7585995952704449612]
[user:Carlos] [type:inversión] [ammount:698729926176583][total:7586694682630626195]
[user:Sonia] [type:inversión] [ammount:3519267092454501][total:7590213949723080696]
[user:Gustavo] [type:descuento] [ammount:967301069285718][total:7591181250792366414]
[user:Carlos] [type:inversión] [ammount:438530978868603][total:7591619781771235017]
[user:Juan] [type:pago] [ammount:1272293153824460][total:7592892074925059477]
[user:David] [type:cobro] [ammount:1201078523534325][total:7594093153448593802]
[user:Carlos] [type:cobro] [ammount:3643375632659377][total:7597736529081253179]
[user:Juan] [type:descuento] [ammount:175017049936702][total:7597911546131189881]
[user:David] [type:inversión] [ammount:3104471836159734][total:7601016017967349615]
[user:Anakin] [type:descuento] [ammount:359478630473723][total:7601375496597823338]
[user:Sonia] [type:descuento] [ammount:3440220951787395][total:7604815717549610733]
[user:Gustavo] [type:pago] [ammount:2302500754233395][total:7607118218303844128]
[user:Sonia] [type:cobro] [ammount:385240968470325][total:7607503459272314453]
[user:Sonia] [type:inversión] [ammount:3246953058375244][total:7610750412330689697]
[user:Kung] [type:descuento] [ammount:403037365983798][total:7611153449696673495]
[user:Kung] [type:pago] [ammount:2477783707954635][total:7613631233404628130]
[user:Gustavo] [type:cobro] [ammount:3265988912245503][total:7616897222316873633]
[user:Sonia] [type:descuento] [ammount:1095843118040095][total:7617993065434913728]
[user:Carlos] [type:pago] [ammount:2001387346534598][total:7619994452781448326]
[user:Juan] [type:descuento] [ammount:1680903842034108][total:7621675356623482434]
[user:Kung] [type:inversión] [ammount:1350576210964392][total:7623025932834446826]
[user:Carlos] [type:inversión] [ammount:1955260468224756][total:7624981193302671582]
[user:David] [type:descuento] [ammount:1891095424443654][total:7626872288727115236]
[user:Anakin] [type:cobro] [ammount:3234374330933001][total:7630106663058048237]
[user:Dalí] [type:cobro] [ammount:3498365792467878][total:7633605028850516115]
[user:Carlos] [type:cobro] [ammount:2170552243081][total:7633607199402759196]
[user:Carlos] [type:descuento] [ammount:2627959481350416][total:7636235158884109612]
[user:Kung] [type:inversión] [ammount:1746242506626043][total:7637981401390735655]
[user:Anakin] [type:pago] [ammount:231622528078541][total:7638213023918814196]
[user:Juan] [type:descuento] [ammount:1063496390462206][total:7639276520309276402]
[user:David] [type:inversión] [ammount:1467570565183292][total:7640744090874459694]
[user:Carlos] [type:cobro] [ammount:103994204727342][total:7640848085079187036]
[user:Keanu] [type:cobro] [ammount:3263466167203680][total:7644111551246390716]
[user:Anakin] [type:inversión] [ammount:328320864856031][total:7644439872111246747]
[user:Sonia] [type:descuento] [ammount:1394707116291133][total:7645834579227537880]
[user:Kung] [type:pago] [ammount:603030593693512][total:7646437609821231392]
[user:Kung] [type:inversión] [ammount:2959077203787591][total:7649396687025018983]
[user:Dalí] [type:pago] [ammount:512366891694725][total:7649909053916713708]
[user:Carlos] [type:pago] [ammount:2539968861746542][total:7652449022778460250]
[user:Keanu] [type:cobro] [ammount:2349050087249381][total:7654798072865709631]
[user:Juan] [type:inversión] [ammount:5284810678288][total:7654803357676387919]
[user:Dalí] [type:inversión] [ammount:2292726014568845][total:7657096083690956764]
[user:Gustavo] [type:cobro] [ammount:187445363974372][total:7657283529054931136]
[user:Sonia] [type:inversión] [ammount:982089142641342][total:7658265618197572478]
[user:Juan] [type:cobro] [ammount:3602308769392813][total:7661867926966965291]
[user:Sonia] [type:inversión] [ammount:1766996427185109][total:7663634923394150400]
[user:Keanu] [type:pago] [ammount:437005363985158][total:7664071928758135558]
[user:Keanu] [type:pago] [ammount:718300579078347][total:7664790229337213905]
[user:Anakin] [type:cobro] [ammount:2147149326244176][total:7666937378663458081]
[user:Keanu] [type:cobro] [ammount:1615028663252190][total:7668552407326710271]
[user:Juan] [type:cobro] [ammount:2896297479386544][total:7671448704806096815]
[user:Dalí] [type:cobro] [ammount:2051149573276650][total:7673499854379373465]
[user:Anakin] [type:descuento] [ammount:1536811918245360][total:7675036666297618825]
[user:Kung] [type:cobro] [ammount:761845473111482][total:7675798511770730307]
[user:Juan] [type:cobro] [ammount:2063783441462254][total:7677862295212192561]
[user:Felipe] [type:pago] [ammount:1177653558678398][total:7679039948770870959]
[user:Sonia] [type:pago] [ammount:782342723277951][total:7679822291494148910]
[user:Carlos] [type:pago] [ammount:3367636237008890][total:7683189927731157800]
[user:Carlos] [type:inversión] [ammount:1062706525508705][total:7684252634256666505]
[user:David] [type:cobro] [ammount:1791983491138778][total:7686044617747805283]
[user:Juan] [type:pago] [ammount:3098616156412213][total:7689143233904217496]
[user:David] [type:cobro] [ammount:3378883333672281][total:7692522117237889777]
[user:Gustavo] [type:descuento] [ammount:3682862363252933][total:7696204979601142710]
[user:Sonia] [type:pago] [ammount:3189232805404473][total:7699394212406547183]
[user:Dalí] [type:pago] [ammount:1647926667955130][total:7701042139074502313]
[user:Juan] [type:descuento] [ammount:767083901460657][total:7701809222975962970]
[user:Dalí] [type:pago] [ammount:2990289622754804][total:7704799512598717774]
[user:Dalí] [type:pago] [ammount:1967076183212876][total:7706766588781930650]
[user:Juan] [type:pago] [ammount:702717840796069][total:7707469306622726719]
[user:Gustavo] [type:descuento] [ammount:3043690415624896][total:7710512997038351615]
[user:Dalí] [type:pago] [ammount:1193857023070804][total:7711706854061422419]
[user:Keanu] [type:pago] [ammount:3522489040389006][total:7715229343101811425]
[user:Gustavo] [type:descuento] [ammount:621897550526964][total:7715851240652338389]
[user:Sonia] [type:pago] [ammount:2085812419135627][total:7717937053071474016]
[user:Gustavo] [type:pago] [ammount:562095689987126][total:7718499148761461142]
[user:Kung] [type:descuento] [ammount:3418541650581822][total:7721917690412042964]
[user:Carlos] [type:pago] [ammount:1384598914552825][total:7723302289326595789]
[user:Kung] [type:pago] [ammount:3082836428644463][total:7726385125755240252]
[user:Felipe] [type:cobro] [ammount:1080036148465088][total:7727465161903705340]
[user:Carlos] [type:cobro] [ammount:564560407702636][total:7728029722311407976]
[user:Dalí] [type:pago] [ammount:2499936811089851][total:7730529659122497827]
[user:Anakin] [type:pago] [ammount:383557875747214][total:7730913216998245041]
[user:Juan] [type:cobro] [ammount:615957606891244][total:7731529174605136285]
[user:Carlos] [type:descuento] [ammount:746985280227334][total:7732276159885363619]
[user:Juan] [type:descuento] [ammount:1700910318871110][total:7733977070204234729]
[user:David] [type:pago] [ammount:520670254548918][total:7734497740458783647]
[user:Juan] [type:pago] [ammount:913186011348536][total:7735410926470132183]
[user:Sonia] [type:descuento] [ammount:2160027811410551][total:7737570954281542734]
[user:David] [type:pago] [ammount:3433843035509733][total:7741004797317052467]
[user:Gustavo] [type:pago] [ammount:3040954799088283][total:7744045752116140750]
[user:Gustavo] [type:descuento] [ammount:3222030623022212][total:7747267782739162962]
[user:Kung] [type:cobro] [ammount:227532896570892][total:7747495315635733854]
[user:Sonia] [type:cobro] [ammount:1997162844445656][total:7749492478480179510]
[user:Carlos] [type:inversión] [ammount:1935752259384365][total:7751428230739563875]
[user:Carlos] [type:cobro] [ammount:3619048575120478][total:7755047279314684353]
[user:Sonia] [type:pago] [ammount:2517370789172380][total:7757564650103856733]
[user:Felipe] [type:descuento] [ammount:2867503290476461][total:7760432153394333194]
[user:Felipe] [type:descuento] [ammount:1330453180670162][total:7761762606575003356]
[user:Keanu] [type:cobro] [ammount:835928983569254][total:7762598535558572610]
[user:David] [type:cobro] [ammount:2212819844932138][total:7764811355403504748]
[user:Keanu] [type:inversión] [ammount:2190336936145872][total:7767001692339650620]
[user:Keanu] [type:descuento] [ammount:2401328968971306][total:7769403021308621926]
[user:David] [type:cobro] [ammount:3364710446422236][total:7772767731755044162]
[user:Sonia] [type:cobro] [ammount:2122704631715741][total:7774890436386759903]
[user:Keanu] [type:descuento] [ammount:1963778329649590][total:7776854214716409493]
[user:Carlos] [type:pago] [ammount:18104054613744][total:7776872318771023237]
[user:Carlos] [type:descuento] [ammount:2877017393836205][total:7779749336164859442]
[user:Dalí] [type:cobro] [ammount:3530792055164050][total:7783280128220023492]
[user:Felipe] [type:pago] [ammount:2689836779155520][total:7785969964999179012]
[user:Gustavo] [type:descuento] [ammount:3318101909755694][total:7789288066908934706]
[user:Sonia] [type:inversión] [ammount:943761901612030][total:7790231828810546736]
[user:Felipe] [type:cobro] [ammount:739078495779583][total:7790970907306326319]
[user:Dalí] [type:descuento] [ammount:2585385224300984][total:7793556292530627303]
[user:Carlos] [type:descuento] [ammount:490798003318326][total:7794047090533945629]
[user:Kung] [type:descuento] [ammount:2078371793701935][total:7796125462327647564]
[user:Carlos] [type:cobro] [ammount:2769633734812596][total:7798895096062460160]
[user:Dalí] [type:inversión] [ammount:286703111252323][total:7799181799173712483]
[user:Gustavo] [type:descuento] [ammount:720764493950799][total:7799902563667663282]
[user:Carlos] [type:pago] [ammount:3604048696091841][total:7803506612363755123]
[user:Felipe] [type:cobro] [ammount:1995361626780378][total:7805501973990535501]
[user:Juan] [type:cobro] [ammount:321600560604276][total:7805823574551139777]
[user:Carlos] [type:descuento] [ammount:573381867571723][total:7806396956418711500]
[user:Gustavo] [type:descuento] [ammount:1281951440460684][total:7807678907859172184]
[user:Sonia] [type:cobro] [ammount:1132007957549135][total:7808810915816721319]
[user:Kung] [type:inversión] [ammount:2672276197844525][total:7811483192014565844]
[user:Dalí] [type:descuento] [ammount:120533933487752][total:7811603725948053596]
[user:Juan] [type:inversión] [ammount:2024218586268176][total:7813627944534321772]
[user:David] [type:descuento] [ammount:2070978557899684][total:7815698923092221456]
[user:Gustavo] [type:inversión] [ammount:18652653031710][total:7815717575745253166]
[user:Dalí] [type:cobro] [ammount:2979946465409001][total:7818697522210662167]
[user:Juan] [type:pago] [ammount:1677636938689400][total:7820375159149351567]
[user:Anakin] [type:descuento] [ammount:43487797803548][total:7820418646947155115]
[user:Kung] [type:descuento] [ammount:966464986879949][total:7821385111934035064]
[user:David] [type:descuento] [ammount:1818751487264863][total:7823203863421299927]
[user:David] [type:inversión] [ammount:1503272250797626][total:7824707135672097553]
[user:Anakin] [type:cobro] [ammount:811937752144943][total:7825519073424242496]
[user:Keanu] [type:inversión] [ammount:2628245485997858][total:7828147318910240354]
[user:Felipe] [type:pago] [ammount:3140840094432021][total:7831288159004672375]
[user:Gustavo] [type:cobro] [ammount:1077829699001006][total:7832365988703673381]
[user:David] [type:descuento] [ammount:2176008929529375][total:7834541997633202756]
[user:Dalí] [type:cobro] [ammount:3334935241036490][total:7837876932874239246]
[user:Keanu] [type:cobro] [ammount:364327801082912][total:7838241260675322158]
[user:Dalí] [type:inversión] [ammount:609303793766034][total:7838850564469088192]
[user:Carlos] [type:cobro] [ammount:1905947259678077][total:7840756511728766269]
[user:David] [type:descuento] [ammount:307748886309704][total:7841064260615075973]
[user:Kung] [type:pago] [ammount:1206469208026397][total:7842270729823102370]
[user:Sonia] [type:descuento] [ammount:3337340677611735][total:7845608070500714105]
[user:David] [type:cobro] [ammount:29344324589790][total:7845637414825303895]
[user:David] [type:cobro] [ammount:1545755266969874][total:7847183170092273769]
[user:Anakin] [type:inversión] [ammount:1670503949483241][total:7848853674041757010]
[user:David] [type:pago] [ammount:2081097068226210][total:7850934771109983220]
[user:Anakin] [type:descuento] [ammount:3551169823937882][total:7854485940933921102]
[user:Gustavo] [type:descuento] [ammount:3213928299279914][total:7857699869233201016]
[user:David] [type:descuento] [ammount:2932960779836420][total:7860632830013037436]
[user:Anakin] [type:cobro] [ammount:1347913134566700][total:7861980743147604136]
[user:Juan] [type:pago] [ammount:3256497267842760][total:7865237240415446896]
[user:Keanu] [type:inversión] [ammount:3079287748519088][total:7868316528163965984]
[user:David] [type:descuento] [ammount:2620280067188559][total:7870936808231154543]
[user:Juan] [type:inversión] [ammount:262621301489223][total:7871199429532643766]
[user:Dalí] [type:inversión] [ammount:1691505000857148][total:7872890934533500914]
[user:Sonia] [type:descuento] [ammount:2759364410794404][total:7875650298944295318]
[user:Felipe] [type:descuento] [ammount:2491546257406977][total:7878141845201702295]
[user:Dalí] [type:pago] [ammount:3080177564807046][total:7881222022766509341]
[user:Dalí] [type:pago] [ammount:3179125185118601][total:7884401147951627942]
[user:David] [type:inversión] [ammount:2356244105220564][total:7886757392056848506]
[user:Sonia] [type:descuento] [ammount:2523248657153314][total:7889280640714001820]
[user:Dalí] [type:cobro] [ammount:3252761794146963][total:7892533402508148783]
[user:Anakin] [type:pago] [ammount:2649847197285594][total:7895183249705434377]
[user:David] [type:inversión] [ammount:1366971668641134][total:7896550221374075511]
[user:Gustavo] [type:inversión] [ammount:1957955770169832][total:7898508177144245343]
[user:Gustavo] [type:descuento] [ammount:1047414034977296][total:7899555591179222639]
[user:Dalí] [type:cobro] [ammount:2314832685602862][total:7901870423864825501]
[user:David] [type:descuento] [ammount:2373739279946799][total:7904244163144772300]
[user:Anakin] [type:cobro] [ammount:133548961310352][total:7904377712106082652]
[user:Carlos] [type:inversión] [ammount:2070521889652280][total:7906448233995734932]
[user:Dalí] [type:inversión] [ammount:57508380424977][total:7906505742376159909]
[user:Keanu] [type:pago] [ammount:2179833085440132][total:7908685575461600041]
[user:Keanu] [type:descuento] [ammount:5596320641381][total:7908691171782241422]
[user:Sonia] [type:cobro] [ammount:2243203080089863][total:7910934374862331285]
[user:Dalí] [type:pago] [ammount:1874747323517730][total:7912809122185849015]
[user:Dalí] [type:cobro] [ammount:2199543612115930][total:7915008665797964945]
[user:Gustavo] [type:inversión] [ammount:305847744009775][total:7915314513541974720]
[user:David] [type:descuento] [ammount:904119478584612][total:7916218633020559332]
[user:Sonia] [type:cobro] [ammount:1448379212975667][total:7917667012233534999]
[user:Anakin] [type:pago] [ammount:996060763386520][total:7918663072996921519]
[user:Carlos] [type:descuento] [ammount:346235040531132][total:7919009308037452651]
[user:Keanu] [type:cobro] [ammount:652510756713665][total:7919661818794166316]
[user:Keanu] [type:descuento] [ammount:2024968871523266][total:7921686787665689582]
[user:Juan] [type:inversión] [ammount:197752253961649][total:7921884539919651231]
[user:Dalí] [type:inversión] [ammount:1819707420837808][total:7923704247340489039]
[user:Kung] [type:inversión] [ammount:3603236358747045][total:7927307483699236084]
[user:Kung] [type:descuento] [ammount:2384588049704726][total:7929692071748940810]
[user:Carlos] [type:descuento] [ammount:2882225462463064][total:7932574297211403874]
[user:Dalí] [type:inversión] [ammount:655599244750812][total:7933229896456154686]
[user:Sonia] [type:descuento] [ammount:855563239705956][total:7934085459695860642]
[user:David] [type:descuento] [ammount:3434345208911780][total:7937519804904772422]
[user:Felipe] [type:inversión] [ammount:608782286538097][total:7938128587191310519]
[user:Juan] [type:cobro] [ammount:1356994040427099][total:7939485581231737618]
[user:Kung] [type:inversión] [ammount:510675160490922][total:7939996256392228540]
[user:Carlos] [type:inversión] [ammount:2892880825469646][total:7942889137217698186]
[user:Dalí] [type:cobro] [ammount:2495860971710673][total:7945384998189408859]
[user:Felipe] [type:inversión] [ammount:219436559175908][total:7945604434748584767]
[user:David] [type:cobro] [ammount:174738935775487][total:7945779173684360254]
[user:Anakin] [type:cobro] [ammount:34725042087785][total:7945813898726448039]
[user:Gustavo] [type:descuento] [ammount:824351831719583][total:7946638250558167622]
[user:Kung] [type:inversión] [ammount:2308499440210026][total:7948946749998377648]
[user:Kung] [type:pago] [ammount:756619882264067][total:7949703369880641715]
[user:David] [type:inversión] [ammount:3077047087396320][total:7952780416968038035]
[user:Anakin] [type:inversión] [ammount:694654562255537][total:7953475071530293572]
[user:Dalí] [type:descuento] [ammount:1683425365879871][total:7955158496896173443]
[user:Gustavo] [type:pago] [ammount:503016774817146][total:7955661513670990589]
[user:Anakin] [type:descuento] [ammount:3451745956485838][total:7959113259627476427]
[user:Gustavo] [type:pago] [ammount:2457012213293592][total:7961570271840770019]
[user:Felipe] [type:descuento] [ammount:2702694883077104][total:7964272966723847123]
[user:Carlos] [type:cobro] [ammount:1738391566627881][total:7966011358290475004]
[user:Felipe] [type:cobro] [ammount:2062364394649250][total:7968073722685124254]
[user:Dalí] [type:pago] [ammount:2759646209035583][total:7970833368894159837]
[user:Felipe] [type:descuento] [ammount:3246195870553444][total:7974079564764713281]
[user:Carlos] [type:pago] [ammount:3453763351466715][total:7977533328116179996]
[user:Dalí] [type:cobro] [ammount:2906469600690968][total:7980439797716870964]
[user:Sonia] [type:inversión] [ammount:1127505022130173][total:7981567302739001137]
[user:Kung] [type:descuento] [ammount:960649941803715][total:7982527952680804852]
[user:Anakin] [type:descuento] [ammount:3061563495068375][total:7985589516175873227]
[user:Sonia] [type:inversión] [ammount:661614585659458][total:7986251130761532685]
[user:Carlos] [type:pago] [ammount:3417989613585735][total:7989669120375118420]
[user:Juan] [type:inversión] [ammount:1188971132893602][total:7990858091508012022]
[user:Dalí] [type:inversión] [ammount:2883290669430438][total:7993741382177442460]
[user:David] [type:pago] [ammount:1012438959590150][total:7994753821137032610]
[user:Kung] [type:descuento] [ammount:1535778459948207][total:7996289599596980817]
[user:Anakin] [type:pago] [ammount:2400492368459070][total:7998690091965439887]
[user:Juan] [type:pago] [ammount:561147170591767][total:7999251239136031654]
[user:Sonia] [type:descuento] [ammount:2021314665401659][total:8001272553801433313]
[user:Dalí] [type:pago] [ammount:247843794752411][total:8001520397596185724]
[user:Carlos] [type:pago] [ammount:638064722527470][total:8002158462318713194]
[user:Carlos] [type:pago] [ammount:2708161683898194][total:8004866624002611388]
[user:Kung] [type:pago] [ammount:1443651895244063][total:8006310275897855451]
[user:Felipe] [type:cobro] [ammount:2255060376258283][total:8008565336274113734]
[user:Juan] [type:pago] [ammount:1298813911981293][total:8009864150186095027]
[user:Juan] [type:inversión] [ammount:1947874989949789][total:8011812025176044816]
[user:Gustavo] [type:cobro] [ammount:1560222384384426][total:8013372247560429242]
[user:Gustavo] [type:descuento] [ammount:1044661825645832][total:8014416909386075074]
[user:Keanu] [type:descuento] [ammount:1077795777657379][total:8015494705163732453]
[user:David] [type:cobro] [ammount:1639222769003678][total:8017133927932736131]
[user:Kung] [type:pago] [ammount:2395764089313122][total:8019529692022049253]
[user:David] [type:inversión] [ammount:114551096471822][total:8019644243118521075]
[user:Gustavo] [type:inversión] [ammount:2982321260351469][total:8022626564378872544]
[user:David] [type:inversión] [ammount:2739569527693909][total:8025366133906566453]
[user:Keanu] [type:inversión] [ammount:3621915893543519][total:8028988049800109972]
[user:Anakin] [type:inversión] [ammount:1789214476228461][total:8030777264276338433]
[user:Sonia] [type:cobro] [ammount:1960921987951175][total:8032738186264289608]
[user:David] [type:cobro] [ammount:609670519786881][total:8033347856784076489]
[user:Carlos] [type:descuento] [ammount:2452678635130615][total:8035800535419207104]
[user:Dalí] [type:cobro] [ammount:34697621306298][total:8035835233040513402]
[user:Gustavo] [type:cobro] [ammount:1672321660319905][total:8037507554700833307]
[user:Carlos] [type:inversión] [ammount:2578732069059861][total:8040086286769893168]
[user:Juan] [type:pago] [ammount:340791904669725][total:8040427078674562893]
[user:Anakin] [type:pago] [ammount:2616230354047885][total:8043043309028610778]
[user:Dalí] [type:pago] [ammount:965569643318967][total:8044008878671929745]
[user:Keanu] [type:descuento] [ammount:758178480042499][total:8044767057151972244]
[user:Sonia] [type:cobro] [ammount:1460908056566235][total:8046227965208538479]
[user:Sonia] [type:descuento] [ammount:1630228046715032][total:8047858193255253511]
[user:Gustavo] [type:descuento] [ammount:3266029331836490][total:8051124222587090001]
[user:Kung] [type:cobro] [ammount:3594622024785080][total:8054718844611875081]
[user:Dalí] [type:pago] [ammount:1376065775598942][total:8056094910387474023]
[user:Dalí] [type:descuento] [ammount:1599010265517918][total:8057693920652991941]
[user:Keanu] [type:cobro] [ammount:2824549816431935][total:8060518470469423876]
[user:Juan] [type:inversión] [ammount:2441280037037296][total:8062959750506461172]
[user:Keanu] [type:pago] [ammount:256716943499781][total:8063216467449960953]
[user:Anakin] [type:pago] [ammount:2543218177767863][total:8065759685627728816]
[user:Carlos] [type:pago] [ammount:2940199612145077][total:8068699885239873893]
[user:Sonia] [type:cobro] [ammount:3435043222339373][total:8072134928462213266]
[user:Carlos] [type:pago] [ammount:821285212706355][total:8072956213674919621]
[user:David] [type:cobro] [ammount:1290044651214356][total:8074246258326133977]
[user:Anakin] [type:descuento] [ammount:808484924549289][total:8075054743250683266]
[user:Gustavo] [type:inversión] [ammount:150693868425970][total:8075205437119109236]
[user:Juan] [type:cobro] [ammount:3274554452306972][total:8078479991571416208]
[user:Dalí] [type:pago] [ammount:3377770412250629][total:8081857761983666837]
[user:David] [type:descuento] [ammount:2962289159616434][total:8084820051143283271]
[user:Juan] [type:descuento] [ammount:1037150664142091][total:8085857201807425362]
[user:Carlos] [type:inversión] [ammount:348897133454417][total:8086206098940879779]
[user:David] [type:descuento] [ammount:2485305213130327][total:8088691404154010106]
[user:Sonia] [type:descuento] [ammount:1397084429254996][total:8090088488583265102]
[user:Sonia] [type:descuento] [ammount:1695453008582768][total:8091783941591847870]
[user:Gustavo] [type:pago] [ammount:3144754517735132][total:8094928696109583002]
[user:David] [type:pago] [ammount:936081177061358][total:8095864777286644360]
[user:Kung] [type:pago] [ammount:3185914258200058][total:8099050691544844418]
[user:Keanu] [type:inversión] [ammount:1861991882897867][total:8100912683427742285]
[user:Dalí] [type:pago] [ammount:1229008413309396][total:8102141691841051681]
[user:Keanu] [type:inversión] [ammount:531844025946612][total:8102673535866998293]
[user:Carlos] [type:pago] [ammount:2430935905017071][total:8105104471772015364]
[user:Gustavo] [type:pago] [ammount:405828292208469][total:8105510300064223833]
[user:Keanu] [type:descuento] [ammount:879843473267059][total:8106390143537490892]
[user:David] [type:pago] [ammount:1949237939383173][total:8108339381476874065]
[user:Gustavo] [type:cobro] [ammount:1903953077472269][total:8110243334554346334]
[user:Kung] [type:inversión] [ammount:1436065480212820][total:8111679400034559154]
[user:Anakin] [type:cobro] [ammount:2300703313723115][total:8113980103348282269]
[user:Carlos] [type:descuento] [ammount:3562598967410752][total:8117542702315693021]
[user:Felipe] [type:cobro] [ammount:3323341962658185][total:8120866044278351206]
[user:Sonia] [type:cobro] [ammount:3370119307875577][total:8124236163586226783]
[user:Kung] [type:cobro] [ammount:274396827257880][total:8124510560413484663]
[user:Sonia] [type:inversión] [ammount:2083327355097227][total:8126593887768581890]
[user:Keanu] [type:cobro] [ammount:56233308356116][total:8126650121076938006]
[user:Dalí] [type:pago] [ammount:571593692065456][total:8127221714769003462]
[user:Gustavo] [type:pago] [ammount:2369613907080838][total:8129591328676084300]
[user:Felipe] [type:pago] [ammount:784240819514668][total:8130375569495598968]
[user:Carlos] [type:inversión] [ammount:1639082576722653][total:8132014652072321621]
[user:Keanu] [type:descuento] [ammount:3640289324068772][total:8135654941396390393]
[user:Carlos] [type:pago] [ammount:382938322757234][total:8136037879719147627]
[user:Gustavo] [type:descuento] [ammount:2813711131961546][total:8138851590851109173]
[user:Juan] [type:pago] [ammount:988224441936742][total:8139839815293045915]
[user:Gustavo] [type:cobro] [ammount:693921881551631][total:8140533737174597546]
[user:Gustavo] [type:inversión] [ammount:1025446104047884][total:8141559183278645430]
[user:Gustavo] [type:cobro] [ammount:1391471507835354][total:8142950654786480784]
[user:Juan] [type:pago] [ammount:3251367652932557][total:8146202022439413341]
[user:Felipe] [type:cobro] [ammount:1607359924851783][total:8147809382364265124]
[user:Anakin] [type:inversión] [ammount:657705821634622][total:8148467088185899746]
[user:Kung] [type:inversión] [ammount:3248055967862743][total:8151715144153762489]
[user:Anakin] [type:inversión] [ammount:1684006352188712][total:8153399150505951201]
[user:Carlos] [type:pago] [ammount:3480155163744039][total:8156879305669695240]
[user:Anakin] [type:descuento] [ammount:2755539798030196][total:8159634845467725436]
[user:Sonia] [type:cobro] [ammount:2713235560004794][total:8162348081027730230]
[user:Sonia] [type:cobro] [ammount:3240208817233109][total:8165588289844963339]
[user:Juan] [type:descuento] [ammount:1123127600808595][total:8166711417445771934]
[user:Sonia] [type:pago] [ammount:3462472920815142][total:8170173890366587076]
[user:Juan] [type:pago] [ammount:453526807180257][total:8170627417173767333]
[user:David] [type:pago] [ammount:1384052775117781][total:8172011469948885114]
[user:Keanu] [type:cobro] [ammount:2139475145646659][total:8174150945094531773]
[user:Anakin] [type:inversión] [ammount:2930443826363765][total:8177081388920895538]
[user:Kung] [type:descuento] [ammount:2595253606912606][total:8179676642527808144]
[user:Anakin] [type:cobro] [ammount:2895548342165326][total:8182572190869973470]
[user:Keanu] [type:cobro] [ammount:2283385807498954][total:8184855576677472424]
[user:Felipe] [type:inversión] [ammount:2704483807928772][total:8187560060485401196]
[user:Carlos] [type:descuento] [ammount:590190251788625][total:8188150250737189821]
[user:Carlos] [type:cobro] [ammount:968708503696434][total:8189118959240886255]
[user:Kung] [type:pago] [ammount:522349506690703][total:8189641308747576958]
[user:Carlos] [type:descuento] [ammount:1028075062505097][total:8190669383810082055]
[user:Felipe] [type:pago] [ammount:2738783765117169][total:8193408167575199224]
[user:Felipe] [type:descuento] [ammount:2922515239551996][total:8196330682814751220]
[user:Dalí] [type:cobro] [ammount:3663726472383819][total:8199994409287135039]
[user:Sonia] [type:cobro] [ammount:734422482770797][total:8200728831769905836]
[user:Dalí] [type:pago] [ammount:103678896612453][total:8200832510666518289]
[user:Dalí] [type:pago] [ammount:1930584675520634][total:8202763095342038923]
[user:Keanu] [type:pago] [ammount:2642809127430767][total:8205405904469469690]
[user:Juan] [type:pago] [ammount:463416188181505][total:8205869320657651195]
[user:Juan] [type:descuento] [ammount:2626645928131903][total:8208495966585783098]
[user:Felipe] [type:inversión] [ammount:214788870431769][total:8208710755456214867]
[user:Dalí] [type:pago] [ammount:2201663553833180][total:8210912419010048047]
[user:Dalí] [type:descuento] [ammount:3497791085540716][total:8214410210095588763]
[user:Carlos] [type:inversión] [ammount:2067594477677490][total:8216477804573266253]
[user:Juan] [type:pago] [ammount:3459970173058358][total:8219937774746324611]
[user:David] [type:cobro] [ammount:1046883838210447][total:8220984658584535058]
[user:Juan] [type:inversión] [ammount:92577495942127][total:8221077236080477185]
[user:Juan] [type:pago] [ammount:2416394145453444][total:8223493630225930629]
[user:Anakin] [type:descuento] [ammount:195861333057840][total:8223689491558988469]
[user:David] [type:cobro] [ammount:1310878695363614][total:8225000370254352083]
[user:David] [type:descuento] [ammount:2771128744706446][total:8227771498999058529]
[user:David] [type:descuento] [ammount:3444567488937581][total:8231216066487996110]
[user:Juan] [type:inversión] [ammount:2446989857445517][total:8233663056345441627]
[user:Sonia] [type:descuento] [ammount:2064470362497040][total:8235727526707938667]
[user:Felipe] [type:descuento] [ammount:3516850092653257][total:8239244376800591924]
[user:Gustavo] [type:pago] [ammount:96804105861299][total:8239341180906453223]
[user:Juan] [type:pago] [ammount:902931100077597][total:8240244112006530820]
[user:Dalí] [type:cobro] [ammount:2650053231240409][total:8242894165237771229]
[user:Anakin] [type:inversión] [ammount:1762408010924151][total:8244656573248695380]
[user:Keanu] [type:pago] [ammount:1870309036248424][total:8246526882284943804]
[user:Anakin] [type:descuento] [ammount:2679680993002330][total:8249206563277946134]
[user:Carlos] [type:inversión] [ammount:2887872052814317][total:8252094435330760451]
[user:Kung] [type:pago] [ammount:169533945546998][total:8252263969276307449]
[user:Kung] [type:cobro] [ammount:3519492589590842][total:8255783461865898291]
[user:Felipe] [type:cobro] [ammount:171457835990551][total:8255954919701888842]
[user:Anakin] [type:cobro] [ammount:2569931247488517][total:8258524850949377359]
[user:Juan] [type:cobro] [ammount:2307088074885433][total:8260831939024262792]
[user:Keanu] [type:pago] [ammount:620350999383049][total:8261452290023645841]
[user:Anakin] [type:cobro] [ammount:2399130738910122][total:8263851420762555963]
[user:Dalí] [type:pago] [ammount:3582805372680489][total:8267434226135236452]
[user:Carlos] [type:descuento] [ammount:2716414293369997][total:8270150640428606449]
[user:Carlos] [type:pago] [ammount:1979586780716698][total:8272130227209323147]
[user:Anakin] [type:pago] [ammount:1483037779837392][total:8273613264989160539]
[user:Juan] [type:descuento] [ammount:3290737764508160][total:8276904002753668699]
[user:Anakin] [type:descuento] [ammount:797535048418255][total:8277701537802086954]
[user:Sonia] [type:inversión] [ammount:813961595477644][total:8278515499397564598]
[user:Dalí] [type:inversión] [ammount:959576058310854][total:8279475075455875452]
[user:Dalí] [type:descuento] [ammount:1009906282326363][total:8280484981738201815]
[user:Gustavo] [type:cobro] [ammount:1504731129247898][total:8281989712867449713]
[user:Kung] [type:descuento] [ammount:418235695879719][total:8282407948563329432]
[user:Juan] [type:descuento] [ammount:1673018163998296][total:8284080966727327728]
[user:Kung] [type:pago] [ammount:2218477461537220][total:8286299444188864948]
[user:Kung] [type:descuento] [ammount:2148208890689127][total:8288447653079554075]
[user:Juan] [type:pago] [ammount:1705121481237590][total:8290152774560791665]
[user:Dalí] [type:pago] [ammount:2026816290063307][total:8292179590850854972]
[user:Dalí] [type:cobro] [ammount:1028353235847177][total:8293207944086702149]
[user:Keanu] [type:cobro] [ammount:683629155256599][total:8293891573241958748]
[user:Juan] [type:cobro] [ammount:3032361813666798][total:8296923935055625546]
[user:Sonia] [type:inversión] [ammount:803736292221739][total:8297727671347847285]
[user:Felipe] [type:inversión] [ammount:738085436294594][total:8298465756784141879]
[user:Carlos] [type:inversión] [ammount:2091000488497453][total:8300556757272639332]
[user:Gustavo] [type:inversión] [ammount:922149522152129][total:8301478906794791461]
[user:Anakin] [type:inversión] [ammount:1914204896013513][total:8303393111690804974]
[user:Sonia] [type:pago] [ammount:3360692300326934][total:8306753803991131908]
[user:Sonia] [type:pago] [ammount:453678265572214][total:8307207482256704122]
[user:Keanu] [type:pago] [ammount:3609405169769110][total:8310816887426473232]
[user:Felipe] [type:descuento] [ammount:811102536564258][total:8311627989963037490]
[user:Sonia] [type:descuento] [ammount:2316931173878964][total:8313944921136916454]
[user:Gustavo] [type:cobro] [ammount:1513911375568297][total:8315458832512484751]
[user:Felipe] [type:cobro] [ammount:573461647725806][total:8316032294160210557]
[user:Kung] [type:pago] [ammount:2779886409254810][total:8318812180569465367]
[user:Felipe] [type:pago] [ammount:210537951580553][total:8319022718521045920]
[user:Anakin] [type:pago] [ammount:655151074264814][total:8319677869595310734]
[user:Keanu] [type:cobro] [ammount:1545171012437387][total:8321223040607748121]
[user:Sonia] [type:pago] [ammount:2592917798596047][total:8323815958406344168]
[user:David] [type:descuento] [ammount:2487608653797551][total:8326303567060141719]
[user:Kung] [type:cobro] [ammount:3420558181455490][total:8329724125241597209]
[user:Felipe] [type:pago] [ammount:3209662057794234][total:8332933787299391443]
[user:Anakin] [type:pago] [ammount:478634819177196][total:8333412422118568639]
[user:Felipe] [type:descuento] [ammount:523905129180487][total:8333936327247749126]
[user:Juan] [type:pago] [ammount:895745469723612][total:8334832072717472738]
[user:Gustavo] [type:descuento] [ammount:3187738093854876][total:8338019810811327614]
[user:Kung] [type:cobro] [ammount:1091287262641015][total:8339111098073968629]
[user:Juan] [type:pago] [ammount:321130727301019][total:8339432228801269648]
[user:Juan] [type:cobro] [ammount:3539743482302754][total:8342971972283572402]
[user:Felipe] [type:pago] [ammount:2335608190378654][total:8345307580473951056]
[user:Carlos] [type:inversión] [ammount:2026422298947614][total:8347334002772898670]
[user:Gustavo] [type:pago] [ammount:589316722643963][total:8347923319495542633]
[user:Keanu] [type:descuento] [ammount:264402445910613][total:8348187721941453246]
[user:David] [type:descuento] [ammount:1767873238676430][total:8349955595180129676]
[user:Dalí] [type:descuento] [ammount:798352163753958][total:8350753947343883634]
[user:Juan] [type:inversión] [ammount:609433732958581][total:8351363381076842215]
[user:Keanu] [type:descuento] [ammount:3106822928391095][total:8354470204005233310]
[user:Carlos] [type:descuento] [ammount:2603797649118501][total:8357074001654351811]
[user:Gustavo] [type:cobro] [ammount:271845636481697][total:8357345847290833508]
[user:David] [type:inversión] [ammount:1470639507034451][total:8358816486797867959]
[user:Keanu] [type:inversión] [ammount:1616472494733539][total:8360432959292601498]
[user:Kung] [type:inversión] [ammount:1069134156112599][total:8361502093448714097]
[user:Felipe] [type:pago] [ammount:1861468961091440][total:8363363562409805537]
[user:Felipe] [type:pago] [ammount:1800065762216803][total:8365163628172022340]
[user:Kung] [type:pago] [ammount:3425275084814857][total:8368588903256837197]
[user:Gustavo] [type:descuento] [ammount:3238931932535383][total:8371827835189372580]
[user:Anakin] [type:descuento] [ammount:3647741232288572][total:8375475576421661152]
[user:Gustavo] [type:pago] [ammount:3628976473588863][total:8379104552895250015]
[user:Sonia] [type:cobro] [ammount:2281942792414548][total:8381386495687664563]
[user:Dalí] [type:inversión] [ammount:2950552801937421][total:8384337048489601984]
[user:Gustavo] [type:descuento] [ammount:3192692776634401][total:8387529741266236385]
[user:David] [type:inversión] [ammount:868192503387484][total:8388397933769623869]
[user:Keanu] [type:pago] [ammount:412599941258818][total:8388810533710882687]
[user:Felipe] [type:pago] [ammount:2493944654163354][total:8391304478365046041]
[user:Carlos] [type:descuento] [ammount:3226523357136701][total:8394531001722182742]
[user:Kung] [type:pago] [ammount:936423058640797][total:8395467424780823539]
[user:Anakin] [type:pago] [ammount:394073058663856][total:8395861497839487395]
[user:Carlos] [type:descuento] [ammount:2417049352682141][total:8398278547192169536]
[user:Anakin] [type:inversión] [ammount:542626936935178][total:8398821174129104714]
[user:Gustavo] [type:inversión] [ammount:1513154950824709][total:8400334329079929423]
[user:Dalí] [type:pago] [ammount:1272756213706110][total:8401607085293635533]
[user:David] [type:pago] [ammount:1884166511760128][total:8403491251805395661]
[user:Juan] [type:cobro] [ammount:1133263547254132][total:8404624515352649793]
[user:Gustavo] [type:pago] [ammount:3433353663314597][total:8408057869015964390]
[user:Gustavo] [type:inversión] [ammount:501551476275043][total:8408559420492239433]
[user:Sonia] [type:inversión] [ammount:3589112964535029][total:8412148533456774462]
[user:Gustavo] [type:pago] [ammount:1114997196154760][total:8413263530652929222]
[user:Dalí] [type:pago] [ammount:451760100934380][total:8413715290753863602]
[user:Carlos] [type:cobro] [ammount:317289323702189][total:8414032580077565791]
[user:Gustavo] [type:inversión] [ammount:3544699880223803][total:8417577279957789594]
[user:Juan] [type:pago] [ammount:1742239542902636][total:8419319519500692230]
[user:Anakin] [type:pago] [ammount:504889063638863][total:8419824408564331093]
[user:Kung] [type:descuento] [ammount:1275480271200471][total:8421099888835531564]
[user:David] [type:cobro] [ammount:2015718841278755][total:8423115607676810319]
[user:Carlos] [type:descuento] [ammount:2577585830954142][total:8425693193507764461]
[user:Carlos] [type:cobro] [ammount:1883668474196911][total:8427576861981961372]
[user:Anakin] [type:inversión] [ammount:2157510752774808][total:8429734372734736180]
[user:Juan] [type:descuento] [ammount:1490421319266863][total:8431224794054003043]
[user:Gustavo] [type:descuento] [ammount:2991896298212188][total:8434216690352215231]
[user:Kung] [type:cobro] [ammount:2120621666744351][total:8436337312018959582]
[user:Sonia] [type:pago] [ammount:475438228724518][total:8436812750247684100]
[user:Carlos] [type:cobro] [ammount:2469590636457158][total:8439282340884141258]
[user:Felipe] [type:pago] [ammount:3447726884441848][total:8442730067768583106]
[user:Kung] [type:cobro] [ammount:605114967350457][total:8443335182735933563]
[user:Felipe] [type:inversión] [ammount:2679470025351766][total:8446014652761285329]
[user:Juan] [type:descuento] [ammount:875050023954857][total:8446889702785240186]
[user:Gustavo] [type:cobro] [ammount:350407363699774][total:8447240110148939960]
[user:Juan] [type:pago] [ammount:2195300265854095][total:8449435410414794055]
[user:Felipe] [type:inversión] [ammount:615913234082483][total:8450051323648876538]
[user:Kung] [type:inversión] [ammount:1626466304013534][total:8451677789952890072]
[user:Dalí] [type:descuento] [ammount:1982323384524148][total:8453660113337414220]
[user:Juan] [type:cobro] [ammount:475484484828299][total:8454135597822242519]
[user:Dalí] [type:descuento] [ammount:769533864786231][total:8454905131687028750]
[user:Gustavo] [type:cobro] [ammount:868930416951605][total:8455774062103980355]
[user:David] [type:pago] [ammount:3454998014350041][total:8459229060118330396]
[user:David] [type:inversión] [ammount:164081983316331][total:8459393142101646727]
[user:Sonia] [type:inversión] [ammount:973318974953101][total:8460366461076599828]
[user:Felipe] [type:descuento] [ammount:1119756132458266][total:8461486217209058094]
[user:Gustavo] [type:cobro] [ammount:3660565696009725][total:8465146782905067819]
[user:Felipe] [type:pago] [ammount:1944164564925232][total:8467090947469993051]
[user:Gustavo] [type:descuento] [ammount:3109724124502891][total:8470200671594495942]
[user:Sonia] [type:inversión] [ammount:3135020410872418][total:8473335692005368360]
[user:Anakin] [type:descuento] [ammount:12384845528272][total:8473348076850896632]
[user:Sonia] [type:pago] [ammount:3453493208437158][total:8476801570059333790]
[user:Gustavo] [type:descuento] [ammount:1228541893996594][total:8478030111953330384]
[user:Sonia] [type:descuento] [ammount:1408492341755361][total:8479438604295085745]
[user:Sonia] [type:inversión] [ammount:18008042106195][total:8479456612337191940]
[user:Carlos] [type:descuento] [ammount:2798404861711798][total:8482255017198903738]
[user:Gustavo] [type:inversión] [ammount:3621489443247851][total:8485876506642151589]
[user:Juan] [type:descuento] [ammount:2249126469305802][total:8488125633111457391]
[user:Felipe] [type:pago] [ammount:604042952697626][total:8488729676064155017]
[user:Anakin] [type:pago] [ammount:3315292671967555][total:8492044968736122572]
[user:Carlos] [type:cobro] [ammount:766655721402959][total:8492811624457525531]
[user:Carlos] [type:cobro] [ammount:1844521270312453][total:8494656145727837984]
[user:Felipe] [type:inversión] [ammount:1189997803331725][total:8495846143531169709]
[user:Keanu] [type:inversión] [ammount:2651477580086476][total:8498497621111256185]
[user:Sonia] [type:cobro] [ammount:2242674495641979][total:8500740295606898164]
[user:Juan] [type:inversión] [ammount:208870036840106][total:8500949165643738270]
[user:Kung] [type:pago] [ammount:17462551749227][total:8500966628195487497]
[user:Felipe] [type:descuento] [ammount:1791742231862850][total:8502758370427350347]
[user:Felipe] [type:inversión] [ammount:1194536288047146][total:8503952906715397493]
[user:Gustavo] [type:descuento] [ammount:1538302990846642][total:8505491209706244135]
[user:Anakin] [type:descuento] [ammount:2630557251986654][total:8508121766958230789]
[user:David] [type:descuento] [ammount:3521956355034257][total:8511643723313265046]
[user:Juan] [type:cobro] [ammount:2024764557666870][total:8513668487870931916]
[user:Sonia] [type:descuento] [ammount:2999640515793429][total:8516668128386725345]
[user:Carlos] [type:descuento] [ammount:3565345109027070][total:8520233473495752415]
[user:Juan] [type:cobro] [ammount:1961106730569723][total:8522194580226322138]
[user:David] [type:cobro] [ammount:3447269791890935][total:8525641850018213073]
[user:Carlos] [type:cobro] [ammount:1134203372725973][total:8526776053390939046]
[user:Juan] [type:inversión] [ammount:609937365087746][total:8527385990756026792]
[user:Kung] [type:inversión] [ammount:921852386710106][total:8528307843142736898]
[user:Carlos] [type:descuento] [ammount:1672276655713377][total:8529980119798450275]
[user:Carlos] [type:inversión] [ammount:2125565823770176][total:8532105685622220451]
[user:Kung] [type:inversión] [ammount:340064301513301][total:8532445749923733752]
[user:David] [type:descuento] [ammount:2125392745541464][total:8534571142669275216]
[user:David] [type:cobro] [ammount:1879462390658027][total:8536450605059933243]
[user:Kung] [type:inversión] [ammount:3665398699116461][total:8540116003759049704]
[user:Kung] [type:descuento] [ammount:599808488304195][total:8540715812247353899]
[user:Juan] [type:pago] [ammount:514601922346859][total:8541230414169700758]
[user:Gustavo] [type:descuento] [ammount:869483741303244][total:8542099897911004002]
[user:Kung] [type:pago] [ammount:2239568321292768][total:8544339466232296770]
[user:Juan] [type:descuento] [ammount:3064189228943419][total:8547403655461240189]
[user:Juan] [type:cobro] [ammount:401327671199578][total:8547804983132439767]
[user:Dalí] [type:pago] [ammount:1455767936326104][total:8549260751068765871]
[user:Dalí] [type:pago] [ammount:361674712511578][total:8549622425781277449]
[user:Gustavo] [type:inversión] [ammount:2077472967009449][total:8551699898748286898]
[user:Juan] [type:descuento] [ammount:2077717131752303][total:8553777615880039201]
[user:Felipe] [type:pago] [ammount:2967139784040235][total:8556744755664079436]
[user:Felipe] [type:cobro] [ammount:297551841139778][total:8557042307505219214]
[user:Juan] [type:cobro] [ammount:1537002310624482][total:8558579309815843696]
[user:Sonia] [type:inversión] [ammount:520768569573519][total:8559100078385417215]
[user:Keanu] [type:inversión] [ammount:3003222694054458][total:8562103301079471673]
[user:Carlos] [type:descuento] [ammount:2773858464316774][total:8564877159543788447]
[user:Gustavo] [type:pago] [ammount:80045967754475][total:8564957205511542922]
[user:Dalí] [type:inversión] [ammount:653718068046087][total:8565610923579589009]
[user:Dalí] [type:inversión] [ammount:2119146665498493][total:8567730070245087502]
[user:Carlos] [type:cobro] [ammount:3310692299711331][total:8571040762544798833]
[user:David] [type:descuento] [ammount:3354482207774144][total:8574395244752572977]
[user:David] [type:inversión] [ammount:2137074422590774][total:8576532319175163751]
[user:Carlos] [type:inversión] [ammount:1958295760706831][total:8578490614935870582]
[user:Anakin] [type:inversión] [ammount:577620085101759][total:8579068235020972341]
[user:Sonia] [type:inversión] [ammount:1311770722439057][total:8580380005743411398]
[user:David] [type:pago] [ammount:1677702107195755][total:8582057707850607153]
[user:Kung] [type:cobro] [ammount:647407831446425][total:8582705115682053578]
[user:Kung] [type:inversión] [ammount:3233623949583572][total:8585938739631637150]
[user:Anakin] [type:cobro] [ammount:299016067963952][total:8586237755699601102]
[user:Anakin] [type:descuento] [ammount:1110834162766020][total:8587348589862367122]
[user:Anakin] [type:descuento] [ammount:1356714217913734][total:8588705304080280856]
[user:Gustavo] [type:descuento] [ammount:992758737300523][total:8589698062817581379]
[user:Juan] [type:cobro] [ammount:931266936462037][total:8590629329754043416]
[user:David] [type:descuento] [ammount:1411144732165744][total:8592040474486209160]
[user:David] [type:inversión] [ammount:2605223374327486][total:8594645697860536646]
[user:Carlos] [type:inversión] [ammount:2655259125760883][total:8597300956986297529]
[user:David] [type:cobro] [ammount:787989478238522][total:8598088946464536051]
[user:Felipe] [type:pago] [ammount:1823915272968364][total:8599912861737504415]
[user:Kung] [type:pago] [ammount:2333787552363476][total:8602246649289867891]
[user:Anakin] [type:descuento] [ammount:317298289978865][total:8602563947579846756]
[user:Anakin] [type:pago] [ammount:1893491316791331][total:8604457438896638087]
[user:Dalí] [type:inversión] [ammount:2941606331081679][total:8607399045227719766]
[user:Dalí] [type:pago] [ammount:1129327128496283][total:8608528372356216049]
[user:Carlos] [type:pago] [ammount:687326527456182][total:8609215698883672231]
[user:Kung] [type:cobro] [ammount:2819515704238218][total:8612035214587910449]
[user:Kung] [type:cobro] [ammount:1768763567116372][total:8613803978155026821]
[user:Felipe] [type:cobro] [ammount:2288692397861723][total:8616092670552888544]
[user:Keanu] [type:cobro] [ammount:1916463059967943][total:8618009133612856487]
[user:Dalí] [type:pago] [ammount:1928697187082542][total:8619937830799939029]
[user:Dalí] [type:cobro] [ammount:1085024184923791][total:8621022854984862820]
[user:Gustavo] [type:inversión] [ammount:2189962854837422][total:8623212817839700242]
[user:Kung] [type:cobro] [ammount:2490323500621291][total:8625703141340321533]
[user:Carlos] [type:descuento] [ammount:1332730149051602][total:8627035871489373135]
[user:Gustavo] [type:cobro] [ammount:1389825653938001][total:8628425697143311136]
[user:Sonia] [type:descuento] [ammount:1321280760649271][total:8629746977903960407]
[user:Anakin] [type:pago] [ammount:1066037695621899][total:8630813015599582306]
[user:Dalí] [type:descuento] [ammount:3381668331294833][total:8634194683930877139]
[user:Dalí] [type:pago] [ammount:2983155897049291][total:8637177839827926430]
[user:Dalí] [type:descuento] [ammount:3520608638080609][total:8640698448466007039]
[user:David] [type:inversión] [ammount:3586583170409899][total:8644285031636416938]
[user:Anakin] [type:descuento] [ammount:1550576909527929][total:8645835608545944867]
[user:Dalí] [type:cobro] [ammount:3128829541885813][total:8648964438087830680]
[user:Keanu] [type:cobro] [ammount:3392849071330899][total:8652357287159161579]
[user:Keanu] [type:cobro] [ammount:3289204088207003][total:8655646491247368582]
[user:Anakin] [type:cobro] [ammount:2526061780099525][total:8658172553027468107]
[user:Juan] [type:inversión] [ammount:3122744331859831][total:8661295297359327938]
[user:Gustavo] [type:descuento] [ammount:2746979320003506][total:8664042276679331444]
[user:Anakin] [type:descuento] [ammount:1454251474425715][total:8665496528153757159]
[user:Felipe] [type:pago] [ammount:3552398330489186][total:8669048926484246345]
[user:Sonia] [type:cobro] [ammount:3375329690626011][total:8672424256174872356]
[user:Sonia] [type:cobro] [ammount:2264096256529977][total:8674688352431402333]
[user:Gustavo] [type:inversión] [ammount:998152555841686][total:8675686504987244019]
[user:Kung] [type:cobro] [ammount:1221851869396037][total:8676908356856640056]
[user:Carlos] [type:pago] [ammount:2088016216570421][total:8678996373073210477]
[user:David] [type:inversión] [ammount:1826347078690625][total:8680822720151901102]
[user:Carlos] [type:pago] [ammount:2291711092154959][total:8683114431244056061]
[user:Sonia] [type:descuento] [ammount:615234071618079][total:8683729665315674140]
[user:Carlos] [type:pago] [ammount:962595118439442][total:8684692260434113582]
[user:Juan] [type:cobro] [ammount:1221079432867287][total:8685913339866980869]
[user:Sonia] [type:inversión] [ammount:857993340217688][total:8686771333207198557]
[user:Gustavo] [type:inversión] [ammount:16736019660977][total:8686788069226859534]
[user:Dalí] [type:cobro] [ammount:3361046218420600][total:8690149115445280134]
[user:Keanu] [type:inversión] [ammount:1246670811466370][total:8691395786256746504]
[user:Keanu] [type:pago] [ammount:1935501006305122][total:8693331287263051626]
[user:Dalí] [type:pago] [ammount:57705714529920][total:8693388992977581546]
[user:Anakin] [type:pago] [ammount:2105601725457337][total:8695494594703038883]
[user:Sonia] [type:pago] [ammount:2057932148848591][total:8697552526851887474]
[user:Carlos] [type:descuento] [ammount:822894818655228][total:8698375421670542702]
[user:Anakin] [type:pago] [ammount:2377518065177388][total:8700752939735720090]
[user:Keanu] [type:inversión] [ammount:2517289624665165][total:8703270229360385255]
[user:Sonia] [type:inversión] [ammount:2586904522303506][total:8705857133882688761]
[user:Gustavo] [type:cobro] [ammount:3055395329174051][total:8708912529211862812]
[user:Kung] [type:inversión] [ammount:2470631843661288][total:8711383161055524100]
[user:David] [type:descuento] [ammount:2248405066271083][total:8713631566121795183]
[user:Felipe] [type:descuento] [ammount:623523935714040][total:8714255090057509223]
[user:Gustavo] [type:pago] [ammount:1188420613982223][total:8715443510671491446]
[user:Keanu] [type:cobro] [ammount:728432677246132][total:8716171943348737578]
[user:Sonia] [type:inversión] [ammount:1876765175091949][total:8718048708523829527]
[user:Kung] [type:cobro] [ammount:2661454906328006][total:8720710163430157533]
[user:Juan] [type:inversión] [ammount:1037040398189292][total:8721747203828346825]
[user:Anakin] [type:descuento] [ammount:1646314098639326][total:8723393517926986151]
[user:Juan] [type:pago] [ammount:1992015373636608][total:8725385533300622759]
[user:Keanu] [type:inversión] [ammount:1873487340223008][total:8727259020640845767]
[user:Gustavo] [type:cobro] [ammount:3519020644896339][total:8730778041285742106]
[user:Sonia] [type:pago] [ammount:2724763587211715][total:8733502804872953821]
[user:Gustavo] [type:inversión] [ammount:2649173606703641][total:8736151978479657462]
[user:Felipe] [type:descuento] [ammount:2881675759318950][total:8739033654238976412]
[user:Kung] [type:pago] [ammount:2825904401386357][total:8741859558640362769]
[user:Sonia] [type:pago] [ammount:3337879601431717][total:8745197438241794486]
[user:Sonia] [type:pago] [ammount:2783675197729672][total:8747981113439524158]
[user:Felipe] [type:inversión] [ammount:2461989405276086][total:8750443102844800244]
[user:Sonia] [type:cobro] [ammount:497854810403030][total:8750940957655203274]
[user:David] [type:cobro] [ammount:1224850891140065][total:8752165808546343339]
[user:Juan] [type:cobro] [ammount:774488429684063][total:8752940296976027402]
[user:Dalí] [type:cobro] [ammount:1839659636534198][total:8754779956612561600]
[user:David] [type:inversión] [ammount:2819454966580158][total:8757599411579141758]
[user:David] [type:inversión] [ammount:3160319861129592][total:8760759731440271350]
[user:Juan] [type:inversión] [ammount:1058832011417592][total:8761818563451688942]
[user:Anakin] [type:cobro] [ammount:3588090183358778][total:8765406653635047720]
[user:Kung] [type:descuento] [ammount:1319791493196932][total:8766726445128244652]
[user:Gustavo] [type:inversión] [ammount:2167032144691070][total:8768893477272935722]
[user:Carlos] [type:descuento] [ammount:2465126922478734][total:8771358604195414456]
[user:Dalí] [type:descuento] [ammount:3203697719159063][total:8774562301914573519]
[user:Dalí] [type:pago] [ammount:2564531475603365][total:8777126833390176884]
[user:Dalí] [type:pago] [ammount:1250966959462802][total:8778377800349639686]
[user:Sonia] [type:pago] [ammount:1677876637389202][total:8780055676987028888]
[user:Felipe] [type:inversión] [ammount:3157055608570539][total:8783212732595599427]
[user:Kung] [type:descuento] [ammount:3119759792500088][total:8786332492388099515]
[user:Felipe] [type:descuento] [ammount:3314533175266264][total:8789647025563365779]
[user:Carlos] [type:inversión] [ammount:34818922533037][total:8789681844485898816]
[user:Felipe] [type:inversión] [ammount:65940565040670][total:8789747785050939486]
[user:Kung] [type:descuento] [ammount:2910054363800610][total:8792657839414740096]
[user:David] [type:inversión] [ammount:79556107957935][total:8792737395522698031]
[user:Anakin] [type:descuento] [ammount:3204469848741705][total:8795941865371439736]
[user:Felipe] [type:inversión] [ammount:1810695959125128][total:8797752561330564864]
[user:David] [type:descuento] [ammount:361916577523580][total:8798114477908088444]
[user:Kung] [type:descuento] [ammount:405719524433593][total:8798520197432522037]
[user:Dalí] [type:cobro] [ammount:2595719783360518][total:8801115917215882555]
[user:Carlos] [type:pago] [ammount:147352777964897][total:8801263269993847452]
[user:Carlos] [type:pago] [ammount:1780535007427825][total:8803043805001275277]
[user:David] [type:descuento] [ammount:915663070663152][total:8803959468071938429]
[user:Anakin] [type:descuento] [ammount:1414088886676076][total:8805373556958614505]
[user:Sonia] [type:pago] [ammount:1319270153540154][total:8806692827112154659]
[user:Sonia] [type:inversión] [ammount:1220762167032871][total:8807913589279187530]
[user:David] [type:cobro] [ammount:2910345977782004][total:8810823935256969534]
[user:Felipe] [type:descuento] [ammount:2778178719777134][total:8813602113976746668]
[user:David] [type:inversión] [ammount:3019649014675033][total:8816621762991421701]
[user:Anakin] [type:cobro] [ammount:868252976451283][total:8817490015967872984]
[user:Carlos] [type:cobro] [ammount:1767318670796610][total:8819257334638669594]
[user:Felipe] [type:inversión] [ammount:2613026634901906][total:8821870361273571500]
[user:Keanu] [type:descuento] [ammount:832435502107517][total:8822702796775679017]
[user:Juan] [type:cobro] [ammount:2740963493400442][total:8825443760269079459]
[user:Kung] [type:descuento] [ammount:2107266702424514][total:8827551026971503973]
[user:David] [type:pago] [ammount:2322110634435959][total:8829873137605939932]
[user:Dalí] [type:cobro] [ammount:182858753608466][total:8830055996359548398]
[user:Carlos] [type:pago] [ammount:2814045795358043][total:8832870042154906441]
[user:Carlos] [type:pago] [ammount:600349391517412][total:8833470391546423853]
[user:Felipe] [type:cobro] [ammount:1043195226879832][total:8834513586773303685]
[user:Felipe] [type:pago] [ammount:3023841940270339][total:8837537428713574024]
[user:David] [type:pago] [ammount:1279303345470827][total:8838816732059044851]
[user:David] [type:cobro] [ammount:114346886004211][total:8838931078945049062]
[user:David] [type:descuento] [ammount:1838272542868349][total:8840769351487917411]
[user:David] [type:cobro] [ammount:2022041046172130][total:8842791392534089541]
[user:Carlos] [type:pago] [ammount:371064922109762][total:8843162457456199303]
[user:David] [type:descuento] [ammount:3248794201727191][total:8846411251657926494]
[user:Carlos] [type:cobro] [ammount:497101295616255][total:8846908352953542749]
[user:David] [type:pago] [ammount:333810943411786][total:8847242163896954535]
[user:Gustavo] [type:pago] [ammount:3305357244998896][total:8850547521141953431]
[user:Gustavo] [type:descuento] [ammount:1300555046956732][total:8851848076188910163]
[user:Juan] [type:pago] [ammount:1025885060324850][total:8852873961249235013]
[user:Kung] [type:inversión] [ammount:2606596577404238][total:8855480557826639251]
[user:David] [type:cobro] [ammount:1353226373033549][total:8856833784199672800]
[user:Carlos] [type:inversión] [ammount:2533497409497069][total:8859367281609169869]
[user:Carlos] [type:descuento] [ammount:2789216425654078][total:8862156498034823947]
[user:Carlos] [type:inversión] [ammount:648793982769003][total:8862805292017592950]
[user:Juan] [type:inversión] [ammount:2946925675403702][total:8865752217692996652]
[user:Sonia] [type:cobro] [ammount:1905063139681853][total:8867657280832678505]
[user:Kung] [type:pago] [ammount:384939991281668][total:8868042220823960173]
[user:Kung] [type:cobro] [ammount:301053883620765][total:8868343274707580938]
[user:Dalí] [type:cobro] [ammount:2137255239044254][total:8870480529946625192]
[user:Sonia] [type:inversión] [ammount:2914293564215709][total:8873394823510840901]
[user:Juan] [type:descuento] [ammount:2081097049262403][total:8875475920560103304]
[user:Carlos] [type:pago] [ammount:1903405988496543][total:8877379326548599847]
[user:Felipe] [type:descuento] [ammount:2300046847028292][total:8879679373395628139]
[user:Felipe] [type:inversión] [ammount:2138221381031716][total:8881817594776659855]
[user:Carlos] [type:descuento] [ammount:3034136017056541][total:8884851730793716396]
[user:Juan] [type:descuento] [ammount:3558029282543005][total:8888409760076259401]
[user:Sonia] [type:cobro] [ammount:41353036272602][total:8888451113112532003]
[user:Dalí] [type:cobro] [ammount:3437706555775384][total:8891888819668307387]
[user:Sonia] [type:inversión] [ammount:276253038174375][total:8892165072706481762]
[user:Keanu] [type:descuento] [ammount:3521808282941782][total:8895686880989423544]
[user:Dalí] [type:descuento] [ammount:884871061982182][total:8896571752051405726]
[user:Gustavo] [type:inversión] [ammount:806072331642166][total:8897377824383047892]
[user:Gustavo] [type:cobro] [ammount:3312260671747774][total:8900690085054795666]
[user:Juan] [type:descuento] [ammount:1799858062077032][total:8902489943116872698]
[user:David] [type:inversión] [ammount:1993520707656909][total:8904483463824529607]
[user:Carlos] [type:pago] [ammount:1798866393110059][total:8906282330217639666]
[user:Anakin] [type:cobro] [ammount:3128625174034511][total:8909410955391674177]
[user:Gustavo] [type:pago] [ammount:65605409176963][total:8909476560800851140]
[user:Gustavo] [type:inversión] [ammount:1074933343846766][total:8910551494144697906]
[user:Keanu] [type:descuento] [ammount:1181715590253803][total:8911733209734951709]
[user:Dalí] [type:cobro] [ammount:2247005153703896][total:8913980214888655605]
[user:Carlos] [type:descuento] [ammount:3124036298778905][total:8917104251187434510]
[user:David] [type:pago] [ammount:437823257189942][total:8917542074444624452]
[user:Kung] [type:pago] [ammount:1879569651750069][total:8919421644096374521]
[user:Anakin] [type:cobro] [ammount:123869286060410][total:8919545513382434931]
[user:Gustavo] [type:inversión] [ammount:523541716670574][total:8920069055099105505]
[user:David] [type:descuento] [ammount:566077921867562][total:8920635133020973067]
[user:Kung] [type:pago] [ammount:4006965226245][total:8920639139986199312]
[user:Gustavo] [type:descuento] [ammount:2621073628757690][total:8923260213614957002]
[user:Keanu] [type:pago] [ammount:2850133461076860][total:8926110347076033862]
[user:Anakin] [type:inversión] [ammount:286913425297762][total:8926397260501331624]
[user:Sonia] [type:inversión] [ammount:2993693570064490][total:8929390954071396114]
[user:Anakin] [type:inversión] [ammount:114485235615222][total:8929505439307011336]
[user:Anakin] [type:pago] [ammount:1059518338000300][total:8930564957645011636]
[user:Gustavo] [type:descuento] [ammount:3616278323156539][total:8934181235968168175]
[user:David] [type:pago] [ammount:3547420335458164][total:8937728656303626339]
[user:Kung] [type:pago] [ammount:1934386999229313][total:8939663043302855652]
[user:Dalí] [type:inversión] [ammount:250701393645038][total:8939913744696500690]
[user:Felipe] [type:cobro] [ammount:3043797826434679][total:8942957542522935369]
[user:Anakin] [type:inversión] [ammount:1484353817720891][total:8944441896340656260]
[user:David] [type:cobro] [ammount:2256354623377851][total:8946698250964034111]
[user:Gustavo] [type:descuento] [ammount:2503049152163799][total:8949201300116197910]
[user:Juan] [type:cobro] [ammount:1822382442108881][total:8951023682558306791]
[user:David] [type:cobro] [ammount:1274458166883359][total:8952298140725190150]
[user:Juan] [type:inversión] [ammount:2011667709113938][total:8954309808434304088]
[user:Carlos] [type:descuento] [ammount:2021239751798174][total:8956331048186102262]
[user:David] [type:cobro] [ammount:2440037814269473][total:8958771086000371735]
[user:Kung] [type:cobro] [ammount:2950027485177815][total:8961721113485549550]
[user:Kung] [type:inversión] [ammount:3316819023546013][total:8965037932509095563]
[user:Kung] [type:inversión] [ammount:3378010282596245][total:8968415942791691808]
[user:David] [type:pago] [ammount:216930940047612][total:8968632873731739420]
[user:Kung] [type:cobro] [ammount:2467669267024967][total:8971100542998764387]
[user:Carlos] [type:inversión] [ammount:3227714149110576][total:8974328257147874963]
[user:Sonia] [type:pago] [ammount:1334103498702410][total:8975662360646577373]
[user:Dalí] [type:cobro] [ammount:2040655376949540][total:8977703016023526913]
[user:Dalí] [type:descuento] [ammount:3397641712361642][total:8981100657735888555]
[user:Juan] [type:descuento] [ammount:1703889846385421][total:8982804547582273976]
[user:Felipe] [type:inversión] [ammount:2523508804489652][total:8985328056386763628]
[user:Juan] [type:cobro] [ammount:30739336661662][total:8985358795723425290]
[user:Gustavo] [type:inversión] [ammount:799321091820497][total:8986158116815245787]
[user:Sonia] [type:pago] [ammount:3197133227224797][total:8989355250042470584]
[user:Keanu] [type:cobro] [ammount:1465300152190452][total:8990820550194661036]
[user:Felipe] [type:inversión] [ammount:2455389285659255][total:8993275939480320291]
[user:Dalí] [type:pago] [ammount:1812539448710855][total:8995088478929031146]
[user:Kung] [type:descuento] [ammount:3253890149983220][total:8998342369079014366]
[user:David] [type:descuento] [ammount:992915525866779][total:8999335284604881145]
[user:Gustavo] [type:pago] [ammount:2724611491572791][total:9002059896096453936]
[user:Juan] [type:descuento] [ammount:2891935305289750][total:9004951831401743686]
[user:Juan] [type:inversión] [ammount:3504830488934587][total:9008456661890678273]
[user:Kung] [type:pago] [ammount:1335868045291365][total:9009792529935969638]
[user:Anakin] [type:cobro] [ammount:2376223456952331][total:9012168753392921969]
[user:Kung] [type:inversión] [ammount:2279391926492386][total:9014448145319414355]
[user:Sonia] [type:cobro] [ammount:74970932174204][total:9014523116251588559]
[user:Kung] [type:descuento] [ammount:282226502561071][total:9014805342754149630]
[user:Juan] [type:cobro] [ammount:1200132608688528][total:9016005475362838158]
[user:Felipe] [type:inversión] [ammount:92157256194595][total:9016097632619032753]
[user:Dalí] [type:inversión] [ammount:815955760762474][total:9016913588379795227]
[user:Kung] [type:inversión] [ammount:2032151152408277][total:9018945739532203504]
[user:David] [type:pago] [ammount:2330612301676646][total:9021276351833880150]
[user:David] [type:descuento] [ammount:214411179636131][total:9021490763013516281]
[user:Sonia] [type:descuento] [ammount:1324375507260828][total:9022815138520777109]
[user:Juan] [type:inversión] [ammount:2957167493956244][total:9025772306014733353]
[user:Carlos] [type:pago] [ammount:104156017680157][total:9025876462032413510]
[user:Sonia] [type:descuento] [ammount:1786714129439638][total:9027663176161853148]
[user:Sonia] [type:cobro] [ammount:2634906236611013][total:9030298082398464161]
[user:Keanu] [type:inversión] [ammount:1119604640671756][total:9031417687039135917]
[user:Anakin] [type:pago] [ammount:3491984076551186][total:9034909671115687103]
[user:Carlos] [type:inversión] [ammount:2039453367775311][total:9036949124483462414]
[user:Keanu] [type:inversión] [ammount:2724652351218027][total:9039673776834680441]
[user:Kung] [type:cobro] [ammount:1318269393262617][total:9040992046227943058]
[user:Juan] [type:inversión] [ammount:2535061635408840][total:9043527107863351898]
[user:David] [type:inversión] [ammount:831613124080508][total:9044358720987432406]
[user:Anakin] [type:inversión] [ammount:344804882474065][total:9044703525869906471]
[user:David] [type:pago] [ammount:1123384208884956][total:9045826910078791427]
[user:Kung] [type:cobro] [ammount:2226477781730343][total:9048053387860521770]
[user:Carlos] [type:pago] [ammount:2750243481783690][total:9050803631342305460]
[user:Kung] [type:inversión] [ammount:2267721239671155][total:9053071352581976615]
[user:Carlos] [type:inversión] [ammount:2897188642910252][total:9055968541224886867]
[user:Keanu] [type:inversión] [ammount:1675204495502012][total:9057643745720388879]
[user:Felipe] [type:pago] [ammount:536413648287066][total:9058180159368675945]
[user:Felipe] [type:descuento] [ammount:2112198009097235][total:9060292357377773180]
[user:Felipe] [type:pago] [ammount:2902068963471886][total:9063194426341245066]
[user:Gustavo] [type:descuento] [ammount:1586290409508351][total:9064780716750753417]
[user:Gustavo] [type:pago] [ammount:1054171723403845][total:9065834888474157262]
[user:Kung] [type:pago] [ammount:924700583278892][total:9066759589057436154]
[user:Juan] [type:descuento] [ammount:1215423131829056][total:9067975012189265210]
[user:Anakin] [type:descuento] [ammount:997299245192419][total:9068972311434457629]
[user:David] [type:pago] [ammount:3276875239133921][total:9072249186673591550]
[user:Keanu] [type:cobro] [ammount:3531791924240313][total:9075780978597831863]
[user:Sonia] [type:inversión] [ammount:3110730281339679][total:9078891708879171542]
[user:Dalí] [type:descuento] [ammount:1132492733833687][total:9080024201613005229]
[user:Anakin] [type:descuento] [ammount:1359735051597302][total:9081383936664602531]
[user:Sonia] [type:inversión] [ammount:1727497787681484][total:9083111434452284015]
[user:Gustavo] [type:inversión] [ammount:1207371816884447][total:9084318806269168462]
[user:Juan] [type:cobro] [ammount:1515142816518364][total:9085833949085686826]
[user:David] [type:descuento] [ammount:342034621826565][total:9086175983707513391]
[user:Sonia] [type:descuento] [ammount:528891508388115][total:9086704875215901506]
[user:Juan] [type:inversión] [ammount:2805207129325929][total:9089510082345227435]
[user:Anakin] [type:cobro] [ammount:1608057773250141][total:9091118140118477576]
[user:Anakin] [type:descuento] [ammount:2605838629910037][total:9093723978748387613]
[user:Felipe] [type:cobro] [ammount:960630653623410][total:9094684609402011023]
[user:Anakin] [type:descuento] [ammount:839474961609845][total:9095524084363620868]
[user:Carlos] [type:inversión] [ammount:2545685350807337][total:9098069769714428205]
[user:Dalí] [type:cobro] [ammount:186700591989051][total:9098256470306417256]
[user:David] [type:descuento] [ammount:1943705896052187][total:9100200176202469443]
[user:Gustavo] [type:cobro] [ammount:2946923192113951][total:9103147099394583394]
[user:Juan] [type:inversión] [ammount:1316366928044646][total:9104463466322628040]
[user:Gustavo] [type:pago] [ammount:3216406296352651][total:9107679872618980691]
[user:Gustavo] [type:cobro] [ammount:2809304143640181][total:9110489176762620872]
[user:Juan] [type:cobro] [ammount:2071759067720776][total:9112560935830341648]
[user:Felipe] [type:cobro] [ammount:2971852274890947][total:9115532788105232595]
[user:Gustavo] [type:pago] [ammount:3025459973877060][total:9118558248079109655]
[user:Keanu] [type:pago] [ammount:3337143212035394][total:9121895391291145049]
[user:Keanu] [type:inversión] [ammount:1507317892598052][total:9123402709183743101]
[user:Sonia] [type:cobro] [ammount:2428141040477577][total:9125830850224220678]
[user:Dalí] [type:pago] [ammount:2635201517405971][total:9128466051741626649]
[user:David] [type:pago] [ammount:690389273880734][total:9129156441015507383]
[user:Sonia] [type:cobro] [ammount:2813425392762204][total:9131969866408269587]
[user:Juan] [type:cobro] [ammount:3366488175519103][total:9135336354583788690]
[user:Kung] [type:descuento] [ammount:3555685828971621][total:9138892040412760311]
[user:Kung] [type:inversión] [ammount:635112461653754][total:9139527152874414065]
[user:Felipe] [type:descuento] [ammount:1199575281395613][total:9140726728155809678]
[user:Felipe] [type:pago] [ammount:1482935300446980][total:9142209663456256658]
[user:David] [type:descuento] [ammount:1540544213573290][total:9143750207669829948]
[user:Dalí] [type:inversión] [ammount:1265297227853212][total:9145015504897683160]
[user:David] [type:pago] [ammount:3179040130166462][total:9148194545027849622]
[user:Gustavo] [type:descuento] [ammount:3282202748600447][total:9151476747776450069]
[user:Gustavo] [type:inversión] [ammount:1675708215408781][total:9153152455991858850]
[user:David] [type:cobro] [ammount:2144998151683538][total:9155297454143542388]
[user:Carlos] [type:cobro] [ammount:3017853518355589][total:9158315307661897977]
[user:Sonia] [type:inversión] [ammount:1503581483658604][total:9159818889145556581]
[user:Dalí] [type:descuento] [ammount:2475966424727850][total:9162294855570284431]
[user:Carlos] [type:cobro] [ammount:1891368814197655][total:9164186224384482086]
[user:Felipe] [type:cobro] [ammount:2055711081191788][total:9166241935465673874]
[user:Anakin] [type:cobro] [ammount:669069899907955][total:9166911005365581829]
[user:Felipe] [type:inversión] [ammount:358033753507592][total:9167269039119089421]
[user:Felipe] [type:inversión] [ammount:297621021923851][total:9167566660141013272]
[user:Carlos] [type:descuento] [ammount:1063623563832953][total:9168630283704846225]
[user:Dalí] [type:descuento] [ammount:2323659837098085][total:9170953943541944310]
[user:Kung] [type:inversión] [ammount:1359524684468885][total:9172313468226413195]
[user:Juan] [type:inversión] [ammount:1239115291346218][total:9173552583517759413]
[user:Keanu] [type:cobro] [ammount:1284991141402020][total:9174837574659161433]
[user:Gustavo] [type:inversión] [ammount:1399297258220002][total:9176236871917381435]
[user:Gustavo] [type:descuento] [ammount:3439432592878982][total:9179676304510260417]
[user:Anakin] [type:inversión] [ammount:1478568812895818][total:9181154873323156235]
[user:Anakin] [type:descuento] [ammount:941885579596374][total:9182096758902752609]
[user:Anakin] [type:inversión] [ammount:1077197876093792][total:9183173956778846401]
[user:David] [type:cobro] [ammount:2037405499752422][total:9185211362278598823]
[user:Keanu] [type:inversión] [ammount:1436519284324434][total:9186647881562923257]
[user:Dalí] [type:pago] [ammount:2252639769653799][total:9188900521332577056]
[user:Keanu] [type:descuento] [ammount:2029564357416576][total:9190930085689993632]
[user:Dalí] [type:descuento] [ammount:1008687208643659][total:9191938772898637291]
[user:David] [type:pago] [ammount:3291290471967950][total:9195230063370605241]
[user:Sonia] [type:pago] [ammount:3049467815929319][total:9198279531186534560]
[user:Felipe] [type:descuento] [ammount:519611156340894][total:9198799142342875454]
[user:Felipe] [type:descuento] [ammount:2972651670447214][total:9201771794013322668]
[user:Dalí] [type:descuento] [ammount:406602847984337][total:9202178396861307005]
[user:Juan] [type:cobro] [ammount:901558123845754][total:9203079954985152759]
[user:Felipe] [type:descuento] [ammount:3455016578103588][total:9206534971563256347]
[user:Felipe] [type:pago] [ammount:2518347827237997][total:9209053319390494344]
[user:Kung] [type:inversión] [ammount:1832923768170611][total:9210886243158664955]
[user:Anakin] [type:pago] [ammount:3453370801726523][total:9214339613960391478]
[user:Sonia] [type:descuento] [ammount:2083469965761654][total:9216423083926153132]
[user:Felipe] [type:inversión] [ammount:1228038397330009][total:9217651122323483141]
[user:Dalí] [type:pago] [ammount:10291442228775][total:9217661413765711916]
[user:Sonia] [type:pago] [ammount:2780249092217695][total:9220441662857929611]
[user:Felipe] [type:cobro] [ammount:3054459840731111][total:9223496122698660722]
[user:Gustavo] [type:pago] [ammount:1594248906190692][total:9225090371604851414]
[user:Anakin] [type:descuento] [ammount:1608276150513192][total:9226698647755364606]
[user:Gustavo] [type:cobro] [ammount:136654299733212][total:9226835302055097818]
[user:Felipe] [type:cobro] [ammount:876059169058365][total:9227711361224156183]
[user:Dalí] [type:cobro] [ammount:2473105878402112][total:9230184467102558295]
[user:Anakin] [type:inversión] [ammount:257668597620531][total:9230442135700178826]
[user:Felipe] [type:cobro] [ammount:1865265526305450][total:9232307401226484276]
[user:Juan] [type:cobro] [ammount:1507480488139283][total:9233814881714623559]
[user:Sonia] [type:descuento] [ammount:3199791138030006][total:9237014672852653565]
[user:David] [type:inversión] [ammount:2999160414469595][total:9240013833267123160]
[user:Sonia] [type:pago] [ammount:1043152147058958][total:9241056985414182118]
[user:Gustavo] [type:cobro] [ammount:2937909067675066][total:9243994894481857184]
[user:Sonia] [type:pago] [ammount:3397498093451813][total:9247392392575308997]
[user:Keanu] [type:descuento] [ammount:2018144693770645][total:9249410537269079642]
[user:Gustavo] [type:cobro] [ammount:3567916017244340][total:9252978453286323982]
[user:Juan] [type:descuento] [ammount:411723167256829][total:9253390176453580811]
[user:Kung] [type:inversión] [ammount:448795319729892][total:9253838971773310703]
[user:David] [type:inversión] [ammount:1607789213897300][total:9255446760987208003]
[user:Sonia] [type:inversión] [ammount:3588199561645610][total:9259034960548853613]
[user:Carlos] [type:cobro] [ammount:2827884078470940][total:9261862844627324553]
[user:Carlos] [type:cobro] [ammount:3513376848131789][total:9265376221475456342]
[user:Anakin] [type:pago] [ammount:496417150435566][total:9265872638625891908]
[user:Juan] [type:cobro] [ammount:2450303519252947][total:9268322942145144855]
[user:Gustavo] [type:inversión] [ammount:3150109021549425][total:9271473051166694280]
[user:Sonia] [type:inversión] [ammount:2927151418048716][total:9274400202584742996]
[user:Juan] [type:cobro] [ammount:2824737966325693][total:9277224940551068689]
[user:Carlos] [type:pago] [ammount:2023834075599568][total:9279248774626668257]
[user:Sonia] [type:inversión] [ammount:1198355256605866][total:9280447129883274123]
[user:Felipe] [type:cobro] [ammount:2355337824605494][total:9282802467707879617]
[user:Kung] [type:inversión] [ammount:317157942751088][total:9283119625650630705]
[user:Felipe] [type:cobro] [ammount:701763382652086][total:9283821389033282791]
[user:Juan] [type:descuento] [ammount:2707915611061738][total:9286529304644344529]
[user:Gustavo] [type:pago] [ammount:553538578566774][total:9287082843222911303]
[user:Felipe] [type:pago] [ammount:3087657281339496][total:9290170500504250799]
[user:David] [type:inversión] [ammount:488345729713294][total:9290658846233964093]
[user:Anakin] [type:pago] [ammount:1449993340158451][total:9292108839574122544]
[user:Sonia] [type:pago] [ammount:1360180694705359][total:9293469020268827903]
[user:Sonia] [type:pago] [ammount:3009999934321700][total:9296479020203149603]
[user:Sonia] [type:cobro] [ammount:2110374640912401][total:9298589394844062004]
[user:Keanu] [type:descuento] [ammount:1016895486548544][total:9299606290330610548]
[user:Sonia] [type:inversión] [ammount:2645302385022534][total:9302251592715633082]
[user:Dalí] [type:inversión] [ammount:3110203332362366][total:9305361796047995448]
[user:David] [type:cobro] [ammount:3185910035149143][total:9308547706083144591]
[user:Felipe] [type:cobro] [ammount:1116061281661332][total:9309663767364805923]
[user:Dalí] [type:pago] [ammount:2302884514118528][total:9311966651878924451]
[user:Sonia] [type:pago] [ammount:1943738133168249][total:9313910390012092700]
[user:Keanu] [type:inversión] [ammount:463523837051336][total:9314373913849144036]
[user:Keanu] [type:pago] [ammount:552436578350241][total:9314926350427494277]
[user:Dalí] [type:pago] [ammount:1195139824674781][total:9316121490252169058]
[user:Carlos] [type:cobro] [ammount:3644768460552802][total:9319766258712721860]
[user:Felipe] [type:descuento] [ammount:2881857616389588][total:9322648116329111448]
[user:Dalí] [type:pago] [ammount:1260884875453758][total:9323909001204565206]
[user:Anakin] [type:pago] [ammount:3511062103882051][total:9327420063308447257]
[user:David] [type:inversión] [ammount:2230734858978115][total:9329650798167425372]
[user:Keanu] [type:descuento] [ammount:1550323748291899][total:9331201121915717271]
[user:Keanu] [type:descuento] [ammount:1047224372539286][total:9332248346288256557]
[user:Anakin] [type:cobro] [ammount:1253278232491713][total:9333501624520748270]
[user:Felipe] [type:inversión] [ammount:1915708973223321][total:9335417333493971591]
[user:Felipe] [type:inversión] [ammount:700356297371539][total:9336117689791343130]
[user:Keanu] [type:cobro] [ammount:3642828926666824][total:9339760518718009954]
[user:Gustavo] [type:descuento] [ammount:171580818826580][total:9339932099536836534]
[user:Juan] [type:cobro] [ammount:692926887459540][total:9340625026424296074]
[user:Sonia] [type:pago] [ammount:3459589372333277][total:9344084615796629351]
[user:Gustavo] [type:descuento] [ammount:3219703273328180][total:9347304319069957531]
[user:Juan] [type:inversión] [ammount:2590182040834441][total:9349894501110791972]
[user:David] [type:descuento] [ammount:2885475630710657][total:9352779976741502629]
[user:Carlos] [type:descuento] [ammount:1593491217064020][total:9354373467958566649]
[user:Dalí] [type:pago] [ammount:779682088875736][total:9355153150047442385]
[user:Juan] [type:descuento] [ammount:2435535284606802][total:9357588685332049187]
[user:Keanu] [type:pago] [ammount:3076295479638539][total:9360664980811687726]
[user:David] [type:descuento] [ammount:593905401477554][total:9361258886213165280]
[user:Kung] [type:descuento] [ammount:1236742043489383][total:9362495628256654663]
[user:Juan] [type:inversión] [ammount:2266061661497395][total:9364761689918152058]
[user:Anakin] [type:descuento] [ammount:3062963057880883][total:9367824652976032941]
[user:Sonia] [type:descuento] [ammount:2896194096573275][total:9370720847072606216]
[user:Keanu] [type:descuento] [ammount:1596928755664657][total:9372317775828270873]
[user:Felipe] [type:cobro] [ammount:551749611105956][total:9372869525439376829]
[user:Kung] [type:cobro] [ammount:2703031355044068][total:9375572556794420897]
[user:Keanu] [type:pago] [ammount:2619360200503010][total:9378191916994923907]
[user:Kung] [type:descuento] [ammount:820251818759554][total:9379012168813683461]
[user:Felipe] [type:inversión] [ammount:1827508108150309][total:9380839676921833770]
[user:Felipe] [type:descuento] [ammount:522802399825376][total:9381362479321659146]
[user:Keanu] [type:descuento] [ammount:1005290990664718][total:9382367770312323864]
[user:Gustavo] [type:inversión] [ammount:2700184622530887][total:9385067954934854751]
[user:Kung] [type:cobro] [ammount:2030711796982833][total:9387098666731837584]
[user:Felipe] [type:descuento] [ammount:1941359042843796][total:9389040025774681380]
[user:Carlos] [type:descuento] [ammount:371335015237191][total:9389411360789918571]
[user:David] [type:pago] [ammount:3386443768333935][total:9392797804558252506]
[user:David] [type:pago] [ammount:1901435796794542][total:9394699240355047048]
[user:Juan] [type:cobro] [ammount:2935756429449972][total:9397634996784497020]
[user:Carlos] [type:pago] [ammount:158748797792274][total:9397793745582289294]
[user:Dalí] [type:inversión] [ammount:828256526111949][total:9398622002108401243]
[user:Sonia] [type:descuento] [ammount:1051259318598965][total:9399673261427000208]
[user:Felipe] [type:cobro] [ammount:1253088870281373][total:9400926350297281581]
[user:Kung] [type:cobro] [ammount:694488734054094][total:9401620839031335675]
[user:Dalí] [type:descuento] [ammount:1505477632198168][total:9403126316663533843]
[user:Felipe] [type:pago] [ammount:3103348523519402][total:9406229665187053245]
[user:Anakin] [type:pago] [ammount:2954281222331294][total:9409183946409384539]
[user:Carlos] [type:pago] [ammount:1328033338243454][total:9410511979747627993]
[user:Dalí] [type:cobro] [ammount:137325537398429][total:9410649305285026422]
[user:Felipe] [type:descuento] [ammount:3021873943504087][total:9413671179228530509]
[user:Kung] [type:inversión] [ammount:2482495548366659][total:9416153674776897168]
[user:Gustavo] [type:inversión] [ammount:2471638172959399][total:9418625312949856567]
[user:Sonia] [type:pago] [ammount:869341701398702][total:9419494654651255269]
[user:Keanu] [type:pago] [ammount:1813018780141360][total:9421307673431396629]
[user:Felipe] [type:descuento] [ammount:3272716078751256][total:9424580389510147885]
[user:Keanu] [type:descuento] [ammount:3169154675856025][total:9427749544186003910]
[user:Keanu] [type:cobro] [ammount:1348892380050509][total:9429098436566054419]
[user:Dalí] [type:descuento] [ammount:109166742774966][total:9429207603308829385]
[user:Juan] [type:inversión] [ammount:2333247917322283][total:9431540851226151668]
[user:Sonia] [type:inversión] [ammount:43925641087611][total:9431584776867239279]
[user:Dalí] [type:inversión] [ammount:1334644253234832][total:9432919421120474111]
[user:Sonia] [type:descuento] [ammount:2883009095746526][total:9435802430216220637]
[user:Kung] [type:inversión] [ammount:1517918340794542][total:9437320348557015179]
[user:Keanu] [type:inversión] [ammount:3194535276483496][total:9440514883833498675]
[user:Gustavo] [type:cobro] [ammount:1940671055589760][total:9442455554889088435]
[user:Sonia] [type:descuento] [ammount:497451376878315][total:9442953006265966750]
[user:Kung] [type:pago] [ammount:3648844644329305][total:9446601850910296055]
[user:Carlos] [type:descuento] [ammount:1659656248052609][total:9448261507158348664]
[user:David] [type:inversión] [ammount:3652436136596347][total:9451913943294945011]
[user:Anakin] [type:pago] [ammount:2414538162212180][total:9454328481457157191]
[user:Keanu] [type:inversión] [ammount:3278629702171745][total:9457607111159328936]
[user:Dalí] [type:inversión] [ammount:1454700242281638][total:9459061811401610574]
[user:Sonia] [type:descuento] [ammount:729336212822234][total:9459791147614432808]
[user:Carlos] [type:pago] [ammount:3567702955615166][total:9463358850570047974]
[user:Sonia] [type:descuento] [ammount:2380099287444504][total:9465738949857492478]
[user:Anakin] [type:cobro] [ammount:1754743902490818][total:9467493693759983296]
[user:Gustavo] [type:descuento] [ammount:3594336414804815][total:9471088030174788111]
[user:Carlos] [type:cobro] [ammount:2143513169409900][total:9473231543344198011]
[user:Dalí] [type:descuento] [ammount:1124852834444203][total:9474356396178642214]
[user:Dalí] [type:inversión] [ammount:657927084750683][total:9475014323263392897]
[user:Carlos] [type:inversión] [ammount:358313236003878][total:9475372636499396775]
[user:David] [type:inversión] [ammount:3029354536913436][total:9478401991036310211]
[user:Felipe] [type:pago] [ammount:3214429931088428][total:9481616420967398639]
[user:Dalí] [type:inversión] [ammount:1395343447480533][total:9483011764414879172]
[user:Kung] [type:inversión] [ammount:487013631608293][total:9483498778046487465]
[user:Gustavo] [type:pago] [ammount:826364673006193][total:9484325142719493658]
[user:Dalí] [type:inversión] [ammount:1885143380674152][total:9486210286100167810]
[user:David] [type:pago] [ammount:2142162983487167][total:9488352449083654977]
[user:Anakin] [type:inversión] [ammount:1605949135184107][total:9489958398218839084]
[user:David] [type:inversión] [ammount:3511294883983992][total:9493469693102823076]
[user:Dalí] [type:cobro] [ammount:1324765392353271][total:9494794458495176347]
[user:Juan] [type:descuento] [ammount:2773024002498021][total:9497567482497674368]
[user:Sonia] [type:descuento] [ammount:695628950839182][total:9498263111448513550]
[user:Sonia] [type:cobro] [ammount:1830805098878465][total:9500093916547392015]
[user:Keanu] [type:descuento] [ammount:535247361893445][total:9500629163909285460]
[user:Gustavo] [type:pago] [ammount:2746716345018270][total:9503375880254303730]
[user:Anakin] [type:descuento] [ammount:1423692569737114][total:9504799572824040844]
[user:Anakin] [type:descuento] [ammount:2395016944506209][total:9507194589768547053]
[user:Juan] [type:pago] [ammount:405133426383494][total:9507599723194930547]
[user:Carlos] [type:inversión] [ammount:2515094137178731][total:9510114817332109278]
[user:Sonia] [type:inversión] [ammount:496259487759270][total:9510611076819868548]
[user:Gustavo] [type:inversión] [ammount:3592803994960276][total:9514203880814828824]
[user:Sonia] [type:descuento] [ammount:3304535246548568][total:9517508416061377392]
[user:Sonia] [type:inversión] [ammount:2309426328356032][total:9519817842389733424]
[user:Juan] [type:pago] [ammount:873042587686156][total:9520690884977419580]
[user:Juan] [type:pago] [ammount:3312646515593129][total:9524003531493012709]
[user:Gustavo] [type:descuento] [ammount:2673464985156242][total:9526676996478168951]
[user:Sonia] [type:inversión] [ammount:2492020284856346][total:9529169016763025297]
[user:Felipe] [type:pago] [ammount:824853439496249][total:9529993870202521546]
[user:Carlos] [type:inversión] [ammount:2713287559513237][total:9532707157762034783]
[user:Juan] [type:descuento] [ammount:1364913469900705][total:9534072071231935488]
[user:Carlos] [type:pago] [ammount:2700122272522603][total:9536772193504458091]
[user:Felipe] [type:pago] [ammount:3165414699662410][total:9539937608204120501]
[user:Dalí] [type:cobro] [ammount:2074617150249333][total:9542012225354369834]
[user:Sonia] [type:pago] [ammount:715962655911175][total:9542728188010281009]
[user:Gustavo] [type:pago] [ammount:1224139657053946][total:9543952327667334955]
[user:Keanu] [type:descuento] [ammount:382815875369094][total:9544335143542704049]
[user:David] [type:descuento] [ammount:555916118614537][total:9544891059661318586]
[user:Dalí] [type:descuento] [ammount:2104003453141828][total:9546995063114460414]
[user:Dalí] [type:cobro] [ammount:2490257302092906][total:9549485320416553320]
[user:Keanu] [type:cobro] [ammount:2861844183574392][total:9552347164600127712]
[user:Juan] [type:pago] [ammount:307524325448139][total:9552654688925575851]
[user:Carlos] [type:cobro] [ammount:3314933638975782][total:9555969622564551633]
[user:Keanu] [type:cobro] [ammount:1051022377754872][total:9557020644942306505]
[user:Gustavo] [type:pago] [ammount:206506409474849][total:9557227151351781354]
[user:Felipe] [type:inversión] [ammount:729381294863841][total:9557956532646645195]
[user:Anakin] [type:cobro] [ammount:2989123876855316][total:9560945656523500511]
[user:Anakin] [type:cobro] [ammount:1835226201740929][total:9562780882725241440]
[user:Kung] [type:cobro] [ammount:425931692355235][total:9563206814417596675]
[user:Felipe] [type:cobro] [ammount:657750633732785][total:9563864565051329460]
[user:Dalí] [type:descuento] [ammount:3225681710508209][total:9567090246761837669]
[user:Sonia] [type:pago] [ammount:1047963061386403][total:9568138209823224072]
[user:Felipe] [type:pago] [ammount:2655566712610190][total:9570793776535834262]
[user:Carlos] [type:cobro] [ammount:2280319462852470][total:9573074095998686732]
[user:Gustavo] [type:pago] [ammount:3215883673638832][total:9576289979672325564]
[user:David] [type:descuento] [ammount:2987248033052092][total:9579277227705377656]
[user:Keanu] [type:descuento] [ammount:3252476327171660][total:9582529704032549316]
[user:Felipe] [type:pago] [ammount:92241860620536][total:9582621945893169852]
[user:Felipe] [type:cobro] [ammount:1670084957486328][total:9584292030850656180]
[user:Juan] [type:inversión] [ammount:2551166887292427][total:9586843197737948607]
[user:Anakin] [type:pago] [ammount:3197746516353204][total:9590040944254301811]
[user:David] [type:pago] [ammount:1472783730020719][total:9591513727984322530]
[user:Sonia] [type:descuento] [ammount:357060289178242][total:9591870788273500772]
[user:Carlos] [type:descuento] [ammount:711373526450008][total:9592582161799950780]
[user:Gustavo] [type:pago] [ammount:2876379480947811][total:9595458541280898591]
[user:Felipe] [type:pago] [ammount:1296574717150019][total:9596755115998048610]
[user:Gustavo] [type:cobro] [ammount:2333054026550403][total:9599088170024599013]
[user:David] [type:inversión] [ammount:2847253920139751][total:9601935423944738764]
[user:David] [type:cobro] [ammount:1178588698152263][total:9603114012642891027]
[user:Keanu] [type:descuento] [ammount:3459307381443597][total:9606573320024334624]
[user:Gustavo] [type:cobro] [ammount:3451758746329456][total:9610025078770664080]
[user:Anakin] [type:pago] [ammount:3663911919260534][total:9613688990689924614]
[user:Kung] [type:cobro] [ammount:2817591974854202][total:9616506582664778816]
[user:Felipe] [type:cobro] [ammount:1372202166945390][total:9617878784831724206]
[user:Juan] [type:cobro] [ammount:145031709164721][total:9618023816540888927]
[user:Juan] [type:pago] [ammount:2369122995378771][total:9620392939536267698]
[user:Dalí] [type:inversión] [ammount:857483003716041][total:9621250422539983739]
[user:Anakin] [type:inversión] [ammount:1654741397777225][total:9622905163937760964]
[user:Dalí] [type:pago] [ammount:118841220494992][total:9623024005158255956]
[user:Anakin] [type:inversión] [ammount:503483550616079][total:9623527488708872035]
[user:Kung] [type:cobro] [ammount:3550966144811578][total:9627078454853683613]
[user:Juan] [type:inversión] [ammount:942310785270292][total:9628020765638953905]
[user:Carlos] [type:descuento] [ammount:293713203013700][total:9628314478841967605]
[user:Sonia] [type:inversión] [ammount:964476599210724][total:9629278955441178329]
[user:Juan] [type:descuento] [ammount:3261756871052501][total:9632540712312230830]
[user:Sonia] [type:descuento] [ammount:1933981040235513][total:9634474693352466343]
[user:Sonia] [type:descuento] [ammount:1578785654777129][total:9636053479007243472]
[user:David] [type:inversión] [ammount:3546013248875500][total:9639599492256118972]
[user:Gustavo] [type:descuento] [ammount:1524780444347279][total:9641124272700466251]
[user:Felipe] [type:descuento] [ammount:530534457598516][total:9641654807158064767]
[user:Juan] [type:descuento] [ammount:140388990711208][total:9641795196148775975]
[user:Kung] [type:cobro] [ammount:2228692264727376][total:9644023888413503351]
[user:David] [type:cobro] [ammount:1754633830006949][total:9645778522243510300]
[user:Dalí] [type:inversión] [ammount:3199095715811450][total:9648977617959321750]
[user:Felipe] [type:cobro] [ammount:1891101571896581][total:9650868719531218331]
[user:Dalí] [type:descuento] [ammount:3634752977447184][total:9654503472508665515]
[user:Dalí] [type:inversión] [ammount:1075571575680774][total:9655579044084346289]
[user:Felipe] [type:cobro] [ammount:3444042031016704][total:9659023086115362993]
[user:Anakin] [type:pago] [ammount:1298465190722315][total:9660321551306085308]
[user:Sonia] [type:inversión] [ammount:2399500600579185][total:9662721051906664493]
[user:Dalí] [type:inversión] [ammount:99628680512298][total:9662820680587176791]
[user:David] [type:inversión] [ammount:514706320568643][total:9663335386907745434]
[user:Anakin] [type:cobro] [ammount:3347984871122158][total:9666683371778867592]
[user:Carlos] [type:pago] [ammount:581215160711804][total:9667264586939579396]
[user:David] [type:pago] [ammount:3357917819868891][total:9670622504759448287]
[user:Anakin] [type:descuento] [ammount:3628974229200068][total:9674251478988648355]
[user:Sonia] [type:cobro] [ammount:666080000643968][total:9674917558989292323]
[user:Kung] [type:descuento] [ammount:1867418698572206][total:9676784977687864529]
[user:Anakin] [type:pago] [ammount:2655519569495984][total:9679440497257360513]
[user:Dalí] [type:descuento] [ammount:1183671822254815][total:9680624169079615328]
[user:Dalí] [type:cobro] [ammount:1227517494810836][total:9681851686574426164]
[user:David] [type:inversión] [ammount:2537189343216619][total:9684388875917642783]
[user:Felipe] [type:descuento] [ammount:438463978034462][total:9684827339895677245]
[user:David] [type:inversión] [ammount:2724987508297664][total:9687552327403974909]
[user:Felipe] [type:inversión] [ammount:2815292620794990][total:9690367620024769899]
[user:Sonia] [type:descuento] [ammount:1600790003857796][total:9691968410028627695]
[user:Felipe] [type:descuento] [ammount:3362464108411470][total:9695330874137039165]
[user:Sonia] [type:pago] [ammount:3477014389972305][total:9698807888527011470]
[user:Felipe] [type:inversión] [ammount:2717223562177307][total:9701525112089188777]
[user:David] [type:pago] [ammount:1776120654035597][total:9703301232743224374]
[user:Juan] [type:descuento] [ammount:2478887890220856][total:9705780120633445230]
[user:Felipe] [type:descuento] [ammount:1597966445667312][total:9707378087079112542]
[user:Keanu] [type:inversión] [ammount:1351279379064970][total:9708729366458177512]
[user:Juan] [type:cobro] [ammount:521028933899298][total:9709250395392076810]
[user:Sonia] [type:cobro] [ammount:2332685737408274][total:9711583081129485084]
[user:David] [type:pago] [ammount:2683282425462663][total:9714266363554947747]
[user:Felipe] [type:descuento] [ammount:3127833874142152][total:9717394197429089899]
[user:Anakin] [type:inversión] [ammount:2912633956937371][total:9720306831386027270]
[user:Carlos] [type:pago] [ammount:2714601208961554][total:9723021432594988824]
[user:Gustavo] [type:inversión] [ammount:2656685578931668][total:9725678118173920492]
[user:Sonia] [type:cobro] [ammount:1241598616412135][total:9726919716790332627]
[user:Carlos] [type:descuento] [ammount:984222933086097][total:9727903939723418724]
[user:Gustavo] [type:cobro] [ammount:2213328846284811][total:9730117268569703535]
[user:Gustavo] [type:cobro] [ammount:1443369870557433][total:9731560638440260968]
[user:Keanu] [type:pago] [ammount:3165755658684423][total:9734726394098945391]
[user:David] [type:descuento] [ammount:1377198903012273][total:9736103593001957664]
[user:Sonia] [type:cobro] [ammount:63038054948565][total:9736166631056906229]
[user:David] [type:cobro] [ammount:3194304128527674][total:9739360935185433903]
[user:Anakin] [type:pago] [ammount:2584752615243744][total:9741945687800677647]
[user:Anakin] [type:inversión] [ammount:1003050179529298][total:9742948737980206945]
[user:Anakin] [type:inversión] [ammount:22167213937822][total:9742970905194144767]
[user:Dalí] [type:inversión] [ammount:776255758154946][total:9743747160952299713]
[user:Keanu] [type:descuento] [ammount:510123465776268][total:9744257284418075981]
[user:Kung] [type:descuento] [ammount:574186461532166][total:9744831470879608147]
[user:Kung] [type:cobro] [ammount:924643777971734][total:9745756114657579881]
[user:Juan] [type:descuento] [ammount:2699974442026730][total:9748456089099606611]
[user:Anakin] [type:inversión] [ammount:1117544616023679][total:9749573633715630290]
[user:Kung] [type:descuento] [ammount:574966887599397][total:9750148600603229687]
[user:Juan] [type:inversión] [ammount:69408028354871][total:9750218008631584558]
[user:Carlos] [type:cobro] [ammount:759738004479053][total:9750977746636063611]
[user:Sonia] [type:pago] [ammount:639769451784379][total:9751617516087847990]
[user:Anakin] [type:cobro] [ammount:3686486941925778][total:9755304003029773768]
[user:Keanu] [type:inversión] [ammount:173319036555266][total:9755477322066329034]
[user:Keanu] [type:cobro] [ammount:1017323820049528][total:9756494645886378562]
[user:Felipe] [type:descuento] [ammount:1996841676571627][total:9758491487562950189]
[user:Sonia] [type:pago] [ammount:245258938996678][total:9758736746501946867]
[user:David] [type:descuento] [ammount:1807264389584972][total:9760544010891531839]
[user:Kung] [type:inversión] [ammount:1496747352180621][total:9762040758243712460]
[user:Kung] [type:inversión] [ammount:2638758174567314][total:9764679516418279774]
[user:David] [type:cobro] [ammount:408763899776680][total:9765088280318056454]
[user:Keanu] [type:descuento] [ammount:1231580895955302][total:9766319861214011756]
[user:David] [type:inversión] [ammount:528360917667031][total:9766848222131678787]
[user:Gustavo] [type:pago] [ammount:1145308794039150][total:9767993530925717937]
[user:Juan] [type:pago] [ammount:1562454846057466][total:9769555985771775403]
[user:David] [type:pago] [ammount:2142623035805870][total:9771698608807581273]
[user:David] [type:cobro] [ammount:2443916103856807][total:9774142524911438080]
[user:Dalí] [type:inversión] [ammount:2758411241387415][total:9776900936152825495]
[user:Anakin] [type:inversión] [ammount:2721972321993683][total:9779622908474819178]
[user:Kung] [type:inversión] [ammount:3574410985127498][total:9783197319459946676]
[user:Juan] [type:inversión] [ammount:637835983749769][total:9783835155443696445]
[user:Anakin] [type:cobro] [ammount:2058838081194483][total:9785893993524890928]
[user:Carlos] [type:inversión] [ammount:3606362030958091][total:9789500355555849019]
[user:Juan] [type:cobro] [ammount:3227825162751612][total:9792728180718600631]
[user:Felipe] [type:descuento] [ammount:2141311128179660][total:9794869491846780291]
[user:Juan] [type:descuento] [ammount:3300517898570280][total:9798170009745350571]
[user:Felipe] [type:inversión] [ammount:852559941023301][total:9799022569686373872]
[user:Keanu] [type:cobro] [ammount:351395245460570][total:9799373964931834442]
[user:Felipe] [type:inversión] [ammount:1135974216042553][total:9800509939147876995]
[user:Dalí] [type:pago] [ammount:3624276951235336][total:9804134216099112331]
[user:Sonia] [type:cobro] [ammount:318803675421476][total:9804453019774533807]
[user:Keanu] [type:cobro] [ammount:3332226510308438][total:9807785246284842245]
[user:Juan] [type:descuento] [ammount:3104911703118965][total:9810890157987961210]
[user:Anakin] [type:pago] [ammount:782300648971249][total:9811672458636932459]
[user:Gustavo] [type:pago] [ammount:1712565609775415][total:9813385024246707874]
[user:Carlos] [type:pago] [ammount:111795292025312][total:9813496819538733186]
[user:David] [type:descuento] [ammount:2078656400100774][total:9815575475938833960]
[user:Felipe] [type:inversión] [ammount:3523963946985816][total:9819099439885819776]
[user:David] [type:cobro] [ammount:2801731473385938][total:9821901171359205714]
[user:Keanu] [type:descuento] [ammount:480259856712313][total:9822381431215918027]
[user:Carlos] [type:cobro] [ammount:224133982028931][total:9822605565197946958]
[user:Kung] [type:inversión] [ammount:2441810636141151][total:9825047375834088109]
[user:Carlos] [type:inversión] [ammount:1890920652116014][total:9826938296486204123]
[user:Juan] [type:cobro] [ammount:2939563330919509][total:9829877859817123632]
[user:Carlos] [type:inversión] [ammount:3366486600911095][total:9833244346418034727]
[user:David] [type:cobro] [ammount:1879645437988732][total:9835123991856023459]
[user:Felipe] [type:pago] [ammount:3053629677633344][total:9838177621533656803]
[user:Carlos] [type:inversión] [ammount:238492998727378][total:9838416114532384181]
[user:Juan] [type:inversión] [ammount:3564513997204451][total:9841980628529588632]
[user:Gustavo] [type:pago] [ammount:150833940053308][total:9842131462469641940]
[user:Felipe] [type:cobro] [ammount:1281755487655462][total:9843413217957297402]
[user:Carlos] [type:inversión] [ammount:3170988141032827][total:9846584206098330229]
[user:Kung] [type:descuento] [ammount:2201885178195997][total:9848786091276526226]
[user:Keanu] [type:pago] [ammount:795104754540620][total:9849581196031066846]
[user:Carlos] [type:cobro] [ammount:1881347501441763][total:9851462543532508609]
[user:David] [type:pago] [ammount:498673234837500][total:9851961216767346109]
[user:Carlos] [type:descuento] [ammount:1407119633678218][total:9853368336401024327]
[user:David] [type:inversión] [ammount:1562288132420537][total:9854930624533444864]
[user:Keanu] [type:descuento] [ammount:233167214158040][total:9855163791747602904]
[user:Juan] [type:pago] [ammount:3239805315703346][total:9858403597063306250]
[user:David] [type:pago] [ammount:2771697462512345][total:9861175294525818595]
[user:David] [type:inversión] [ammount:619673810087900][total:9861794968335906495]
[user:David] [type:inversión] [ammount:2905967309792967][total:9864700935645699462]
[user:Kung] [type:cobro] [ammount:3318668988689270][total:9868019604634388732]
[user:Gustavo] [type:pago] [ammount:196566835451114][total:9868216171469839846]
[user:Juan] [type:inversión] [ammount:1458388606074435][total:9869674560075914281]
[user:Dalí] [type:cobro] [ammount:2199518644525331][total:9871874078720439612]
[user:Juan] [type:descuento] [ammount:2544724883263082][total:9874418803603702694]
[user:Sonia] [type:descuento] [ammount:691255138652420][total:9875110058742355114]
[user:Anakin] [type:cobro] [ammount:3013739016382043][total:9878123797758737157]
[user:Juan] [type:cobro] [ammount:3200886165447098][total:9881324683924184255]
[user:Sonia] [type:inversión] [ammount:154862276901165][total:9881479546201085420]
[user:Kung] [type:pago] [ammount:1594740248443618][total:9883074286449529038]
[user:Kung] [type:cobro] [ammount:3667167744684507][total:9886741454194213545]
[user:Juan] [type:pago] [ammount:3342257366405534][total:9890083711560619079]
[user:Felipe] [type:descuento] [ammount:476262037052400][total:9890559973597671479]
[user:Keanu] [type:pago] [ammount:69667819206570][total:9890629641416878049]
[user:Felipe] [type:pago] [ammount:1929453165599701][total:9892559094582477750]
[user:Sonia] [type:inversión] [ammount:3261150536040729][total:9895820245118518479]
[user:Sonia] [type:cobro] [ammount:2538367159928262][total:9898358612278446741]
[user:Anakin] [type:descuento] [ammount:2162221876070760][total:9900520834154517501]
[user:Felipe] [type:inversión] [ammount:1415784701211696][total:9901936618855729197]
[user:Kung] [type:pago] [ammount:1810939090311426][total:9903747557946040623]
[user:Sonia] [type:cobro] [ammount:1409715757255077][total:9905157273703295700]
[user:Sonia] [type:inversión] [ammount:2506133163501152][total:9907663406866796852]
[user:Anakin] [type:cobro] [ammount:518966112427595][total:9908182372979224447]
[user:Gustavo] [type:inversión] [ammount:683499848039551][total:9908865872827263998]
[user:Kung] [type:cobro] [ammount:319673094578449][total:9909185545921842447]
[user:Carlos] [type:cobro] [ammount:1540296554731206][total:9910725842476573653]
[user:David] [type:pago] [ammount:3169289088560072][total:9913895131565133725]
[user:Anakin] [type:pago] [ammount:2174986771389994][total:9916070118336523719]
[user:Keanu] [type:descuento] [ammount:1407589446201390][total:9917477707782725109]
[user:Juan] [type:pago] [ammount:3341795386140134][total:9920819503168865243]
[user:Dalí] [type:inversión] [ammount:1143221087887305][total:9921962724256752548]
[user:Carlos] [type:descuento] [ammount:2844412125890239][total:9924807136382642787]
[user:Sonia] [type:pago] [ammount:2877357697392993][total:9927684494080035780]
[user:David] [type:inversión] [ammount:3465061484759221][total:9931149555564795001]
[user:Kung] [type:cobro] [ammount:1960371558106258][total:9933109927122901259]
[user:Gustavo] [type:cobro] [ammount:1363902271437171][total:9934473829394338430]
[user:Dalí] [type:cobro] [ammount:395468931777267][total:9934869298326115697]
[user:Kung] [type:pago] [ammount:2762981266726585][total:9937632279592842282]
[user:Keanu] [type:cobro] [ammount:1428436896315121][total:9939060716489157403]
[user:Keanu] [type:cobro] [ammount:3554010084355155][total:9942614726573512558]
[user:David] [type:cobro] [ammount:2954271618869616][total:9945568998192382174]
[user:Anakin] [type:inversión] [ammount:423474158270057][total:9945992472350652231]
[user:Juan] [type:descuento] [ammount:2213309295679650][total:9948205781646331881]
[user:Keanu] [type:descuento] [ammount:2386171317245826][total:9950591952963577707]
[user:Keanu] [type:inversión] [ammount:1272505132538196][total:9951864458096115903]
[user:Dalí] [type:descuento] [ammount:864348875749756][total:9952728806971865659]
[user:Sonia] [type:cobro] [ammount:1329886878985832][total:9954058693850851491]
[user:Kung] [type:pago] [ammount:2700459322987837][total:9956759153173839328]
[user:Carlos] [type:cobro] [ammount:77574135735214][total:9956836727309574542]
[user:Keanu] [type:descuento] [ammount:2285197956290396][total:9959121925265864938]
[user:Felipe] [type:inversión] [ammount:2597396915820647][total:9961719322181685585]
[user:Sonia] [type:pago] [ammount:2403326682787878][total:9964122648864473463]
[user:Sonia] [type:cobro] [ammount:2055049633799051][total:9966177698498272514]
[user:Keanu] [type:descuento] [ammount:1772531439702067][total:9967950229937974581]
[user:Carlos] [type:descuento] [ammount:2902196081143595][total:9970852426019118176]
[user:David] [type:pago] [ammount:3659402632915332][total:9974511828652033508]
[user:Felipe] [type:cobro] [ammount:1869090788495029][total:9976380919440528537]
[user:Felipe] [type:pago] [ammount:1743260142931254][total:9978124179583459791]
[user:Keanu] [type:pago] [ammount:476205400840120][total:9978600384984299911]
[user:Gustavo] [type:pago] [ammount:1495917756553965][total:9980096302740853876]
[user:David] [type:pago] [ammount:217372471735964][total:9980313675212589840]
[user:Gustavo] [type:cobro] [ammount:855414531620134][total:9981169089744209974]
[user:Gustavo] [type:cobro] [ammount:3363165480325223][total:9984532255224535197]
[user:Carlos] [type:pago] [ammount:2830438361345414][total:9987362693585880611]
[user:Dalí] [type:cobro] [ammount:2695898494437265][total:9990058592080317876]
[user:Keanu] [type:pago] [ammount:1512898691933144][total:9991571490772251020]
[user:Kung] [type:inversión] [ammount:3432961250410431][total:9995004452022661451]
[user:Sonia] [type:descuento] [ammount:3238369753707702][total:9998242821776369153]
[user:Dalí] [type:inversión] [ammount:986311578242326][total:9999229133354611479]
[user:Gustavo] [type:inversión] [ammount:705816746096276][total:9999934950100707755]
[user:Juan] [type:cobro] [ammount:470740052011085][total:10000405690152718840]
[user:Felipe] [type:inversión] [ammount:582342253015063][total:10000988032405733903]
[user:Anakin] [type:descuento] [ammount:988738327437964][total:10001976770733171867]
[user:Sonia] [type:descuento] [ammount:1080568942120851][total:10003057339675292718]
[user:Carlos] [type:cobro] [ammount:2131858982499230][total:10005189198657791948]
[user:Kung] [type:pago] [ammount:2672502600937699][total:10007861701258729647]
[user:Gustavo] [type:pago] [ammount:1971661094492069][total:10009833362353221716]
[user:David] [type:descuento] [ammount:3504789618999518][total:10013338151972221234]
[user:Sonia] [type:cobro] [ammount:609074118260842][total:10013947226090482076]
[user:Juan] [type:descuento] [ammount:2705180273411787][total:10016652406363893863]
[user:Keanu] [type:inversión] [ammount:963966703468538][total:10017616373067362401]
[user:Gustavo] [type:descuento] [ammount:3530395504815811][total:10021146768572178212]
[user:David] [type:cobro] [ammount:3461484462761371][total:10024608253034939583]
[user:Kung] [type:cobro] [ammount:3345888282821171][total:10027954141317760754]
[user:Felipe] [type:inversión] [ammount:2057784069389506][total:10030011925387150260]
[user:Dalí] [type:pago] [ammount:1149295625860531][total:10031161221013010791]
[user:Dalí] [type:cobro] [ammount:3145105983793001][total:10034306326996803792]
[user:Anakin] [type:descuento] [ammount:3558336047138425][total:10037864663043942217]
[user:Sonia] [type:pago] [ammount:3298092616498512][total:10041162755660440729]
[user:Sonia] [type:pago] [ammount:447765296502114][total:10041610520956942843]
[user:Juan] [type:cobro] [ammount:823796806848359][total:10042434317763791202]
[user:Felipe] [type:cobro] [ammount:3358434177557615][total:10045792751941348817]
[user:Kung] [type:cobro] [ammount:809639850890753][total:10046602391792239570]
[user:Keanu] [type:inversión] [ammount:2604691058955011][total:10049207082851194581]
[user:Sonia] [type:descuento] [ammount:2140222559426297][total:10051347305410620878]
[user:Carlos] [type:pago] [ammount:1790895999757941][total:10053138201410378819]
[user:Anakin] [type:cobro] [ammount:2405855247307749][total:10055544056657686568]
[user:Felipe] [type:descuento] [ammount:2629821029072990][total:10058173877686759558]
[user:Kung] [type:cobro] [ammount:3679952417393443][total:10061853830104153001]
[user:David] [type:pago] [ammount:2541826710331770][total:10064395656814484771]
[user:Carlos] [type:inversión] [ammount:680478139101065][total:10065076134953585836]
[user:Gustavo] [type:descuento] [ammount:2985713469634803][total:10068061848423220639]
[user:Kung] [type:pago] [ammount:831066042118713][total:10068892914465339352]
[user:Anakin] [type:descuento] [ammount:191662746101435][total:10069084577211440787]
[user:Kung] [type:pago] [ammount:1055029342981118][total:10070139606554421905]
[user:Kung] [type:descuento] [ammount:2827580038232540][total:10072967186592654445]
[user:Keanu] [type:descuento] [ammount:3579514755940701][total:10076546701348595146]
[user:Felipe] [type:pago] [ammount:3276037302153078][total:10079822738650748224]
[user:Sonia] [type:inversión] [ammount:1139570957063509][total:10080962309607811733]
[user:Felipe] [type:cobro] [ammount:540416927970457][total:10081502726535782190]
[user:David] [type:inversión] [ammount:1717268971733085][total:10083219995507515275]
[user:Felipe] [type:inversión] [ammount:3152611218922838][total:10086372606726438113]
[user:Keanu] [type:cobro] [ammount:906034582102657][total:10087278641308540770]
[user:Keanu] [type:cobro] [ammount:900604897097593][total:10088179246205638363]
[user:Gustavo] [type:pago] [ammount:2531020856497508][total:10090710267062135871]
[user:David] [type:pago] [ammount:2570332685331600][total:10093280599747467471]
[user:Keanu] [type:pago] [ammount:782253036031074][total:10094062852783498545]
[user:Dalí] [type:pago] [ammount:1819482135807601][total:10095882334919306146]
[user:Juan] [type:pago] [ammount:2595291012784336][total:10098477625932090482]
[user:Juan] [type:descuento] [ammount:3492467399595210][total:10101970093331685692]
[user:Juan] [type:cobro] [ammount:136276239433876][total:10102106369571119568]
[user:David] [type:inversión] [ammount:1520065410725232][total:10103626434981844800]
[user:Kung] [type:descuento] [ammount:3494023481818894][total:10107120458463663694]
[user:Juan] [type:pago] [ammount:2797098103447715][total:10109917556567111409]
[user:Gustavo] [type:descuento] [ammount:3661401011627823][total:10113578957578739232]
[user:Carlos] [type:pago] [ammount:2503849689751914][total:10116082807268491146]
[user:Keanu] [type:pago] [ammount:985236185004354][total:10117068043453495500]
[user:Anakin] [type:pago] [ammount:2549984966598016][total:10119618028420093516]
[user:Felipe] [type:cobro] [ammount:1625574372422808][total:10121243602792516324]
[user:Anakin] [type:pago] [ammount:716954032520929][total:10121960556825037253]
[user:Sonia] [type:cobro] [ammount:1104062065404097][total:10123064618890441350]
[user:Kung] [type:inversión] [ammount:1803065308537087][total:10124867684198978437]
[user:Dalí] [type:cobro] [ammount:3372204816880265][total:10128239889015858702]
[user:Juan] [type:descuento] [ammount:832133006497713][total:10129072022022356415]
[user:Kung] [type:cobro] [ammount:206362156693132][total:10129278384179049547]
[user:Felipe] [type:inversión] [ammount:175771045826383][total:10129454155224875930]
[user:Kung] [type:inversión] [ammount:3168444087199269][total:10132622599312075199]
[user:Felipe] [type:cobro] [ammount:365267416198928][total:10132987866728274127]
[user:Kung] [type:pago] [ammount:3120041549967678][total:10136107908278241805]
[user:Juan] [type:pago] [ammount:2574230506154247][total:10138682138784396052]
[user:Anakin] [type:cobro] [ammount:2316022999326935][total:10140998161783722987]
[user:Keanu] [type:pago] [ammount:3115507480052888][total:10144113669263775875]
[user:Gustavo] [type:inversión] [ammount:1935226311137072][total:10146048895574912947]
[user:Sonia] [type:cobro] [ammount:3018324694586492][total:10149067220269499439]
[user:Keanu] [type:descuento] [ammount:167063089758564][total:10149234283359258003]
[user:Juan] [type:cobro] [ammount:3077238545245179][total:10152311521904503182]
[user:Sonia] [type:pago] [ammount:3269849085526878][total:10155581370990030060]
[user:Gustavo] [type:descuento] [ammount:265660296987550][total:10155847031287017610]
[user:Kung] [type:descuento] [ammount:2136056360625977][total:10157983087647643587]
[user:Anakin] [type:inversión] [ammount:1599751376521484][total:10159582839024165071]
[user:Kung] [type:cobro] [ammount:812760960159588][total:10160395599984324659]
[user:Carlos] [type:descuento] [ammount:1340521599399736][total:10161736121583724395]
[user:Carlos] [type:cobro] [ammount:2320849520921972][total:10164056971104646367]
[user:Felipe] [type:pago] [ammount:2570589590769424][total:10166627560695415791]
[user:Dalí] [type:cobro] [ammount:1541898053477818][total:10168169458748893609]
[user:Juan] [type:cobro] [ammount:532365058831318][total:10168701823807724927]
[user:Carlos] [type:descuento] [ammount:159815342341405][total:10168861639150066332]
[user:Dalí] [type:descuento] [ammount:2399947082941602][total:10171261586233007934]
[user:Kung] [type:inversión] [ammount:2711860710231037][total:10173973446943238971]
[user:Juan] [type:descuento] [ammount:1402621208402473][total:10175376068151641444]
[user:David] [type:pago] [ammount:496865915276913][total:10175872934066918357]
[user:Kung] [type:inversión] [ammount:2734534917123312][total:10178607468984041669]
[user:Juan] [type:inversión] [ammount:1634310961240400][total:10180241779945282069]
[user:Gustavo] [type:cobro] [ammount:3150620132931434][total:10183392400078213503]
[user:Dalí] [type:cobro] [ammount:2620668528487116][total:10186013068606700619]
[user:Dalí] [type:descuento] [ammount:2393221356345008][total:10188406289963045627]
[user:Carlos] [type:pago] [ammount:1257894807720776][total:10189664184770766403]
[user:Carlos] [type:descuento] [ammount:3201141636052809][total:10192865326406819212]
[user:Kung] [type:inversión] [ammount:2699031822652715][total:10195564358229471927]
[user:Juan] [type:inversión] [ammount:3000324451970050][total:10198564682681441977]
[user:Gustavo] [type:inversión] [ammount:2307056031139771][total:10200871738712581748]
[user:Felipe] [type:inversión] [ammount:3453995276541180][total:10204325733989122928]
[user:Gustavo] [type:inversión] [ammount:1598084010258399][total:10205923817999381327]
[user:Kung] [type:pago] [ammount:2706185217705618][total:10208630003217086945]
[user:David] [type:pago] [ammount:1932827336466006][total:10210562830553552951]
[user:David] [type:cobro] [ammount:801148301555093][total:10211363978855108044]
[user:Sonia] [type:pago] [ammount:2137203652144863][total:10213501182507252907]
[user:Gustavo] [type:descuento] [ammount:1785313302766795][total:10215286495810019702]
[user:Carlos] [type:inversión] [ammount:2689734538702281][total:10217976230348721983]
[user:Dalí] [type:cobro] [ammount:614165156943749][total:10218590395505665732]
[user:Felipe] [type:cobro] [ammount:2830292377439442][total:10221420687883105174]
[user:Juan] [type:descuento] [ammount:3403588473499749][total:10224824276356604923]
[user:Felipe] [type:cobro] [ammount:2813389577496368][total:10227637665934101291]
[user:Anakin] [type:cobro] [ammount:2348578624257390][total:10229986244558358681]
[user:Dalí] [type:pago] [ammount:108555358291309][total:10230094799916649990]
[user:Carlos] [type:pago] [ammount:2175128846906677][total:10232269928763556667]
[user:David] [type:inversión] [ammount:2104663892060433][total:10234374592655617100]
[user:Keanu] [type:descuento] [ammount:570977793233930][total:10234945570448851030]
[user:Gustavo] [type:inversión] [ammount:583020193792763][total:10235528590642643793]
[user:Juan] [type:inversión] [ammount:752750181901128][total:10236281340824544921]
[user:Felipe] [type:cobro] [ammount:174708581074205][total:10236456049405619126]
[user:Juan] [type:descuento] [ammount:2756741432930500][total:10239212790838549626]
[user:Dalí] [type:pago] [ammount:1326257554912663][total:10240539048393462289]
[user:Carlos] [type:cobro] [ammount:2742220354672927][total:10243281268748135216]
[user:Keanu] [type:descuento] [ammount:559228185141453][total:10243840496933276669]
[user:Felipe] [type:inversión] [ammount:1084464617192654][total:10244924961550469323]
[user:Dalí] [type:descuento] [ammount:293688718180400][total:10245218650268649723]
[user:Keanu] [type:descuento] [ammount:1023668708571976][total:10246242318977221699]
[user:Carlos] [type:pago] [ammount:344430275395610][total:10246586749252617309]
[user:Sonia] [type:pago] [ammount:1441089151309171][total:10248027838403926480]
[user:Dalí] [type:descuento] [ammount:1189750771518350][total:10249217589175444830]
[user:Sonia] [type:cobro] [ammount:1965873109990010][total:10251183462285434840]
[user:Dalí] [type:pago] [ammount:33830135526987][total:10251217292420961827]
[user:Keanu] [type:inversión] [ammount:1826490393820915][total:10253043782814782742]
[user:Anakin] [type:inversión] [ammount:101243943142907][total:10253145026757925649]
[user:Anakin] [type:descuento] [ammount:44599106870005][total:10253189625864795654]
[user:Carlos] [type:descuento] [ammount:1082384695005596][total:10254272010559801250]
[user:Felipe] [type:inversión] [ammount:400048076172716][total:10254672058635973966]
[user:Gustavo] [type:inversión] [ammount:3600426861476457][total:10258272485497450423]
[user:David] [type:inversión] [ammount:3406551240390266][total:10261679036737840689]
[user:Keanu] [type:pago] [ammount:2267055897077105][total:10263946092634917794]
[user:Kung] [type:cobro] [ammount:3067910492261956][total:10267014003127179750]
[user:Sonia] [type:pago] [ammount:2632339644589840][total:10269646342771769590]
[user:Keanu] [type:inversión] [ammount:863708310436001][total:10270510051082205591]
[user:Dalí] [type:inversión] [ammount:141400398069823][total:10270651451480275414]
[user:Kung] [type:descuento] [ammount:1673981037348820][total:10272325432517624234]
[user:Dalí] [type:descuento] [ammount:111595953226389][total:10272437028470850623]
[user:Keanu] [type:cobro] [ammount:2442376851238726][total:10274879405322089349]
[user:Gustavo] [type:pago] [ammount:2696322633576235][total:10277575727955665584]
[user:Juan] [type:inversión] [ammount:432344660272384][total:10278008072615937968]
[user:Keanu] [type:inversión] [ammount:1949308113349971][total:10279957380729287939]
[user:Dalí] [type:inversión] [ammount:2496878123808514][total:10282454258853096453]
[user:Juan] [type:inversión] [ammount:18052233091583][total:10282472311086188036]
[user:Keanu] [type:inversión] [ammount:738162727897687][total:10283210473814085723]
[user:David] [type:inversión] [ammount:3238163061466247][total:10286448636875551970]
[user:Dalí] [type:descuento] [ammount:598272372747498][total:10287046909248299468]
[user:Anakin] [type:pago] [ammount:1772420807470486][total:10288819330055769954]
[user:Juan] [type:descuento] [ammount:572643910304109][total:10289391973966074063]
[user:Juan] [type:descuento] [ammount:1508589931979624][total:10290900563898053687]
[user:Carlos] [type:cobro] [ammount:1776430984583243][total:10292676994882636930]
[user:Felipe] [type:pago] [ammount:2693547064941558][total:10295370541947578488]
[user:Keanu] [type:pago] [ammount:2727907981102439][total:10298098449928680927]
[user:Anakin] [type:descuento] [ammount:275046969723774][total:10298373496898404701]
[user:Carlos] [type:cobro] [ammount:3525446184675463][total:10301898943083080164]
[user:David] [type:descuento] [ammount:3204934692012613][total:10305103877775092777]
[user:Sonia] [type:cobro] [ammount:1934828920926455][total:10307038706696019232]
[user:Juan] [type:descuento] [ammount:2212084625492187][total:10309250791321511419]
[user:Felipe] [type:descuento] [ammount:1590510536806788][total:10310841301858318207]
[user:Felipe] [type:descuento] [ammount:2420965357444573][total:10313262267215762780]
[user:Sonia] [type:cobro] [ammount:1334225394713429][total:10314596492610476209]
[user:Anakin] [type:inversión] [ammount:68887453558549][total:10314665380064034758]
[user:Sonia] [type:pago] [ammount:1121446508462347][total:10315786826572497105]
[user:Felipe] [type:cobro] [ammount:357448467973429][total:10316144275040470534]
[user:Anakin] [type:descuento] [ammount:1859498525065042][total:10318003773565535576]
[user:Dalí] [type:inversión] [ammount:60622294785927][total:10318064395860321503]
[user:Keanu] [type:inversión] [ammount:1548314576349746][total:10319612710436671249]
[user:Anakin] [type:pago] [ammount:641947355012663][total:10320254657791683912]
[user:Keanu] [type:cobro] [ammount:1864179489660482][total:10322118837281344394]
[user:Juan] [type:descuento] [ammount:121069867287688][total:10322239907148632082]
[user:Juan] [type:pago] [ammount:82201513938353][total:10322322108662570435]
[user:Keanu] [type:cobro] [ammount:3273601797958251][total:10325595710460528686]
[user:Felipe] [type:pago] [ammount:2961421792482045][total:10328557132253010731]
[user:Carlos] [type:pago] [ammount:1174223507821318][total:10329731355760832049]
[user:Felipe] [type:descuento] [ammount:3346166178903847][total:10333077521939735896]
[user:David] [type:cobro] [ammount:578695910014940][total:10333656217849750836]
[user:Carlos] [type:inversión] [ammount:1645313201350410][total:10335301531051101246]
[user:Gustavo] [type:descuento] [ammount:1882628690129431][total:10337184159741230677]
[user:Carlos] [type:inversión] [ammount:2071416766897989][total:10339255576508128666]
[user:Dalí] [type:inversión] [ammount:3328535984189065][total:10342584112492317731]
[user:Juan] [type:descuento] [ammount:2234303905814963][total:10344818416398132694]
[user:David] [type:inversión] [ammount:2509793884985471][total:10347328210283118165]
[user:Felipe] [type:cobro] [ammount:3181279583261603][total:10350509489866379768]
[user:Kung] [type:pago] [ammount:1292785455671782][total:10351802275322051550]
[user:Carlos] [type:pago] [ammount:160215780529822][total:10351962491102581372]
[user:David] [type:descuento] [ammount:3475596407632456][total:10355438087510213828]
[user:Kung] [type:inversión] [ammount:2106949385350692][total:10357545036895564520]
[user:Kung] [type:inversión] [ammount:1543773933411431][total:10359088810828975951]
[user:Dalí] [type:pago] [ammount:2438347301478903][total:10361527158130454854]
[user:Sonia] [type:pago] [ammount:2706273092560152][total:10364233431223015006]
[user:Gustavo] [type:inversión] [ammount:3497473913323877][total:10367730905136338883]
[user:Carlos] [type:inversión] [ammount:947614174075885][total:10368678519310414768]
[user:Felipe] [type:descuento] [ammount:2127154298227184][total:10370805673608641952]
[user:Gustavo] [type:cobro] [ammount:2416409633081064][total:10373222083241723016]
[user:Keanu] [type:descuento] [ammount:2628480588416956][total:10375850563830139972]
[user:Carlos] [type:descuento] [ammount:1239718982510073][total:10377090282812650045]
[user:Felipe] [type:inversión] [ammount:706948859007591][total:10377797231671657636]
[user:Gustavo] [type:inversión] [ammount:1907667923235234][total:10379704899594892870]
[user:Juan] [type:inversión] [ammount:873520762291817][total:10380578420357184687]
[user:Gustavo] [type:descuento] [ammount:569822341154850][total:10381148242698339537]
[user:Keanu] [type:cobro] [ammount:3425462183638873][total:10384573704881978410]
[user:David] [type:pago] [ammount:3649681485176990][total:10388223386367155400]
[user:Juan] [type:pago] [ammount:1762651490798465][total:10389986037857953865]
[user:Anakin] [type:pago] [ammount:1493590995347318][total:10391479628853301183]
[user:Keanu] [type:cobro] [ammount:2805703008413538][total:10394285331861714721]
[user:Gustavo] [type:cobro] [ammount:3166285399795414][total:10397451617261510135]
[user:Gustavo] [type:cobro] [ammount:972679187487967][total:10398424296448998102]
[user:Anakin] [type:cobro] [ammount:2519971338459517][total:10400944267787457619]
[user:Dalí] [type:pago] [ammount:1390213372407216][total:10402334481159864835]
[user:Gustavo] [type:cobro] [ammount:2498953139347535][total:10404833434299212370]
[user:David] [type:inversión] [ammount:1673756311512046][total:10406507190610724416]
[user:Dalí] [type:inversión] [ammount:496707136928418][total:10407003897747652834]
[user:Carlos] [type:inversión] [ammount:2614139957817562][total:10409618037705470396]
[user:Sonia] [type:descuento] [ammount:476928100175011][total:10410094965805645407]
[user:Gustavo] [type:pago] [ammount:1726873700006166][total:10411821839505651573]
[user:Anakin] [type:descuento] [ammount:3207896546153239][total:10415029736051804812]
[user:Felipe] [type:pago] [ammount:3226881723489334][total:10418256617775294146]
[user:Gustavo] [type:inversión] [ammount:1237038426606326][total:10419493656201900472]
[user:Kung] [type:descuento] [ammount:3407330375917945][total:10422900986577818417]
[user:Juan] [type:descuento] [ammount:2028642284444501][total:10424929628862262918]
[user:Dalí] [type:cobro] [ammount:929933613976614][total:10425859562476239532]
[user:Dalí] [type:inversión] [ammount:3535167466095353][total:10429394729942334885]
[user:Keanu] [type:descuento] [ammount:728240565781180][total:10430122970508116065]
[user:Sonia] [type:cobro] [ammount:1762821212310626][total:10431885791720426691]
[user:Dalí] [type:descuento] [ammount:2160116574435850][total:10434045908294862541]
[user:Carlos] [type:pago] [ammount:1800365696170863][total:10435846273991033404]
[user:Sonia] [type:pago] [ammount:2298212215013449][total:10438144486206046853]
[user:Dalí] [type:inversión] [ammount:2961622705166454][total:10441106108911213307]
[user:Kung] [type:pago] [ammount:3076432839767590][total:10444182541750980897]
[user:Keanu] [type:cobro] [ammount:3666786785555700][total:10447849328536536597]
[user:Gustavo] [type:pago] [ammount:2339207064945517][total:10450188535601482114]
[user:Carlos] [type:cobro] [ammount:3226505103777921][total:10453415040705260035]
[user:David] [type:pago] [ammount:1980873474665362][total:10455395914179925397]
[user:Gustavo] [type:descuento] [ammount:1059801094288025][total:10456455715274213422]
[user:Kung] [type:inversión] [ammount:2909691264680507][total:10459365406538893929]
[user:David] [type:cobro] [ammount:3305331774659646][total:10462670738313553575]
[user:Keanu] [type:descuento] [ammount:3474194171133408][total:10466144932484686983]
[user:Keanu] [type:inversión] [ammount:2207884606385967][total:10468352817091072950]
[user:Carlos] [type:descuento] [ammount:3503239991516312][total:10471856057082589262]
[user:Dalí] [type:cobro] [ammount:2414672624041655][total:10474270729706630917]
[user:David] [type:inversión] [ammount:2377111251525119][total:10476647840958156036]
[user:Gustavo] [type:cobro] [ammount:264388740737640][total:10476912229698893676]
[user:Juan] [type:cobro] [ammount:1993283108958535][total:10478905512807852211]
[user:Carlos] [type:pago] [ammount:2985554253661935][total:10481891067061514146]
[user:Kung] [type:pago] [ammount:2550877027745562][total:10484441944089259708]
[user:Gustavo] [type:descuento] [ammount:2574907501614459][total:10487016851590874167]
[user:Gustavo] [type:inversión] [ammount:2747976521258591][total:10489764828112132758]
[user:Kung] [type:descuento] [ammount:1542771997293435][total:10491307600109426193]
[user:Felipe] [type:inversión] [ammount:2432550539729864][total:10493740150649156057]
[user:David] [type:inversión] [ammount:2560235859007863][total:10496300386508163920]
[user:Gustavo] [type:cobro] [ammount:1065217604463776][total:10497365604112627696]
[user:Juan] [type:cobro] [ammount:3336751359995274][total:10500702355472622970]
[user:David] [type:descuento] [ammount:1255887489715856][total:10501958242962338826]
[user:Sonia] [type:cobro] [ammount:242104226418857][total:10502200347188757683]
[user:Gustavo] [type:cobro] [ammount:3293667951374503][total:10505494015140132186]
[user:Gustavo] [type:inversión] [ammount:1449319933097689][total:10506943335073229875]
[user:Sonia] [type:descuento] [ammount:910558709072697][total:10507853893782302572]
[user:Juan] [type:cobro] [ammount:1407151208100899][total:10509261044990403471]
[user:Gustavo] [type:cobro] [ammount:2069512737576238][total:10511330557727979709]
[user:Carlos] [type:cobro] [ammount:719743973764509][total:10512050301701744218]
[user:Dalí] [type:descuento] [ammount:1340541191333179][total:10513390842893077397]
[user:Felipe] [type:descuento] [ammount:100770550071748][total:10513491613443149145]
[user:Kung] [type:inversión] [ammount:3689342933286394][total:10517180956376435539]
[user:Kung] [type:cobro] [ammount:3325176946599286][total:10520506133323034825]
[user:Carlos] [type:inversión] [ammount:1290991870770639][total:10521797125193805464]
[user:David] [type:inversión] [ammount:2409850361165372][total:10524206975554970836]
[user:Dalí] [type:inversión] [ammount:1511540727263341][total:10525718516282234177]
[user:Anakin] [type:descuento] [ammount:2085859932785569][total:10527804376215019746]
[user:Juan] [type:inversión] [ammount:1142694790288208][total:10528947071005307954]
[user:Dalí] [type:inversión] [ammount:1013865583178622][total:10529960936588486576]
[user:Keanu] [type:descuento] [ammount:223671322593955][total:10530184607911080531]
[user:Sonia] [type:descuento] [ammount:186775819494800][total:10530371383730575331]
[user:Carlos] [type:cobro] [ammount:306169071852867][total:10530677552802428198]
[user:Carlos] [type:cobro] [ammount:917267255464419][total:10531594820057892617]
[user:Kung] [type:pago] [ammount:210374318176599][total:10531805194376069216]
[user:Keanu] [type:descuento] [ammount:3689144302608086][total:10535494338678677302]
[user:Anakin] [type:pago] [ammount:600392174131410][total:10536094730852808712]
[user:Kung] [type:inversión] [ammount:707798786678226][total:10536802529639486938]
[user:Anakin] [type:descuento] [ammount:3310872939670880][total:10540113402579157818]
[user:Anakin] [type:descuento] [ammount:1843784359914626][total:10541957186939072444]
[user:Dalí] [type:inversión] [ammount:961234801249259][total:10542918421740321703]
[user:Gustavo] [type:pago] [ammount:2972335755915918][total:10545890757496237621]
[user:Sonia] [type:cobro] [ammount:2563025024087896][total:10548453782520325517]
[user:Anakin] [type:pago] [ammount:1775798634745568][total:10550229581155071085]
[user:Kung] [type:descuento] [ammount:961122344246788][total:10551190703499317873]
[user:Keanu] [type:pago] [ammount:2690959306319792][total:10553881662805637665]
[user:Felipe] [type:descuento] [ammount:3292135399257413][total:10557173798204895078]
[user:David] [type:descuento] [ammount:1386980417172501][total:10558560778622067579]
[user:Gustavo] [type:cobro] [ammount:3009564260825000][total:10561570342882892579]
[user:Carlos] [type:inversión] [ammount:3603914779899302][total:10565174257662791881]
[user:David] [type:inversión] [ammount:1989222511317096][total:10567163480174108977]
[user:Kung] [type:descuento] [ammount:2109626890187105][total:10569273107064296082]
[user:Anakin] [type:cobro] [ammount:1339495982702041][total:10570612603046998123]
[user:Felipe] [type:descuento] [ammount:2650993453106737][total:10573263596500104860]
[user:Kung] [type:cobro] [ammount:3013726056423349][total:10576277322556528209]
[user:Anakin] [type:cobro] [ammount:3029639110722414][total:10579306961667250623]
[user:Carlos] [type:descuento] [ammount:2165710295353545][total:10581472671962604168]
[user:Juan] [type:pago] [ammount:3074671841847962][total:10584547343804452130]
[user:Anakin] [type:descuento] [ammount:2572947683775661][total:10587120291488227791]
[user:Keanu] [type:inversión] [ammount:2332766499974126][total:10589453057988201917]
[user:Sonia] [type:pago] [ammount:1830836996788551][total:10591283894984990468]
[user:Anakin] [type:pago] [ammount:84139864289483][total:10591368034849279951]
[user:David] [type:descuento] [ammount:1099066786650904][total:10592467101635930855]
[user:Carlos] [type:inversión] [ammount:2200073176023066][total:10594667174811953921]
[user:Juan] [type:cobro] [ammount:1680356293587523][total:10596347531105541444]
[user:Sonia] [type:cobro] [ammount:1877800566393109][total:10598225331671934553]
[user:Juan] [type:pago] [ammount:495315469532492][total:10598720647141467045]
[user:Sonia] [type:pago] [ammount:2355305139379232][total:10601075952280846277]
[user:Dalí] [type:pago] [ammount:3260357069319743][total:10604336309350166020]
[user:Gustavo] [type:pago] [ammount:2448686826204856][total:10606784996176370876]
[user:Kung] [type:cobro] [ammount:3162352323475578][total:10609947348499846454]
[user:Gustavo] [type:descuento] [ammount:3574226038298419][total:10613521574538144873]
[user:Dalí] [type:inversión] [ammount:2500278612847240][total:10616021853150992113]
[user:Carlos] [type:inversión] [ammount:1946631754263200][total:10617968484905255313]
[user:Kung] [type:cobro] [ammount:1261129073878079][total:10619229613979133392]
[user:David] [type:pago] [ammount:2177992495475915][total:10621407606474609307]
[user:Keanu] [type:descuento] [ammount:162987903080862][total:10621570594377690169]
[user:Gustavo] [type:descuento] [ammount:2137103825619242][total:10623707698203309411]
[user:Carlos] [type:descuento] [ammount:3186482127974341][total:10626894180331283752]
[user:David] [type:pago] [ammount:209844322490537][total:10627104024653774289]
[user:Sonia] [type:inversión] [ammount:1472249816612647][total:10628576274470386936]
[user:Carlos] [type:pago] [ammount:3376349639604209][total:10631952624109991145]
[user:Juan] [type:pago] [ammount:3510717753096960][total:10635463341863088105]
[user:Keanu] [type:descuento] [ammount:2859117016008096][total:10638322458879096201]
[user:Juan] [type:inversión] [ammount:2710011200588205][total:10641032470079684406]
[user:Keanu] [type:pago] [ammount:1625011377779169][total:10642657481457463575]
[user:Sonia] [type:pago] [ammount:1007621394491627][total:10643665102851955202]
[user:Carlos] [type:cobro] [ammount:3605157008995734][total:10647270259860950936]
[user:Juan] [type:inversión] [ammount:901991107532315][total:10648172250968483251]
[user:Felipe] [type:pago] [ammount:2006576144704849][total:10650178827113188100]
[user:Sonia] [type:cobro] [ammount:14342634350804][total:10650193169747538904]
[user:Anakin] [type:inversión] [ammount:3111983761217199][total:10653305153508756103]
[user:Gustavo] [type:cobro] [ammount:854385304962882][total:10654159538813718985]
[user:Sonia] [type:inversión] [ammount:1279898635918546][total:10655439437449637531]
[user:Keanu] [type:cobro] [ammount:2721156425710429][total:10658160593875347960]
[user:Sonia] [type:descuento] [ammount:1941252802489709][total:10660101846677837669]
[user:Gustavo] [type:inversión] [ammount:2431485798896342][total:10662533332476734011]
[user:David] [type:descuento] [ammount:2921779874804858][total:10665455112351538869]
[user:Sonia] [type:descuento] [ammount:3471598336307133][total:10668926710687846002]
[user:Anakin] [type:descuento] [ammount:1697316058859301][total:10670624026746705303]
[user:Felipe] [type:descuento] [ammount:453542858471124][total:10671077569605176427]
[user:Dalí] [type:descuento] [ammount:3578306812580680][total:10674655876417757107]
[user:Gustavo] [type:cobro] [ammount:1120172531040309][total:10675776048948797416]
[user:Keanu] [type:cobro] [ammount:402422846635920][total:10676178471795433336]
[user:Carlos] [type:descuento] [ammount:1637614399655838][total:10677816086195089174]
[user:Kung] [type:inversión] [ammount:364460344171064][total:10678180546539260238]
[user:Keanu] [type:cobro] [ammount:3685762990822678][total:10681866309530082916]
[user:Gustavo] [type:pago] [ammount:1581363048550117][total:10683447672578633033]
[user:Felipe] [type:pago] [ammount:1017963938398318][total:10684465636517031351]
[user:Sonia] [type:cobro] [ammount:2606982209080652][total:10687072618726112003]
[user:Juan] [type:cobro] [ammount:875777998252580][total:10687948396724364583]
[user:Keanu] [type:pago] [ammount:3624086739995549][total:10691572483464360132]
[user:Felipe] [type:descuento] [ammount:3094676585600132][total:10694667160049960264]
[user:Anakin] [type:cobro] [ammount:1958537327017010][total:10696625697376977274]
[user:Felipe] [type:cobro] [ammount:2600869368418741][total:10699226566745396015]
[user:Anakin] [type:inversión] [ammount:1535443404474308][total:10700762010149870323]
[user:David] [type:pago] [ammount:806806330072882][total:10701568816479943205]
[user:Juan] [type:inversión] [ammount:3458144458379573][total:10705026960938322778]
[user:Carlos] [type:pago] [ammount:2246253352720988][total:10707273214291043766]
[user:Felipe] [type:inversión] [ammount:3444243734099881][total:10710717458025143647]
[user:Carlos] [type:descuento] [ammount:1464401217195625][total:10712181859242339272]
[user:Kung] [type:descuento] [ammount:241174116174739][total:10712423033358514011]
[user:Juan] [type:pago] [ammount:1998806884766121][total:10714421840243280132]
[user:Carlos] [type:descuento] [ammount:1146201838969069][total:10715568042082249201]
[user:Keanu] [type:cobro] [ammount:2732987723495006][total:10718301029805744207]
[user:Gustavo] [type:cobro] [ammount:422397095532055][total:10718723426901276262]
[user:Felipe] [type:inversión] [ammount:1134416906024698][total:10719857843807300960]
[user:Anakin] [type:pago] [ammount:64799464350111][total:10719922643271651071]
[user:Felipe] [type:cobro] [ammount:899045234334286][total:10720821688505985357]
[user:Anakin] [type:cobro] [ammount:3081467764407563][total:10723903156270392920]
[user:Juan] [type:pago] [ammount:1663738511041785][total:10725566894781434705]
[user:Kung] [type:inversión] [ammount:1083212521076977][total:10726650107302511682]
[user:Kung] [type:inversión] [ammount:2252862051132031][total:10728902969353643713]
[user:Juan] [type:descuento] [ammount:706407017564285][total:10729609376371207998]
[user:Carlos] [type:cobro] [ammount:811028520183861][total:10730420404891391859]
[user:David] [type:descuento] [ammount:2265406546050266][total:10732685811437442125]
[user:Carlos] [type:inversión] [ammount:2321787279107662][total:10735007598716549787]
[user:Kung] [type:descuento] [ammount:132013539536199][total:10735139612256085986]
[user:Gustavo] [type:descuento] [ammount:465615647469551][total:10735605227903555537]
[user:Gustavo] [type:pago] [ammount:2886502373356686][total:10738491730276912223]
[user:Carlos] [type:pago] [ammount:1291694558266334][total:10739783424835178557]
[user:David] [type:inversión] [ammount:1867552510383949][total:10741650977345562506]
[user:Keanu] [type:pago] [ammount:2916074220343167][total:10744567051565905673]
[user:Dalí] [type:inversión] [ammount:3600004102040879][total:10748167055667946552]
[user:Juan] [type:pago] [ammount:1353297279226469][total:10749520352947173021]
[user:David] [type:pago] [ammount:2526699999632186][total:10752047052946805207]
[user:David] [type:pago] [ammount:1088667486500209][total:10753135720433305416]
[user:Carlos] [type:cobro] [ammount:2716783459191551][total:10755852503892496967]
[user:Keanu] [type:descuento] [ammount:3376820159995655][total:10759229324052492622]
[user:Juan] [type:inversión] [ammount:2456666784138044][total:10761685990836630666]
[user:Kung] [type:cobro] [ammount:438720427345121][total:10762124711263975787]
[user:Keanu] [type:pago] [ammount:3392791703950747][total:10765517502967926534]
[user:Sonia] [type:inversión] [ammount:1201913279111651][total:10766719416247038185]
[user:Gustavo] [type:inversión] [ammount:3095830549086397][total:10769815246796124582]
[user:Carlos] [type:descuento] [ammount:1308591992013342][total:10771123838788137924]
[user:Juan] [type:descuento] [ammount:2469356660606090][total:10773593195448744014]
[user:Dalí] [type:descuento] [ammount:3584796280338565][total:10777177991729082579]
[user:Anakin] [type:cobro] [ammount:2768801179091208][total:10779946792908173787]
[user:Dalí] [type:descuento] [ammount:394957146156608][total:10780341750054330395]
[user:Felipe] [type:inversión] [ammount:1009075706080730][total:10781350825760411125]
[user:Anakin] [type:cobro] [ammount:654792751316187][total:10782005618511727312]
[user:David] [type:pago] [ammount:2334029116408229][total:10784339647628135541]
[user:Sonia] [type:descuento] [ammount:1489863701511676][total:10785829511329647217]
[user:Juan] [type:descuento] [ammount:3263215674523856][total:10789092727004171073]
[user:Juan] [type:pago] [ammount:102487526682475][total:10789195214530853548]
[user:Keanu] [type:cobro] [ammount:3598444949860473][total:10792793659480714021]
[user:Dalí] [type:descuento] [ammount:2772728635301048][total:10795566388116015069]
[user:Gustavo] [type:descuento] [ammount:3092400575163378][total:10798658788691178447]
[user:Kung] [type:inversión] [ammount:1896034228076772][total:10800554822919255219]
[user:Gustavo] [type:pago] [ammount:1183727938418360][total:10801738550857673579]
[user:Anakin] [type:inversión] [ammount:2002697525122971][total:10803741248382796550]
[user:Carlos] [type:pago] [ammount:2387781013944000][total:10806129029396740550]
[user:Felipe] [type:cobro] [ammount:82545394515099][total:10806211574791255649]
[user:Felipe] [type:inversión] [ammount:187037876547178][total:10806398612667802827]
[user:Dalí] [type:inversión] [ammount:3247773304072287][total:10809646385971875114]
[user:Anakin] [type:pago] [ammount:1207029909645789][total:10810853415881520903]
[user:Kung] [type:pago] [ammount:117680913603882][total:10810971096795124785]
[user:Carlos] [type:inversión] [ammount:1252869048466331][total:10812223965843591116]
[user:Sonia] [type:descuento] [ammount:2896799117846496][total:10815120764961437612]
[user:Sonia] [type:inversión] [ammount:1179487533459303][total:10816300252494896915]
[user:Gustavo] [type:pago] [ammount:1440989812597467][total:10817741242307494382]
[user:Sonia] [type:pago] [ammount:512269324762267][total:10818253511632256649]
[user:Dalí] [type:pago] [ammount:2174669932623592][total:10820428181564880241]
[user:Gustavo] [type:pago] [ammount:3643849683155450][total:10824072031248035691]
[user:David] [type:descuento] [ammount:1659717819695632][total:10825731749067731323]
[user:Sonia] [type:cobro] [ammount:222230988615343][total:10825953980056346666]
[user:David] [type:descuento] [ammount:1502564464534611][total:10827456544520881277]
[user:Carlos] [type:pago] [ammount:2373286713150172][total:10829829831234031449]
[user:Anakin] [type:inversión] [ammount:3643398670047076][total:10833473229904078525]
[user:Juan] [type:inversión] [ammount:970467614482209][total:10834443697518560734]
[user:Juan] [type:inversión] [ammount:1338028431545267][total:10835781725950106001]
[user:Anakin] [type:pago] [ammount:3191300540664585][total:10838973026490770586]
[user:Juan] [type:cobro] [ammount:2094080651114133][total:10841067107141884719]
[user:Carlos] [type:cobro] [ammount:1121890969943824][total:10842188998111828543]
[user:Keanu] [type:descuento] [ammount:2786111015735857][total:10844975109127564400]
[user:Anakin] [type:descuento] [ammount:2897567162497944][total:10847872676290062344]
[user:Gustavo] [type:inversión] [ammount:2836336358194286][total:10850709012648256630]
[user:Felipe] [type:descuento] [ammount:3457464970732354][total:10854166477618988984]
[user:Sonia] [type:descuento] [ammount:1411901673850898][total:10855578379292839882]
[user:David] [type:cobro] [ammount:2069343510249044][total:10857647722803088926]
[user:Felipe] [type:descuento] [ammount:2974633092420938][total:10860622355895509864]
[user:Felipe] [type:cobro] [ammount:858113100381236][total:10861480468995891100]
[user:Kung] [type:cobro] [ammount:3248903741429841][total:10864729372737320941]
[user:Kung] [type:pago] [ammount:2994835470875725][total:10867724208208196666]
[user:Keanu] [type:cobro] [ammount:2298854192177895][total:10870023062400374561]
[user:Felipe] [type:inversión] [ammount:1928758556671803][total:10871951820957046364]
[user:Juan] [type:cobro] [ammount:2415822124233454][total:10874367643081279818]
[user:Gustavo] [type:inversión] [ammount:641040297248034][total:10875008683378527852]
[user:Felipe] [type:pago] [ammount:2792024756299752][total:10877800708134827604]
[user:Anakin] [type:pago] [ammount:3088683071907844][total:10880889391206735448]
[user:Keanu] [type:inversión] [ammount:1359035534071944][total:10882248426740807392]
[user:Sonia] [type:inversión] [ammount:3448615669910262][total:10885697042410717654]
[user:Dalí] [type:inversión] [ammount:3391574039137631][total:10889088616449855285]
[user:Gustavo] [type:pago] [ammount:1739259219600727][total:10890827875669456012]
[user:Sonia] [type:descuento] [ammount:1405197685487305][total:10892233073354943317]
[user:David] [type:cobro] [ammount:494980948048991][total:10892728054302992308]
[user:Keanu] [type:inversión] [ammount:1314952669609605][total:10894043006972601913]
[user:Kung] [type:descuento] [ammount:936471538684768][total:10894979478511286681]
[user:Keanu] [type:pago] [ammount:296371058666815][total:10895275849569953496]
[user:Gustavo] [type:descuento] [ammount:2681135846882859][total:10897956985416836355]
[user:Anakin] [type:descuento] [ammount:2468417711383165][total:10900425403128219520]
[user:Anakin] [type:descuento] [ammount:1448972928763723][total:10901874376056983243]
[user:Carlos] [type:descuento] [ammount:134468893841921][total:10902008844950825164]
[user:Anakin] [type:inversión] [ammount:383091986181364][total:10902391936937006528]
[user:Sonia] [type:inversión] [ammount:1017022202430757][total:10903408959139437285]
[user:Sonia] [type:cobro] [ammount:2886892302706237][total:10906295851442143522]
[user:Kung] [type:pago] [ammount:3056179084865444][total:10909352030527008966]
[user:Felipe] [type:descuento] [ammount:2625618715600824][total:10911977649242609790]
[user:David] [type:descuento] [ammount:1413038019065340][total:10913390687261675130]
[user:David] [type:pago] [ammount:1724272679057120][total:10915114959940732250]
[user:Anakin] [type:pago] [ammount:215160785064951][total:10915330120725797201]
[user:Keanu] [type:cobro] [ammount:1118779701288495][total:10916448900427085696]
[user:David] [type:cobro] [ammount:2377086730739823][total:10918825987157825519]
[user:Gustavo] [type:pago] [ammount:1232860721077584][total:10920058847878903103]
[user:Keanu] [type:inversión] [ammount:2599090845002394][total:10922657938723905497]
[user:Felipe] [type:cobro] [ammount:2171415390575146][total:10924829354114480643]
[user:Carlos] [type:descuento] [ammount:2725171891302621][total:10927554526005783264]
[user:Sonia] [type:pago] [ammount:3334063926080569][total:10930888589931863833]
[user:Juan] [type:inversión] [ammount:622245379092655][total:10931510835310956488]
[user:Juan] [type:inversión] [ammount:2535134033545433][total:10934045969344501921]
[user:Keanu] [type:descuento] [ammount:973245559523477][total:10935019214904025398]
[user:Dalí] [type:descuento] [ammount:144780661522113][total:10935163995565547511]
[user:David] [type:descuento] [ammount:1568015565993040][total:10936732011131540551]
[user:Carlos] [type:cobro] [ammount:706379818763819][total:10937438390950304370]
[user:David] [type:pago] [ammount:381769307314006][total:10937820160257618376]
[user:Sonia] [type:cobro] [ammount:3251975941567331][total:10941072136199185707]
[user:Felipe] [type:descuento] [ammount:2535766181369494][total:10943607902380555201]
[user:David] [type:inversión] [ammount:1643886916222348][total:10945251789296777549]
[user:Juan] [type:cobro] [ammount:2746372894162941][total:10947998162190940490]
[user:Felipe] [type:descuento] [ammount:1678844036927083][total:10949677006227867573]
[user:Keanu] [type:cobro] [ammount:848207510434695][total:10950525213738302268]
[user:Sonia] [type:cobro] [ammount:570541502199337][total:10951095755240501605]
[user:David] [type:cobro] [ammount:2380037529905071][total:10953475792770406676]
[user:Anakin] [type:inversión] [ammount:2065907830019167][total:10955541700600425843]
[user:Keanu] [type:inversión] [ammount:3470095602588780][total:10959011796203014623]
[user:Sonia] [type:cobro] [ammount:1047044241202657][total:10960058840444217280]
[user:David] [type:cobro] [ammount:1405698907877155][total:10961464539352094435]
[user:David] [type:pago] [ammount:1575679462812906][total:10963040218814907341]
[user:Carlos] [type:inversión] [ammount:2582666345142113][total:10965622885160049454]
[user:Kung] [type:inversión] [ammount:321429010046954][total:10965944314170096408]
[user:Keanu] [type:pago] [ammount:3073417997191766][total:10969017732167288174]
[user:David] [type:inversión] [ammount:1465740425126454][total:10970483472592414628]
[user:David] [type:pago] [ammount:3501401917799606][total:10973984874510214234]
[user:Sonia] [type:cobro] [ammount:1451589723589546][total:10975436464233803780]
[user:Gustavo] [type:descuento] [ammount:17416145748325][total:10975453880379552105]
[user:Juan] [type:cobro] [ammount:2205007456694294][total:10977658887836246399]
[user:Dalí] [type:descuento] [ammount:3501611730429176][total:10981160499566675575]
[user:Sonia] [type:cobro] [ammount:1111263102054611][total:10982271762668730186]
[user:Gustavo] [type:cobro] [ammount:2555546290837245][total:10984827308959567431]
[user:Dalí] [type:inversión] [ammount:3151331957302593][total:10987978640916870024]
[user:Kung] [type:descuento] [ammount:398181229632790][total:10988376822146502814]
[user:Sonia] [type:inversión] [ammount:2867520854407746][total:10991244343000910560]
[user:Carlos] [type:inversión] [ammount:2653165622769033][total:10993897508623679593]
[user:Kung] [type:cobro] [ammount:2252276433987660][total:10996149785057667253]
[user:Kung] [type:pago] [ammount:415222680790949][total:10996565007738458202]
[user:Dalí] [type:descuento] [ammount:3275038596613998][total:10999840046335072200]
[user:Felipe] [type:cobro] [ammount:2467193579952853][total:11002307239915025053]
[user:Kung] [type:descuento] [ammount:1063413391199649][total:11003370653306224702]
[user:Kung] [type:cobro] [ammount:3370012256155080][total:11006740665562379782]
[user:Dalí] [type:descuento] [ammount:939975207958445][total:11007680640770338227]
[user:Kung] [type:inversión] [ammount:2041445232130935][total:11009722086002469162]
[user:Keanu] [type:pago] [ammount:150321358666173][total:11009872407361135335]
[user:Dalí] [type:descuento] [ammount:433175176686491][total:11010305582537821826]
[user:Anakin] [type:pago] [ammount:1298384818621816][total:11011603967356443642]
[user:Keanu] [type:cobro] [ammount:2887207860956711][total:11014491175217400353]
[user:Carlos] [type:inversión] [ammount:338236137486291][total:11014829411354886644]
[user:Juan] [type:pago] [ammount:861778036506758][total:11015691189391393402]
[user:Kung] [type:inversión] [ammount:2510286446425560][total:11018201475837818962]
[user:Keanu] [type:descuento] [ammount:1078640107045049][total:11019280115944864011]
[user:Anakin] [type:descuento] [ammount:1107125544523811][total:11020387241489387822]
[user:Felipe] [type:inversión] [ammount:2865539814175335][total:11023252781303563157]
[user:Keanu] [type:inversión] [ammount:579682567359659][total:11023832463870922816]
[user:Kung] [type:cobro] [ammount:3264468857027591][total:11027096932727950407]
[user:Sonia] [type:descuento] [ammount:2031796329985599][total:11029128729057936006]
[user:Dalí] [type:descuento] [ammount:3114509566453791][total:11032243238624389797]
[user:Sonia] [type:cobro] [ammount:3200880283991582][total:11035444118908381379]
[user:Dalí] [type:cobro] [ammount:3480039223500452][total:11038924158131881831]
[user:Sonia] [type:pago] [ammount:2885732119214258][total:11041809890251096089]
[user:Dalí] [type:pago] [ammount:2387669291107970][total:11044197559542204059]
[user:Carlos] [type:inversión] [ammount:1164449278926966][total:11045362008821131025]
[user:Juan] [type:descuento] [ammount:2562121969837969][total:11047924130790968994]
[user:Keanu] [type:cobro] [ammount:1212362609494778][total:11049136493400463772]
[user:David] [type:descuento] [ammount:2943318748778323][total:11052079812149242095]
[user:Juan] [type:inversión] [ammount:3484821858634684][total:11055564634007876779]
[user:Kung] [type:cobro] [ammount:2725142979423062][total:11058289776987299841]
[user:Carlos] [type:pago] [ammount:2468390947923628][total:11060758167935223469]
[user:Dalí] [type:descuento] [ammount:2333051956676115][total:11063091219891899584]
[user:Gustavo] [type:descuento] [ammount:2021313408488026][total:11065112533300387610]
[user:Keanu] [type:pago] [ammount:1409511245121253][total:11066522044545508863]
[user:Juan] [type:pago] [ammount:3106525337632563][total:11069628569883141426]
[user:Carlos] [type:descuento] [ammount:1226764899105821][total:11070855334782247247]
[user:Keanu] [type:inversión] [ammount:305023972968521][total:11071160358755215768]
[user:Dalí] [type:descuento] [ammount:2163457454493075][total:11073323816209708843]
[user:Dalí] [type:inversión] [ammount:2501531355980466][total:11075825347565689309]
[user:Keanu] [type:descuento] [ammount:2452276029734080][total:11078277623595423389]
[user:Felipe] [type:pago] [ammount:1048662980735980][total:11079326286576159369]
[user:Keanu] [type:pago] [ammount:3183388080946959][total:11082509674657106328]
[user:Keanu] [type:descuento] [ammount:613568915645013][total:11083123243572751341]
[user:Juan] [type:cobro] [ammount:144831579465187][total:11083268075152216528]
[user:Anakin] [type:inversión] [ammount:2447198710405742][total:11085715273862622270]
[user:Kung] [type:inversión] [ammount:574989299823584][total:11086290263162445854]
[user:Kung] [type:inversión] [ammount:2785276930842310][total:11089075540093288164]
[user:Dalí] [type:cobro] [ammount:1874937523263650][total:11090950477616551814]
[user:Kung] [type:descuento] [ammount:3353124782754268][total:11094303602399306082]
[user:Kung] [type:cobro] [ammount:2505095821964372][total:11096808698221270454]
[user:Keanu] [type:pago] [ammount:413128434686717][total:11097221826655957171]
[user:Gustavo] [type:descuento] [ammount:390081534679948][total:11097611908190637119]
[user:David] [type:inversión] [ammount:2878387326036593][total:11100490295516673712]
[user:Anakin] [type:pago] [ammount:2294561914850120][total:11102784857431523832]
[user:Sonia] [type:descuento] [ammount:2589184453623603][total:11105374041885147435]
[user:Dalí] [type:pago] [ammount:1598632322785702][total:11106972674207933137]
[user:Gustavo] [type:inversión] [ammount:1269770186279577][total:11108242444394212714]
[user:Keanu] [type:inversión] [ammount:3605271632512323][total:11111847716026725037]
[user:Felipe] [type:inversión] [ammount:2695185872538307][total:11114542901899263344]
[user:Anakin] [type:descuento] [ammount:1414026743275316][total:11115956928642538660]
[user:Sonia] [type:descuento] [ammount:110177294896831][total:11116067105937435491]
[user:Gustavo] [type:inversión] [ammount:2277647311758281][total:11118344753249193772]
[user:Felipe] [type:pago] [ammount:276205435136009][total:11118620958684329781]
[user:Dalí] [type:descuento] [ammount:785848667471846][total:11119406807351801627]
[user:Keanu] [type:descuento] [ammount:2898642152320371][total:11122305449504121998]
[user:Gustavo] [type:pago] [ammount:721005958436372][total:11123026455462558370]
[user:Juan] [type:inversión] [ammount:1343539694279900][total:11124369995156838270]
[user:Carlos] [type:cobro] [ammount:1661534092606541][total:11126031529249444811]
[user:Juan] [type:descuento] [ammount:3132406141649000][total:11129163935391093811]
[user:Felipe] [type:inversión] [ammount:1753968012051538][total:11130917903403145349]
[user:Keanu] [type:cobro] [ammount:554189941036584][total:11131472093344181933]
[user:David] [type:pago] [ammount:2422837155103320][total:11133894930499285253]
[user:Sonia] [type:pago] [ammount:2757046830432045][total:11136651977329717298]
[user:Gustavo] [type:descuento] [ammount:2395364967211880][total:11139047342296929178]
[user:Gustavo] [type:descuento] [ammount:1018402434700997][total:11140065744731630175]
[user:David] [type:descuento] [ammount:1810920491202555][total:11141876665222832730]
[user:Anakin] [type:pago] [ammount:2327571674577845][total:11144204236897410575]
[user:Keanu] [type:inversión] [ammount:2905742816927802][total:11147109979714338377]
[user:Juan] [type:pago] [ammount:2985148508545791][total:11150095128222884168]
[user:Keanu] [type:inversión] [ammount:3119962075272730][total:11153215090298156898]
[user:Felipe] [type:inversión] [ammount:3059738692062752][total:11156274828990219650]
[user:Gustavo] [type:cobro] [ammount:156079779508513][total:11156430908769728163]
[user:Dalí] [type:cobro] [ammount:3415827946684481][total:11159846736716412644]
[user:Gustavo] [type:cobro] [ammount:2095751429790255][total:11161942488146202899]
[user:Sonia] [type:inversión] [ammount:1589963647506690][total:11163532451793709589]
[user:Anakin] [type:inversión] [ammount:904546521691788][total:11164436998315401377]
[user:Felipe] [type:descuento] [ammount:1982560049653166][total:11166419558365054543]
[user:Dalí] [type:pago] [ammount:449086312462169][total:11166868644677516712]
[user:Juan] [type:inversión] [ammount:2686845235288503][total:11169555489912805215]
[user:Sonia] [type:inversión] [ammount:1394296040967358][total:11170949785953772573]
[user:Sonia] [type:inversión] [ammount:669826109220491][total:11171619612062993064]
[user:Sonia] [type:descuento] [ammount:1888972754179389][total:11173508584817172453]
[user:Carlos] [type:pago] [ammount:1736987884380306][total:11175245572701552759]
[user:David] [type:inversión] [ammount:2905219505958248][total:11178150792207511007]
[user:Juan] [type:pago] [ammount:2272532488970243][total:11180423324696481250]
[user:Anakin] [type:inversión] [ammount:2693915522824319][total:11183117240219305569]
[user:Kung] [type:pago] [ammount:3128137804386394][total:11186245378023691963]
[user:Keanu] [type:pago] [ammount:65751313506897][total:11186311129337198860]
[user:David] [type:descuento] [ammount:1602838484331656][total:11187913967821530516]
[user:Keanu] [type:cobro] [ammount:3034063981631771][total:11190948031803162287]
[user:Kung] [type:pago] [ammount:989159763436824][total:11191937191566599111]
[user:Carlos] [type:cobro] [ammount:11166648392522][total:11191948358214991633]
[user:Felipe] [type:inversión] [ammount:2085379696157952][total:11194033737911149585]
[user:David] [type:descuento] [ammount:1188257151019423][total:11195221995062169008]
[user:Keanu] [type:descuento] [ammount:3354848353638383][total:11198576843415807391]
[user:Keanu] [type:cobro] [ammount:2391002899440870][total:11200967846315248261]
[user:Sonia] [type:pago] [ammount:3622654997353330][total:11204590501312601591]
[user:Gustavo] [type:inversión] [ammount:1057855953765039][total:11205648357266366630]
[user:Sonia] [type:inversión] [ammount:2666673998010522][total:11208315031264377152]
[user:Dalí] [type:inversión] [ammount:2340593172561388][total:11210655624436938540]
[user:Kung] [type:descuento] [ammount:2035148799931212][total:11212690773236869752]
[user:Keanu] [type:pago] [ammount:1949140929668543][total:11214639914166538295]
[user:David] [type:pago] [ammount:1453347264008602][total:11216093261430546897]
[user:Kung] [type:inversión] [ammount:2215921543575373][total:11218309182974122270]
[user:Keanu] [type:pago] [ammount:103170984965776][total:11218412353959088046]
[user:Sonia] [type:inversión] [ammount:599861685756376][total:11219012215644844422]
[user:Kung] [type:pago] [ammount:2437916098822424][total:11221450131743666846]
[user:Sonia] [type:descuento] [ammount:809924262339089][total:11222260056006005935]
[user:Dalí] [type:cobro] [ammount:602632440686255][total:11222862688446692190]
[user:Kung] [type:pago] [ammount:131340057373531][total:11222994028504065721]
[user:David] [type:cobro] [ammount:1585495372177290][total:11224579523876243011]
[user:David] [type:cobro] [ammount:2285772796032579][total:11226865296672275590]
[user:Keanu] [type:pago] [ammount:3273404651465463][total:11230138701323741053]
[user:Sonia] [type:descuento] [ammount:2139666067265141][total:11232278367391006194]
[user:Kung] [type:inversión] [ammount:597679310205626][total:11232876046701211820]
[user:Gustavo] [type:descuento] [ammount:970834046452769][total:11233846880747664589]
[user:Felipe] [type:pago] [ammount:1799650131431880][total:11235646530879096469]
[user:Carlos] [type:cobro] [ammount:1923139806163161][total:11237569670685259630]
[user:Juan] [type:inversión] [ammount:544722381631475][total:11238114393066891105]
[user:Juan] [type:pago] [ammount:1865465557108052][total:11239979858623999157]
[user:Juan] [type:inversión] [ammount:382995372197722][total:11240362853996196879]
[user:Gustavo] [type:descuento] [ammount:3301698030348621][total:11243664552026545500]
[user:Kung] [type:inversión] [ammount:614147105037161][total:11244278699131582661]
[user:Felipe] [type:descuento] [ammount:2401682785484142][total:11246680381917066803]
[user:Felipe] [type:cobro] [ammount:152503875090985][total:11246832885792157788]
[user:Dalí] [type:pago] [ammount:3626037021355094][total:11250458922813512882]
[user:Juan] [type:cobro] [ammount:3262713750917267][total:11253721636564430149]
[user:Anakin] [type:descuento] [ammount:2858554570242599][total:11256580191134672748]
[user:Dalí] [type:descuento] [ammount:106195433276338][total:11256686386567949086]
[user:David] [type:cobro] [ammount:2852788695388303][total:11259539175263337389]
[user:Kung] [type:descuento] [ammount:1776710372199272][total:11261315885635536661]
[user:Carlos] [type:inversión] [ammount:1536229659721777][total:11262852115295258438]
[user:Gustavo] [type:cobro] [ammount:2070251311747398][total:11264922366607005836]
[user:Keanu] [type:inversión] [ammount:3630762065036284][total:11268553128672042120]
[user:Carlos] [type:pago] [ammount:2891732795037297][total:11271444861467079417]
[user:Gustavo] [type:descuento] [ammount:2399639461329906][total:11273844500928409323]
[user:Felipe] [type:descuento] [ammount:519604351751458][total:11274364105280160781]
[user:Carlos] [type:descuento] [ammount:2663028940831177][total:11277027134220991958]
[user:David] [type:pago] [ammount:614491473171505][total:11277641625694163463]
[user:Gustavo] [type:pago] [ammount:2871886976408107][total:11280513512670571570]
[user:Gustavo] [type:inversión] [ammount:1567180695310580][total:11282080693365882150]
[user:Juan] [type:descuento] [ammount:2526523284312165][total:11284607216650194315]
[user:Keanu] [type:pago] [ammount:193473683425679][total:11284800690333619994]
[user:David] [type:descuento] [ammount:1096030845191114][total:11285896721178811108]
[user:Carlos] [type:pago] [ammount:3010954945649544][total:11288907676124460652]
[user:Felipe] [type:descuento] [ammount:1014678675486370][total:11289922354799947022]
[user:Juan] [type:cobro] [ammount:3413281840743100][total:11293335636640690122]
[user:David] [type:pago] [ammount:1176138795839295][total:11294511775436529417]
[user:Sonia] [type:inversión] [ammount:42682481819456][total:11294554457918348873]
[user:Anakin] [type:descuento] [ammount:1914529387193197][total:11296468987305542070]
[user:Carlos] [type:inversión] [ammount:1755523998499227][total:11298224511304041297]
[user:Gustavo] [type:cobro] [ammount:1709923220407923][total:11299934434524449220]
[user:Felipe] [type:pago] [ammount:1702238903203959][total:11301636673427653179]
[user:Felipe] [type:pago] [ammount:721857095278151][total:11302358530522931330]
[user:Sonia] [type:descuento] [ammount:423901419958875][total:11302782431942890205]
[user:Gustavo] [type:pago] [ammount:1723901281343440][total:11304506333224233645]
[user:David] [type:pago] [ammount:777275004104285][total:11305283608228337930]
[user:Carlos] [type:cobro] [ammount:2725625991896178][total:11308009234220234108]
[user:Felipe] [type:pago] [ammount:2535062583954289][total:11310544296804188397]
[user:Kung] [type:inversión] [ammount:2547596356285406][total:11313091893160473803]
[user:Keanu] [type:pago] [ammount:2482492477456701][total:11315574385637930504]
[user:Dalí] [type:cobro] [ammount:2898898586778216][total:11318473284224708720]
[user:Sonia] [type:descuento] [ammount:961045697732850][total:11319434329922441570]
[user:Sonia] [type:inversión] [ammount:1703895824922703][total:11321138225747364273]
[user:Felipe] [type:inversión] [ammount:2852215830727194][total:11323990441578091467]
[user:David] [type:descuento] [ammount:2887180009706731][total:11326877621587798198]
[user:Felipe] [type:descuento] [ammount:2358070436036020][total:11329235692023834218]
[user:Carlos] [type:descuento] [ammount:110807247204509][total:11329346499271038727]
[user:Felipe] [type:pago] [ammount:144862354200566][total:11329491361625239293]
[user:Gustavo] [type:pago] [ammount:1770164132483043][total:11331261525757722336]
[user:Carlos] [type:descuento] [ammount:1686462753934491][total:11332947988511656827]
[user:Keanu] [type:pago] [ammount:2653532691066254][total:11335601521202723081]
[user:Dalí] [type:inversión] [ammount:970693456923772][total:11336572214659646853]
[user:Keanu] [type:cobro] [ammount:2529287019755115][total:11339101501679401968]
[user:Sonia] [type:inversión] [ammount:1267210926333881][total:11340368712605735849]
[user:Anakin] [type:cobro] [ammount:282021908666662][total:11340650734514402511]
[user:Sonia] [type:pago] [ammount:2660235073010784][total:11343310969587413295]
[user:Juan] [type:descuento] [ammount:2903294950948215][total:11346214264538361510]
[user:Keanu] [type:inversión] [ammount:2139176733100360][total:11348353441271461870]
[user:Anakin] [type:pago] [ammount:1639155378067538][total:11349992596649529408]
[user:Dalí] [type:pago] [ammount:190045139139018][total:11350182641788668426]
[user:Gustavo] [type:cobro] [ammount:122276693904195][total:11350304918482572621]
[user:David] [type:descuento] [ammount:3400276172679606][total:11353705194655252227]
[user:Carlos] [type:cobro] [ammount:2038510725195476][total:11355743705380447703]
[user:Sonia] [type:descuento] [ammount:2550576016952125][total:11358294281397399828]
[user:Felipe] [type:descuento] [ammount:2581505733486812][total:11360875787130886640]
[user:Kung] [type:descuento] [ammount:71131483366378][total:11360946918614253018]
[user:Sonia] [type:cobro] [ammount:2177898868540354][total:11363124817482793372]
[user:Carlos] [type:descuento] [ammount:1460413124585705][total:11364585230607379077]
[user:Sonia] [type:inversión] [ammount:2962776992441669][total:11367548007599820746]
[user:Dalí] [type:descuento] [ammount:130532719921861][total:11367678540319742607]
[user:Gustavo] [type:pago] [ammount:3577855664668488][total:11371256395984411095]
[user:Gustavo] [type:inversión] [ammount:3051604374079024][total:11374308000358490119]
[user:Keanu] [type:pago] [ammount:2103467137746009][total:11376411467496236128]
[user:Dalí] [type:inversión] [ammount:1483214742422043][total:11377894682238658171]
[user:Anakin] [type:pago] [ammount:1967297852160698][total:11379861980090818869]
[user:Carlos] [type:descuento] [ammount:1844896296230769][total:11381706876387049638]
[user:David] [type:cobro] [ammount:3647911257049297][total:11385354787644098935]
[user:Sonia] [type:pago] [ammount:2443500151264599][total:11387798287795363534]
[user:Juan] [type:inversión] [ammount:52955573348752][total:11387851243368712286]
[user:Felipe] [type:descuento] [ammount:725893932967696][total:11388577137301679982]
[user:David] [type:inversión] [ammount:2083689494996338][total:11390660826796676320]
[user:Gustavo] [type:cobro] [ammount:2846286836796476][total:11393507113633472796]
[user:Dalí] [type:descuento] [ammount:1684731719567341][total:11395191845353040137]
[user:Gustavo] [type:cobro] [ammount:3280825779599616][total:11398472671132639753]
[user:Kung] [type:descuento] [ammount:970301674211756][total:11399442972806851509]
[user:Anakin] [type:pago] [ammount:2122861452487731][total:11401565834259339240]
[user:Dalí] [type:pago] [ammount:2782379790025766][total:11404348214049365006]
[user:Anakin] [type:inversión] [ammount:2513016818253171][total:11406861230867618177]
[user:Gustavo] [type:pago] [ammount:2531357623769319][total:11409392588491387496]
[user:Sonia] [type:cobro] [ammount:534516970014638][total:11409927105461402134]
[user:Dalí] [type:pago] [ammount:294170032915912][total:11410221275494318046]
[user:Dalí] [type:cobro] [ammount:734224628079112][total:11410955500122397158]
[user:Anakin] [type:descuento] [ammount:1464599385041432][total:11412420099507438590]
[user:Keanu] [type:pago] [ammount:2434740762385490][total:11414854840269824080]
[user:Juan] [type:descuento] [ammount:1568609545448754][total:11416423449815272834]
[user:Gustavo] [type:inversión] [ammount:2276746329501341][total:11418700196144774175]
[user:Carlos] [type:pago] [ammount:1865673077126943][total:11420565869221901118]
[user:Gustavo] [type:inversión] [ammount:1889141822413771][total:11422455011044314889]
[user:Juan] [type:pago] [ammount:1230375654514885][total:11423685386698829774]
[user:David] [type:pago] [ammount:1130114767236639][total:11424815501466066413]
[user:Juan] [type:inversión] [ammount:239834539911909][total:11425055336005978322]
[user:Kung] [type:cobro] [ammount:3031435505274779][total:11428086771511253101]
[user:Felipe] [type:inversión] [ammount:431374689183207][total:11428518146200436308]
[user:Sonia] [type:pago] [ammount:1532701200369225][total:11430050847400805533]
[user:Anakin] [type:inversión] [ammount:3352116159172153][total:11433402963559977686]
[user:Gustavo] [type:inversión] [ammount:1360408106990342][total:11434763371666968028]
[user:Keanu] [type:pago] [ammount:2083948280269770][total:11436847319947237798]
[user:Anakin] [type:cobro] [ammount:1571517932270976][total:11438418837879508774]
[user:Carlos] [type:inversión] [ammount:1917201468992599][total:11440336039348501373]
[user:Felipe] [type:pago] [ammount:2140659476297150][total:11442476698824798523]
[user:Gustavo] [type:cobro] [ammount:2214969750743443][total:11444691668575541966]
[user:Juan] [type:cobro] [ammount:2158200291897249][total:11446849868867439215]
[user:Carlos] [type:pago] [ammount:2256174191766979][total:11449106043059206194]
[user:Sonia] [type:pago] [ammount:1574325347730023][total:11450680368406936217]
[user:Felipe] [type:descuento] [ammount:1918933885946122][total:11452599302292882339]
[user:Kung] [type:pago] [ammount:2582470264096495][total:11455181772556978834]
[user:Keanu] [type:descuento] [ammount:1194429914197787][total:11456376202471176621]
[user:Dalí] [type:descuento] [ammount:2783036431361151][total:11459159238902537772]
[user:Sonia] [type:pago] [ammount:2782626127691524][total:11461941865030229296]
[user:Felipe] [type:descuento] [ammount:281199251969950][total:11462223064282199246]
[user:Felipe] [type:inversión] [ammount:797524372721831][total:11463020588654921077]
[user:Sonia] [type:pago] [ammount:1114972182560299][total:11464135560837481376]
[user:Carlos] [type:cobro] [ammount:1115931694761206][total:11465251492532242582]
[user:Anakin] [type:pago] [ammount:2527145416339502][total:11467778637948582084]
[user:Dalí] [type:cobro] [ammount:1933127930786335][total:11469711765879368419]
[user:Dalí] [type:inversión] [ammount:752816055465245][total:11470464581934833664]
[user:Kung] [type:descuento] [ammount:382051304832881][total:11470846633239666545]
[user:Anakin] [type:cobro] [ammount:932383758799602][total:11471779016998466147]
[user:Felipe] [type:cobro] [ammount:2107687780139118][total:11473886704778605265]
[user:Anakin] [type:pago] [ammount:1676232592718178][total:11475562937371323443]
[user:Juan] [type:pago] [ammount:1572659590877234][total:11477135596962200677]
[user:David] [type:pago] [ammount:99617659686679][total:11477235214621887356]
[user:Carlos] [type:descuento] [ammount:1789260439910635][total:11479024475061797991]
[user:Felipe] [type:descuento] [ammount:2773684708169311][total:11481798159769967302]
[user:Kung] [type:pago] [ammount:2285486609875930][total:11484083646379843232]
[user:Keanu] [type:cobro] [ammount:2212363654999182][total:11486296010034842414]
[user:Gustavo] [type:cobro] [ammount:40679052575623][total:11486336689087418037]
[user:Dalí] [type:cobro] [ammount:2043494430983201][total:11488380183518401238]
[user:Carlos] [type:pago] [ammount:1060800729795267][total:11489440984248196505]
[user:Sonia] [type:pago] [ammount:1035233574925113][total:11490476217823121618]
[user:Juan] [type:cobro] [ammount:1891463603434815][total:11492367681426556433]
[user:Kung] [type:cobro] [ammount:2649526586605912][total:11495017208013162345]
[user:Juan] [type:descuento] [ammount:2095483666857559][total:11497112691680019904]
[user:Felipe] [type:pago] [ammount:1959124348472546][total:11499071816028492450]
[user:David] [type:pago] [ammount:2356198846871432][total:11501428014875363882]
[user:Gustavo] [type:cobro] [ammount:3530228036684902][total:11504958242912048784]
[user:Juan] [type:pago] [ammount:726222800848991][total:11505684465712897775]
[user:Sonia] [type:descuento] [ammount:459045802739718][total:11506143511515637493]
[user:Juan] [type:descuento] [ammount:1694095292077604][total:11507837606807715097]
[user:Carlos] [type:inversión] [ammount:2871522478165394][total:11510709129285880491]
[user:Felipe] [type:cobro] [ammount:315309096440059][total:11511024438382320550]
[user:Keanu] [type:cobro] [ammount:2695332959538678][total:11513719771341859228]
[user:Anakin] [type:inversión] [ammount:1285850311562177][total:11515005621653421405]
[user:Keanu] [type:descuento] [ammount:2988932334733943][total:11517994553988155348]
[user:Felipe] [type:pago] [ammount:1237347264764714][total:11519231901252920062]
[user:Anakin] [type:descuento] [ammount:17771880720095][total:11519249673133640157]
[user:Juan] [type:cobro] [ammount:2346844527033885][total:11521596517660674042]
[user:Gustavo] [type:descuento] [ammount:3572488673182927][total:11525169006333856969]
[user:Sonia] [type:cobro] [ammount:2487350490594893][total:11527656356824451862]
[user:Carlos] [type:cobro] [ammount:448640804577499][total:11528104997629029361]
[user:Carlos] [type:descuento] [ammount:2601618671140450][total:11530706616300169811]
[user:Carlos] [type:descuento] [ammount:2850622935350754][total:11533557239235520565]
[user:Kung] [type:pago] [ammount:3161212954426662][total:11536718452189947227]
[user:Carlos] [type:descuento] [ammount:1553341899557008][total:11538271794089504235]
[user:Sonia] [type:cobro] [ammount:689974299819666][total:11538961768389323901]
[user:Felipe] [type:descuento] [ammount:1504023484779598][total:11540465791874103499]
[user:Dalí] [type:cobro] [ammount:641385863980470][total:11541107177738083969]
[user:Kung] [type:pago] [ammount:3534801157325936][total:11544641978895409905]
[user:Dalí] [type:descuento] [ammount:42985133212385][total:11544684964028622290]
[user:Anakin] [type:cobro] [ammount:644183306443629][total:11545329147335065919]
[user:Anakin] [type:descuento] [ammount:2294426183240310][total:11547623573518306229]
[user:Gustavo] [type:descuento] [ammount:709550476193198][total:11548333123994499427]
[user:Kung] [type:cobro] [ammount:2965098084852046][total:11551298222079351473]
[user:Felipe] [type:pago] [ammount:1257843099751767][total:11552556065179103240]
[user:David] [type:inversión] [ammount:2498241508663037][total:11555054306687766277]
[user:David] [type:inversión] [ammount:3136384945127420][total:11558190691632893697]
[user:Anakin] [type:descuento] [ammount:2625073069043891][total:11560815764701937588]
[user:Anakin] [type:pago] [ammount:764297807853245][total:11561580062509790833]
[user:Dalí] [type:descuento] [ammount:1542062399574848][total:11563122124909365681]
[user:Felipe] [type:cobro] [ammount:1881439015669110][total:11565003563925034791]
[user:Anakin] [type:cobro] [ammount:840824825683056][total:11565844388750717847]
[user:Keanu] [type:inversión] [ammount:3382209643710694][total:11569226598394428541]
[user:David] [type:inversión] [ammount:894481632089423][total:11570121080026517964]
[user:Juan] [type:pago] [ammount:222279831986230][total:11570343359858504194]
[user:Sonia] [type:descuento] [ammount:2376390127955639][total:11572719749986459833]
[user:Felipe] [type:descuento] [ammount:2304948153901038][total:11575024698140360871]
[user:Keanu] [type:pago] [ammount:558215591834696][total:11575582913732195567]
[user:Gustavo] [type:inversión] [ammount:2873201514837034][total:11578456115247032601]
[user:Carlos] [type:inversión] [ammount:2057550821266854][total:11580513666068299455]
[user:Juan] [type:inversión] [ammount:1262021548289330][total:11581775687616588785]
[user:Felipe] [type:inversión] [ammount:3330562753568058][total:11585106250370156843]
[user:Gustavo] [type:descuento] [ammount:1154954072167980][total:11586261204442324823]
[user:Anakin] [type:pago] [ammount:3639633538464639][total:11589900837980789462]
[user:Felipe] [type:descuento] [ammount:2370955009345311][total:11592271792990134773]
[user:Carlos] [type:pago] [ammount:248839605582709][total:11592520632595717482]
[user:Juan] [type:cobro] [ammount:1514904364788718][total:11594035536960506200]
[user:Kung] [type:descuento] [ammount:2205167413541339][total:11596240704374047539]
[user:Kung] [type:inversión] [ammount:1383477679177200][total:11597624182053224739]
[user:Anakin] [type:cobro] [ammount:3477654792665545][total:11601101836845890284]
[user:Felipe] [type:descuento] [ammount:3419162809286725][total:11604520999655177009]
[user:Keanu] [type:descuento] [ammount:1420509681838052][total:11605941509337015061]
[user:Juan] [type:cobro] [ammount:101789180058524][total:11606043298517073585]
[user:Sonia] [type:inversión] [ammount:374566035634471][total:11606417864552708056]
[user:Carlos] [type:pago] [ammount:581581605974906][total:11606999446158682962]
[user:Dalí] [type:pago] [ammount:3261759688797945][total:11610261205847480907]
[user:Carlos] [type:pago] [ammount:3336725695217408][total:11613597931542698315]
[user:Gustavo] [type:cobro] [ammount:1784200839192919][total:11615382132381891234]
[user:Gustavo] [type:pago] [ammount:3468982479694964][total:11618851114861586198]
[user:David] [type:inversión] [ammount:2886311691573336][total:11621737426553159534]
[user:Felipe] [type:inversión] [ammount:404735817594496][total:11622142162370754030]
[user:Dalí] [type:pago] [ammount:2003293185914954][total:11624145455556668984]
[user:Felipe] [type:pago] [ammount:2819185616515315][total:11626964641173184299]
[user:Felipe] [type:inversión] [ammount:201592486289949][total:11627166233659474248]
[user:Gustavo] [type:cobro] [ammount:3678724644819177][total:11630844958304293425]
[user:Sonia] [type:pago] [ammount:2999151056850902][total:11633844109361144327]
[user:Sonia] [type:descuento] [ammount:1999684103844472][total:11635843793464988799]
[user:Sonia] [type:cobro] [ammount:2467722367798686][total:11638311515832787485]
[user:David] [type:cobro] [ammount:2721479200275252][total:11641032995033062737]
[user:Anakin] [type:pago] [ammount:45374067936835][total:11641078369100999572]
[user:Anakin] [type:descuento] [ammount:1285906739762130][total:11642364275840761702]
[user:Carlos] [type:pago] [ammount:15543667568390][total:11642379819508330092]
[user:Carlos] [type:cobro] [ammount:771154451863999][total:11643150973960194091]
[user:Felipe] [type:descuento] [ammount:3160509242134500][total:11646311483202328591]
[user:Dalí] [type:inversión] [ammount:156073898052997][total:11646467557100381588]
[user:Felipe] [type:descuento] [ammount:3051656078541858][total:11649519213178923446]
[user:Felipe] [type:cobro] [ammount:3386743300560895][total:11652905956479484341]
[user:Gustavo] [type:inversión] [ammount:310465193930152][total:11653216421673414493]
[user:Gustavo] [type:pago] [ammount:2416087248955130][total:11655632508922369623]
[user:Felipe] [type:cobro] [ammount:379071167696825][total:11656011580090066448]
[user:Dalí] [type:inversión] [ammount:1591781102750377][total:11657603361192816825]
[user:Sonia] [type:cobro] [ammount:11362003725215][total:11657614723196542040]
[user:Kung] [type:inversión] [ammount:1617967363561313][total:11659232690560103353]
[user:Carlos] [type:inversión] [ammount:856601928715291][total:11660089292488818644]
[user:David] [type:cobro] [ammount:2195141826032256][total:11662284434314850900]
[user:Gustavo] [type:pago] [ammount:2654255139844725][total:11664938689454695625]
[user:Carlos] [type:inversión] [ammount:3115593824134847][total:11668054283278830472]
[user:Kung] [type:inversión] [ammount:2272327976836419][total:11670326611255666891]
[user:Anakin] [type:pago] [ammount:3294307696955730][total:11673620918952622621]
[user:David] [type:cobro] [ammount:146587776322710][total:11673767506728945331]
[user:David] [type:cobro] [ammount:3376624253177778][total:11677144130982123109]
[user:Carlos] [type:inversión] [ammount:3446622844246283][total:11680590753826369392]
[user:David] [type:descuento] [ammount:305949968139121][total:11680896703794508513]
[user:Felipe] [type:inversión] [ammount:272146704610832][total:11681168850499119345]
[user:Sonia] [type:descuento] [ammount:2574191672480419][total:11683743042171599764]
[user:Gustavo] [type:pago] [ammount:171829516161611][total:11683914871687761375]
[user:Juan] [type:inversión] [ammount:2149379495266212][total:11686064251183027587]
[user:Juan] [type:inversión] [ammount:2356458845216265][total:11688420710028243852]
[user:Gustavo] [type:cobro] [ammount:1993789483956373][total:11690414499512200225]
[user:Keanu] [type:cobro] [ammount:1320286599783921][total:11691734786111984146]
[user:Anakin] [type:cobro] [ammount:378071399848128][total:11692112857511832274]
[user:Anakin] [type:cobro] [ammount:2581239963167914][total:11694694097475000188]
[user:Carlos] [type:descuento] [ammount:640466869136574][total:11695334564344136762]
[user:Juan] [type:cobro] [ammount:455426875376408][total:11695789991219513170]
[user:Kung] [type:descuento] [ammount:3288636912370585][total:11699078628131883755]
[user:Dalí] [type:pago] [ammount:414991902373429][total:11699493620034257184]
[user:Juan] [type:cobro] [ammount:1540298785256812][total:11701033918819513996]
[user:Gustavo] [type:inversión] [ammount:3132810095688191][total:11704166728915202187]
[user:Kung] [type:descuento] [ammount:2765571981109922][total:11706932300896312109]
[user:David] [type:inversión] [ammount:1823239125928476][total:11708755540022240585]
[user:Juan] [type:inversión] [ammount:3382871946114750][total:11712138411968355335]
[user:Dalí] [type:pago] [ammount:2935398940660382][total:11715073810909015717]
[user:Kung] [type:pago] [ammount:1962177054162082][total:11717035987963177799]
[user:Anakin] [type:cobro] [ammount:1669635236466774][total:11718705623199644573]
[user:David] [type:cobro] [ammount:3384839582683483][total:11722090462782328056]
[user:Kung] [type:inversión] [ammount:1784129012746620][total:11723874591795074676]
[user:Juan] [type:descuento] [ammount:130673546110754][total:11724005265341185430]
[user:Juan] [type:inversión] [ammount:2475479876598736][total:11726480745217784166]
[user:Anakin] [type:descuento] [ammount:1466149515985261][total:11727946894733769427]
[user:Anakin] [type:inversión] [ammount:465606456069202][total:11728412501189838629]
[user:Felipe] [type:inversión] [ammount:1494148060740994][total:11729906649250579623]
[user:Kung] [type:inversión] [ammount:2993409207836332][total:11732900058458415955]
[user:Anakin] [type:inversión] [ammount:1338469065841720][total:11734238527524257675]
[user:Kung] [type:pago] [ammount:267872595754232][total:11734506400120011907]
[user:Kung] [type:pago] [ammount:2112627828453952][total:11736619027948465859]
[user:Felipe] [type:pago] [ammount:2560778859300361][total:11739179806807766220]
[user:Anakin] [type:descuento] [ammount:3662811859362222][total:11742842618667128442]
[user:Felipe] [type:cobro] [ammount:2330496370566901][total:11745173115037695343]
[user:Carlos] [type:pago] [ammount:99676109694046][total:11745272791147389389]
[user:David] [type:cobro] [ammount:1710468761794599][total:11746983259909183988]
[user:Felipe] [type:inversión] [ammount:2355687883475030][total:11749338947792659018]
[user:Carlos] [type:descuento] [ammount:316039755766875][total:11749654987548425893]
[user:Kung] [type:cobro] [ammount:635689697259041][total:11750290677245684934]
[user:Kung] [type:inversión] [ammount:1463711197061572][total:11751754388442746506]
[user:Dalí] [type:descuento] [ammount:1357598598076828][total:11753111987040823334]
[user:Felipe] [type:pago] [ammount:1240019513013585][total:11754352006553836919]
[user:David] [type:inversión] [ammount:2651424450882578][total:11757003431004719497]
[user:Sonia] [type:inversión] [ammount:827395358074556][total:11757830826362794053]
[user:Felipe] [type:cobro] [ammount:3407260855821534][total:11761238087218615587]
[user:Carlos] [type:pago] [ammount:435412546005281][total:11761673499764620868]
[user:David] [type:cobro] [ammount:3565020048363493][total:11765238519812984361]
[user:David] [type:pago] [ammount:2621067617876354][total:11767859587430860715]
[user:Carlos] [type:pago] [ammount:2886229610758911][total:11770745817041619626]
[user:David] [type:cobro] [ammount:989815641785869][total:11771735632683405495]
[user:Anakin] [type:descuento] [ammount:3380908589275048][total:11775116541272680543]
[user:Anakin] [type:inversión] [ammount:1473372319344225][total:11776589913592024768]
[user:Felipe] [type:pago] [ammount:127838456159634][total:11776717752048184402]
[user:Kung] [type:inversión] [ammount:1262858933397343][total:11777980610981581745]
[user:Felipe] [type:cobro] [ammount:3446164474382712][total:11781426775455964457]
[user:Carlos] [type:inversión] [ammount:2645712900806048][total:11784072488356770505]
[user:David] [type:cobro] [ammount:958388317404518][total:11785030876674175023]
[user:Carlos] [type:pago] [ammount:1739998540678758][total:11786770875214853781]
[user:Juan] [type:cobro] [ammount:2368072245664322][total:11789138947460518103]
[user:Kung] [type:inversión] [ammount:1644481996337997][total:11790783429456856100]
[user:Gustavo] [type:pago] [ammount:2830095751448232][total:11793613525208304332]
[user:Sonia] [type:pago] [ammount:2104661749839879][total:11795718186958144211]
[user:Anakin] [type:descuento] [ammount:2359471494933990][total:11798077658453078201]
[user:Juan] [type:descuento] [ammount:788361764129939][total:11798866020217208140]
[user:Gustavo] [type:pago] [ammount:1720315457424208][total:11800586335674632348]
[user:Juan] [type:descuento] [ammount:2358638052654403][total:11802944973727286751]
[user:Kung] [type:descuento] [ammount:54241115552586][total:11802999214842839337]
[user:Felipe] [type:pago] [ammount:1452695978293031][total:11804451910821132368]
[user:Anakin] [type:inversión] [ammount:3423374354537986][total:11807875285175670354]
[user:David] [type:pago] [ammount:2417230402710340][total:11810292515578380694]
[user:Dalí] [type:cobro] [ammount:2304226357636438][total:11812596741936017132]
[user:Keanu] [type:pago] [ammount:2919583024749860][total:11815516324960766992]
[user:Gustavo] [type:cobro] [ammount:615416378599534][total:11816131741339366526]
[user:Gustavo] [type:pago] [ammount:698310420459593][total:11816830051759826119]
[user:Carlos] [type:descuento] [ammount:4637525037704][total:11816834689284863823]
[user:Juan] [type:inversión] [ammount:2126866079673684][total:11818961555364537507]
[user:Gustavo] [type:inversión] [ammount:2357060599925498][total:11821318615964463005]
[user:Kung] [type:cobro] [ammount:3589106088300447][total:11824907722052763452]
[user:Kung] [type:cobro] [ammount:3234565349678669][total:11828142287402442121]
[user:Juan] [type:descuento] [ammount:1927636870109231][total:11830069924272551352]
[user:Carlos] [type:cobro] [ammount:962990761090466][total:11831032915033641818]
[user:Gustavo] [type:pago] [ammount:2116895295892841][total:11833149810329534659]
[user:Dalí] [type:inversión] [ammount:1572925928508212][total:11834722736258042871]
[user:Anakin] [type:cobro] [ammount:1689608021865937][total:11836412344279908808]
[user:Kung] [type:inversión] [ammount:1416438814691361][total:11837828783094600169]
[user:Sonia] [type:pago] [ammount:2725034537360895][total:11840553817631961064]
[user:Dalí] [type:inversión] [ammount:112991370540591][total:11840666809002501655]
[user:Sonia] [type:inversión] [ammount:1531295682766014][total:11842198104685267669]
[user:Sonia] [type:cobro] [ammount:3302893889109323][total:11845500998574376992]
[user:Gustavo] [type:inversión] [ammount:1273257660215996][total:11846774256234592988]
[user:Juan] [type:inversión] [ammount:2375138745036227][total:11849149394979629215]
[user:David] [type:inversión] [ammount:417334375501981][total:11849566729355131196]
[user:Juan] [type:descuento] [ammount:2849539245379338][total:11852416268600510534]
[user:Felipe] [type:inversión] [ammount:1126633748260481][total:11853542902348771015]
[user:Anakin] [type:descuento] [ammount:1213944197852565][total:11854756846546623580]
[user:Carlos] [type:inversión] [ammount:203145022902578][total:11854959991569526158]
[user:Gustavo] [type:pago] [ammount:2643514516009906][total:11857603506085536064]
[user:Keanu] [type:cobro] [ammount:657566683200481][total:11858261072768736545]
[user:David] [type:pago] [ammount:565122735966094][total:11858826195504702639]
[user:David] [type:inversión] [ammount:1998085230305810][total:11860824280735008449]
[user:Keanu] [type:inversión] [ammount:2804581070269745][total:11863628861805278194]
[user:Kung] [type:pago] [ammount:2962259661377994][total:11866591121466656188]
[user:Gustavo] [type:inversión] [ammount:3456764416972478][total:11870047885883628666]
[user:Felipe] [type:descuento] [ammount:320565927312320][total:11870368451810940986]
[user:Anakin] [type:pago] [ammount:3055965338660907][total:11873424417149601893]
[user:David] [type:inversión] [ammount:872330940680410][total:11874296748090282303]
[user:Felipe] [type:inversión] [ammount:3335382602303042][total:11877632130692585345]
[user:Juan] [type:inversión] [ammount:1210818120660733][total:11878842948813246078]
[user:Sonia] [type:descuento] [ammount:491676000693874][total:11879334624813939952]
[user:Keanu] [type:inversión] [ammount:429336822176534][total:11879763961636116486]
[user:Anakin] [type:pago] [ammount:3285602774107989][total:11883049564410224475]
[user:Carlos] [type:descuento] [ammount:2252768571140963][total:11885302332981365438]
[user:Sonia] [type:cobro] [ammount:2993323711580683][total:11888295656692946121]
[user:Carlos] [type:pago] [ammount:2060833625463796][total:11890356490318409917]
[user:Gustavo] [type:inversión] [ammount:865749139808411][total:11891222239458218328]
[user:Anakin] [type:descuento] [ammount:1202313816837029][total:11892424553275055357]
[user:Carlos] [type:pago] [ammount:3177336936182374][total:11895601890211237731]
[user:Juan] [type:cobro] [ammount:3522092524333901][total:11899123982735571632]
[user:Keanu] [type:cobro] [ammount:3186150375085507][total:11902310133110657139]
[user:Juan] [type:inversión] [ammount:2868546086422867][total:11905178679197080006]
[user:Anakin] [type:cobro] [ammount:1784033734427588][total:11906962712931507594]
[user:Kung] [type:cobro] [ammount:308091487861059][total:11907270804419368653]
[user:Felipe] [type:inversión] [ammount:1567086911723907][total:11908837891331092560]
[user:Gustavo] [type:inversión] [ammount:2343836897504054][total:11911181728228596614]
[user:Gustavo] [type:inversión] [ammount:651989366007892][total:11911833717594604506]
[user:Anakin] [type:cobro] [ammount:1679798089922809][total:11913513515684527315]
[user:Juan] [type:cobro] [ammount:72358490461805][total:11913585874174989120]
[user:Juan] [type:cobro] [ammount:3072869760832131][total:11916658743935821251]
[user:Carlos] [type:pago] [ammount:3233073179637856][total:11919891817115459107]
[user:Juan] [type:cobro] [ammount:3517895781180640][total:11923409712896639747]
[user:David] [type:descuento] [ammount:322379934427009][total:11923732092831066756]
[user:Dalí] [type:pago] [ammount:3218473381821957][total:11926950566212888713]
[user:Sonia] [type:inversión] [ammount:3679147993255494][total:11930629714206144207]
[user:Dalí] [type:descuento] [ammount:2739731110015015][total:11933369445316159222]
[user:Felipe] [type:inversión] [ammount:3469797072776036][total:11936839242388935258]
[user:Felipe] [type:pago] [ammount:2613277155456674][total:11939452519544391932]
[user:Dalí] [type:inversión] [ammount:1291398583374356][total:11940743918127766288]
[user:Carlos] [type:descuento] [ammount:2751005465730280][total:11943494923593496568]
[user:Sonia] [type:descuento] [ammount:3358191281590067][total:11946853114875086635]
[user:David] [type:descuento] [ammount:2652928801059418][total:11949506043676146053]
[user:Sonia] [type:cobro] [ammount:700290868625125][total:11950206334544771178]
[user:Dalí] [type:pago] [ammount:2112701160310789][total:11952319035705081967]
[user:Keanu] [type:pago] [ammount:226543196720701][total:11952545578901802668]
[user:Gustavo] [type:pago] [ammount:1796556336345366][total:11954342135238148034]
[user:Keanu] [type:inversión] [ammount:3421498350480733][total:11957763633588628767]
[user:Anakin] [type:pago] [ammount:1266408162504757][total:11959030041751133524]
[user:David] [type:descuento] [ammount:1148479769502953][total:11960178521520636477]
[user:Dalí] [type:descuento] [ammount:64155231101450][total:11960242676751737927]
[user:Gustavo] [type:cobro] [ammount:431305744494882][total:11960673982496232809]
[user:Juan] [type:cobro] [ammount:3472499792634535][total:11964146482288867344]
[user:Dalí] [type:pago] [ammount:2891605023835964][total:11967038087312703308]
[user:Carlos] [type:cobro] [ammount:2236863152504123][total:11969274950465207431]
[user:Anakin] [type:cobro] [ammount:212693895755153][total:11969487644360962584]
[user:Juan] [type:cobro] [ammount:1735363764095536][total:11971223008125058120]
[user:Kung] [type:descuento] [ammount:1080115474238712][total:11972303123599296832]
[user:Gustavo] [type:cobro] [ammount:520932211455689][total:11972824055810752521]
[user:Kung] [type:inversión] [ammount:1793952978683780][total:11974618008789436301]
[user:Gustavo] [type:cobro] [ammount:3001727269048647][total:11977619736058484948]
[user:David] [type:descuento] [ammount:1392972057818146][total:11979012708116303094]
[user:Juan] [type:inversión] [ammount:2534345693099414][total:11981547053809402508]
[user:Anakin] [type:descuento] [ammount:1132214517565164][total:11982679268326967672]
[user:David] [type:descuento] [ammount:3094453130562404][total:11985773721457530076]
[user:Keanu] [type:inversión] [ammount:398765817346620][total:11986172487274876696]
[user:Sonia] [type:inversión] [ammount:1013094450099204][total:11987185581724975900]
[user:David] [type:cobro] [ammount:1011959919367474][total:11988197541644343374]
[user:Felipe] [type:pago] [ammount:2853403952247217][total:11991050945596590591]
[user:Sonia] [type:cobro] [ammount:2832703808875375][total:11993883649405465966]
[user:Keanu] [type:descuento] [ammount:1442828688149136][total:11995326478093615102]
[user:Kung] [type:descuento] [ammount:2419836263867212][total:11997746314357482314]
[user:David] [type:pago] [ammount:794500430093465][total:11998540814787575779]
[user:Keanu] [type:pago] [ammount:1593688827830536][total:12000134503615406315]
[user:Sonia] [type:pago] [ammount:699436991464730][total:12000833940606871045]
[user:Kung] [type:inversión] [ammount:3500681352344865][total:12004334621959215910]
[user:Anakin] [type:cobro] [ammount:2454105296521538][total:12006788727255737448]
[user:Anakin] [type:inversión] [ammount:3671151516481038][total:12010459878772218486]
[user:Sonia] [type:pago] [ammount:777350760627760][total:12011237229532846246]
[user:Sonia] [type:pago] [ammount:1022593859515806][total:12012259823392362052]
[user:Kung] [type:cobro] [ammount:3140181649622577][total:12015400005041984629]
[user:Kung] [type:inversión] [ammount:473164188718859][total:12015873169230703488]
[user:Felipe] [type:pago] [ammount:631146592187207][total:12016504315822890695]
[user:Keanu] [type:inversión] [ammount:449777990281981][total:12016954093813172676]
[user:Felipe] [type:inversión] [ammount:3078424945720043][total:12020032518758892719]
[user:Kung] [type:cobro] [ammount:2302872513992934][total:12022335391272885653]
[user:Keanu] [type:pago] [ammount:2186475822698270][total:12024521867095583923]
[user:Dalí] [type:pago] [ammount:604177534888248][total:12025126044630472171]
[user:Juan] [type:descuento] [ammount:2643390596320920][total:12027769435226793091]
[user:Anakin] [type:pago] [ammount:70533731357315][total:12027839968958150406]
[user:Anakin] [type:pago] [ammount:1607412537498137][total:12029447381495648543]
[user:Keanu] [type:descuento] [ammount:2702511275659845][total:12032149892771308388]
[user:Dalí] [type:descuento] [ammount:1567420505865995][total:12033717313277174383]
[user:Dalí] [type:descuento] [ammount:1289356587138363][total:12035006669864312746]
[user:Juan] [type:inversión] [ammount:394134841686428][total:12035400804705999174]
[user:Dalí] [type:cobro] [ammount:2070954984687146][total:12037471759690686320]
[user:David] [type:descuento] [ammount:35408475390244][total:12037507168166076564]
[user:Juan] [type:cobro] [ammount:3415146191122287][total:12040922314357198851]
[user:Carlos] [type:cobro] [ammount:1148738596118257][total:12042071052953317108]
[user:Kung] [type:descuento] [ammount:1263631243073125][total:12043334684196390233]
[user:Dalí] [type:inversión] [ammount:2380586376129459][total:12045715270572519692]
[user:Felipe] [type:descuento] [ammount:1016230692735863][total:12046731501265255555]
[user:Gustavo] [type:descuento] [ammount:788963967965743][total:12047520465233221298]
[user:Keanu] [type:descuento] [ammount:173092934491440][total:12047693558167712738]
[user:Felipe] [type:pago] [ammount:1415930294957018][total:12049109488462669756]
[user:Keanu] [type:cobro] [ammount:3346867392166052][total:12052456355854835808]
[user:Keanu] [type:cobro] [ammount:820470226577189][total:12053276826081412997]
[user:David] [type:cobro] [ammount:1344658875290621][total:12054621484956703618]
[user:Juan] [type:pago] [ammount:1090923046607858][total:12055712408003311476]
[user:Sonia] [type:pago] [ammount:1682097148464923][total:12057394505151776399]
[user:Juan] [type:pago] [ammount:2443141844780329][total:12059837646996556728]
[user:David] [type:inversión] [ammount:2390269910009543][total:12062227916906566271]
[user:David] [type:pago] [ammount:2451980517868448][total:12064679897424434719]
[user:David] [type:inversión] [ammount:3220862355588128][total:12067900759780022847]
[user:Dalí] [type:cobro] [ammount:1758768658987952][total:12069659528439010799]
[user:Juan] [type:inversión] [ammount:675228419936293][total:12070334756858947092]
[user:Dalí] [type:inversión] [ammount:1269324073188887][total:12071604080932135979]
[user:Sonia] [type:inversión] [ammount:92740221090884][total:12071696821153226863]
[user:Felipe] [type:descuento] [ammount:191278801972033][total:12071888099955198896]
[user:Anakin] [type:cobro] [ammount:3140881936976809][total:12075028981892175705]
[user:Carlos] [type:descuento] [ammount:3194630524883988][total:12078223612417059693]
[user:Carlos] [type:cobro] [ammount:1441620003716710][total:12079665232420776403]
[user:Kung] [type:descuento] [ammount:2727761973415785][total:12082392994394192188]
[user:Carlos] [type:cobro] [ammount:3142615856625754][total:12085535610250817942]
[user:Gustavo] [type:pago] [ammount:2606543795757526][total:12088142154046575468]
[user:Carlos] [type:inversión] [ammount:3657049684212964][total:12091799203730788432]
[user:Kung] [type:pago] [ammount:886613651297694][total:12092685817382086126]
[user:Sonia] [type:cobro] [ammount:61102521269976][total:12092746919903356102]
[user:Kung] [type:cobro] [ammount:2626167466843330][total:12095373087370199432]
[user:David] [type:cobro] [ammount:1071364889636674][total:12096444452259836106]
[user:Keanu] [type:inversión] [ammount:845460821737883][total:12097289913081573989]
[user:David] [type:pago] [ammount:186487207556425][total:12097476400289130414]
[user:David] [type:inversión] [ammount:2597334848952561][total:12100073735138082975]
[user:Kung] [type:descuento] [ammount:384326489865176][total:12100458061627948151]
[user:Anakin] [type:cobro] [ammount:2354065614046185][total:12102812127241994336]
[user:Juan] [type:cobro] [ammount:789788716425421][total:12103601915958419757]
[user:Juan] [type:pago] [ammount:167271387846994][total:12103769187346266751]
[user:Keanu] [type:pago] [ammount:2039604454008888][total:12105808791800275639]
[user:Juan] [type:pago] [ammount:710790271675147][total:12106519582071950786]
[user:Kung] [type:inversión] [ammount:1464864280606089][total:12107984446352556875]
[user:Dalí] [type:pago] [ammount:719608872911499][total:12108704055225468374]
[user:Anakin] [type:pago] [ammount:1238408108962361][total:12109942463334430735]
[user:Kung] [type:inversión] [ammount:555057176260670][total:12110497520510691405]
[user:Sonia] [type:cobro] [ammount:2436468362601445][total:12112933988873292850]
[user:Juan] [type:descuento] [ammount:428221620395221][total:12113362210493688071]
[user:Anakin] [type:inversión] [ammount:3088800347246660][total:12116451010840934731]
[user:Carlos] [type:inversión] [ammount:327611967563558][total:12116778622808498289]
[user:David] [type:cobro] [ammount:171580278615751][total:12116950203087114040]
[user:Sonia] [type:cobro] [ammount:820621735528123][total:12117770824822642163]
[user:Anakin] [type:descuento] [ammount:3546362474843736][total:12121317187297485899]
[user:Kung] [type:inversión] [ammount:139255930057153][total:12121456443227543052]
[user:Kung] [type:pago] [ammount:2910913882112171][total:12124367357109655223]
[user:David] [type:cobro] [ammount:1865589307121790][total:12126232946416777013]
[user:Keanu] [type:descuento] [ammount:3280012524595982][total:12129512958941372995]
[user:Anakin] [type:cobro] [ammount:2802950781849599][total:12132315909723222594]
[user:Kung] [type:pago] [ammount:2585669993846382][total:12134901579717068976]
[user:Keanu] [type:descuento] [ammount:3356954182044579][total:12138258533899113555]
[user:David] [type:pago] [ammount:2842346487300400][total:12141100880386413955]
[user:Keanu] [type:pago] [ammount:2583126605033243][total:12143684006991447198]
[user:Carlos] [type:inversión] [ammount:2698134485038123][total:12146382141476485321]
[user:Carlos] [type:inversión] [ammount:3580536527882096][total:12149962678004367417]
[user:Keanu] [type:descuento] [ammount:2941193137534795][total:12152903871141902212]
[user:Dalí] [type:descuento] [ammount:2804143712245156][total:12155708014854147368]
[user:Carlos] [type:cobro] [ammount:2954680752503539][total:12158662695606650907]
[user:Keanu] [type:descuento] [ammount:1413440407454088][total:12160076136014104995]
[user:Carlos] [type:pago] [ammount:3581744908138354][total:12163657880922243349]
[user:David] [type:inversión] [ammount:974183959213974][total:12164632064881457323]
[user:Juan] [type:pago] [ammount:1297958281778931][total:12165930023163236254]
[user:Sonia] [type:pago] [ammount:1447558417880964][total:12167377581581117218]
[user:Gustavo] [type:descuento] [ammount:3681839221957673][total:12171059420803074891]
[user:Gustavo] [type:descuento] [ammount:2711484219846383][total:12173770905022921274]
[user:Anakin] [type:inversión] [ammount:1373352675428531][total:12175144257698349805]
[user:Juan] [type:cobro] [ammount:3681648226146300][total:12178825905924496105]
[user:Kung] [type:descuento] [ammount:1920731483997448][total:12180746637408493553]
[user:David] [type:descuento] [ammount:2807481324119587][total:12183554118732613140]
[user:Keanu] [type:cobro] [ammount:2724422734344913][total:12186278541466958053]
[user:Juan] [type:cobro] [ammount:3622854653216399][total:12189901396120174452]
[user:Carlos] [type:inversión] [ammount:3355217597108570][total:12193256613717283022]
[user:Felipe] [type:inversión] [ammount:2762948410911225][total:12196019562128194247]
[user:Carlos] [type:cobro] [ammount:2501290424681453][total:12198520852552875700]
[user:Anakin] [type:inversión] [ammount:751639379620205][total:12199272491932495905]
[user:Kung] [type:pago] [ammount:1895275899607506][total:12201167767832103411]
[user:Carlos] [type:inversión] [ammount:3163348330690439][total:12204331116162793850]
[user:David] [type:cobro] [ammount:766828671689654][total:12205097944834483504]
[user:Carlos] [type:inversión] [ammount:304242837148932][total:12205402187671632436]
[user:Dalí] [type:inversión] [ammount:2960522697340781][total:12208362710368973217]
[user:Sonia] [type:pago] [ammount:12416532315392][total:12208375126901288609]
[user:Kung] [type:inversión] [ammount:805073437053378][total:12209180200338341987]
[user:Keanu] [type:descuento] [ammount:729337296551496][total:12209909537634893483]
[user:Felipe] [type:cobro] [ammount:1738023195796401][total:12211647560830689884]
[user:David] [type:cobro] [ammount:1665407619991615][total:12213312968450681499]
[user:Juan] [type:inversión] [ammount:3421871448714178][total:12216734839899395677]
[user:David] [type:pago] [ammount:963293317652417][total:12217698133217048094]
[user:David] [type:pago] [ammount:2851321758430795][total:12220549454975478889]
[user:Felipe] [type:descuento] [ammount:968014111958479][total:12221517469087437368]
[user:Dalí] [type:descuento] [ammount:3083661979742090][total:12224601131067179458]
[user:Felipe] [type:descuento] [ammount:3495016877580314][total:12228096147944759772]
[user:Dalí] [type:cobro] [ammount:372427509762991][total:12228468575454522763]
[user:Anakin] [type:cobro] [ammount:406878981246764][total:12228875454435769527]
[user:David] [type:cobro] [ammount:3261328544070582][total:12232136782979840109]
[user:Juan] [type:inversión] [ammount:675442853563722][total:12232812225833403831]
[user:Keanu] [type:pago] [ammount:1186612414505575][total:12233998838247909406]
[user:Carlos] [type:cobro] [ammount:2837687755020895][total:12236836526002930301]
[user:Juan] [type:pago] [ammount:965594485700964][total:12237802120488631265]
[user:Anakin] [type:pago] [ammount:781526392748811][total:12238583646881380076]
[user:Gustavo] [type:cobro] [ammount:2021840607805771][total:12240605487489185847]
[user:Dalí] [type:descuento] [ammount:2666817769490537][total:12243272305258676384]
[user:Dalí] [type:descuento] [ammount:1294267199661771][total:12244566572458338155]
[user:Anakin] [type:descuento] [ammount:2730509875052356][total:12247297082333390511]
[user:Carlos] [type:pago] [ammount:1036512523036871][total:12248333594856427382]
[user:Felipe] [type:pago] [ammount:1118078544395043][total:12249451673400822425]
[user:Carlos] [type:cobro] [ammount:3521389252997154][total:12252973062653819579]
[user:Anakin] [type:inversión] [ammount:993910743310966][total:12253966973397130545]
[user:Sonia] [type:descuento] [ammount:3221782572694677][total:12257188755969825222]
[user:Felipe] [type:pago] [ammount:3620838205804833][total:12260809594175630055]
[user:Sonia] [type:cobro] [ammount:894324457592392][total:12261703918633222447]
[user:Carlos] [type:pago] [ammount:727988475397670][total:12262431907108620117]
[user:Kung] [type:cobro] [ammount:1396099292522098][total:12263828006401142215]
[user:Sonia] [type:pago] [ammount:2377903582825150][total:12266205909983967365]
[user:David] [type:descuento] [ammount:2923146787864811][total:12269129056771832176]
[user:Carlos] [type:descuento] [ammount:1307875688586314][total:12270436932460418490]
[user:Anakin] [type:pago] [ammount:1339959067697070][total:12271776891528115560]
[user:Keanu] [type:descuento] [ammount:1858231283274749][total:12273635122811390309]
[user:Gustavo] [type:cobro] [ammount:3070153930338524][total:12276705276741728833]
[user:Felipe] [type:descuento] [ammount:1883726031305505][total:12278589002773034338]
[user:Carlos] [type:cobro] [ammount:2384111682753227][total:12280973114455787565]
[user:Keanu] [type:descuento] [ammount:361385883753628][total:12281334500339541193]
[user:Anakin] [type:inversión] [ammount:3362345073523614][total:12284696845413064807]
[user:Sonia] [type:inversión] [ammount:1864826340539940][total:12286561671753604747]
[user:Carlos] [type:descuento] [ammount:478729624613681][total:12287040401378218428]
[user:Keanu] [type:pago] [ammount:2029348148611046][total:12289069749526829474]
[user:Sonia] [type:descuento] [ammount:1650279608888457][total:12290720029135717931]
[user:David] [type:cobro] [ammount:397177307049001][total:12291117206442766932]
[user:Anakin] [type:cobro] [ammount:1805749854185655][total:12292922956296952587]
[user:Carlos] [type:inversión] [ammount:281561915254068][total:12293204518212206655]
[user:Gustavo] [type:pago] [ammount:989197163227859][total:12294193715375434514]
[user:Dalí] [type:pago] [ammount:129906700143147][total:12294323622075577661]
[user:Keanu] [type:inversión] [ammount:2115828398232402][total:12296439450473810063]
[user:Anakin] [type:inversión] [ammount:755502376350032][total:12297194952850160095]
[user:Sonia] [type:inversión] [ammount:1976618915149362][total:12299171571765309457]
[user:Juan] [type:descuento] [ammount:1385814996320682][total:12300557386761630139]
[user:Juan] [type:inversión] [ammount:1060292137353363][total:12301617678898983502]
[user:Keanu] [type:descuento] [ammount:3676896112905917][total:12305294575011889419]
[user:Kung] [type:inversión] [ammount:2510551932058070][total:12307805126943947489]
[user:Sonia] [type:pago] [ammount:2400699537806598][total:12310205826481754087]
[user:Kung] [type:pago] [ammount:1068474760529818][total:12311274301242283905]
[user:Keanu] [type:inversión] [ammount:650026342825741][total:12311924327585109646]
[user:Gustavo] [type:inversión] [ammount:1179375139676494][total:12313103702724786140]
[user:Carlos] [type:cobro] [ammount:2068763642608137][total:12315172466367394277]
[user:Keanu] [type:inversión] [ammount:2914231964034966][total:12318086698331429243]
[user:Keanu] [type:cobro] [ammount:107808510003480][total:12318194506841432723]
[user:Felipe] [type:pago] [ammount:2726727765430060][total:12320921234606862783]
[user:David] [type:inversión] [ammount:1105627884006012][total:12322026862490868795]
[user:David] [type:pago] [ammount:709681535897626][total:12322736544026766421]
[user:Felipe] [type:pago] [ammount:147848975623015][total:12322884393002389436]
[user:Kung] [type:descuento] [ammount:2058976927482762][total:12324943369929872198]
[user:David] [type:inversión] [ammount:2548486133267756][total:12327491856063139954]
[user:Felipe] [type:pago] [ammount:713319277183510][total:12328205175340323464]
[user:Juan] [type:cobro] [ammount:1156981765231765][total:12329362157105555229]
[user:Carlos] [type:descuento] [ammount:139925274389169][total:12329502082379944398]
[user:Dalí] [type:descuento] [ammount:2014118124896987][total:12331516200504841385]
[user:Keanu] [type:cobro] [ammount:6519769071754][total:12331522720273913139]
[user:Sonia] [type:pago] [ammount:1912641501972472][total:12333435361775885611]
[user:Carlos] [type:cobro] [ammount:3454435488929175][total:12336889797264814786]
[user:Sonia] [type:descuento] [ammount:158267455998888][total:12337048064720813674]
[user:Sonia] [type:inversión] [ammount:3138723217324049][total:12340186787938137723]
[user:David] [type:cobro] [ammount:2758134117233950][total:12342944922055371673]
[user:David] [type:descuento] [ammount:29683591108693][total:12342974605646480366]
[user:Felipe] [type:pago] [ammount:3463686350416499][total:12346438291996896865]
[user:Sonia] [type:descuento] [ammount:3528316533744624][total:12349966608530641489]
[user:Anakin] [type:pago] [ammount:1366448072943550][total:12351333056603585039]
[user:Carlos] [type:pago] [ammount:139833229515762][total:12351472889833100801]
[user:Gustavo] [type:pago] [ammount:2216879452185263][total:12353689769285286064]
[user:Juan] [type:descuento] [ammount:3516121253443080][total:12357205890538729144]
[user:David] [type:inversión] [ammount:671318169242432][total:12357877208707971576]
[user:Sonia] [type:cobro] [ammount:1161525110952204][total:12359038733818923780]
[user:Sonia] [type:descuento] [ammount:891942627727107][total:12359930676446650887]
[user:Carlos] [type:cobro] [ammount:809140506357861][total:12360739816953008748]
[user:Carlos] [type:pago] [ammount:1837666913977966][total:12362577483866986714]
[user:Keanu] [type:cobro] [ammount:261979177606694][total:12362839463044593408]
[user:Gustavo] [type:pago] [ammount:2258349318956294][total:12365097812363549702]
[user:Keanu] [type:descuento] [ammount:3271970402010317][total:12368369782765560019]
[user:Felipe] [type:pago] [ammount:165638139312590][total:12368535420904872609]
[user:David] [type:cobro] [ammount:184498246750000][total:12368719919151622609]
[user:Juan] [type:descuento] [ammount:1106167473865380][total:12369826086625487989]
[user:Dalí] [type:descuento] [ammount:3301223798584641][total:12373127310424072630]
[user:David] [type:pago] [ammount:1163434654676660][total:12374290745078749290]
[user:Kung] [type:cobro] [ammount:1089943040711218][total:12375380688119460508]
[user:Gustavo] [type:descuento] [ammount:3186797395006363][total:12378567485514466871]
[user:Dalí] [type:descuento] [ammount:3156864470654911][total:12381724349985121782]
[user:Gustavo] [type:pago] [ammount:187355270716045][total:12381911705255837827]
[user:Gustavo] [type:inversión] [ammount:2216992492323399][total:12384128697748161226]
[user:Dalí] [type:cobro] [ammount:2901269962183564][total:12387029967710344790]
[user:Sonia] [type:inversión] [ammount:1008882505431286][total:12388038850215776076]
[user:Felipe] [type:cobro] [ammount:3228832856904964][total:12391267683072681040]
[user:Juan] [type:inversión] [ammount:1093726658874154][total:12392361409731555194]
[user:Keanu] [type:descuento] [ammount:3539557732926815][total:12395900967464482009]
[user:Dalí] [type:descuento] [ammount:2018014708268982][total:12397918982172750991]
[user:Dalí] [type:cobro] [ammount:3269325814927867][total:12401188307987678858]
[user:Felipe] [type:descuento] [ammount:3065693992782205][total:12404254001980461063]
[user:Keanu] [type:descuento] [ammount:1075890785966767][total:12405329892766427830]
[user:Keanu] [type:pago] [ammount:3403699371266250][total:12408733592137694080]
[user:Keanu] [type:inversión] [ammount:849633494566091][total:12409583225632260171]
[user:Carlos] [type:inversión] [ammount:2109146937986400][total:12411692372570246571]
[user:Felipe] [type:pago] [ammount:2078786948850235][total:12413771159519096806]
[user:Kung] [type:descuento] [ammount:2376143322724136][total:12416147302841820942]
[user:Keanu] [type:descuento] [ammount:2804872411883710][total:12418952175253704652]
[user:Gustavo] [type:pago] [ammount:2428023153858263][total:12421380198407562915]
[user:Kung] [type:cobro] [ammount:950844876246434][total:12422331043283809349]
[user:Anakin] [type:inversión] [ammount:754278120195808][total:12423085321404005157]
[user:Sonia] [type:pago] [ammount:2632664088761320][total:12425717985492766477]
[user:Kung] [type:inversión] [ammount:1811108350421496][total:12427529093843187973]
[user:Anakin] [type:pago] [ammount:3649469019410377][total:12431178562862598350]
[user:Gustavo] [type:descuento] [ammount:2861812712934789][total:12434040375575533139]
[user:Dalí] [type:pago] [ammount:3503053635790633][total:12437543429211323772]
[user:Dalí] [type:inversión] [ammount:733744118800551][total:12438277173330124323]
[user:Anakin] [type:inversión] [ammount:2386753622559616][total:12440663926952683939]
[user:Keanu] [type:cobro] [ammount:1076885036635134][total:12441740811989319073]
[user:Kung] [type:cobro] [ammount:1197236653644473][total:12442938048642963546]
[user:Carlos] [type:cobro] [ammount:636494541358572][total:12443574543184322118]
[user:Gustavo] [type:descuento] [ammount:999360462072704][total:12444573903646394822]
[user:Carlos] [type:descuento] [ammount:1548430071171420][total:12446122333717566242]
[user:Gustavo] [type:pago] [ammount:119366027771827][total:12446241699745338069]
[user:Sonia] [type:descuento] [ammount:2967450182049666][total:12449209149927387735]
[user:David] [type:pago] [ammount:2570482477595243][total:12451779632404982978]
[user:Carlos] [type:cobro] [ammount:1422306355960163][total:12453201938760943141]
[user:Dalí] [type:pago] [ammount:3081650162974983][total:12456283588923918124]
[user:Sonia] [type:cobro] [ammount:2359139846408319][total:12458642728770326443]
[user:David] [type:pago] [ammount:3612970068434759][total:12462255698838761202]
[user:Dalí] [type:descuento] [ammount:84525674549103][total:12462340224513310305]
[user:Sonia] [type:descuento] [ammount:3630691491190837][total:12465970916004501142]
[user:Keanu] [type:inversión] [ammount:3102437944942501][total:12469073353949443643]
[user:Gustavo] [type:pago] [ammount:1865084462050158][total:12470938438411493801]
[user:Carlos] [type:inversión] [ammount:1490277322847091][total:12472428715734340892]
[user:Juan] [type:cobro] [ammount:2853385182403851][total:12475282100916744743]
[user:Dalí] [type:cobro] [ammount:1807773870799174][total:12477089874787543917]
[user:Sonia] [type:cobro] [ammount:1262747237487026][total:12478352622025030943]
[user:Carlos] [type:pago] [ammount:2982959980488982][total:12481335582005519925]
[user:Anakin] [type:cobro] [ammount:3450370191425644][total:12484785952196945569]
[user:Keanu] [type:descuento] [ammount:3116561587845213][total:12487902513784790782]
[user:David] [type:inversión] [ammount:2495174661789518][total:12490397688446580300]
[user:Juan] [type:descuento] [ammount:1131352989666004][total:12491529041436246304]
[user:Felipe] [type:inversión] [ammount:988251290364234][total:12492517292726610538]
[user:Sonia] [type:cobro] [ammount:1401391130456523][total:12493918683857067061]
[user:Keanu] [type:pago] [ammount:1173987600389901][total:12495092671457456962]
[user:Gustavo] [type:descuento] [ammount:847456003442218][total:12495940127460899180]
[user:David] [type:cobro] [ammount:2319582760798233][total:12498259710221697413]
[user:Carlos] [type:cobro] [ammount:2783126486461068][total:12501042836708158481]
[user:Felipe] [type:inversión] [ammount:2657619374399431][total:12503700456082557912]
[user:Juan] [type:pago] [ammount:449488201346969][total:12504149944283904881]
[user:Keanu] [type:inversión] [ammount:3262628481338744][total:12507412572765243625]
[user:Dalí] [type:cobro] [ammount:1747652434839516][total:12509160225200083141]
[user:David] [type:cobro] [ammount:3145455312003538][total:12512305680512086679]
[user:David] [type:cobro] [ammount:2233212624906433][total:12514538893136993112]
[user:Keanu] [type:pago] [ammount:2986181006972030][total:12517525074143965142]
[user:Keanu] [type:pago] [ammount:3162504215956527][total:12520687578359921669]
[user:Anakin] [type:pago] [ammount:984294960296619][total:12521671873320218288]
[user:Sonia] [type:inversión] [ammount:3372594978635955][total:12525044468298854243]
[user:Anakin] [type:pago] [ammount:3037097142072047][total:12528081565440926290]
[user:Gustavo] [type:inversión] [ammount:3651075207739703][total:12531732640648665993]
[user:Anakin] [type:inversión] [ammount:3038918297273739][total:12534771558945939732]
[user:Carlos] [type:cobro] [ammount:522651327027764][total:12535294210272967496]
[user:Carlos] [type:pago] [ammount:2347280060858656][total:12537641490333826152]
[user:Anakin] [type:inversión] [ammount:3473085614625081][total:12541114575948451233]
[user:Gustavo] [type:descuento] [ammount:902304283331706][total:12542016880231782939]
[user:Dalí] [type:inversión] [ammount:2797796160380880][total:12544814676392163819]
[user:Gustavo] [type:inversión] [ammount:2419471354375002][total:12547234147746538821]
[user:Keanu] [type:cobro] [ammount:633969381598338][total:12547868117128137159]
[user:Felipe] [type:pago] [ammount:1413041675220015][total:12549281158803357174]
[user:Juan] [type:cobro] [ammount:466783164573452][total:12549747941967930626]
[user:Felipe] [type:inversión] [ammount:1258498576749602][total:12551006440544680228]
[user:David] [type:pago] [ammount:811505940548500][total:12551817946485228728]
[user:Anakin] [type:descuento] [ammount:2624039350063468][total:12554441985835292196]
[user:David] [type:pago] [ammount:775185841657320][total:12555217171676949516]
[user:Dalí] [type:cobro] [ammount:2587748625006840][total:12557804920301956356]
[user:Anakin] [type:cobro] [ammount:2706165436958343][total:12560511085738914699]
[user:Keanu] [type:descuento] [ammount:2313752410788591][total:12562824838149703290]
[user:Felipe] [type:descuento] [ammount:3630900045700461][total:12566455738195403751]
[user:Dalí] [type:cobro] [ammount:1815718869321392][total:12568271457064725143]
[user:Carlos] [type:inversión] [ammount:3076644418344168][total:12571348101483069311]
[user:Dalí] [type:pago] [ammount:2918984223020644][total:12574267085706089955]
[user:Kung] [type:descuento] [ammount:3009856932553980][total:12577276942638643935]
[user:Felipe] [type:cobro] [ammount:575218597819508][total:12577852161236463443]
[user:Carlos] [type:inversión] [ammount:3637571758978117][total:12581489732995441560]
[user:Sonia] [type:pago] [ammount:1483957526628785][total:12582973690522070345]
[user:Felipe] [type:cobro] [ammount:1545257830818062][total:12584518948352888407]
[user:Kung] [type:inversión] [ammount:3502061607558078][total:12588021009960446485]
[user:Felipe] [type:pago] [ammount:2556293031709783][total:12590577302992156268]
[user:Dalí] [type:pago] [ammount:1790200602496592][total:12592367503594652860]
[user:Kung] [type:cobro] [ammount:2385255767950094][total:12594752759362602954]
[user:Kung] [type:cobro] [ammount:2619885637430386][total:12597372645000033340]
[user:Kung] [type:pago] [ammount:2124406732758369][total:12599497051732791709]
[user:Felipe] [type:cobro] [ammount:204349177700144][total:12599701400910491853]
[user:Carlos] [type:descuento] [ammount:3576681829716870][total:12603278082740208723]
[user:Gustavo] [type:pago] [ammount:2374003762516312][total:12605652086502725035]
[user:Juan] [type:inversión] [ammount:1146100938812993][total:12606798187441538028]
[user:Gustavo] [type:cobro] [ammount:1129499634602023][total:12607927687076140051]
[user:Sonia] [type:descuento] [ammount:489854571892849][total:12608417541648032900]
[user:Gustavo] [type:descuento] [ammount:67318529157733][total:12608484860177190633]
[user:Felipe] [type:cobro] [ammount:2675874091208330][total:12611160734268398963]
[user:Felipe] [type:inversión] [ammount:2834787229439287][total:12613995521497838250]
[user:Felipe] [type:descuento] [ammount:1222305261977350][total:12615217826759815600]
[user:Dalí] [type:descuento] [ammount:3283728544635856][total:12618501555304451456]
[user:Juan] [type:inversión] [ammount:886139874313506][total:12619387695178764962]
[user:Felipe] [type:pago] [ammount:2229981638539627][total:12621617676817304589]
[user:Juan] [type:inversión] [ammount:3658135578747829][total:12625275812396052418]
[user:Keanu] [type:cobro] [ammount:1419560064790289][total:12626695372460842707]
[user:Gustavo] [type:descuento] [ammount:556180402739090][total:12627251552863581797]
[user:Felipe] [type:cobro] [ammount:3439315303031333][total:12630690868166613130]
[user:Juan] [type:pago] [ammount:2262755054704554][total:12632953623221317684]
[user:Kung] [type:cobro] [ammount:309379987739524][total:12633263003209057208]
[user:David] [type:pago] [ammount:3066989118546580][total:12636329992327603788]
[user:Gustavo] [type:descuento] [ammount:1305743502549081][total:12637635735830152869]
[user:Keanu] [type:cobro] [ammount:1445831673760490][total:12639081567503913359]
[user:Keanu] [type:pago] [ammount:1697453911702079][total:12640779021415615438]
[user:Sonia] [type:cobro] [ammount:2249152468338274][total:12643028173883953712]
[user:Dalí] [type:pago] [ammount:1618642026024930][total:12644646815909978642]
[user:Sonia] [type:pago] [ammount:743530716835281][total:12645390346626813923]
[user:Sonia] [type:inversión] [ammount:2094784492043428][total:12647485131118857351]
[user:Juan] [type:inversión] [ammount:1613462279125736][total:12649098593397983087]
[user:Keanu] [type:descuento] [ammount:3160512613349694][total:12652259106011332781]
[user:Sonia] [type:cobro] [ammount:2057969000292837][total:12654317075011625618]
[user:Carlos] [type:inversión] [ammount:3564134355563831][total:12657881209367189449]
[user:Anakin] [type:pago] [ammount:2486100457091039][total:12660367309824280488]
[user:Felipe] [type:descuento] [ammount:2794053740553188][total:12663161363564833676]
[user:Gustavo] [type:cobro] [ammount:663590982974773][total:12663824954547808449]
[user:Gustavo] [type:descuento] [ammount:39304514431571][total:12663864259062240020]
[user:Dalí] [type:cobro] [ammount:1715220638248139][total:12665579479700488159]
[user:Kung] [type:pago] [ammount:1746944114455226][total:12667326423814943385]
[user:Anakin] [type:descuento] [ammount:2828818321729332][total:12670155242136672717]
[user:Carlos] [type:cobro] [ammount:706339572115498][total:12670861581708788215]
[user:Kung] [type:inversión] [ammount:3273100904852909][total:12674134682613641124]
[user:Felipe] [type:inversión] [ammount:512809155075811][total:12674647491768716935]
[user:Keanu] [type:pago] [ammount:532573577120655][total:12675180065345837590]
[user:Gustavo] [type:pago] [ammount:2786645480118821][total:12677966710825956411]
[user:Juan] [type:inversión] [ammount:2847128845457541][total:12680813839671413952]
[user:Gustavo] [type:inversión] [ammount:3598864058947169][total:12684412703730361121]
[user:Keanu] [type:cobro] [ammount:18517775952488][total:12684431221506313609]
[user:Dalí] [type:inversión] [ammount:601946569589642][total:12685033168075903251]
[user:Juan] [type:descuento] [ammount:249933229324110][total:12685283101305227361]
[user:Anakin] [type:pago] [ammount:2555801381530699][total:12687838902686758060]
[user:Felipe] [type:cobro] [ammount:256451111802091][total:12688095353798560151]
[user:Dalí] [type:descuento] [ammount:3128875352343183][total:12691224229150903334]
[user:David] [type:descuento] [ammount:1647208474148364][total:12692871437625051698]
[user:Felipe] [type:descuento] [ammount:2137650483281777][total:12695009088108333475]
[user:Keanu] [type:cobro] [ammount:1534361810979237][total:12696543449919312712]
[user:Kung] [type:descuento] [ammount:112821684924648][total:12696656271604237360]
[user:Dalí] [type:pago] [ammount:3648306149802644][total:12700304577754040004]
[user:Carlos] [type:inversión] [ammount:2417283563313698][total:12702721861317353702]
[user:Anakin] [type:cobro] [ammount:827987470563912][total:12703549848787917614]
[user:Sonia] [type:descuento] [ammount:3577497429094800][total:12707127346217012414]
[user:David] [type:pago] [ammount:1449989724124954][total:12708577335941137368]
[user:Gustavo] [type:pago] [ammount:1116889763840580][total:12709694225704977948]
[user:Juan] [type:inversión] [ammount:1309854971454901][total:12711004080676432849]
[user:Juan] [type:pago] [ammount:1079128599702630][total:12712083209276135479]
[user:David] [type:descuento] [ammount:1531550337215384][total:12713614759613350863]
[user:Carlos] [type:pago] [ammount:2028850219978985][total:12715643609833329848]
[user:Keanu] [type:pago] [ammount:3634805590716990][total:12719278415424046838]
[user:Juan] [type:pago] [ammount:426127954766850][total:12719704543378813688]
[user:Juan] [type:inversión] [ammount:3652050070780031][total:12723356593449593719]
[user:Dalí] [type:pago] [ammount:3176028446398689][total:12726532621895992408]
[user:Felipe] [type:pago] [ammount:978176902134205][total:12727510798798126613]
[user:Anakin] [type:inversión] [ammount:3252927560585119][total:12730763726358711732]
[user:Felipe] [type:pago] [ammount:181226218791044][total:12730944952577502776]
[user:Juan] [type:descuento] [ammount:1116000313149468][total:12732060952890652244]
[user:Gustavo] [type:pago] [ammount:751599295576052][total:12732812552186228296]
[user:Kung] [type:pago] [ammount:2581135752975611][total:12735393687939203907]
[user:Anakin] [type:inversión] [ammount:2388523793796531][total:12737782211733000438]
[user:Carlos] [type:cobro] [ammount:3185451159800614][total:12740967662892801052]
[user:David] [type:cobro] [ammount:180234098472875][total:12741147896991273927]
[user:Sonia] [type:cobro] [ammount:954009115737898][total:12742101906107011825]
[user:Kung] [type:pago] [ammount:3668638670044709][total:12745770544777056534]
[user:Anakin] [type:cobro] [ammount:2908705424546080][total:12748679250201602614]
[user:Gustavo] [type:descuento] [ammount:2459643692756642][total:12751138893894359256]
[user:Sonia] [type:inversión] [ammount:966246079458629][total:12752105139973817885]
[user:Keanu] [type:pago] [ammount:2034650631852321][total:12754139790605670206]
[user:Juan] [type:inversión] [ammount:1370330303295460][total:12755510120908965666]
[user:Felipe] [type:pago] [ammount:2784819578663765][total:12758294940487629431]
[user:Dalí] [type:cobro] [ammount:1151677409579176][total:12759446617897208607]
[user:David] [type:inversión] [ammount:2868410255780486][total:12762315028152989093]
[user:Sonia] [type:pago] [ammount:1283643029739038][total:12763598671182728131]
[user:Felipe] [type:inversión] [ammount:2040312117161349][total:12765638983299889480]
[user:Anakin] [type:descuento] [ammount:3036196626881343][total:12768675179926770823]
[user:Sonia] [type:inversión] [ammount:3585800912193730][total:12772260980838964553]
[user:Dalí] [type:inversión] [ammount:2553519638530496][total:12774814500477495049]
[user:David] [type:cobro] [ammount:1039284811247801][total:12775853785288742850]
[user:Carlos] [type:descuento] [ammount:818340497714898][total:12776672125786457748]
[user:Juan] [type:inversión] [ammount:3636381873373224][total:12780308507659830972]
[user:Keanu] [type:descuento] [ammount:1665478909456392][total:12781973986569287364]
[user:David] [type:descuento] [ammount:199148902790260][total:12782173135472077624]
[user:Anakin] [type:inversión] [ammount:1552173190575095][total:12783725308662652719]
[user:Keanu] [type:inversión] [ammount:1740210846625097][total:12785465519509277816]
[user:Keanu] [type:pago] [ammount:2620541273683797][total:12788086060782961613]
[user:Keanu] [type:inversión] [ammount:1618340882516466][total:12789704401665478079]
[user:Carlos] [type:pago] [ammount:66697501910290][total:12789771099167388369]
[user:Carlos] [type:inversión] [ammount:2237302450971575][total:12792008401618359944]
[user:Carlos] [type:pago] [ammount:972586218346992][total:12792980987836706936]
[user:Juan] [type:descuento] [ammount:1895088035030720][total:12794876075871737656]
[user:Felipe] [type:inversión] [ammount:312730231572631][total:12795188806103310287]
[user:Sonia] [type:pago] [ammount:1217987812468920][total:12796406793915779207]
[user:David] [type:cobro] [ammount:1868138084813961][total:12798274932000593168]
[user:Anakin] [type:descuento] [ammount:829732665642755][total:12799104664666235923]
[user:Sonia] [type:inversión] [ammount:3594323448748529][total:12802698988114984452]
[user:Carlos] [type:cobro] [ammount:612327310705556][total:12803311315425690008]
[user:Dalí] [type:descuento] [ammount:1255238491102277][total:12804566553916792285]
[user:Keanu] [type:descuento] [ammount:543765083371711][total:12805110319000163996]
[user:Carlos] [type:descuento] [ammount:1493025292621523][total:12806603344292785519]
[user:Dalí] [type:pago] [ammount:38835944758441][total:12806642180237543960]
[user:Keanu] [type:inversión] [ammount:1295147131366980][total:12807937327368910940]
[user:Carlos] [type:cobro] [ammount:402053404753979][total:12808339380773664919]
[user:Kung] [type:inversión] [ammount:1000671255970911][total:12809340052029635830]
[user:Dalí] [type:pago] [ammount:927331892511644][total:12810267383922147474]
[user:Felipe] [type:cobro] [ammount:436649595673664][total:12810704033517821138]
[user:Carlos] [type:pago] [ammount:52925026795037][total:12810756958544616175]
[user:Anakin] [type:inversión] [ammount:3054081621309737][total:12813811040165925912]
[user:Carlos] [type:pago] [ammount:1307833897947929][total:12815118874063873841]
[user:David] [type:descuento] [ammount:2888623331906199][total:12818007497395780040]
[user:David] [type:inversión] [ammount:1292590686232603][total:12819300088082012643]
[user:Juan] [type:pago] [ammount:1708941629666393][total:12821009029711679036]
[user:Carlos] [type:inversión] [ammount:1105453218202149][total:12822114482929881185]
[user:Dalí] [type:descuento] [ammount:778663237305169][total:12822893146167186354]
[user:Carlos] [type:descuento] [ammount:2483755544981566][total:12825376901712167920]
[user:Anakin] [type:cobro] [ammount:765181934549869][total:12826142083646717789]
[user:Dalí] [type:cobro] [ammount:3240618605691671][total:12829382702252409460]
[user:Anakin] [type:pago] [ammount:1802950931798072][total:12831185653184207532]
[user:Anakin] [type:descuento] [ammount:2928867009934488][total:12834114520194142020]
[user:Kung] [type:inversión] [ammount:403204667270467][total:12834517724861412487]
[user:Gustavo] [type:pago] [ammount:3083247916283397][total:12837600972777695884]
[user:Keanu] [type:pago] [ammount:331805166902934][total:12837932777944598818]
[user:Carlos] [type:descuento] [ammount:528772554992620][total:12838461550499591438]
[user:Anakin] [type:cobro] [ammount:408810045125083][total:12838870360544716521]
[user:Keanu] [type:pago] [ammount:2941110777978386][total:12841811471322694907]
[user:Gustavo] [type:cobro] [ammount:270598820499923][total:12842082070143194830]
[user:Gustavo] [type:cobro] [ammount:800249186753813][total:12842882319329948643]
[user:Carlos] [type:descuento] [ammount:1472669285057016][total:12844354988615005659]
[user:David] [type:inversión] [ammount:2378247958041674][total:12846733236573047333]
[user:Keanu] [type:pago] [ammount:1259234734928260][total:12847992471307975593]
[user:Juan] [type:descuento] [ammount:3151676663835221][total:12851144147971810814]
[user:Juan] [type:descuento] [ammount:787843468423859][total:12851931991440234673]
[user:Carlos] [type:pago] [ammount:3026006712988182][total:12854957998153222855]
[user:Keanu] [type:inversión] [ammount:2142311419562645][total:12857100309572785500]
[user:Keanu] [type:cobro] [ammount:2335116394974950][total:12859435425967760450]
[user:Anakin] [type:inversión] [ammount:3501779578364936][total:12862937205546125386]
[user:Felipe] [type:inversión] [ammount:7595628768541][total:12862944801174893927]
[user:Keanu] [type:cobro] [ammount:239509339209809][total:12863184310514103736]
[user:Keanu] [type:cobro] [ammount:237999399237952][total:12863422309913341688]
[user:Kung] [type:cobro] [ammount:2182460322176200][total:12865604770235517888]
[user:Felipe] [type:inversión] [ammount:987357925009307][total:12866592128160527195]
[user:Carlos] [type:pago] [ammount:1797214808211245][total:12868389342968738440]
[user:Felipe] [type:cobro] [ammount:2355653824788679][total:12870744996793527119]
[user:David] [type:cobro] [ammount:2166739104434689][total:12872911735897961808]
[user:Kung] [type:cobro] [ammount:3077686426991552][total:12875989422324953360]
[user:Juan] [type:descuento] [ammount:2913403628489273][total:12878902825953442633]
[user:Gustavo] [type:cobro] [ammount:3085744677030851][total:12881988570630473484]
[user:David] [type:inversión] [ammount:2989882443089941][total:12884978453073563425]
[user:Carlos] [type:pago] [ammount:601050685317872][total:12885579503758881297]
[user:Carlos] [type:cobro] [ammount:60169480371583][total:12885639673239252880]
[user:Juan] [type:descuento] [ammount:37886276999824][total:12885677559516252704]
[user:Kung] [type:cobro] [ammount:2498104594601643][total:12888175664110854347]
[user:Dalí] [type:inversión] [ammount:2153250296462529][total:12890328914407316876]
[user:Carlos] [type:pago] [ammount:781502815244356][total:12891110417222561232]
[user:Carlos] [type:cobro] [ammount:970820899608678][total:12892081238122169910]
[user:Dalí] [type:cobro] [ammount:3284702926814545][total:12895365941048984455]
[user:Kung] [type:descuento] [ammount:1450214204113389][total:12896816155253097844]
[user:Juan] [type:pago] [ammount:1973808151964202][total:12898789963405062046]
[user:Dalí] [type:inversión] [ammount:1857634048247702][total:12900647597453309748]
[user:Juan] [type:descuento] [ammount:1967270822835804][total:12902614868276145552]
[user:Juan] [type:cobro] [ammount:1279482582841812][total:12903894350858987364]
[user:Juan] [type:descuento] [ammount:3461798904538476][total:12907356149763525840]
[user:Keanu] [type:inversión] [ammount:1494690914522902][total:12908850840678048742]
[user:David] [type:inversión] [ammount:1158761644975304][total:12910009602323024046]
[user:Keanu] [type:inversión] [ammount:1684638750025836][total:12911694241073049882]
[user:Kung] [type:inversión] [ammount:1735816672974286][total:12913430057746024168]
[user:Gustavo] [type:descuento] [ammount:1864252550096707][total:12915294310296120875]
[user:Keanu] [type:pago] [ammount:1434666013948549][total:12916728976310069424]
[user:Juan] [type:inversión] [ammount:3208271547220494][total:12919937247857289918]
[user:Juan] [type:pago] [ammount:2163388053538986][total:12922100635910828904]
[user:Carlos] [type:descuento] [ammount:3531482927143266][total:12925632118837972170]
[user:Carlos] [type:descuento] [ammount:2110168862520212][total:12927742287700492382]
[user:Sonia] [type:descuento] [ammount:1532753999852140][total:12929275041700344522]
[user:Gustavo] [type:descuento] [ammount:1042900696752791][total:12930317942397097313]
[user:Keanu] [type:descuento] [ammount:181079086254385][total:12930499021483351698]
[user:Sonia] [type:pago] [ammount:1369694498795343][total:12931868715982147041]
[user:Sonia] [type:pago] [ammount:3330974509220913][total:12935199690491367954]
[user:Felipe] [type:descuento] [ammount:1815745875459200][total:12937015436366827154]
[user:Felipe] [type:pago] [ammount:2086986284342151][total:12939102422651169305]
[user:Keanu] [type:descuento] [ammount:1529524498118377][total:12940631947149287682]
[user:Keanu] [type:inversión] [ammount:3402810909349171][total:12944034758058636853]
[user:Kung] [type:pago] [ammount:278960653737310][total:12944313718712374163]
[user:Juan] [type:pago] [ammount:625041677926937][total:12944938760390301100]
[user:Gustavo] [type:cobro] [ammount:2039875797725600][total:12946978636188026700]
[user:David] [type:pago] [ammount:3314131949537315][total:12950292768137564015]
[user:Juan] [type:inversión] [ammount:2209420469866784][total:12952502188607430799]
[user:Felipe] [type:cobro] [ammount:2688968483938642][total:12955191157091369441]
[user:Carlos] [type:descuento] [ammount:2964868885862781][total:12958156025977232222]
[user:Sonia] [type:cobro] [ammount:2844400565132723][total:12961000426542364945]
[user:Carlos] [type:descuento] [ammount:3080441552590258][total:12964080868094955203]
[user:Juan] [type:descuento] [ammount:412429345619347][total:12964493297440574550]
[user:Felipe] [type:pago] [ammount:1035851430327576][total:12965529148870902126]
[user:David] [type:pago] [ammount:665559008449070][total:12966194707879351196]
[user:Dalí] [type:inversión] [ammount:1044929776702636][total:12967239637656053832]
[user:Anakin] [type:cobro] [ammount:340955629194831][total:12967580593285248663]
[user:Felipe] [type:pago] [ammount:2934064919928441][total:12970514658205177104]
[user:Keanu] [type:inversión] [ammount:1067976424709408][total:12971582634629886512]
[user:Anakin] [type:descuento] [ammount:627033328053156][total:12972209667957939668]
[user:David] [type:cobro] [ammount:2068229484952737][total:12974277897442892405]
[user:Juan] [type:cobro] [ammount:444443024115086][total:12974722340467007491]
[user:Carlos] [type:pago] [ammount:3510951865604333][total:12978233292332611824]
[user:Dalí] [type:inversión] [ammount:2372896606765268][total:12980606188939377092]
[user:Juan] [type:pago] [ammount:3260832467792836][total:12983867021407169928]
[user:Gustavo] [type:pago] [ammount:2098192236016817][total:12985965213643186745]
[user:Kung] [type:inversión] [ammount:2723281038061728][total:12988688494681248473]
[user:Sonia] [type:descuento] [ammount:2883977190075781][total:12991572471871324254]
[user:Sonia] [type:descuento] [ammount:2815740589101838][total:12994388212460426092]
[user:Gustavo] [type:cobro] [ammount:497969513585002][total:12994886181974011094]
[user:Juan] [type:inversión] [ammount:1860582231044644][total:12996746764205055738]
[user:Sonia] [type:pago] [ammount:1047424918017655][total:12997794189123073393]
[user:Kung] [type:descuento] [ammount:2384805721050634][total:13000178994844124027]
[user:David] [type:pago] [ammount:1339132004136093][total:13001518126848260120]
[user:Kung] [type:pago] [ammount:2748919582974767][total:13004267046431234887]
[user:Sonia] [type:descuento] [ammount:2379380445827147][total:13006646426877062034]
[user:Sonia] [type:descuento] [ammount:1221039130798485][total:13007867466007860519]
[user:Sonia] [type:cobro] [ammount:3442811912927653][total:13011310277920788172]
[user:Dalí] [type:cobro] [ammount:1634113292060629][total:13012944391212848801]
[user:Dalí] [type:pago] [ammount:2613401574647928][total:13015557792787496729]
[user:Keanu] [type:pago] [ammount:658420314098657][total:13016216213101595386]
[user:Carlos] [type:descuento] [ammount:1721200746346897][total:13017937413847942283]
[user:Anakin] [type:descuento] [ammount:2818924716564022][total:13020756338564506305]
[user:Juan] [type:cobro] [ammount:2659305776300124][total:13023415644340806429]
[user:Sonia] [type:pago] [ammount:163492231977576][total:13023579136572784005]
[user:Kung] [type:descuento] [ammount:1467279898321633][total:13025046416471105638]
[user:Juan] [type:descuento] [ammount:3345188629933106][total:13028391605101038744]
[user:Anakin] [type:inversión] [ammount:1528813304721701][total:13029920418405760445]
[user:Sonia] [type:inversión] [ammount:1693406380035882][total:13031613824785796327]
[user:Juan] [type:inversión] [ammount:1174640693035657][total:13032788465478831984]
[user:Anakin] [type:inversión] [ammount:337729336039556][total:13033126194814871540]
[user:Anakin] [type:cobro] [ammount:3545444105086886][total:13036671638919958426]
[user:Gustavo] [type:pago] [ammount:285825229421928][total:13036957464149380354]
[user:Gustavo] [type:pago] [ammount:2341520525276826][total:13039298984674657180]
[user:Keanu] [type:inversión] [ammount:2248018320813733][total:13041547002995470913]
[user:Gustavo] [type:pago] [ammount:956349316025347][total:13042503352311496260]
[user:Gustavo] [type:cobro] [ammount:942166242300062][total:13043445518553796322]
[user:Juan] [type:pago] [ammount:456582343087036][total:13043902100896883358]
[user:Kung] [type:cobro] [ammount:308880872022707][total:13044210981768906065]
[user:Gustavo] [type:pago] [ammount:591954198582626][total:13044802935967488691]
[user:Keanu] [type:inversión] [ammount:1547967690778232][total:13046350903658266923]
[user:Juan] [type:pago] [ammount:2066584425031677][total:13048417488083298600]
[user:Carlos] [type:inversión] [ammount:1649405275995210][total:13050066893359293810]
[user:David] [type:cobro] [ammount:2375007903806500][total:13052441901263100310]
[user:Kung] [type:cobro] [ammount:1277332397106098][total:13053719233660206408]
[user:Juan] [type:cobro] [ammount:641842099583676][total:13054361075759790084]
[user:Felipe] [type:descuento] [ammount:239071214890271][total:13054600146974680355]
[user:Sonia] [type:cobro] [ammount:3303187615064869][total:13057903334589745224]
[user:Anakin] [type:cobro] [ammount:1026191744624101][total:13058929526334369325]
[user:Sonia] [type:pago] [ammount:2742006468292804][total:13061671532802662129]
[user:Gustavo] [type:pago] [ammount:1841626760324266][total:13063513159562986395]
[user:Gustavo] [type:descuento] [ammount:1096702713739160][total:13064609862276725555]
[user:Anakin] [type:descuento] [ammount:1548112757730236][total:13066157975034455791]
[user:Kung] [type:cobro] [ammount:1976563575312945][total:13068134538609768736]
[user:Dalí] [type:inversión] [ammount:3285212585450704][total:13071419751195219440]
[user:Sonia] [type:descuento] [ammount:1758549240803837][total:13073178300436023277]
[user:Sonia] [type:cobro] [ammount:337714940258806][total:13073516015376282083]
[user:Dalí] [type:cobro] [ammount:2597949663705248][total:13076113965039987331]
[user:Carlos] [type:descuento] [ammount:665900586784012][total:13076779865626771343]
[user:Kung] [type:pago] [ammount:3204522206997081][total:13079984387833768424]
[user:Sonia] [type:descuento] [ammount:725281389155833][total:13080709669222924257]
[user:Keanu] [type:cobro] [ammount:1681285993658740][total:13082390955216582997]
[user:Anakin] [type:descuento] [ammount:1686382216823049][total:13084077337433406046]
[user:David] [type:cobro] [ammount:2539072996631139][total:13086616410430037185]
[user:Felipe] [type:descuento] [ammount:3663845327701437][total:13090280255757738622]
[user:Keanu] [type:inversión] [ammount:1622069089458014][total:13091902324847196636]
[user:David] [type:pago] [ammount:3161771659720138][total:13095064096506916774]
[user:Carlos] [type:descuento] [ammount:3074639908554950][total:13098138736415471724]
[user:Gustavo] [type:inversión] [ammount:158532864796582][total:13098297269280268306]
[user:Carlos] [type:cobro] [ammount:2234265181344824][total:13100531534461613130]
[user:Keanu] [type:descuento] [ammount:2447783682141163][total:13102979318143754293]
[user:Keanu] [type:descuento] [ammount:29494868446971][total:13103008813012201264]
[user:Keanu] [type:inversión] [ammount:3672810326688763][total:13106681623338890027]
[user:David] [type:inversión] [ammount:2388623027873131][total:13109070246366763158]
[user:Sonia] [type:descuento] [ammount:2214060494883754][total:13111284306861646912]
[user:Carlos] [type:pago] [ammount:2149869230569626][total:13113434176092216538]
[user:Felipe] [type:descuento] [ammount:449403479754153][total:13113883579571970691]
[user:Sonia] [type:inversión] [ammount:2074087592307509][total:13115957667164278200]
[user:Keanu] [type:inversión] [ammount:2763485284261062][total:13118721152448539262]
[user:Dalí] [type:cobro] [ammount:3048791820285708][total:13121769944268824970]
[user:David] [type:cobro] [ammount:2083094263176842][total:13123853038532001812]
[user:Carlos] [type:pago] [ammount:2468425533276297][total:13126321464065278109]
[user:Kung] [type:inversión] [ammount:1148286746582746][total:13127469750811860855]
[user:Dalí] [type:pago] [ammount:2722316657057134][total:13130192067468917989]
[user:Keanu] [type:inversión] [ammount:2249788618212138][total:13132441856087130127]
[user:Sonia] [type:cobro] [ammount:1193308707117262][total:13133635164794247389]
[user:Gustavo] [type:inversión] [ammount:1483860623021561][total:13135119025417268950]
[user:Felipe] [type:inversión] [ammount:226985978376760][total:13135346011395645710]
[user:David] [type:descuento] [ammount:1657639621306054][total:13137003651016951764]
[user:Carlos] [type:cobro] [ammount:2662146535181086][total:13139665797552132850]
[user:Anakin] [type:cobro] [ammount:2518176137142841][total:13142183973689275691]
[user:Keanu] [type:descuento] [ammount:2556634188448354][total:13144740607877724045]
[user:Gustavo] [type:pago] [ammount:712117463309415][total:13145452725341033460]
[user:Felipe] [type:cobro] [ammount:3366102258634619][total:13148818827599668079]
[user:Juan] [type:inversión] [ammount:1606725020297567][total:13150425552619965646]
[user:Juan] [type:cobro] [ammount:3004577225386502][total:13153430129845352148]
[user:Dalí] [type:cobro] [ammount:2141078956141655][total:13155571208801493803]
[user:Anakin] [type:cobro] [ammount:1210424491674568][total:13156781633293168371]
[user:David] [type:cobro] [ammount:741748047505742][total:13157523381340674113]
[user:Anakin] [type:inversión] [ammount:2998898281233286][total:13160522279621907399]
[user:David] [type:descuento] [ammount:1661547751194068][total:13162183827373101467]
[user:Dalí] [type:inversión] [ammount:1796204820193781][total:13163980032193295248]
[user:Carlos] [type:cobro] [ammount:1477883041506371][total:13165457915234801619]
[user:David] [type:inversión] [ammount:174010723451495][total:13165631925958253114]
[user:Sonia] [type:descuento] [ammount:698479212171001][total:13166330405170424115]
[user:Carlos] [type:inversión] [ammount:191610710443929][total:13166522015880868044]
[user:Sonia] [type:cobro] [ammount:2017876864546661][total:13168539892745414705]
[user:David] [type:inversión] [ammount:3596800621490163][total:13172136693366904868]
[user:Felipe] [type:descuento] [ammount:3376271608107888][total:13175512964975012756]
[user:Sonia] [type:descuento] [ammount:1601109987092713][total:13177114074962105469]
[user:David] [type:pago] [ammount:530449584209131][total:13177644524546314600]
[user:Carlos] [type:cobro] [ammount:3329305622613287][total:13180973830168927887]
[user:Keanu] [type:pago] [ammount:891443513320196][total:13181865273682248083]
[user:Anakin] [type:descuento] [ammount:235282906246871][total:13182100556588494954]
[user:Carlos] [type:cobro] [ammount:2564802202793096][total:13184665358791288050]
[user:Dalí] [type:pago] [ammount:3179819690648862][total:13187845178481936912]
[user:Carlos] [type:pago] [ammount:486703407559739][total:13188331881889496651]
[user:Carlos] [type:inversión] [ammount:1503215890500206][total:13189835097779996857]
[user:Juan] [type:cobro] [ammount:1157472687541778][total:13190992570467538635]
[user:Sonia] [type:inversión] [ammount:1542729945215838][total:13192535300412754473]
[user:Juan] [type:inversión] [ammount:1308168565812614][total:13193843468978567087]
[user:Keanu] [type:cobro] [ammount:761388093689800][total:13194604857072256887]
[user:David] [type:descuento] [ammount:584410309844708][total:13195189267382101595]
[user:Dalí] [type:descuento] [ammount:2973170340932094][total:13198162437723033689]
[user:Anakin] [type:inversión] [ammount:1067263378652859][total:13199229701101686548]
[user:Anakin] [type:pago] [ammount:3088072632600835][total:13202317773734287383]
[user:Carlos] [type:pago] [ammount:3032671750524376][total:13205350445484811759]
[user:Gustavo] [type:inversión] [ammount:3619750940251086][total:13208970196425062845]
[user:Gustavo] [type:cobro] [ammount:373293282954474][total:13209343489708017319]
[user:Anakin] [type:cobro] [ammount:1039279423404181][total:13210382769131421500]
[user:Anakin] [type:descuento] [ammount:2189746212686539][total:13212572515344108039]
[user:Felipe] [type:inversión] [ammount:1252591108427718][total:13213825106452535757]
[user:Sonia] [type:cobro] [ammount:1961461134887351][total:13215786567587423108]
[user:Felipe] [type:inversión] [ammount:938086503132478][total:13216724654090555586]
[user:Gustavo] [type:descuento] [ammount:1489121787186263][total:13218213775877741849]
[user:Dalí] [type:inversión] [ammount:2772850283661707][total:13220986626161403556]
[user:Carlos] [type:cobro] [ammount:1850167959104889][total:13222836794120508445]
[user:Carlos] [type:inversión] [ammount:970022814898297][total:13223806816935406742]
[user:David] [type:descuento] [ammount:1121280503584893][total:13224928097438991635]
[user:Keanu] [type:cobro] [ammount:2018894309311687][total:13226946991748303322]
[user:Dalí] [type:descuento] [ammount:3619495696221228][total:13230566487444524550]
[user:David] [type:cobro] [ammount:235159158620822][total:13230801646603145372]
[user:Keanu] [type:descuento] [ammount:1685854952370128][total:13232487501555515500]
[user:Juan] [type:cobro] [ammount:3273058740814682][total:13235760560296330182]
[user:Carlos] [type:descuento] [ammount:1925387479556130][total:13237685947775886312]
[user:Carlos] [type:cobro] [ammount:1531939126523301][total:13239217886902409613]
[user:Sonia] [type:cobro] [ammount:1579899029974397][total:13240797785932384010]
[user:Sonia] [type:pago] [ammount:2267861788285236][total:13243065647720669246]
[user:Anakin] [type:cobro] [ammount:1611254997302596][total:13244676902717971842]
[user:David] [type:pago] [ammount:2211892395777100][total:13246888795113748942]
[user:Felipe] [type:descuento] [ammount:167469547667556][total:13247056264661416498]
[user:Keanu] [type:pago] [ammount:3442814572295556][total:13250499079233712054]
[user:Carlos] [type:descuento] [ammount:2692775568587650][total:13253191854802299704]
[user:Anakin] [type:cobro] [ammount:260849878618062][total:13253452704680917766]
[user:Dalí] [type:descuento] [ammount:2683929804836688][total:13256136634485754454]
[user:Gustavo] [type:descuento] [ammount:3227045583227296][total:13259363680068981750]
[user:Juan] [type:descuento] [ammount:779080876564081][total:13260142760945545831]
[user:Gustavo] [type:inversión] [ammount:2784818896636642][total:13262927579842182473]
[user:David] [type:descuento] [ammount:1219778557877765][total:13264147358400060238]
[user:Keanu] [type:inversión] [ammount:893208519183587][total:13265040566919243825]
[user:Carlos] [type:descuento] [ammount:1514319063975129][total:13266554885983218954]
[user:Juan] [type:pago] [ammount:627126552812679][total:13267182012536031633]
[user:Keanu] [type:inversión] [ammount:3647234029792386][total:13270829246565824019]
[user:Keanu] [type:pago] [ammount:1489146773764460][total:13272318393339588479]
[user:David] [type:cobro] [ammount:87381115850238][total:13272405774455438717]
[user:David] [type:inversión] [ammount:1160419972792349][total:13273566194428231066]
[user:Felipe] [type:descuento] [ammount:1726170639026720][total:13275292365067257786]
[user:David] [type:pago] [ammount:1110383905865364][total:13276402748973123150]
[user:Dalí] [type:inversión] [ammount:2842322044027936][total:13279245071017151086]
[user:Felipe] [type:pago] [ammount:2127690947421687][total:13281372761964572773]
[user:Kung] [type:pago] [ammount:1352533051887583][total:13282725295016460356]
[user:Felipe] [type:cobro] [ammount:604817717921319][total:13283330112734381675]
[user:Sonia] [type:descuento] [ammount:277373896206750][total:13283607486630588425]
[user:Juan] [type:cobro] [ammount:1917117758800243][total:13285524604389388668]
[user:David] [type:descuento] [ammount:1485324704025913][total:13287009929093414581]
[user:Sonia] [type:pago] [ammount:1959567428755889][total:13288969496522170470]
[user:Gustavo] [type:pago] [ammount:413279640744657][total:13289382776162915127]
[user:Juan] [type:pago] [ammount:3126476139098893][total:13292509252302014020]
[user:Anakin] [type:pago] [ammount:934177094445400][total:13293443429396459420]
[user:Anakin] [type:inversión] [ammount:593200674878304][total:13294036630071337724]
[user:Dalí] [type:descuento] [ammount:3199598006584890][total:13297236228077922614]
[user:Kung] [type:cobro] [ammount:2554215451476490][total:13299790443529399104]
[user:Kung] [type:pago] [ammount:116372186188032][total:13299906815715587136]
[user:Felipe] [type:descuento] [ammount:3203109797555435][total:13303109925513142571]
[user:Sonia] [type:inversión] [ammount:2362622847854728][total:13305472548360997299]
[user:Dalí] [type:cobro] [ammount:2059419357922258][total:13307531967718919557]
[user:Carlos] [type:pago] [ammount:2013184466815325][total:13309545152185734882]
[user:Sonia] [type:descuento] [ammount:376627100801019][total:13309921779286535901]
[user:Felipe] [type:inversión] [ammount:791079769620561][total:13310712859056156462]
[user:Carlos] [type:pago] [ammount:3288828982034945][total:13314001688038191407]
[user:Juan] [type:inversión] [ammount:1494519231101365][total:13315496207269292772]
[user:David] [type:inversión] [ammount:1289292986746163][total:13316785500256038935]
[user:Sonia] [type:cobro] [ammount:3468358551789688][total:13320253858807828623]
[user:Anakin] [type:cobro] [ammount:2661389643906756][total:13322915248451735379]
[user:Keanu] [type:inversión] [ammount:1366497984922884][total:13324281746436658263]
[user:David] [type:cobro] [ammount:2245220859972283][total:13326526967296630546]
[user:Kung] [type:cobro] [ammount:1299819278861413][total:13327826786575491959]
[user:David] [type:inversión] [ammount:3612434534734710][total:13331439221110226669]
[user:Anakin] [type:pago] [ammount:214478107963487][total:13331653699218190156]
[user:Kung] [type:inversión] [ammount:3313538287741378][total:13334967237505931534]
[user:David] [type:inversión] [ammount:677477801746687][total:13335644715307678221]
[user:Kung] [type:pago] [ammount:372228916082486][total:13336016944223760707]
[user:Anakin] [type:inversión] [ammount:2148112138620739][total:13338165056362381446]
[user:Dalí] [type:cobro] [ammount:3564860372547250][total:13341729916734928696]
[user:Gustavo] [type:descuento] [ammount:407573675207245][total:13342137490410135941]
[user:Gustavo] [type:inversión] [ammount:427922334794275][total:13342565412744930216]
[user:David] [type:cobro] [ammount:1569369861172671][total:13344134782606102887]
[user:Juan] [type:descuento] [ammount:1358498506052043][total:13345493281112154930]
[user:Felipe] [type:pago] [ammount:1119780374311273][total:13346613061486466203]
[user:Kung] [type:cobro] [ammount:3629383594636721][total:13350242445081102924]
[user:Kung] [type:descuento] [ammount:2542940638675382][total:13352785385719778306]
[user:David] [type:inversión] [ammount:1044108151805412][total:13353829493871583718]
[user:Gustavo] [type:inversión] [ammount:1357587883604853][total:13355187081755188571]
[user:Felipe] [type:inversión] [ammount:70039837493196][total:13355257121592681767]
[user:Felipe] [type:pago] [ammount:3176371065487167][total:13358433492658168934]
[user:Juan] [type:descuento] [ammount:519791682962075][total:13358953284341131009]
[user:Carlos] [type:descuento] [ammount:1728704199274168][total:13360681988540405177]
[user:Anakin] [type:descuento] [ammount:3249978282381072][total:13363931966822786249]
[user:Kung] [type:pago] [ammount:2894727579832359][total:13366826694402618608]
[user:Sonia] [type:pago] [ammount:784436904771740][total:13367611131307390348]
[user:Sonia] [type:inversión] [ammount:1601958396572513][total:13369213089703962861]
[user:Anakin] [type:pago] [ammount:2319542650153752][total:13371532632354116613]
[user:Carlos] [type:descuento] [ammount:608409316934345][total:13372141041671050958]
[user:Juan] [type:descuento] [ammount:1941009753014942][total:13374082051424065900]
[user:Anakin] [type:cobro] [ammount:1918400763646333][total:13376000452187712233]
[user:Juan] [type:pago] [ammount:3108040207338349][total:13379108492395050582]
[user:Gustavo] [type:cobro] [ammount:692481811165237][total:13379800974206215819]
[user:Dalí] [type:inversión] [ammount:848013164473847][total:13380648987370689666]
[user:Felipe] [type:inversión] [ammount:1142888698997985][total:13381791876069687651]
[user:Gustavo] [type:inversión] [ammount:643817158390383][total:13382435693228078034]
[user:Gustavo] [type:cobro] [ammount:1460180452612575][total:13383895873680690609]
[user:David] [type:pago] [ammount:1928943828727070][total:13385824817509417679]
[user:Sonia] [type:inversión] [ammount:313807485833338][total:13386138624995251017]
[user:Felipe] [type:inversión] [ammount:3507913657136160][total:13389646538652387177]
[user:David] [type:descuento] [ammount:2364448129884806][total:13392010986782271983]
[user:Keanu] [type:descuento] [ammount:3085232437027468][total:13395096219219299451]
[user:Felipe] [type:pago] [ammount:54012005050634][total:13395150231224350085]
[user:Felipe] [type:cobro] [ammount:2483888077750762][total:13397634119302100847]
[user:Keanu] [type:inversión] [ammount:1288668345118452][total:13398922787647219299]
[user:Felipe] [type:descuento] [ammount:111118333516329][total:13399033905980735628]
[user:Juan] [type:pago] [ammount:2491319049324318][total:13401525225030059946]
[user:Dalí] [type:cobro] [ammount:151522650504159][total:13401676747680564105]
[user:David] [type:inversión] [ammount:2820481010269231][total:13404497228690833336]
[user:Kung] [type:descuento] [ammount:579214869831948][total:13405076443560665284]
[user:Sonia] [type:cobro] [ammount:2150935351702994][total:13407227378912368278]
[user:Gustavo] [type:inversión] [ammount:2352686044459426][total:13409580064956827704]
[user:Sonia] [type:inversión] [ammount:821519585584901][total:13410401584542412605]
[user:Keanu] [type:pago] [ammount:2601228760381959][total:13413002813302794564]
[user:Felipe] [type:pago] [ammount:1692927039578532][total:13414695740342373096]
[user:Gustavo] [type:cobro] [ammount:1360454225930879][total:13416056194568303975]
[user:Sonia] [type:descuento] [ammount:3438458141403480][total:13419494652709707455]
[user:Juan] [type:cobro] [ammount:2555857658513970][total:13422050510368221425]
[user:Dalí] [type:pago] [ammount:1923554385462681][total:13423974064753684106]
[user:Dalí] [type:descuento] [ammount:1124365235030302][total:13425098429988714408]
[user:Juan] [type:descuento] [ammount:2635152382124389][total:13427733582370838797]
[user:Carlos] [type:pago] [ammount:423143630504888][total:13428156726001343685]
[user:Sonia] [type:cobro] [ammount:426809629360325][total:13428583535630704010]
[user:Keanu] [type:inversión] [ammount:2684018605409700][total:13431267554236113710]
[user:Felipe] [type:inversión] [ammount:899013116251446][total:13432166567352365156]
[user:Felipe] [type:pago] [ammount:338102411978915][total:13432504669764344071]
[user:Juan] [type:cobro] [ammount:3366402235098550][total:13435871071999442621]
[user:Dalí] [type:descuento] [ammount:2828893758327811][total:13438699965757770432]
[user:Juan] [type:cobro] [ammount:1289638196017858][total:13439989603953788290]
[user:Carlos] [type:descuento] [ammount:2850920334204477][total:13442840524287992767]
[user:Dalí] [type:cobro] [ammount:1303734239820820][total:13444144258527813587]
[user:Carlos] [type:descuento] [ammount:177516019806612][total:13444321774547620199]
[user:Kung] [type:descuento] [ammount:1194118886326465][total:13445515893433946664]
[user:Sonia] [type:pago] [ammount:114933411031209][total:13445630826844977873]
[user:Kung] [type:inversión] [ammount:113715079194676][total:13445744541924172549]
[user:Sonia] [type:descuento] [ammount:370639220303524][total:13446115181144476073]
[user:David] [type:pago] [ammount:2708402455603030][total:13448823583600079103]
[user:David] [type:descuento] [ammount:906944143712122][total:13449730527743791225]
[user:Anakin] [type:inversión] [ammount:1993481400996706][total:13451724009144787931]
[user:Felipe] [type:descuento] [ammount:2208062714468499][total:13453932071859256430]
[user:Juan] [type:descuento] [ammount:2661322476300350][total:13456593394335556780]
[user:Keanu] [type:descuento] [ammount:3337724304305503][total:13459931118639862283]
[user:Dalí] [type:inversión] [ammount:3044214776007700][total:13462975333415869983]
[user:Juan] [type:inversión] [ammount:733008764003130][total:13463708342179873113]
[user:Anakin] [type:inversión] [ammount:2990134863743925][total:13466698477043617038]
[user:Dalí] [type:pago] [ammount:3532421544419590][total:13470230898588036628]
[user:Anakin] [type:inversión] [ammount:1032295289311838][total:13471263193877348466]
[user:Kung] [type:descuento] [ammount:3077719766708533][total:13474340913644056999]
[user:Felipe] [type:pago] [ammount:2756318832541296][total:13477097232476598295]
[user:Gustavo] [type:descuento] [ammount:1443203818313052][total:13478540436294911347]
[user:Kung] [type:pago] [ammount:1213063057330246][total:13479753499352241593]
[user:Sonia] [type:inversión] [ammount:2569303967800635][total:13482322803320042228]
[user:Felipe] [type:inversión] [ammount:2445299478001473][total:13484768102798043701]
[user:Gustavo] [type:cobro] [ammount:2360794566817499][total:13487128897364861200]
[user:Felipe] [type:inversión] [ammount:3542815100503808][total:13490671712465365008]
[user:Gustavo] [type:cobro] [ammount:2310982171509703][total:13492982694636874711]
[user:David] [type:pago] [ammount:2940260493192106][total:13495922955130066817]
[user:Anakin] [type:pago] [ammount:1101628947973630][total:13497024584078040447]
[user:Kung] [type:inversión] [ammount:2800756845363974][total:13499825340923404421]
[user:Keanu] [type:pago] [ammount:2875412806422056][total:13502700753729826477]
[user:Felipe] [type:inversión] [ammount:933121893788551][total:13503633875623615028]
[user:Kung] [type:inversión] [ammount:138458407253398][total:13503772334030868426]
[user:David] [type:pago] [ammount:2198789818463179][total:13505971123849331605]
[user:Sonia] [type:inversión] [ammount:1257218890851730][total:13507228342740183335]
[user:Kung] [type:cobro] [ammount:1317488816506539][total:13508545831556689874]
[user:Keanu] [type:cobro] [ammount:1673854523460178][total:13510219686080150052]
[user:Dalí] [type:descuento] [ammount:1108790304907658][total:13511328476385057710]
[user:Keanu] [type:inversión] [ammount:1069751558076178][total:13512398227943133888]
[user:Sonia] [type:descuento] [ammount:2250531479002424][total:13514648759422136312]
[user:Anakin] [type:inversión] [ammount:52079892563896][total:13514700839314700208]
[user:Kung] [type:pago] [ammount:705728784911067][total:13515406568099611275]
[user:Kung] [type:cobro] [ammount:2394972167408328][total:13517801540267019603]
[user:Carlos] [type:cobro] [ammount:730958659385151][total:13518532498926404754]
[user:David] [type:descuento] [ammount:934812828795959][total:13519467311755200713]
[user:Keanu] [type:descuento] [ammount:71872913167147][total:13519539184668367860]
[user:David] [type:pago] [ammount:3370189396158326][total:13522909374064526186]
[user:Dalí] [type:inversión] [ammount:1407427219333470][total:13524316801283859656]
[user:Anakin] [type:pago] [ammount:1063158992218516][total:13525379960276078172]
[user:Carlos] [type:inversión] [ammount:3224618287343947][total:13528604578563422119]
[user:Anakin] [type:cobro] [ammount:3359076041199728][total:13531963654604621847]
[user:Gustavo] [type:cobro] [ammount:2026704629700144][total:13533990359234321991]
[user:Dalí] [type:inversión] [ammount:821869174188089][total:13534812228408510080]
[user:Kung] [type:cobro] [ammount:2188712724855223][total:13537000941133365303]
[user:Anakin] [type:pago] [ammount:2011076515906650][total:13539012017649271953]
[user:Felipe] [type:cobro] [ammount:3028595722143293][total:13542040613371415246]
[user:Carlos] [type:pago] [ammount:1315956251525405][total:13543356569622940651]
[user:Dalí] [type:descuento] [ammount:811075453967432][total:13544167645076908083]
[user:Gustavo] [type:descuento] [ammount:1662686285982673][total:13545830331362890756]
[user:Dalí] [type:descuento] [ammount:52018115623598][total:13545882349478514354]
[user:Felipe] [type:pago] [ammount:3390056831495686][total:13549272406310010040]
[user:Anakin] [type:inversión] [ammount:1216068741510988][total:13550488475051521028]
[user:Keanu] [type:cobro] [ammount:826214125037992][total:13551314689176559020]
[user:Keanu] [type:cobro] [ammount:857697238166278][total:13552172386414725298]
[user:Carlos] [type:descuento] [ammount:1018170126668957][total:13553190556541394255]
[user:Sonia] [type:pago] [ammount:1150850589036911][total:13554341407130431166]
[user:Kung] [type:pago] [ammount:2696854786667125][total:13557038261917098291]
[user:Anakin] [type:cobro] [ammount:2521570917398097][total:13559559832834496388]
[user:Kung] [type:inversión] [ammount:750426261333116][total:13560310259095829504]
[user:Felipe] [type:descuento] [ammount:3145864883446008][total:13563456123979275512]
[user:Dalí] [type:descuento] [ammount:138370519356424][total:13563594494498631936]
[user:Felipe] [type:pago] [ammount:3546370455708898][total:13567140864954340834]
[user:Keanu] [type:pago] [ammount:3176659539670140][total:13570317524494010974]
[user:Gustavo] [type:descuento] [ammount:1703109364293081][total:13572020633858304055]
[user:Anakin] [type:pago] [ammount:1782270383758701][total:13573802904242062756]
[user:Carlos] [type:descuento] [ammount:2884816326945040][total:13576687720569007796]
[user:David] [type:descuento] [ammount:2455382825467210][total:13579143103394475006]
[user:Gustavo] [type:cobro] [ammount:2835661285238685][total:13581978764679713691]
[user:Juan] [type:pago] [ammount:3275094452641795][total:13585253859132355486]
[user:Sonia] [type:inversión] [ammount:1040091028392432][total:13586293950160747918]
[user:David] [type:descuento] [ammount:3579136671807168][total:13589873086832555086]
[user:Sonia] [type:cobro] [ammount:1017746158811206][total:13590890832991366292]
[user:Keanu] [type:cobro] [ammount:1384852642403376][total:13592275685633769668]
[user:Sonia] [type:pago] [ammount:3562610628263032][total:13595838296262032700]
[user:Felipe] [type:inversión] [ammount:3061516498325973][total:13598899812760358673]
[user:Gustavo] [type:cobro] [ammount:780103176625949][total:13599679915936984622]
[user:Dalí] [type:cobro] [ammount:3232529966215221][total:13602912445903199843]
[user:Sonia] [type:inversión] [ammount:1042358151965031][total:13603954804055164874]
[user:Juan] [type:pago] [ammount:3212973485608032][total:13607167777540772906]
[user:Felipe] [type:inversión] [ammount:2622071486882542][total:13609789849027655448]
[user:Gustavo] [type:pago] [ammount:141397883274448][total:13609931246910929896]
[user:Anakin] [type:descuento] [ammount:1924532030537925][total:13611855778941467821]
[user:Sonia] [type:inversión] [ammount:3381499371489179][total:13615237278312957000]
[user:Felipe] [type:cobro] [ammount:2019148849287255][total:13617256427162244255]
[user:Juan] [type:descuento] [ammount:1722944019426755][total:13618979371181671010]
[user:Keanu] [type:pago] [ammount:2177603667413881][total:13621156974849084891]
[user:Anakin] [type:cobro] [ammount:1167106786915606][total:13622324081636000497]
[user:Anakin] [type:inversión] [ammount:3264083120448807][total:13625588164756449304]
[user:Carlos] [type:inversión] [ammount:1619366014303848][total:13627207530770753152]
[user:Juan] [type:pago] [ammount:2011716017712915][total:13629219246788466067]
[user:Gustavo] [type:pago] [ammount:3040827464170605][total:13632260074252636672]
[user:Felipe] [type:cobro] [ammount:1214565434565100][total:13633474639687201772]
[user:Anakin] [type:descuento] [ammount:495854263192586][total:13633970493950394358]
[user:Dalí] [type:pago] [ammount:579057727224415][total:13634549551677618773]
[user:Gustavo] [type:inversión] [ammount:715172365936537][total:13635264724043555310]
[user:Keanu] [type:descuento] [ammount:1734699765019594][total:13636999423808574904]
[user:Keanu] [type:descuento] [ammount:2775048337739993][total:13639774472146314897]
[user:David] [type:cobro] [ammount:2623466166894583][total:13642397938313209480]
[user:Carlos] [type:pago] [ammount:1208531212079194][total:13643606469525288674]
[user:Sonia] [type:pago] [ammount:568048043240978][total:13644174517568529652]
[user:David] [type:pago] [ammount:2473053691742569][total:13646647571260272221]
[user:Juan] [type:pago] [ammount:730895355515338][total:13647378466615787559]
[user:Felipe] [type:inversión] [ammount:2253068883163691][total:13649631535498951250]
[user:Anakin] [type:inversión] [ammount:2761759348458335][total:13652393294847409585]
[user:Sonia] [type:descuento] [ammount:3404644649129344][total:13655797939496538929]
[user:Kung] [type:cobro] [ammount:2505363121232520][total:13658303302617771449]
[user:Dalí] [type:inversión] [ammount:1959428095505212][total:13660262730713276661]
[user:Felipe] [type:pago] [ammount:1723170676069645][total:13661985901389346306]
[user:Kung] [type:cobro] [ammount:2763567211710146][total:13664749468601056452]
[user:Dalí] [type:inversión] [ammount:830745395371448][total:13665580213996427900]
[user:David] [type:cobro] [ammount:3540306516763112][total:13669120520513191012]
[user:Anakin] [type:pago] [ammount:215175405690885][total:13669335695918881897]
[user:Dalí] [type:inversión] [ammount:839666457556403][total:13670175362376438300]
[user:Felipe] [type:inversión] [ammount:1719240432875656][total:13671894602809313956]
[user:Carlos] [type:pago] [ammount:420711218869249][total:13672315314028183205]
[user:Keanu] [type:inversión] [ammount:2992532483465030][total:13675307846511648235]
[user:Felipe] [type:inversión] [ammount:3042996439269523][total:13678350842950917758]
[user:Sonia] [type:inversión] [ammount:3293416492996799][total:13681644259443914557]
[user:Felipe] [type:inversión] [ammount:3542728455491872][total:13685186987899406429]
[user:Kung] [type:descuento] [ammount:473266767904315][total:13685660254667310744]
[user:Gustavo] [type:cobro] [ammount:3432575298570984][total:13689092829965881728]
[user:Sonia] [type:inversión] [ammount:965737271389944][total:13690058567237271672]
[user:Carlos] [type:pago] [ammount:471743324819668][total:13690530310562091340]
[user:Dalí] [type:descuento] [ammount:1657825288706497][total:13692188135850797837]
[user:Kung] [type:cobro] [ammount:2213364317465852][total:13694401500168263689]
[user:David] [type:descuento] [ammount:528223452460947][total:13694929723620724636]
[user:Felipe] [type:cobro] [ammount:3522526322417226][total:13698452249943141862]
[user:Keanu] [type:descuento] [ammount:3687069469408819][total:13702139319412550681]
[user:Gustavo] [type:descuento] [ammount:3049167374162804][total:13705188486786713485]
[user:Sonia] [type:descuento] [ammount:184717838101559][total:13705373204624815044]
[user:Felipe] [type:inversión] [ammount:3412051474663889][total:13708785256099478933]
[user:Keanu] [type:pago] [ammount:846970838321664][total:13709632226937800597]
[user:David] [type:cobro] [ammount:2847601009200858][total:13712479827947001455]
[user:Anakin] [type:descuento] [ammount:3168068141672106][total:13715647896088673561]
[user:Felipe] [type:inversión] [ammount:1457908551192182][total:13717105804639865743]
[user:Keanu] [type:inversión] [ammount:503061533710086][total:13717608866173575829]
[user:Kung] [type:cobro] [ammount:2406348361843980][total:13720015214535419809]
[user:Keanu] [type:pago] [ammount:719989303187720][total:13720735203838607529]
[user:David] [type:descuento] [ammount:3384035558289447][total:13724119239396896976]
[user:Felipe] [type:inversión] [ammount:2328274297051212][total:13726447513693948188]
[user:Sonia] [type:cobro] [ammount:2997136000025898][total:13729444649693974086]
[user:Juan] [type:pago] [ammount:1540902661169904][total:13730985552355143990]
[user:Felipe] [type:descuento] [ammount:3131686626130619][total:13734117238981274609]
[user:Sonia] [type:cobro] [ammount:1281163837774851][total:13735398402819049460]
[user:Anakin] [type:descuento] [ammount:485191133152495][total:13735883593952201955]
[user:Dalí] [type:descuento] [ammount:3150581152548231][total:13739034175104750186]
[user:Felipe] [type:descuento] [ammount:2323429746809678][total:13741357604851559864]
[user:Sonia] [type:pago] [ammount:673297465586755][total:13742030902317146619]
[user:Keanu] [type:inversión] [ammount:3224717276428332][total:13745255619593574951]
[user:Kung] [type:descuento] [ammount:1683056194384885][total:13746938675787959836]
[user:Kung] [type:cobro] [ammount:2225438547960394][total:13749164114335920230]
[user:Felipe] [type:descuento] [ammount:3317600113117477][total:13752481714449037707]
[user:Kung] [type:inversión] [ammount:1489527210936779][total:13753971241659974486]
[user:Sonia] [type:inversión] [ammount:3054903619171251][total:13757026145279145737]
[user:David] [type:descuento] [ammount:3347520787811462][total:13760373666066957199]
[user:Kung] [type:descuento] [ammount:3266350097658868][total:13763640016164616067]
[user:Carlos] [type:descuento] [ammount:2494301514812220][total:13766134317679428287]
[user:Keanu] [type:cobro] [ammount:842414196349958][total:13766976731875778245]
[user:Sonia] [type:descuento] [ammount:359248064865187][total:13767335979940643432]
[user:David] [type:inversión] [ammount:1599548091299086][total:13768935528031942518]
[user:Juan] [type:inversión] [ammount:1098071154086128][total:13770033599186028646]
[user:Keanu] [type:inversión] [ammount:1139935707888491][total:13771173534893917137]
[user:Anakin] [type:cobro] [ammount:490458792171131][total:13771663993686088268]
[user:Dalí] [type:descuento] [ammount:586443439141371][total:13772250437125229639]
[user:Kung] [type:descuento] [ammount:2934509961307780][total:13775184947086537419]
[user:Felipe] [type:inversión] [ammount:1069935216997608][total:13776254882303535027]
[user:Anakin] [type:descuento] [ammount:1744688414979208][total:13777999570718514235]
[user:David] [type:pago] [ammount:1712330475455007][total:13779711901193969242]
[user:Carlos] [type:inversión] [ammount:3092255273352047][total:13782804156467321289]
[user:Carlos] [type:cobro] [ammount:994143514210476][total:13783798299981531765]
[user:Kung] [type:inversión] [ammount:1608984163689675][total:13785407284145221440]
[user:Carlos] [type:cobro] [ammount:44344255522592][total:13785451628400744032]
[user:Sonia] [type:cobro] [ammount:1924582370355114][total:13787376210771099146]
[user:Dalí] [type:pago] [ammount:365419427340111][total:13787741630198439257]
[user:Sonia] [type:inversión] [ammount:3019686515005151][total:13790761316713444408]
[user:Keanu] [type:inversión] [ammount:2072389113680538][total:13792833705827124946]
[user:Juan] [type:pago] [ammount:372236975805391][total:13793205942802930337]
[user:Juan] [type:descuento] [ammount:1854410887670681][total:13795060353690601018]
[user:Carlos] [type:inversión] [ammount:1762164565009313][total:13796822518255610331]
[user:Sonia] [type:pago] [ammount:481349289231194][total:13797303867544841525]
[user:Sonia] [type:cobro] [ammount:960238915967934][total:13798264106460809459]
[user:Keanu] [type:cobro] [ammount:3671105215317071][total:13801935211676126530]
[user:Carlos] [type:cobro] [ammount:1426227157642934][total:13803361438833769464]
[user:David] [type:descuento] [ammount:592889582516155][total:13803954328416285619]
[user:Felipe] [type:pago] [ammount:204824370328202][total:13804159152786613821]
[user:Keanu] [type:inversión] [ammount:398920763159332][total:13804558073549773153]
[user:Anakin] [type:inversión] [ammount:1958641242790405][total:13806516714792563558]
[user:David] [type:cobro] [ammount:802755055567870][total:13807319469848131428]
[user:Carlos] [type:inversión] [ammount:753781025658683][total:13808073250873790111]
[user:Carlos] [type:descuento] [ammount:2775508613691724][total:13810848759487481835]
[user:David] [type:inversión] [ammount:2472696133235570][total:13813321455620717405]
[user:Keanu] [type:inversión] [ammount:852871732589372][total:13814174327353306777]
[user:Kung] [type:cobro] [ammount:3649584770580732][total:13817823912123887509]
[user:Keanu] [type:descuento] [ammount:88041142314314][total:13817911953266201823]
[user:Kung] [type:descuento] [ammount:2118097280498937][total:13820030050546700760]
[user:Felipe] [type:pago] [ammount:1137007798205984][total:13821167058344906744]
[user:Kung] [type:descuento] [ammount:3688343072657945][total:13824855401417564689]
[user:Juan] [type:inversión] [ammount:3108536879793414][total:13827963938297358103]
[user:Dalí] [type:descuento] [ammount:394712206436363][total:13828358650503794466]
[user:Juan] [type:inversión] [ammount:578198588737366][total:13828936849092531832]
[user:Felipe] [type:cobro] [ammount:656767657049487][total:13829593616749581319]
[user:Keanu] [type:pago] [ammount:3280934340628566][total:13832874551090209885]
[user:Gustavo] [type:descuento] [ammount:918407016635472][total:13833792958106845357]
[user:Felipe] [type:descuento] [ammount:841757637263969][total:13834634715744109326]
[user:Carlos] [type:inversión] [ammount:2442224307059567][total:13837076940051168893]
[user:Carlos] [type:cobro] [ammount:1798252638089735][total:13838875192689258628]
[user:Gustavo] [type:cobro] [ammount:664840625094526][total:13839540033314353154]
[user:Anakin] [type:cobro] [ammount:2510175915631219][total:13842050209229984373]
[user:Dalí] [type:cobro] [ammount:298841815349849][total:13842349051045334222]
[user:Sonia] [type:inversión] [ammount:1223677809633849][total:13843572728854968071]
[user:Anakin] [type:pago] [ammount:893903941094821][total:13844466632796062892]
[user:Felipe] [type:cobro] [ammount:390955963944846][total:13844857588760007738]
[user:Carlos] [type:descuento] [ammount:1254039981056673][total:13846111628741064411]
[user:David] [type:descuento] [ammount:2623559476023693][total:13848735188217088104]
[user:Carlos] [type:cobro] [ammount:526307061993058][total:13849261495279081162]
[user:Kung] [type:pago] [ammount:1338132180676973][total:13850599627459758135]
[user:Kung] [type:pago] [ammount:1675737257905482][total:13852275364717663617]
[user:Kung] [type:descuento] [ammount:1226108377095554][total:13853501473094759171]
[user:Gustavo] [type:inversión] [ammount:3093876482622620][total:13856595349577381791]
[user:Sonia] [type:descuento] [ammount:2336610095346836][total:13858931959672728627]
[user:Kung] [type:cobro] [ammount:3342169243197610][total:13862274128915926237]
[user:Gustavo] [type:pago] [ammount:1250735109095639][total:13863524864025021876]
[user:Keanu] [type:descuento] [ammount:2226750199450811][total:13865751614224472687]
[user:Felipe] [type:inversión] [ammount:2007707254925233][total:13867759321479397920]
[user:Carlos] [type:cobro] [ammount:466354399875997][total:13868225675879273917]
[user:Anakin] [type:pago] [ammount:391277610943431][total:13868616953490217348]
[user:Anakin] [type:cobro] [ammount:2587569846195958][total:13871204523336413306]
[user:David] [type:descuento] [ammount:1160743396046479][total:13872365266732459785]
[user:Gustavo] [type:pago] [ammount:2360876511466905][total:13874726143243926690]
[user:Kung] [type:cobro] [ammount:2511955243204345][total:13877238098487131035]
[user:Carlos] [type:inversión] [ammount:2289913118255330][total:13879528011605386365]
[user:Felipe] [type:inversión] [ammount:1833918462733690][total:13881361930068120055]
[user:Anakin] [type:inversión] [ammount:926134796538894][total:13882288064864658949]
[user:Keanu] [type:pago] [ammount:1073803333496527][total:13883361868198155476]
[user:Keanu] [type:pago] [ammount:2908213213256518][total:13886270081411411994]
[user:Keanu] [type:inversión] [ammount:888908914907081][total:13887158990326319075]
[user:Felipe] [type:inversión] [ammount:92847949809075][total:13887251838276128150]
[user:David] [type:pago] [ammount:89686394375832][total:13887341524670503982]
[user:Dalí] [type:pago] [ammount:1690721749872432][total:13889032246420376414]
[user:Sonia] [type:cobro] [ammount:1111789589487240][total:13890144036009863654]
[user:Keanu] [type:cobro] [ammount:3418650941835963][total:13893562686951699617]
[user:Anakin] [type:pago] [ammount:588172246177824][total:13894150859197877441]
[user:Gustavo] [type:inversión] [ammount:2873406037064268][total:13897024265234941709]
[user:Sonia] [type:cobro] [ammount:3633296491141685][total:13900657561726083394]
[user:Anakin] [type:inversión] [ammount:3458769249650923][total:13904116330975734317]
[user:Keanu] [type:inversión] [ammount:1551960561623715][total:13905668291537358032]
[user:Sonia] [type:pago] [ammount:2114110271817504][total:13907782401809175536]
[user:Keanu] [type:cobro] [ammount:620821575306442][total:13908403223384481978]
[user:Juan] [type:inversión] [ammount:2798380257780682][total:13911201603642262660]
[user:Anakin] [type:pago] [ammount:2139117463236048][total:13913340721105498708]
[user:David] [type:pago] [ammount:2232864871643137][total:13915573585977141845]
[user:David] [type:pago] [ammount:3321039593063839][total:13918894625570205684]
[user:Keanu] [type:descuento] [ammount:1474824176412442][total:13920369449746618126]
[user:Anakin] [type:cobro] [ammount:2927316166828374][total:13923296765913446500]
[user:Dalí] [type:inversión] [ammount:1874670577316967][total:13925171436490763467]
[user:Gustavo] [type:cobro] [ammount:826348297775355][total:13925997784788538822]
[user:Kung] [type:pago] [ammount:3510057545643723][total:13929507842334182545]
[user:Gustavo] [type:descuento] [ammount:3015823772312634][total:13932523666106495179]
[user:Anakin] [type:descuento] [ammount:1427785671244066][total:13933951451777739245]
[user:Keanu] [type:inversión] [ammount:746912457103999][total:13934698364234843244]
[user:David] [type:pago] [ammount:2618164198335026][total:13937316528433178270]
[user:Dalí] [type:pago] [ammount:3099492578827735][total:13940416021012006005]
[user:Keanu] [type:cobro] [ammount:2089887382771672][total:13942505908394777677]
[user:David] [type:inversión] [ammount:634240804519583][total:13943140149199297260]
[user:Gustavo] [type:cobro] [ammount:3681982197862495][total:13946822131397159755]
[user:Felipe] [type:pago] [ammount:1436750754734873][total:13948258882151894628]
[user:Anakin] [type:inversión] [ammount:656446735419776][total:13948915328887314404]
[user:Juan] [type:pago] [ammount:902776879455069][total:13949818105766769473]
[user:David] [type:descuento] [ammount:3139721792182858][total:13952957827558952331]
[user:Kung] [type:descuento] [ammount:2512950639866170][total:13955470778198818501]
[user:Kung] [type:inversión] [ammount:1354170035836070][total:13956824948234654571]
[user:Juan] [type:cobro] [ammount:719374907335148][total:13957544323141989719]
[user:Dalí] [type:inversión] [ammount:2001077029765248][total:13959545400171754967]
[user:Sonia] [type:descuento] [ammount:2447572053678309][total:13961992972225433276]
[user:Felipe] [type:cobro] [ammount:2899321875538303][total:13964892294100971579]
[user:Kung] [type:inversión] [ammount:1830835811739794][total:13966723129912711373]
[user:Kung] [type:inversión] [ammount:342223886275098][total:13967065353798986471]
[user:Carlos] [type:inversión] [ammount:2530223572214376][total:13969595577371200847]
[user:Keanu] [type:pago] [ammount:1656439873790694][total:13971252017244991541]
[user:Gustavo] [type:inversión] [ammount:2009811834112369][total:13973261829079103910]
[user:Keanu] [type:pago] [ammount:420632901561480][total:13973682461980665390]
[user:David] [type:descuento] [ammount:2301774580455896][total:13975984236561121286]
[user:Juan] [type:inversión] [ammount:2152714694830237][total:13978136951255951523]
[user:Carlos] [type:cobro] [ammount:743737446661083][total:13978880688702612606]
[user:Kung] [type:pago] [ammount:1814113742648118][total:13980694802445260724]
[user:Juan] [type:pago] [ammount:2629473448172219][total:13983324275893432943]
[user:Keanu] [type:descuento] [ammount:2483185755001298][total:13985807461648434241]
[user:Keanu] [type:cobro] [ammount:1169550346677232][total:13986977011995111473]
[user:Sonia] [type:cobro] [ammount:2006716582224427][total:13988983728577335900]
[user:Keanu] [type:descuento] [ammount:3092484986754059][total:13992076213564089959]
[user:Dalí] [type:cobro] [ammount:221732578058874][total:13992297946142148833]
[user:Kung] [type:pago] [ammount:696983060046265][total:13992994929202195098]
[user:Kung] [type:inversión] [ammount:561622234735453][total:13993556551436930551]
[user:Gustavo] [type:inversión] [ammount:1159872143644348][total:13994716423580574899]
[user:Juan] [type:cobro] [ammount:2790755942036254][total:13997507179522611153]
[user:Kung] [type:descuento] [ammount:2105729230089202][total:13999612908752700355]
[user:Anakin] [type:pago] [ammount:3478272401304991][total:14003091181154005346]
[user:Gustavo] [type:pago] [ammount:1029668980648296][total:14004120850134653642]
[user:Sonia] [type:inversión] [ammount:2812179731029442][total:14006933029865683084]
[user:Gustavo] [type:descuento] [ammount:2832616168435483][total:14009765646034118567]
[user:Keanu] [type:cobro] [ammount:2793429054933495][total:14012559075089052062]
[user:David] [type:cobro] [ammount:2805568231050464][total:14015364643320102526]
[user:Kung] [type:cobro] [ammount:425435214357221][total:14015790078534459747]
[user:Felipe] [type:descuento] [ammount:1486745906512445][total:14017276824440972192]
[user:Keanu] [type:inversión] [ammount:224651517389652][total:14017501475958361844]
[user:Juan] [type:pago] [ammount:869011406205405][total:14018370487364567249]
[user:Dalí] [type:descuento] [ammount:573092771786507][total:14018943580136353756]
[user:David] [type:cobro] [ammount:3044981691316171][total:14021988561827669927]
[user:Anakin] [type:inversión] [ammount:1604626913019288][total:14023593188740689215]
[user:Gustavo] [type:descuento] [ammount:723741278169207][total:14024316930018858422]
[user:Felipe] [type:pago] [ammount:1588506305587856][total:14025905436324446278]
[user:Juan] [type:pago] [ammount:2432853491013859][total:14028338289815460137]
[user:David] [type:descuento] [ammount:2866243981822950][total:14031204533797283087]
[user:Sonia] [type:cobro] [ammount:1485473101917018][total:14032690006899200105]
[user:Anakin] [type:descuento] [ammount:424342099300385][total:14033114348998500490]
[user:Keanu] [type:pago] [ammount:2351393672306466][total:14035465742670806956]
[user:Anakin] [type:cobro] [ammount:1902174819462485][total:14037367917490269441]
[user:Felipe] [type:pago] [ammount:2290037169643960][total:14039657954659913401]
[user:David] [type:cobro] [ammount:3653637400070231][total:14043311592059983632]
[user:Keanu] [type:inversión] [ammount:3355832049251005][total:14046667424109234637]
[user:Kung] [type:descuento] [ammount:435858588762837][total:14047103282697997474]
[user:Juan] [type:descuento] [ammount:182757941107547][total:14047286040639105021]
[user:Sonia] [type:cobro] [ammount:2740986599562241][total:14050027027238667262]
[user:Kung] [type:pago] [ammount:2665576902616557][total:14052692604141283819]
[user:Juan] [type:cobro] [ammount:371120491901801][total:14053063724633185620]
[user:Carlos] [type:pago] [ammount:217306862886340][total:14053281031496071960]
[user:Carlos] [type:descuento] [ammount:1270126583785625][total:14054551158079857585]
[user:Gustavo] [type:cobro] [ammount:2054021556996533][total:14056605179636854118]
[user:Felipe] [type:descuento] [ammount:1816409597485981][total:14058421589234340099]
[user:Kung] [type:descuento] [ammount:52435748627851][total:14058474024982967950]
[user:Kung] [type:cobro] [ammount:2862526546592929][total:14061336551529560879]
[user:Gustavo] [type:pago] [ammount:3684491181261557][total:14065021042710822436]
[user:Carlos] [type:inversión] [ammount:524492493413507][total:14065545535204235943]
[user:Dalí] [type:pago] [ammount:765403847409580][total:14066310939051645523]
[user:Gustavo] [type:pago] [ammount:1925251125919725][total:14068236190177565248]
[user:Gustavo] [type:pago] [ammount:3621102563785227][total:14071857292741350475]
[user:Gustavo] [type:descuento] [ammount:1524712415155504][total:14073382005156505979]
[user:Felipe] [type:descuento] [ammount:465818175782059][total:14073847823332288038]
[user:David] [type:inversión] [ammount:2456299979995967][total:14076304123312284005]
[user:Juan] [type:inversión] [ammount:864226246742117][total:14077168349559026122]
[user:Kung] [type:inversión] [ammount:1869593508558503][total:14079037943067584625]
[user:Sonia] [type:cobro] [ammount:2469722827975667][total:14081507665895560292]
[user:David] [type:descuento] [ammount:166482802752361][total:14081674148698312653]
[user:Anakin] [type:descuento] [ammount:387757370650260][total:14082061906068962913]
[user:Gustavo] [type:cobro] [ammount:2878328389855851][total:14084940234458818764]
[user:Keanu] [type:inversión] [ammount:2432277560421032][total:14087372512019239796]
[user:Sonia] [type:cobro] [ammount:2258067534571757][total:14089630579553811553]
[user:Dalí] [type:pago] [ammount:711299687720156][total:14090341879241531709]
[user:Gustavo] [type:cobro] [ammount:3529022759600717][total:14093870902001132426]
[user:David] [type:inversión] [ammount:1922561597300459][total:14095793463598432885]
[user:Felipe] [type:inversión] [ammount:2263397282763516][total:14098056860881196401]
[user:Carlos] [type:pago] [ammount:2966436583793775][total:14101023297464990176]
[user:Kung] [type:pago] [ammount:566835964201261][total:14101590133429191437]
[user:Sonia] [type:inversión] [ammount:2754799457922377][total:14104344932887113814]
[user:Gustavo] [type:pago] [ammount:2582952344636582][total:14106927885231750396]
[user:Felipe] [type:inversión] [ammount:1413351303094166][total:14108341236534844562]
[user:Felipe] [type:descuento] [ammount:1148724751109366][total:14109489961285953928]
[user:Gustavo] [type:pago] [ammount:692900980984969][total:14110182862266938897]
[user:David] [type:inversión] [ammount:2341095899391457][total:14112523958166330354]
[user:Dalí] [type:descuento] [ammount:2634386685237240][total:14115158344851567594]
[user:Gustavo] [type:cobro] [ammount:2919922935640004][total:14118078267787207598]
[user:Felipe] [type:inversión] [ammount:3148179319025549][total:14121226447106233147]
[user:Carlos] [type:cobro] [ammount:15773583006887][total:14121242220689240034]
[user:Juan] [type:inversión] [ammount:526119342464352][total:14121768340031704386]
[user:David] [type:descuento] [ammount:1552294770604657][total:14123320634802309043]
[user:Gustavo] [type:descuento] [ammount:351949553537562][total:14123672584355846605]
[user:Gustavo] [type:descuento] [ammount:864882956646343][total:14124537467312492948]
[user:Gustavo] [type:inversión] [ammount:3056692891213363][total:14127594160203706311]
[user:Kung] [type:cobro] [ammount:293369271091417][total:14127887529474797728]
[user:Anakin] [type:cobro] [ammount:42048839023430][total:14127929578313821158]
[user:David] [type:descuento] [ammount:3565632409194646][total:14131495210723015804]
[user:Felipe] [type:inversión] [ammount:1665113555166231][total:14133160324278182035]
[user:Gustavo] [type:cobro] [ammount:876928915263686][total:14134037253193445721]
[user:David] [type:cobro] [ammount:3065007890325196][total:14137102261083770917]
[user:Sonia] [type:cobro] [ammount:2278863046293571][total:14139381124130064488]
[user:Juan] [type:descuento] [ammount:630304493453458][total:14140011428623517946]
[user:Gustavo] [type:inversión] [ammount:721815809711635][total:14140733244433229581]
[user:Keanu] [type:pago] [ammount:2090303738193934][total:14142823548171423515]
[user:Felipe] [type:descuento] [ammount:93346703596708][total:14142916894875020223]
[user:Carlos] [type:inversión] [ammount:2601270195088889][total:14145518165070109112]
[user:Juan] [type:pago] [ammount:1962241890959917][total:14147480406961069029]
[user:Carlos] [type:cobro] [ammount:2377406012033105][total:14149857812973102134]
[user:Juan] [type:cobro] [ammount:1856937139995549][total:14151714750113097683]
[user:Gustavo] [type:inversión] [ammount:2592964170314005][total:14154307714283411688]
[user:Gustavo] [type:cobro] [ammount:2056802166015152][total:14156364516449426840]
[user:Sonia] [type:pago] [ammount:1936369171295564][total:14158300885620722404]
[user:Juan] [type:cobro] [ammount:3267353190605892][total:14161568238811328296]
[user:Dalí] [type:inversión] [ammount:2397274794182194][total:14163965513605510490]
[user:Keanu] [type:inversión] [ammount:2588396254173824][total:14166553909859684314]
[user:Anakin] [type:descuento] [ammount:1112196865331450][total:14167666106725015764]
[user:Keanu] [type:inversión] [ammount:3631131433255605][total:14171297238158271369]
[user:Gustavo] [type:inversión] [ammount:2451329304455210][total:14173748567462726579]
[user:Juan] [type:inversión] [ammount:1139167354688328][total:14174887734817414907]
[user:Juan] [type:descuento] [ammount:2947748690826155][total:14177835483508241062]
[user:Keanu] [type:pago] [ammount:1691018660545778][total:14179526502168786840]
[user:Keanu] [type:descuento] [ammount:2153029318478408][total:14181679531487265248]
[user:Dalí] [type:inversión] [ammount:3344207505529546][total:14185023738992794794]
[user:Carlos] [type:descuento] [ammount:1063088499355082][total:14186086827492149876]
[user:Kung] [type:inversión] [ammount:502719965420475][total:14186589547457570351]
[user:Dalí] [type:cobro] [ammount:1455246597133331][total:14188044794054703682]
[user:Keanu] [type:inversión] [ammount:3159492314387047][total:14191204286369090729]
[user:Gustavo] [type:pago] [ammount:2434458467975844][total:14193638744837066573]
[user:Kung] [type:cobro] [ammount:343250702898141][total:14193981995539964714]
[user:Dalí] [type:inversión] [ammount:1956967841266804][total:14195938963381231518]
[user:Gustavo] [type:inversión] [ammount:3294754520462828][total:14199233717901694346]
[user:David] [type:descuento] [ammount:2877095877647830][total:14202110813779342176]
[user:Anakin] [type:inversión] [ammount:3151529653618959][total:14205262343432961135]
[user:Keanu] [type:pago] [ammount:157182764323403][total:14205419526197284538]
[user:Gustavo] [type:cobro] [ammount:2717122028593841][total:14208136648225878379]
[user:Sonia] [type:descuento] [ammount:866868777671696][total:14209003517003550075]
[user:Sonia] [type:inversión] [ammount:1169392782941874][total:14210172909786491949]
[user:Kung] [type:inversión] [ammount:1768774335855047][total:14211941684122346996]
[user:Keanu] [type:descuento] [ammount:1402410766570365][total:14213344094888917361]
[user:Kung] [type:cobro] [ammount:2356579005569696][total:14215700673894487057]
[user:Juan] [type:pago] [ammount:3623996924346746][total:14219324670818833803]
[user:Juan] [type:pago] [ammount:1910763344665006][total:14221235434163498809]
[user:Kung] [type:pago] [ammount:2429450584357597][total:14223664884747856406]
[user:Juan] [type:inversión] [ammount:3207507790209629][total:14226872392538066035]
[user:Felipe] [type:inversión] [ammount:1711020956018459][total:14228583413494084494]
[user:Felipe] [type:inversión] [ammount:3516738453926941][total:14232100151948011435]
[user:Carlos] [type:cobro] [ammount:2157158088608316][total:14234257310036619751]
[user:Sonia] [type:inversión] [ammount:3451703254805093][total:14237709013291424844]
[user:David] [type:descuento] [ammount:3340695815690940][total:14241049709107115784]
[user:Keanu] [type:inversión] [ammount:1198236268399570][total:14242247945375515354]
[user:Carlos] [type:cobro] [ammount:2146427435518408][total:14244394372811033762]
[user:Anakin] [type:pago] [ammount:356812584643223][total:14244751185395676985]
[user:Carlos] [type:descuento] [ammount:77672267738756][total:14244828857663415741]
[user:Juan] [type:descuento] [ammount:3024274231704171][total:14247853131895119912]
[user:Kung] [type:inversión] [ammount:1183726303214525][total:14249036858198334437]
[user:Gustavo] [type:descuento] [ammount:1809529925456812][total:14250846388123791249]
[user:Sonia] [type:pago] [ammount:2983493152491614][total:14253829881276282863]
[user:David] [type:cobro] [ammount:1569672556539755][total:14255399553832822618]
[user:Sonia] [type:pago] [ammount:2341296138804828][total:14257740849971627446]
[user:Gustavo] [type:descuento] [ammount:407620620577504][total:14258148470592204950]
[user:Carlos] [type:pago] [ammount:2801483459082560][total:14260949954051287510]
[user:Gustavo] [type:inversión] [ammount:2286663612364912][total:14263236617663652422]
[user:Gustavo] [type:inversión] [ammount:2064326480647743][total:14265300944144300165]
[user:Carlos] [type:descuento] [ammount:3108520684759275][total:14268409464829059440]
[user:Keanu] [type:pago] [ammount:1768414429168610][total:14270177879258228050]
[user:Juan] [type:descuento] [ammount:1936299125423137][total:14272114178383651187]
[user:Anakin] [type:descuento] [ammount:40858525259758][total:14272155036908910945]
[user:David] [type:cobro] [ammount:2999707080100300][total:14275154743989011245]
[user:Gustavo] [type:cobro] [ammount:681066307576454][total:14275835810296587699]
[user:Sonia] [type:inversión] [ammount:3210094150782389][total:14279045904447370088]
[user:Kung] [type:descuento] [ammount:574793839731723][total:14279620698287101811]
[user:David] [type:inversión] [ammount:1564539178226492][total:14281185237465328303]
[user:David] [type:descuento] [ammount:1256862940660308][total:14282442100405988611]
[user:Keanu] [type:descuento] [ammount:3254969421252022][total:14285697069827240633]
[user:Kung] [type:inversión] [ammount:947842501731725][total:14286644912328972358]
[user:Keanu] [type:descuento] [ammount:3552056666454254][total:14290196968995426612]
[user:Carlos] [type:cobro] [ammount:2341114295230421][total:14292538083290657033]
[user:Felipe] [type:cobro] [ammount:3265380455509520][total:14295803463746166553]
[user:Felipe] [type:pago] [ammount:1638821976772972][total:14297442285722939525]
[user:Kung] [type:descuento] [ammount:2502968861183772][total:14299945254584123297]
[user:Carlos] [type:inversión] [ammount:1289924966387775][total:14301235179550511072]
[user:Kung] [type:descuento] [ammount:2187615251332734][total:14303422794801843806]
[user:Dalí] [type:descuento] [ammount:1177299892360864][total:14304600094694204670]
[user:David] [type:descuento] [ammount:3177994711260297][total:14307778089405464967]
[user:Sonia] [type:descuento] [ammount:1466184141812192][total:14309244273547277159]
[user:Anakin] [type:cobro] [ammount:1357365060649330][total:14310601638607926489]
[user:Anakin] [type:cobro] [ammount:146077991350337][total:14310747716599276826]
[user:David] [type:pago] [ammount:684183151167858][total:14311431899750444684]
[user:Keanu] [type:pago] [ammount:3148801896646198][total:14314580701647090882]
[user:Dalí] [type:cobro] [ammount:3511975556639752][total:14318092677203730634]
[user:Anakin] [type:inversión] [ammount:3042617945275911][total:14321135295149006545]
[user:Felipe] [type:cobro] [ammount:1212827064266540][total:14322348122213273085]
[user:Sonia] [type:pago] [ammount:2049502277201666][total:14324397624490474751]
[user:Felipe] [type:cobro] [ammount:3056183783631416][total:14327453808274106167]
[user:Kung] [type:cobro] [ammount:2626129585392247][total:14330079937859498414]
[user:Keanu] [type:cobro] [ammount:2771844541577742][total:14332851782401076156]
[user:Gustavo] [type:pago] [ammount:1269356024156394][total:14334121138425232550]
[user:Dalí] [type:descuento] [ammount:1364735021334660][total:14335485873446567210]
[user:Anakin] [type:inversión] [ammount:1699479092322259][total:14337185352538889469]
[user:Kung] [type:cobro] [ammount:2675661966361174][total:14339861014505250643]
[user:Dalí] [type:cobro] [ammount:3211081222107884][total:14343072095727358527]
[user:Dalí] [type:cobro] [ammount:1153566175256294][total:14344225661902614821]
[user:Sonia] [type:descuento] [ammount:2527612589634097][total:14346753274492248918]
[user:Carlos] [type:descuento] [ammount:2025934233132339][total:14348779208725381257]
[user:Keanu] [type:pago] [ammount:34291302903956][total:14348813500028285213]
[user:Carlos] [type:descuento] [ammount:2196779751617828][total:14351010279779903041]
[user:Kung] [type:inversión] [ammount:400726130863707][total:14351411005910766748]
[user:Anakin] [type:inversión] [ammount:2566703603635086][total:14353977709514401834]
[user:Dalí] [type:pago] [ammount:2834932806936446][total:14356812642321338280]
[user:Gustavo] [type:pago] [ammount:3105796336871922][total:14359918438658210202]
[user:Keanu] [type:descuento] [ammount:558425511612403][total:14360476864169822605]
[user:Juan] [type:pago] [ammount:1007505738610319][total:14361484369908432924]
[user:Keanu] [type:cobro] [ammount:1626986229869433][total:14363111356138302357]
[user:Carlos] [type:inversión] [ammount:787156940611121][total:14363898513078913478]
[user:Dalí] [type:descuento] [ammount:332713170771752][total:14364231226249685230]
[user:Keanu] [type:inversión] [ammount:1213434026390868][total:14365444660276076098]
[user:Anakin] [type:descuento] [ammount:2005189253659635][total:14367449849529735733]
[user:David] [type:descuento] [ammount:2189346564517352][total:14369639196094253085]
[user:Gustavo] [type:descuento] [ammount:3556388653224601][total:14373195584747477686]
[user:Sonia] [type:inversión] [ammount:546028947639288][total:14373741613695116974]
[user:David] [type:descuento] [ammount:2765054173070769][total:14376506667868187743]
[user:Juan] [type:inversión] [ammount:2853876752263491][total:14379360544620451234]
[user:Carlos] [type:inversión] [ammount:1965592469975709][total:14381326137090426943]
[user:Dalí] [type:descuento] [ammount:1955501173640457][total:14383281638264067400]
[user:Sonia] [type:inversión] [ammount:478658726793669][total:14383760296990861069]
[user:Kung] [type:cobro] [ammount:58641004246398][total:14383818937995107467]
[user:David] [type:pago] [ammount:2886914035073199][total:14386705852030180666]
[user:Felipe] [type:cobro] [ammount:3471260417332269][total:14390177112447512935]
[user:Dalí] [type:inversión] [ammount:1664928472490371][total:14391842040920003306]
[user:Kung] [type:cobro] [ammount:728255250935107][total:14392570296170938413]
[user:Felipe] [type:pago] [ammount:3186451514621273][total:14395756747685559686]
[user:Anakin] [type:cobro] [ammount:1530952514460213][total:14397287700200019899]
[user:Keanu] [type:cobro] [ammount:1351177229703278][total:14398638877429723177]
[user:Felipe] [type:cobro] [ammount:1135982157314851][total:14399774859587038028]
[user:Sonia] [type:pago] [ammount:2374233618932995][total:14402149093205971023]
[user:David] [type:inversión] [ammount:2052415378564964][total:14404201508584535987]
[user:Sonia] [type:cobro] [ammount:502966035120489][total:14404704474619656476]
[user:Felipe] [type:cobro] [ammount:1127849074229415][total:14405832323693885891]
[user:Gustavo] [type:descuento] [ammount:2045966683932640][total:14407878290377818531]
[user:Felipe] [type:cobro] [ammount:322502801972357][total:14408200793179790888]
[user:Keanu] [type:descuento] [ammount:98421438020803][total:14408299214617811691]
[user:Felipe] [type:inversión] [ammount:1738272673798848][total:14410037487291610539]
[user:Felipe] [type:inversión] [ammount:60319862587807][total:14410097807154198346]
[user:David] [type:cobro] [ammount:2972530232464448][total:14413070337386662794]
[user:Juan] [type:descuento] [ammount:225234594736534][total:14413295571981399328]
[user:Gustavo] [type:inversión] [ammount:484180814997851][total:14413779752796397179]
[user:Anakin] [type:inversión] [ammount:2634006042121767][total:14416413758838518946]
[user:Anakin] [type:pago] [ammount:3175007358581702][total:14419588766197100648]
[user:Gustavo] [type:pago] [ammount:2930197232856610][total:14422518963429957258]
[user:Carlos] [type:pago] [ammount:1832345038936172][total:14424351308468893430]
[user:Juan] [type:inversión] [ammount:1126210009423294][total:14425477518478316724]
[user:Dalí] [type:inversión] [ammount:2764117163158605][total:14428241635641475329]
[user:Keanu] [type:descuento] [ammount:2706325903876152][total:14430947961545351481]
[user:Gustavo] [type:descuento] [ammount:846711406481814][total:14431794672951833295]
[user:Felipe] [type:cobro] [ammount:2192846282698239][total:14433987519234531534]
[user:David] [type:inversión] [ammount:2065929590874096][total:14436053448825405630]
[user:David] [type:cobro] [ammount:626294236432137][total:14436679743061837767]
[user:Gustavo] [type:pago] [ammount:1350871391236866][total:14438030614453074633]
[user:Keanu] [type:inversión] [ammount:961390565067486][total:14438992005018142119]
[user:Anakin] [type:cobro] [ammount:2242353671334494][total:14441234358689476613]
[user:David] [type:descuento] [ammount:87621565832512][total:14441321980255309125]
[user:Kung] [type:cobro] [ammount:2462116298854158][total:14443784096554163283]
[user:Dalí] [type:pago] [ammount:2782352943140323][total:14446566449497303606]
[user:Carlos] [type:cobro] [ammount:3557493755667834][total:14450123943252971440]
[user:Carlos] [type:cobro] [ammount:1844324429942118][total:14451968267682913558]
[user:Felipe] [type:pago] [ammount:1084369070214051][total:14453052636753127609]
[user:Carlos] [type:cobro] [ammount:2472146740627740][total:14455524783493755349]
[user:Sonia] [type:pago] [ammount:808871483492991][total:14456333654977248340]
[user:Juan] [type:pago] [ammount:3632731014177443][total:14459966385991425783]
[user:Dalí] [type:pago] [ammount:1294204815730881][total:14461260590807156664]
[user:Keanu] [type:descuento] [ammount:3262315546010531][total:14464522906353167195]
[user:Anakin] [type:descuento] [ammount:3045185181570660][total:14467568091534737855]
[user:Juan] [type:inversión] [ammount:115811122541252][total:14467683902657279107]
[user:Juan] [type:cobro] [ammount:2969361713031500][total:14470653264370310607]
[user:Felipe] [type:inversión] [ammount:1317858062485050][total:14471971122432795657]
[user:Sonia] [type:descuento] [ammount:862015569237173][total:14472833138002032830]
[user:Anakin] [type:inversión] [ammount:569578956746633][total:14473402716958779463]
[user:Carlos] [type:cobro] [ammount:1217069341429856][total:14474619786300209319]
[user:Felipe] [type:inversión] [ammount:1215190599202819][total:14475834976899412138]
[user:Kung] [type:descuento] [ammount:1205069806333220][total:14477040046705745358]
[user:Felipe] [type:inversión] [ammount:214384162286498][total:14477254430868031856]
[user:Anakin] [type:pago] [ammount:782908530242079][total:14478037339398273935]
[user:Carlos] [type:cobro] [ammount:1352146763595428][total:14479389486161869363]
[user:Juan] [type:cobro] [ammount:65774680921151][total:14479455260842790514]
[user:David] [type:inversión] [ammount:858525397076642][total:14480313786239867156]
[user:Sonia] [type:descuento] [ammount:1901877147597737][total:14482215663387464893]
[user:Anakin] [type:pago] [ammount:1862032157842470][total:14484077695545307363]
[user:David] [type:descuento] [ammount:2854729746698275][total:14486932425292005638]
[user:Kung] [type:descuento] [ammount:546024871010134][total:14487478450163015772]
[user:Juan] [type:pago] [ammount:865549736449258][total:14488343999899465030]
[user:Dalí] [type:cobro] [ammount:2157163512658840][total:14490501163412123870]
[user:Kung] [type:cobro] [ammount:2490566063462524][total:14492991729475586394]
[user:Anakin] [type:pago] [ammount:1473679629477686][total:14494465409105064080]
[user:Dalí] [type:pago] [ammount:2609320784430504][total:14497074729889494584]
[user:Sonia] [type:cobro] [ammount:780828545232098][total:14497855558434726682]
[user:Juan] [type:inversión] [ammount:2874156023590549][total:14500729714458317231]
[user:Anakin] [type:descuento] [ammount:1083680985698931][total:14501813395444016162]
[user:Keanu] [type:cobro] [ammount:1606718994038293][total:14503420114438054455]
[user:Gustavo] [type:descuento] [ammount:431935698812025][total:14503852050136866480]
[user:Anakin] [type:pago] [ammount:2904547388449824][total:14506756597525316304]
[user:Kung] [type:pago] [ammount:1607538465632873][total:14508364135990949177]
[user:Felipe] [type:pago] [ammount:576957864861381][total:14508941093855810558]
[user:Keanu] [type:inversión] [ammount:617878102039766][total:14509558971957850324]
[user:David] [type:cobro] [ammount:803866387221600][total:14510362838345071924]
[user:Gustavo] [type:pago] [ammount:3019946757908399][total:14513382785102980323]
[user:Sonia] [type:inversión] [ammount:2925778816245934][total:14516308563919226257]
[user:David] [type:descuento] [ammount:177152462159162][total:14516485716381385419]
[user:Gustavo] [type:pago] [ammount:516506858659337][total:14517002223240044756]
[user:Kung] [type:cobro] [ammount:2416668317747740][total:14519418891557792496]
[user:Juan] [type:inversión] [ammount:2948960531518735][total:14522367852089311231]
[user:Felipe] [type:pago] [ammount:2181962817675429][total:14524549814906986660]
[user:Gustavo] [type:inversión] [ammount:1732752825595010][total:14526282567732581670]
[user:Carlos] [type:descuento] [ammount:3409027487379699][total:14529691595219961369]
[user:Sonia] [type:pago] [ammount:1548707334330688][total:14531240302554292057]
[user:Gustavo] [type:cobro] [ammount:1297197239688946][total:14532537499793981003]
[user:Juan] [type:inversión] [ammount:2325318449967373][total:14534862818243948376]
[user:Dalí] [type:pago] [ammount:2716846799004286][total:14537579665042952662]
[user:Kung] [type:cobro] [ammount:2648307190738021][total:14540227972233690683]
[user:David] [type:cobro] [ammount:565496350760541][total:14540793468584451224]
[user:Kung] [type:descuento] [ammount:773961000741753][total:14541567429585192977]
[user:Gustavo] [type:inversión] [ammount:3549160176206098][total:14545116589761399075]
[user:Juan] [type:pago] [ammount:1880531543148142][total:14546997121304547217]
[user:Sonia] [type:cobro] [ammount:265866283892506][total:14547262987588439723]
[user:Keanu] [type:cobro] [ammount:3222040826106278][total:14550485028414546001]
[user:David] [type:cobro] [ammount:1521041102707160][total:14552006069517253161]
[user:David] [type:cobro] [ammount:1447642603592237][total:14553453712120845398]
[user:Dalí] [type:inversión] [ammount:3248140443322999][total:14556701852564168397]
[user:Anakin] [type:pago] [ammount:1931343008517191][total:14558633195572685588]
[user:Carlos] [type:pago] [ammount:166150827822527][total:14558799346400508115]
[user:Carlos] [type:descuento] [ammount:3233165766896453][total:14562032512167404568]
[user:David] [type:inversión] [ammount:2703544822122677][total:14564736056989527245]
[user:Felipe] [type:inversión] [ammount:1431436637125629][total:14566167493626652874]
[user:David] [type:inversión] [ammount:2758885248406287][total:14568926378875059161]
[user:Juan] [type:cobro] [ammount:443965025646315][total:14569370343900705476]
[user:Felipe] [type:descuento] [ammount:2593076225343667][total:14571963420126049143]
[user:Sonia] [type:pago] [ammount:1173087904719097][total:14573136508030768240]
[user:Sonia] [type:pago] [ammount:3510032951789760][total:14576646540982558000]
[user:Carlos] [type:inversión] [ammount:3189308743999098][total:14579835849726557098]
[user:Kung] [type:descuento] [ammount:165012295744132][total:14580000862022301230]
[user:Dalí] [type:cobro] [ammount:1712666238236183][total:14581713528260537413]
[user:Juan] [type:pago] [ammount:3502018117287505][total:14585215546377824918]
[user:Juan] [type:inversión] [ammount:3244202569460894][total:14588459748947285812]
[user:Carlos] [type:cobro] [ammount:3144076203191557][total:14591603825150477369]
[user:Dalí] [type:pago] [ammount:632183393426992][total:14592236008543904361]
[user:David] [type:pago] [ammount:3645340617751278][total:14595881349161655639]
[user:Carlos] [type:inversión] [ammount:1138022687630483][total:14597019371849286122]
[user:Anakin] [type:pago] [ammount:3156599165721630][total:14600175971015007752]
[user:Kung] [type:pago] [ammount:2200468511676306][total:14602376439526684058]
[user:Felipe] [type:descuento] [ammount:1776027883062357][total:14604152467409746415]
[user:Juan] [type:inversión] [ammount:885030639531309][total:14605037498049277724]
[user:Dalí] [type:pago] [ammount:2217348262243971][total:14607254846311521695]
[user:Sonia] [type:inversión] [ammount:1668464912174892][total:14608923311223696587]
[user:Felipe] [type:inversión] [ammount:1866207488544441][total:14610789518712241028]
[user:David] [type:pago] [ammount:1769016336316728][total:14612558535048557756]
[user:Felipe] [type:pago] [ammount:2346473196882717][total:14614905008245440473]
[user:David] [type:descuento] [ammount:1287183158362765][total:14616192191403803238]
[user:Keanu] [type:inversión] [ammount:2891690799448148][total:14619083882203251386]
[user:Dalí] [type:inversión] [ammount:3598314790243188][total:14622682196993494574]
[user:Felipe] [type:descuento] [ammount:262526687001869][total:14622944723680496443]
[user:Anakin] [type:descuento] [ammount:904428644358272][total:14623849152324854715]
[user:Anakin] [type:cobro] [ammount:567620809191297][total:14624416773134046012]
[user:Anakin] [type:inversión] [ammount:1085525141083066][total:14625502298275129078]
[user:Anakin] [type:inversión] [ammount:2776650821466777][total:14628278949096595855]
[user:Keanu] [type:descuento] [ammount:1604374663168553][total:14629883323759764408]
[user:Kung] [type:descuento] [ammount:1057678338448630][total:14630941002098213038]
[user:Keanu] [type:cobro] [ammount:3259855124054672][total:14634200857222267710]
[user:Carlos] [type:inversión] [ammount:98302735856604][total:14634299159958124314]
[user:Felipe] [type:descuento] [ammount:1228182099887376][total:14635527342058011690]
[user:Keanu] [type:inversión] [ammount:113921752190578][total:14635641263810202268]
[user:Juan] [type:descuento] [ammount:3246472990611061][total:14638887736800813329]
[user:Anakin] [type:pago] [ammount:3072540774499702][total:14641960277575313031]
[user:Gustavo] [type:cobro] [ammount:1940087907482202][total:14643900365482795233]
[user:Gustavo] [type:inversión] [ammount:2600277362927233][total:14646500642845722466]
[user:Kung] [type:descuento] [ammount:1948590272751389][total:14648449233118473855]
[user:Keanu] [type:descuento] [ammount:2657009123153603][total:14651106242241627458]
[user:Carlos] [type:pago] [ammount:1543684983899724][total:14652649927225527182]
[user:David] [type:inversión] [ammount:589667648307248][total:14653239594873834430]
[user:Gustavo] [type:cobro] [ammount:2104423219503359][total:14655344018093337789]
[user:David] [type:descuento] [ammount:1940517102490273][total:14657284535195828062]
[user:Gustavo] [type:cobro] [ammount:3278198142485322][total:14660562733338313384]
[user:Anakin] [type:pago] [ammount:3188481466000538][total:14663751214804313922]
[user:David] [type:pago] [ammount:3519623425978223][total:14667270838230292145]
[user:Gustavo] [type:inversión] [ammount:2644982285937604][total:14669915820516229749]
[user:Anakin] [type:cobro] [ammount:1757510182768928][total:14671673330698998677]
[user:Felipe] [type:inversión] [ammount:3152437912806552][total:14674825768611805229]
[user:Kung] [type:cobro] [ammount:404218500901974][total:14675229987112707203]
[user:Sonia] [type:inversión] [ammount:3254972032348472][total:14678484959145055675]
[user:Kung] [type:inversión] [ammount:3606566380842782][total:14682091525525898457]
[user:Juan] [type:inversión] [ammount:2263047454368362][total:14684354572980266819]
[user:Kung] [type:pago] [ammount:2638637405180821][total:14686993210385447640]
[user:Sonia] [type:inversión] [ammount:1283551407111397][total:14688276761792559037]
[user:Gustavo] [type:pago] [ammount:1889593616021444][total:14690166355408580481]
[user:Anakin] [type:descuento] [ammount:2404264759530254][total:14692570620168110735]
[user:Carlos] [type:cobro] [ammount:1829389179902202][total:14694400009348012937]
[user:Felipe] [type:cobro] [ammount:2010050959445397][total:14696410060307458334]
[user:Felipe] [type:inversión] [ammount:2831518230457777][total:14699241578537916111]
[user:Keanu] [type:cobro] [ammount:2766197863648163][total:14702007776401564274]
[user:Anakin] [type:pago] [ammount:2284990349179177][total:14704292766750743451]
[user:Carlos] [type:inversión] [ammount:650714109336461][total:14704943480860079912]
[user:Juan] [type:inversión] [ammount:1925526325112347][total:14706869007185192259]
[user:David] [type:cobro] [ammount:1580770938472619][total:14708449778123664878]
[user:Felipe] [type:pago] [ammount:3618345155539937][total:14712068123279204815]
[user:Felipe] [type:descuento] [ammount:2997058869659236][total:14715065182148864051]
[user:David] [type:descuento] [ammount:3184542377528086][total:14718249724526392137]
[user:Keanu] [type:descuento] [ammount:205493221717125][total:14718455217748109262]
[user:Anakin] [type:inversión] [ammount:847033481280425][total:14719302251229389687]
[user:Dalí] [type:inversión] [ammount:30444577844526][total:14719332695807234213]
[user:David] [type:inversión] [ammount:2089289712177904][total:14721421985519412117]
[user:David] [type:cobro] [ammount:1646971954297646][total:14723068957473709763]
[user:Carlos] [type:inversión] [ammount:712573934415185][total:14723781531408124948]
[user:Felipe] [type:cobro] [ammount:2811132487820078][total:14726592663895945026]
[user:David] [type:inversión] [ammount:926035437436487][total:14727518699333381513]
[user:Felipe] [type:inversión] [ammount:1289301677710327][total:14728808001011091840]
[user:Sonia] [type:cobro] [ammount:76045992879285][total:14728884047003971125]
[user:Gustavo] [type:inversión] [ammount:145946560461021][total:14729029993564432146]
[user:Gustavo] [type:pago] [ammount:2121601141104866][total:14731151594705537012]
[user:Dalí] [type:inversión] [ammount:1537307824754974][total:14732688902530291986]
[user:Kung] [type:pago] [ammount:3433964975445214][total:14736122867505737200]
[user:David] [type:cobro] [ammount:2004993306598912][total:14738127860812336112]
[user:Gustavo] [type:inversión] [ammount:3324264875523923][total:14741452125687860035]
[user:Anakin] [type:inversión] [ammount:3026437560511990][total:14744478563248372025]
[user:David] [type:descuento] [ammount:1270713015252878][total:14745749276263624903]
[user:David] [type:inversión] [ammount:3209952286112486][total:14748959228549737389]
[user:Felipe] [type:pago] [ammount:1497906084947104][total:14750457134634684493]
[user:Felipe] [type:cobro] [ammount:1571378019208324][total:14752028512653892817]
[user:Dalí] [type:cobro] [ammount:573526530931342][total:14752602039184824159]
[user:Sonia] [type:pago] [ammount:3603331958928586][total:14756205371143752745]
[user:Kung] [type:inversión] [ammount:1898898669151062][total:14758104269812903807]
[user:David] [type:cobro] [ammount:3544229690476407][total:14761648499503380214]
[user:Sonia] [type:inversión] [ammount:2069192675489697][total:14763717692178869911]
[user:Kung] [type:pago] [ammount:503789908692428][total:14764221482087562339]
[user:Kung] [type:cobro] [ammount:3549827350884023][total:14767771309438446362]
[user:Felipe] [type:cobro] [ammount:975668663818483][total:14768746978102264845]
[user:David] [type:pago] [ammount:1585188336083219][total:14770332166438348064]
[user:Dalí] [type:descuento] [ammount:3017558967880251][total:14773349725406228315]
[user:Felipe] [type:descuento] [ammount:628046549069524][total:14773977771955297839]
[user:David] [type:pago] [ammount:2180931218475700][total:14776158703173773539]
[user:Sonia] [type:cobro] [ammount:1483710263556045][total:14777642413437329584]
[user:Carlos] [type:cobro] [ammount:752313431913747][total:14778394726869243331]
[user:Kung] [type:cobro] [ammount:2000286620764970][total:14780395013490008301]
[user:Kung] [type:inversión] [ammount:1033528941428036][total:14781428542431436337]
[user:Kung] [type:cobro] [ammount:3444633519286600][total:14784873175950722937]
[user:Felipe] [type:inversión] [ammount:351490731411927][total:14785224666682134864]
[user:Gustavo] [type:inversión] [ammount:425751541752925][total:14785650418223887789]
[user:Anakin] [type:inversión] [ammount:1779714583917378][total:14787430132807805167]
[user:Juan] [type:descuento] [ammount:2096529398216711][total:14789526662206021878]
[user:Dalí] [type:pago] [ammount:1284861039385769][total:14790811523245407647]
[user:Dalí] [type:inversión] [ammount:1368553720600974][total:14792180076966008621]
[user:Felipe] [type:pago] [ammount:2855240335177374][total:14795035317301185995]
[user:Sonia] [type:cobro] [ammount:1694761919758033][total:14796730079220944028]
[user:Carlos] [type:pago] [ammount:2869448133764409][total:14799599527354708437]
[user:Sonia] [type:inversión] [ammount:1492201617522935][total:14801091728972231372]
[user:Juan] [type:cobro] [ammount:2976235629088087][total:14804067964601319459]
[user:Sonia] [type:descuento] [ammount:1033151450216849][total:14805101116051536308]
[user:Gustavo] [type:descuento] [ammount:3153352522722679][total:14808254468574258987]
[user:Carlos] [type:pago] [ammount:1649043217180533][total:14809903511791439520]
[user:Sonia] [type:cobro] [ammount:1146471185224884][total:14811049982976664404]
[user:Felipe] [type:pago] [ammount:3679548459278045][total:14814729531435942449]
[user:Juan] [type:pago] [ammount:1885588513110278][total:14816615119949052727]
[user:Carlos] [type:pago] [ammount:3668604313767563][total:14820283724262820290]
[user:Kung] [type:cobro] [ammount:681903805834768][total:14820965628068655058]
[user:Kung] [type:cobro] [ammount:2508620456067092][total:14823474248524722150]
[user:Gustavo] [type:inversión] [ammount:7344579999401][total:14823481593104721551]
[user:Sonia] [type:cobro] [ammount:2765320605197890][total:14826246913709919441]
[user:Keanu] [type:descuento] [ammount:2059797902588205][total:14828306711612507646]
[user:Carlos] [type:cobro] [ammount:1207754471660614][total:14829514466084168260]
[user:Juan] [type:cobro] [ammount:2534903110561612][total:14832049369194729872]
[user:Sonia] [type:descuento] [ammount:394689321842519][total:14832444058516572391]
[user:Gustavo] [type:inversión] [ammount:3274906075287829][total:14835718964591860220]
[user:Anakin] [type:pago] [ammount:3675704386000375][total:14839394668977860595]
[user:Carlos] [type:cobro] [ammount:2084724324522381][total:14841479393302382976]
[user:Sonia] [type:cobro] [ammount:1394165835869797][total:14842873559138252773]
[user:Felipe] [type:descuento] [ammount:1314587448670477][total:14844188146586923250]
[user:Kung] [type:pago] [ammount:2518868407391872][total:14846707014994315122]
[user:Keanu] [type:cobro] [ammount:2694468836426198][total:14849401483830741320]
[user:Sonia] [type:pago] [ammount:1969950401022806][total:14851371434231764126]
[user:Juan] [type:descuento] [ammount:3307098070907191][total:14854678532302671317]
[user:Anakin] [type:cobro] [ammount:519482436056451][total:14855198014738727768]
[user:David] [type:descuento] [ammount:1658012089424149][total:14856856026828151917]
[user:David] [type:pago] [ammount:2724155877673386][total:14859580182705825303]
[user:Carlos] [type:cobro] [ammount:3240001069221841][total:14862820183775047144]
[user:Gustavo] [type:inversión] [ammount:2370301268622868][total:14865190485043670012]
[user:Felipe] [type:pago] [ammount:1099503716514897][total:14866289988760184909]
[user:Gustavo] [type:descuento] [ammount:2783864059572797][total:14869073852819757706]
[user:Carlos] [type:inversión] [ammount:635757036985887][total:14869709609856743593]
[user:Keanu] [type:cobro] [ammount:3116513440806213][total:14872826123297549806]
[user:Anakin] [type:inversión] [ammount:152711745040462][total:14872978835042590268]
[user:Gustavo] [type:descuento] [ammount:3680233958583214][total:14876659069001173482]
[user:Juan] [type:descuento] [ammount:790435309307826][total:14877449504310481308]
[user:Dalí] [type:cobro] [ammount:810141953729946][total:14878259646264211254]
[user:Keanu] [type:inversión] [ammount:3031760760867311][total:14881291407025078565]
[user:Anakin] [type:inversión] [ammount:226287903347878][total:14881517694928426443]
[user:David] [type:inversión] [ammount:2145577038938374][total:14883663271967364817]
[user:Dalí] [type:descuento] [ammount:173776512414987][total:14883837048479779804]
[user:Keanu] [type:pago] [ammount:304463645410072][total:14884141512125189876]
[user:Juan] [type:inversión] [ammount:2456051262146841][total:14886597563387336717]
[user:Dalí] [type:inversión] [ammount:2541944612781829][total:14889139508000118546]
[user:Gustavo] [type:pago] [ammount:3413168688101449][total:14892552676688219995]
[user:Dalí] [type:pago] [ammount:1128576221244007][total:14893681252909464002]
[user:Felipe] [type:cobro] [ammount:942253635310497][total:14894623506544774499]
[user:David] [type:descuento] [ammount:1494242078045366][total:14896117748622819865]
[user:Dalí] [type:descuento] [ammount:1067834931100507][total:14897185583553920372]
[user:Sonia] [type:cobro] [ammount:1722398765145584][total:14898907982319065956]
[user:Keanu] [type:descuento] [ammount:1106086863569038][total:14900014069182634994]
[user:Keanu] [type:inversión] [ammount:1575296769982806][total:14901589365952617800]
[user:David] [type:pago] [ammount:3275759600058393][total:14904865125552676193]
[user:Dalí] [type:inversión] [ammount:1501401584654963][total:14906366527137331156]
[user:Kung] [type:pago] [ammount:1704571319196236][total:14908071098456527392]
[user:Keanu] [type:cobro] [ammount:435455677503593][total:14908506554134030985]
[user:Sonia] [type:descuento] [ammount:875203010925881][total:14909381757144956866]
[user:Keanu] [type:pago] [ammount:2982259961900096][total:14912364017106856962]
[user:Dalí] [type:pago] [ammount:118782434200043][total:14912482799541057005]
[user:Gustavo] [type:inversión] [ammount:803852091203551][total:14913286651632260556]
[user:Felipe] [type:pago] [ammount:1058660353988738][total:14914345311986249294]
[user:David] [type:cobro] [ammount:1720029074374010][total:14916065341060623304]
[user:Keanu] [type:descuento] [ammount:1486547020230742][total:14917551888080854046]
[user:Kung] [type:descuento] [ammount:3565419814980604][total:14921117307895834650]
[user:Anakin] [type:pago] [ammount:430058965064736][total:14921547366860899386]
[user:Felipe] [type:pago] [ammount:883101578157184][total:14922430468439056570]
[user:Sonia] [type:descuento] [ammount:903298470170262][total:14923333766909226832]
[user:Juan] [type:pago] [ammount:288413599407662][total:14923622180508634494]
[user:Gustavo] [type:cobro] [ammount:3683978258515293][total:14927306158767149787]
[user:Juan] [type:cobro] [ammount:918504837885986][total:14928224663605035773]
[user:Dalí] [type:inversión] [ammount:3598906142658864][total:14931823569747694637]
[user:Sonia] [type:descuento] [ammount:3616988895747978][total:14935440558643442615]
[user:Juan] [type:descuento] [ammount:2666561859714974][total:14938107120503157589]
[user:Sonia] [type:cobro] [ammount:934752548796128][total:14939041873051953717]
[user:David] [type:descuento] [ammount:621594748455267][total:14939663467800408984]
[user:Juan] [type:pago] [ammount:3202937389080080][total:14942866405189489064]
[user:Sonia] [type:cobro] [ammount:625288494348172][total:14943491693683837236]
[user:Dalí] [type:inversión] [ammount:770059456288371][total:14944261753140125607]
[user:Kung] [type:descuento] [ammount:1356102771503850][total:14945617855911629457]
[user:Gustavo] [type:cobro] [ammount:2820552260071860][total:14948438408171701317]
[user:Kung] [type:pago] [ammount:744389222881999][total:14949182797394583316]
[user:David] [type:cobro] [ammount:2053701824740815][total:14951236499219324131]
[user:Dalí] [type:pago] [ammount:11411145033885][total:14951247910364358016]
[user:Sonia] [type:descuento] [ammount:709902578189893][total:14951957812942547909]
[user:Dalí] [type:pago] [ammount:597199922259775][total:14952555012864807684]
[user:Anakin] [type:cobro] [ammount:2882621708303787][total:14955437634573111471]
[user:David] [type:inversión] [ammount:3136987365722267][total:14958574621938833738]
[user:Keanu] [type:pago] [ammount:3319047399124211][total:14961893669337957949]
[user:Felipe] [type:cobro] [ammount:242224014785382][total:14962135893352743331]
[user:Keanu] [type:cobro] [ammount:2517882625364730][total:14964653775978108061]
[user:Dalí] [type:pago] [ammount:466870672363442][total:14965120646650471503]
[user:Carlos] [type:descuento] [ammount:3436141145515506][total:14968556787795987009]
[user:Keanu] [type:pago] [ammount:1369851103597925][total:14969926638899584934]
[user:Anakin] [type:cobro] [ammount:1903572374313283][total:14971830211273898217]
[user:Felipe] [type:pago] [ammount:1844165124478109][total:14973674376398376326]
[user:Gustavo] [type:inversión] [ammount:2200147749914147][total:14975874524148290473]
[user:Carlos] [type:inversión] [ammount:2245316214652116][total:14978119840362942589]
[user:Kung] [type:pago] [ammount:2443177718525411][total:14980563018081468000]
[user:Keanu] [type:inversión] [ammount:619718267083529][total:14981182736348551529]
[user:Carlos] [type:inversión] [ammount:3541679901680056][total:14984724416250231585]
[user:Sonia] [type:cobro] [ammount:3556553405484109][total:14988280969655715694]
[user:David] [type:cobro] [ammount:2033643639337719][total:14990314613295053413]
[user:Carlos] [type:pago] [ammount:3578896963046239][total:14993893510258099652]
[user:Felipe] [type:inversión] [ammount:2073481935846384][total:14995966992193946036]
[user:Keanu] [type:cobro] [ammount:1324879796952640][total:14997291871990898676]
[user:Gustavo] [type:pago] [ammount:2293154758541168][total:14999585026749439844]
[user:Keanu] [type:cobro] [ammount:760253189296518][total:15000345279938736362]
[user:Sonia] [type:pago] [ammount:326124328002844][total:15000671404266739206]
[user:Anakin] [type:pago] [ammount:2906901382477039][total:15003578305649216245]
[user:Gustavo] [type:pago] [ammount:3377504979653603][total:15006955810628869848]
[user:David] [type:descuento] [ammount:757727816172260][total:15007713538445042108]
[user:Anakin] [type:cobro] [ammount:635135711454304][total:15008348674156496412]
[user:David] [type:inversión] [ammount:2399814426016580][total:15010748488582512992]
[user:Sonia] [type:inversión] [ammount:3683124117927032][total:15014431612700440024]
[user:Anakin] [type:cobro] [ammount:3689041758488616][total:15018120654458928640]
[user:Sonia] [type:inversión] [ammount:73716123755721][total:15018194370582684361]
[user:Gustavo] [type:descuento] [ammount:1176528935508007][total:15019370899518192368]
[user:Dalí] [type:descuento] [ammount:1696405388414125][total:15021067304906606493]
[user:Anakin] [type:inversión] [ammount:2122657448684457][total:15023189962355290950]
[user:Kung] [type:descuento] [ammount:326988163195154][total:15023516950518486104]
[user:Gustavo] [type:descuento] [ammount:1336840592726926][total:15024853791111213030]
[user:Dalí] [type:pago] [ammount:1165130111039205][total:15026018921222252235]
[user:Sonia] [type:cobro] [ammount:3491284139104035][total:15029510205361356270]
[user:Felipe] [type:cobro] [ammount:747814063621375][total:15030258019424977645]
[user:Dalí] [type:cobro] [ammount:2789367192817411][total:15033047386617795056]
[user:Carlos] [type:pago] [ammount:788390563127739][total:15033835777180922795]
[user:Keanu] [type:descuento] [ammount:2291262733976666][total:15036127039914899461]
[user:Carlos] [type:inversión] [ammount:1137328433965780][total:15037264368348865241]
[user:David] [type:descuento] [ammount:1525699760786511][total:15038790068109651752]
[user:Anakin] [type:pago] [ammount:1398729180012873][total:15040188797289664625]
[user:Anakin] [type:cobro] [ammount:725478874576656][total:15040914276164241281]
[user:Sonia] [type:pago] [ammount:1364443603916939][total:15042278719768158220]
[user:Carlos] [type:cobro] [ammount:1194502849050232][total:15043473222617208452]
[user:Dalí] [type:descuento] [ammount:786674686417152][total:15044259897303625604]
[user:Sonia] [type:cobro] [ammount:3171867817005913][total:15047431765120631517]
[user:Gustavo] [type:inversión] [ammount:3151666747742728][total:15050583431868374245]
[user:Felipe] [type:cobro] [ammount:2537555529906099][total:15053120987398280344]
[user:Kung] [type:descuento] [ammount:1974782148308745][total:15055095769546589089]
[user:Kung] [type:cobro] [ammount:1993282022004608][total:15057089051568593697]
[user:Anakin] [type:descuento] [ammount:1520873457845752][total:15058609925026439449]
[user:Sonia] [type:pago] [ammount:2477975559799214][total:15061087900586238663]
[user:Sonia] [type:inversión] [ammount:1290675307233967][total:15062378575893472630]
[user:Dalí] [type:inversión] [ammount:2355753666664179][total:15064734329560136809]
[user:David] [type:pago] [ammount:166932815883952][total:15064901262376020761]
[user:Sonia] [type:inversión] [ammount:1513674485827745][total:15066414936861848506]
[user:Anakin] [type:pago] [ammount:2884393358327110][total:15069299330220175616]
[user:Juan] [type:pago] [ammount:215238364000864][total:15069514568584176480]
[user:Juan] [type:descuento] [ammount:2834119887972260][total:15072348688472148740]
[user:Juan] [type:descuento] [ammount:3305872620005386][total:15075654561092154126]
[user:Kung] [type:cobro] [ammount:2056767592020713][total:15077711328684174839]
[user:Gustavo] [type:inversión] [ammount:368366043216837][total:15078079694727391676]
[user:Gustavo] [type:pago] [ammount:2150811544460778][total:15080230506271852454]
[user:Anakin] [type:cobro] [ammount:1070613463429625][total:15081301119735282079]
[user:Felipe] [type:descuento] [ammount:2891537079324624][total:15084192656814606703]
[user:Felipe] [type:pago] [ammount:1803049286140060][total:15085995706100746763]
[user:Felipe] [type:cobro] [ammount:3003923716458891][total:15088999629817205654]
[user:Juan] [type:inversión] [ammount:162908023322948][total:15089162537840528602]
[user:Juan] [type:inversión] [ammount:2030183501471563][total:15091192721342000165]
[user:Sonia] [type:pago] [ammount:1821452169534827][total:15093014173511534992]
[user:Sonia] [type:pago] [ammount:33129257606643][total:15093047302769141635]
[user:Dalí] [type:pago] [ammount:233302204107076][total:15093280604973248711]
[user:Juan] [type:inversión] [ammount:1856628335174880][total:15095137233308423591]
[user:Juan] [type:pago] [ammount:1607442083279884][total:15096744675391703475]
[user:Carlos] [type:pago] [ammount:1375920840088076][total:15098120596231791551]
[user:Felipe] [type:inversión] [ammount:1770105545657487][total:15099890701777449038]
[user:Dalí] [type:pago] [ammount:78147321060792][total:15099968849098509830]
[user:Juan] [type:descuento] [ammount:1950436105981018][total:15101919285204490848]
[user:Gustavo] [type:inversión] [ammount:3370018858353538][total:15105289304062844386]
[user:Gustavo] [type:pago] [ammount:93395650544874][total:15105382699713389260]
[user:Carlos] [type:cobro] [ammount:288166811543458][total:15105670866524932718]
[user:Dalí] [type:cobro] [ammount:2439080840302846][total:15108109947365235564]
[user:David] [type:pago] [ammount:2365447972221157][total:15110475395337456721]
[user:David] [type:cobro] [ammount:2427829723279895][total:15112903225060736616]
[user:Keanu] [type:cobro] [ammount:2928888479961076][total:15115832113540697692]
[user:Carlos] [type:inversión] [ammount:1447880324177061][total:15117279993864874753]
[user:Anakin] [type:descuento] [ammount:3392912388451967][total:15120672906253326720]
[user:Gustavo] [type:inversión] [ammount:2680614386011230][total:15123353520639337950]
[user:Anakin] [type:inversión] [ammount:938634956149575][total:15124292155595487525]
[user:Sonia] [type:cobro] [ammount:3074706418031311][total:15127366862013518836]
[user:Keanu] [type:pago] [ammount:47695998051845][total:15127414558011570681]
[user:David] [type:pago] [ammount:3361049864124792][total:15130775607875695473]
[user:David] [type:inversión] [ammount:201744557391620][total:15130977352433087093]
[user:Sonia] [type:descuento] [ammount:3202086035823999][total:15134179438468911092]
[user:Anakin] [type:pago] [ammount:3091120569680999][total:15137270559038592091]
[user:Dalí] [type:inversión] [ammount:1282329855838282][total:15138552888894430373]
[user:Sonia] [type:inversión] [ammount:439517715518167][total:15138992406609948540]
[user:Gustavo] [type:inversión] [ammount:671395507643111][total:15139663802117591651]
[user:Anakin] [type:inversión] [ammount:583814976461638][total:15140247617094053289]
[user:Anakin] [type:descuento] [ammount:1718548665209867][total:15141966165759263156]
[user:Anakin] [type:inversión] [ammount:280865454038358][total:15142247031213301514]
[user:Anakin] [type:descuento] [ammount:971698265345647][total:15143218729478647161]
[user:Kung] [type:pago] [ammount:683592583754151][total:15143902322062401312]
[user:Anakin] [type:cobro] [ammount:1777172530008273][total:15145679494592409585]
[user:Carlos] [type:descuento] [ammount:3434063374668407][total:15149113557967077992]
[user:Kung] [type:pago] [ammount:3081351222453989][total:15152194909189531981]
[user:Felipe] [type:cobro] [ammount:205729841464281][total:15152400639030996262]
[user:Gustavo] [type:inversión] [ammount:2491842467769733][total:15154892481498765995]
[user:Dalí] [type:descuento] [ammount:705111574405409][total:15155597593073171404]
[user:Juan] [type:pago] [ammount:1904805687818594][total:15157502398760989998]
[user:Kung] [type:pago] [ammount:2944681376994418][total:15160447080137984416]
[user:Felipe] [type:pago] [ammount:3624340054763376][total:15164071420192747792]
[user:Anakin] [type:descuento] [ammount:13032552343861][total:15164084452745091653]
[user:Felipe] [type:descuento] [ammount:1696620070757935][total:15165781072815849588]
[user:Carlos] [type:pago] [ammount:733738270643575][total:15166514811086493163]
[user:Keanu] [type:descuento] [ammount:3523558404708353][total:15170038369491201516]
[user:Kung] [type:cobro] [ammount:621525363788315][total:15170659894854989831]
[user:Felipe] [type:inversión] [ammount:835749801392187][total:15171495644656382018]
[user:Juan] [type:inversión] [ammount:1971239123097405][total:15173466883779479423]
[user:Juan] [type:pago] [ammount:390108237112433][total:15173856992016591856]
[user:David] [type:cobro] [ammount:2691073153808672][total:15176548065170400528]
[user:Gustavo] [type:descuento] [ammount:456729138962416][total:15177004794309362944]
[user:Anakin] [type:descuento] [ammount:1884735982541091][total:15178889530291904035]
[user:Felipe] [type:pago] [ammount:2928757252943761][total:15181818287544847796]
[user:Felipe] [type:pago] [ammount:2594793027311783][total:15184413080572159579]
[user:Dalí] [type:descuento] [ammount:245953270623213][total:15184659033842782792]
[user:Sonia] [type:cobro] [ammount:2763271979501094][total:15187422305822283886]
[user:Carlos] [type:descuento] [ammount:601561464061757][total:15188023867286345643]
[user:Felipe] [type:pago] [ammount:2750808524961237][total:15190774675811306880]
[user:Keanu] [type:pago] [ammount:3107014089332428][total:15193881689900639308]
[user:Dalí] [type:inversión] [ammount:2789752571854465][total:15196671442472493773]
[user:Keanu] [type:cobro] [ammount:3450364447031122][total:15200121806919524895]
[user:Dalí] [type:inversión] [ammount:2398719168773694][total:15202520526088298589]
[user:Juan] [type:pago] [ammount:3163541672411598][total:15205684067760710187]
[user:Felipe] [type:cobro] [ammount:3572299748178346][total:15209256367508888533]
[user:Juan] [type:descuento] [ammount:3083821611572977][total:15212340189120461510]
[user:David] [type:descuento] [ammount:3279311041701458][total:15215619500162162968]
[user:Sonia] [type:descuento] [ammount:2288512112416283][total:15217908012274579251]
[user:Carlos] [type:pago] [ammount:2800589399898060][total:15220708601674477311]
[user:Carlos] [type:descuento] [ammount:1486645899156453][total:15222195247573633764]
[user:Juan] [type:pago] [ammount:2635135531715645][total:15224830383105349409]
[user:Juan] [type:inversión] [ammount:1385180955841683][total:15226215564061191092]
[user:Kung] [type:inversión] [ammount:203123206488352][total:15226418687267679444]
[user:Keanu] [type:pago] [ammount:1856137641911589][total:15228274824909591033]
[user:David] [type:inversión] [ammount:2830845450801662][total:15231105670360392695]
[user:Sonia] [type:pago] [ammount:2728898905097604][total:15233834569265490299]
[user:Anakin] [type:descuento] [ammount:3534952444199032][total:15237369521709689331]
[user:Sonia] [type:inversión] [ammount:2686032575864341][total:15240055554285553672]
[user:Carlos] [type:pago] [ammount:437517141688274][total:15240493071427241946]
[user:Carlos] [type:pago] [ammount:656740391248460][total:15241149811818490406]
[user:Carlos] [type:descuento] [ammount:2269302746019253][total:15243419114564509659]
[user:Keanu] [type:inversión] [ammount:2257011681410084][total:15245676126245919743]
[user:Kung] [type:cobro] [ammount:729543519536517][total:15246405669765456260]
[user:Felipe] [type:pago] [ammount:3225725869119373][total:15249631395634575633]
[user:Keanu] [type:cobro] [ammount:2024025427411456][total:15251655421061987089]
[user:Sonia] [type:descuento] [ammount:3123672789812981][total:15254779093851800070]
[user:Sonia] [type:descuento] [ammount:925476084468905][total:15255704569936268975]
[user:Carlos] [type:inversión] [ammount:778866100833020][total:15256483436037101995]
[user:Keanu] [type:inversión] [ammount:1266242745622515][total:15257749678782724510]
[user:Anakin] [type:cobro] [ammount:148250146825914][total:15257897928929550424]
[user:Carlos] [type:cobro] [ammount:2111241514513128][total:15260009170444063552]
[user:Anakin] [type:descuento] [ammount:380073503145164][total:15260389243947208716]
[user:Sonia] [type:descuento] [ammount:1525592091308343][total:15261914836038517059]
[user:Anakin] [type:inversión] [ammount:1852597579082169][total:15263767433617599228]
[user:Juan] [type:cobro] [ammount:960847411666505][total:15264728281029265733]
[user:Keanu] [type:descuento] [ammount:1607073199431912][total:15266335354228697645]
[user:Juan] [type:cobro] [ammount:1258351042522983][total:15267593705271220628]
[user:Kung] [type:pago] [ammount:2902747028187335][total:15270496452299407963]
[user:Gustavo] [type:pago] [ammount:3574014001749980][total:15274070466301157943]
[user:Keanu] [type:cobro] [ammount:845660135510456][total:15274916126436668399]
[user:Gustavo] [type:cobro] [ammount:912208001111950][total:15275828334437780349]
[user:Dalí] [type:pago] [ammount:2995770832387953][total:15278824105270168302]
[user:Kung] [type:inversión] [ammount:2132690716577796][total:15280956795986746098]
[user:Juan] [type:inversión] [ammount:2208427871407477][total:15283165223858153575]
[user:Dalí] [type:pago] [ammount:3018715712066931][total:15286183939570220506]
[user:Gustavo] [type:cobro] [ammount:147167935190620][total:15286331107505411126]
[user:Gustavo] [type:descuento] [ammount:343549754770365][total:15286674657260181491]
[user:Juan] [type:descuento] [ammount:862865415249751][total:15287537522675431242]
[user:Sonia] [type:pago] [ammount:76479700041258][total:15287614002375472500]
[user:Keanu] [type:cobro] [ammount:1754287774609289][total:15289368290150081789]
[user:Carlos] [type:descuento] [ammount:2806958785089484][total:15292175248935171273]
[user:Keanu] [type:pago] [ammount:2811230752278105][total:15294986479687449378]
[user:David] [type:descuento] [ammount:254182107236235][total:15295240661794685613]
[user:Gustavo] [type:descuento] [ammount:426054169034505][total:15295666715963720118]
[user:Gustavo] [type:cobro] [ammount:291551326301095][total:15295958267290021213]
[user:Dalí] [type:descuento] [ammount:1155022368526547][total:15297113289658547760]
[user:Felipe] [type:inversión] [ammount:112723720917031][total:15297226013379464791]
[user:Sonia] [type:descuento] [ammount:801329876012520][total:15298027343255477311]
[user:Carlos] [type:inversión] [ammount:1053288143891217][total:15299080631399368528]
[user:Felipe] [type:cobro] [ammount:2388308478530753][total:15301468939877899281]
[user:Sonia] [type:pago] [ammount:1434502096158984][total:15302903441974058265]
[user:Anakin] [type:inversión] [ammount:152047305479905][total:15303055489279538170]
[user:Gustavo] [type:inversión] [ammount:1253730109301026][total:15304309219388839196]
[user:Keanu] [type:pago] [ammount:350595282897543][total:15304659814671736739]
[user:Dalí] [type:inversión] [ammount:1032939631722784][total:15305692754303459523]
[user:David] [type:pago] [ammount:1665203608309123][total:15307357957911768646]
[user:Keanu] [type:cobro] [ammount:395501534566534][total:15307753459446335180]
[user:Keanu] [type:descuento] [ammount:1997083949438661][total:15309750543395773841]
[user:Sonia] [type:descuento] [ammount:551872086165923][total:15310302415481939764]
[user:Kung] [type:cobro] [ammount:2302679289139760][total:15312605094771079524]
[user:Felipe] [type:cobro] [ammount:853224348930161][total:15313458319120009685]
[user:David] [type:pago] [ammount:3254117107464255][total:15316712436227473940]
[user:Carlos] [type:cobro] [ammount:3162940171724844][total:15319875376399198784]
[user:Dalí] [type:cobro] [ammount:2716998215240842][total:15322592374614439626]
[user:Sonia] [type:inversión] [ammount:1186098598219658][total:15323778473212659284]
[user:Dalí] [type:pago] [ammount:2629116946031034][total:15326407590158690318]
[user:Felipe] [type:descuento] [ammount:191364930945902][total:15326598955089636220]
[user:David] [type:inversión] [ammount:2047199840522878][total:15328646154930159098]
[user:Gustavo] [type:cobro] [ammount:37641411524170][total:15328683796341683268]
[user:Dalí] [type:descuento] [ammount:3369033045442609][total:15332052829387125877]
[user:Carlos] [type:cobro] [ammount:2551545516858417][total:15334604374903984294]
[user:Juan] [type:cobro] [ammount:1707810343088248][total:15336312185247072542]
[user:Keanu] [type:cobro] [ammount:2132655708686051][total:15338444840955758593]
[user:Sonia] [type:pago] [ammount:750850717463927][total:15339195691673222520]
[user:Sonia] [type:cobro] [ammount:292751513230458][total:15339488443186452978]
[user:Gustavo] [type:descuento] [ammount:2782184472504296][total:15342270627658957274]
[user:Sonia] [type:inversión] [ammount:3473326025449436][total:15345743953684406710]
[user:Carlos] [type:cobro] [ammount:230384012779218][total:15345974337697185928]
[user:Sonia] [type:inversión] [ammount:3015159375545475][total:15348989497072731403]
[user:Felipe] [type:descuento] [ammount:1974161612522352][total:15350963658685253755]
[user:Carlos] [type:pago] [ammount:2619671879186758][total:15353583330564440513]
[user:Felipe] [type:inversión] [ammount:2325905098617015][total:15355909235663057528]
[user:David] [type:inversión] [ammount:1795960459887633][total:15357705196122945161]
[user:Carlos] [type:cobro] [ammount:797524363001292][total:15358502720485946453]
[user:Juan] [type:descuento] [ammount:581397132992492][total:15359084117618938945]
[user:Kung] [type:inversión] [ammount:3105947104492632][total:15362190064723431577]
[user:Juan] [type:cobro] [ammount:1053366059769843][total:15363243430783201420]
[user:Gustavo] [type:inversión] [ammount:916922278687662][total:15364160353061889082]
[user:Juan] [type:pago] [ammount:2832340558118814][total:15366992693620007896]
[user:Kung] [type:cobro] [ammount:2896990650412618][total:15369889684270420514]
[user:Carlos] [type:inversión] [ammount:2878552760733635][total:15372768237031154149]
[user:Felipe] [type:inversión] [ammount:1535100603305125][total:15374303337634459274]
[user:Anakin] [type:pago] [ammount:378193196458898][total:15374681530830918172]
[user:Anakin] [type:cobro] [ammount:2403465072722038][total:15377084995903640210]
[user:David] [type:pago] [ammount:626832199609517][total:15377711828103249727]
[user:Anakin] [type:descuento] [ammount:2150090609714530][total:15379861918712964257]
[user:Sonia] [type:descuento] [ammount:1150949963542975][total:15381012868676507232]
[user:Juan] [type:pago] [ammount:2758264525315271][total:15383771133201822503]
[user:Carlos] [type:cobro] [ammount:1270191925706348][total:15385041325127528851]
[user:Kung] [type:inversión] [ammount:1383298179235318][total:15386424623306764169]
[user:David] [type:pago] [ammount:737910862638225][total:15387162534169402394]
[user:Sonia] [type:cobro] [ammount:1634025442388606][total:15388796559611791000]
[user:Dalí] [type:cobro] [ammount:3384162889709563][total:15392180722501500563]
[user:Sonia] [type:descuento] [ammount:2442674067976524][total:15394623396569477087]
[user:Dalí] [type:inversión] [ammount:3561629215172511][total:15398185025784649598]
[user:Carlos] [type:cobro] [ammount:3009954040761785][total:15401194979825411383]
[user:Sonia] [type:cobro] [ammount:3674162271563477][total:15404869142096974860]
[user:Gustavo] [type:pago] [ammount:1053370892599558][total:15405922512989574418]
[user:Dalí] [type:cobro] [ammount:3608053676325033][total:15409530566665899451]
[user:Gustavo] [type:pago] [ammount:2349285719969377][total:15411879852385868828]
[user:Felipe] [type:inversión] [ammount:2260663530819593][total:15414140515916688421]
[user:Gustavo] [type:cobro] [ammount:434491590757999][total:15414575007507446420]
[user:Sonia] [type:cobro] [ammount:678812594941241][total:15415253820102387661]
[user:Dalí] [type:pago] [ammount:377957919790274][total:15415631778022177935]
[user:Dalí] [type:pago] [ammount:3421532884556707][total:15419053310906734642]
[user:David] [type:inversión] [ammount:2970258026281978][total:15422023568933016620]
[user:Sonia] [type:descuento] [ammount:190040109239605][total:15422213609042256225]
[user:Keanu] [type:inversión] [ammount:2984254825997795][total:15425197863868254020]
[user:Dalí] [type:descuento] [ammount:3677778532086683][total:15428875642400340703]
[user:Dalí] [type:descuento] [ammount:2139718159730417][total:15431015360560071120]
[user:Dalí] [type:pago] [ammount:3397133035925915][total:15434412493595997035]
[user:Gustavo] [type:descuento] [ammount:2039415480444765][total:15436451909076441800]
[user:Keanu] [type:cobro] [ammount:2720837792838510][total:15439172746869280310]
[user:Sonia] [type:descuento] [ammount:830682537652210][total:15440003429406932520]
[user:Keanu] [type:cobro] [ammount:3420051189243174][total:15443423480596175694]
[user:Kung] [type:cobro] [ammount:1575434232106789][total:15444998914828282483]
[user:Felipe] [type:pago] [ammount:1164977320290179][total:15446163892148572662]
[user:Keanu] [type:descuento] [ammount:3237515167823991][total:15449401407316396653]
[user:Felipe] [type:descuento] [ammount:2623134155392115][total:15452024541471788768]
[user:David] [type:inversión] [ammount:2916913011207743][total:15454941454482996511]
[user:Keanu] [type:descuento] [ammount:1644418302598185][total:15456585872785594696]
[user:David] [type:inversión] [ammount:30424715246008][total:15456616297500840704]
[user:David] [type:descuento] [ammount:2808927618420469][total:15459425225119261173]
[user:Dalí] [type:cobro] [ammount:1663466617559266][total:15461088691736820439]
[user:Dalí] [type:cobro] [ammount:3572667009235365][total:15464661358746055804]
[user:Carlos] [type:descuento] [ammount:305217842385999][total:15464966576588441803]
[user:Carlos] [type:inversión] [ammount:2377356842208245][total:15467343933430650048]
[user:Anakin] [type:pago] [ammount:3530558604182717][total:15470874492034832765]
[user:Carlos] [type:descuento] [ammount:2631322065089230][total:15473505814099921995]
[user:Felipe] [type:cobro] [ammount:2532860920685899][total:15476038675020607894]
[user:Kung] [type:cobro] [ammount:3458750241042984][total:15479497425261650878]
[user:Keanu] [type:descuento] [ammount:759018157443136][total:15480256443419094014]
[user:Sonia] [type:pago] [ammount:2809064831600882][total:15483065508250694896]
[user:Gustavo] [type:descuento] [ammount:3408719740162747][total:15486474227990857643]
[user:Carlos] [type:inversión] [ammount:413233538381487][total:15486887461529239130]
[user:Dalí] [type:inversión] [ammount:1109348997666578][total:15487996810526905708]
[user:Juan] [type:descuento] [ammount:2743424900567821][total:15490740235427473529]
[user:Keanu] [type:descuento] [ammount:349725591080183][total:15491089961018553712]
[user:Kung] [type:inversión] [ammount:3280380970593098][total:15494370341989146810]
[user:Felipe] [type:inversión] [ammount:2771813485334838][total:15497142155474481648]
[user:Felipe] [type:pago] [ammount:818894193542917][total:15497961049668024565]
[user:Anakin] [type:cobro] [ammount:3213038363076043][total:15501174088031100608]
[user:Gustavo] [type:cobro] [ammount:2688812985067399][total:15503862901016168007]
[user:Anakin] [type:pago] [ammount:1353084637402064][total:15505215985653570071]
[user:Anakin] [type:descuento] [ammount:1485983067107368][total:15506701968720677439]
[user:David] [type:pago] [ammount:132238411333667][total:15506834207132011106]
[user:Keanu] [type:pago] [ammount:241418125734884][total:15507075625257745990]
[user:Anakin] [type:descuento] [ammount:1344952532888400][total:15508420577790634390]
[user:David] [type:descuento] [ammount:1135675101061558][total:15509556252891695948]
[user:Sonia] [type:descuento] [ammount:2447949742688716][total:15512004202634384664]
[user:Juan] [type:inversión] [ammount:3228944314072972][total:15515233146948457636]
[user:Anakin] [type:pago] [ammount:2199371423534615][total:15517432518371992251]
[user:Dalí] [type:descuento] [ammount:3250506522913872][total:15520683024894906123]
[user:Dalí] [type:descuento] [ammount:2372954847127795][total:15523055979742033918]
[user:Anakin] [type:descuento] [ammount:1659343394699283][total:15524715323136733201]
[user:Gustavo] [type:cobro] [ammount:1263551549060009][total:15525978874685793210]
[user:Anakin] [type:cobro] [ammount:1540207998160973][total:15527519082683954183]
[user:Carlos] [type:pago] [ammount:808133926209183][total:15528327216610163366]
[user:David] [type:cobro] [ammount:2072548610539950][total:15530399765220703316]
[user:Kung] [type:inversión] [ammount:1013625157864273][total:15531413390378567589]
[user:Sonia] [type:descuento] [ammount:2775443548974518][total:15534188833927542107]
[user:Juan] [type:descuento] [ammount:81985661345637][total:15534270819588887744]
[user:Gustavo] [type:cobro] [ammount:1011358304626303][total:15535282177893514047]
[user:Felipe] [type:descuento] [ammount:639577598127573][total:15535921755491641620]
[user:David] [type:descuento] [ammount:2557823913512828][total:15538479579405154448]
[user:Kung] [type:descuento] [ammount:2490653613340233][total:15540970233018494681]
[user:Juan] [type:cobro] [ammount:269271197466927][total:15541239504215961608]
[user:Sonia] [type:pago] [ammount:3493000590293305][total:15544732504806254913]
[user:Anakin] [type:pago] [ammount:329230408745817][total:15545061735215000730]
[user:Keanu] [type:inversión] [ammount:1655164215699057][total:15546716899430699787]
[user:Felipe] [type:inversión] [ammount:914136306038285][total:15547631035736738072]
[user:Felipe] [type:cobro] [ammount:2601076384740883][total:15550232112121478955]
[user:Anakin] [type:descuento] [ammount:3344153413241475][total:15553576265534720430]
[user:Felipe] [type:cobro] [ammount:2482264022913239][total:15556058529557633669]
[user:Anakin] [type:pago] [ammount:1030980416391799][total:15557089509974025468]
[user:David] [type:pago] [ammount:1378296873066479][total:15558467806847091947]
[user:David] [type:descuento] [ammount:1128521150776427][total:15559596327997868374]
[user:Sonia] [type:descuento] [ammount:2949285759024275][total:15562545613756892649]
[user:Juan] [type:cobro] [ammount:1381819426753670][total:15563927433183646319]
[user:Keanu] [type:cobro] [ammount:1039368973527319][total:15564966802157173638]
[user:Sonia] [type:pago] [ammount:1299607434214916][total:15566266409591388554]
[user:Keanu] [type:cobro] [ammount:1616917813858090][total:15567883327405246644]
[user:Carlos] [type:descuento] [ammount:425395288756468][total:15568308722694003112]
[user:Kung] [type:cobro] [ammount:2000149791456247][total:15570308872485459359]
[user:Carlos] [type:descuento] [ammount:1662570858947719][total:15571971443344407078]
[user:Sonia] [type:descuento] [ammount:1723778275729399][total:15573695221620136477]
[user:Keanu] [type:inversión] [ammount:426449830258376][total:15574121671450394853]
[user:Juan] [type:descuento] [ammount:3007348201865877][total:15577129019652260730]
[user:David] [type:cobro] [ammount:1083062184429650][total:15578212081836690380]
[user:Dalí] [type:inversión] [ammount:632432964202031][total:15578844514800892411]
[user:Juan] [type:descuento] [ammount:1024923592560122][total:15579869438393452533]
[user:Carlos] [type:pago] [ammount:2599762458218197][total:15582469200851670730]
[user:Gustavo] [type:pago] [ammount:3038521510964683][total:15585507722362635413]
[user:Juan] [type:inversión] [ammount:1248319856809462][total:15586756042219444875]
[user:Keanu] [type:cobro] [ammount:1438372010440296][total:15588194414229885171]
[user:Carlos] [type:pago] [ammount:2071012497461379][total:15590265426727346550]
[user:Keanu] [type:inversión] [ammount:2390350613521964][total:15592655777340868514]
[user:Felipe] [type:descuento] [ammount:2728067603683504][total:15595383844944552018]
[user:Carlos] [type:descuento] [ammount:1835880226578638][total:15597219725171130656]
[user:Dalí] [type:descuento] [ammount:936672718137434][total:15598156397889268090]
[user:Sonia] [type:descuento] [ammount:162964438836845][total:15598319362328104935]
[user:Carlos] [type:pago] [ammount:1542702201454098][total:15599862064529559033]
[user:Sonia] [type:cobro] [ammount:2948125397243149][total:15602810189926802182]
[user:Keanu] [type:pago] [ammount:834191682553592][total:15603644381609355774]
[user:David] [type:cobro] [ammount:3304630576752104][total:15606949012186107878]
[user:Sonia] [type:descuento] [ammount:833262670138087][total:15607782274856245965]
[user:Keanu] [type:cobro] [ammount:1229046972000509][total:15609011321828246474]
[user:David] [type:descuento] [ammount:713219294696853][total:15609724541122943327]
[user:Juan] [type:pago] [ammount:367852293865655][total:15610092393416808982]
[user:Sonia] [type:descuento] [ammount:484392118942156][total:15610576785535751138]
[user:Gustavo] [type:descuento] [ammount:1865421594859869][total:15612442207130611007]
[user:David] [type:descuento] [ammount:2022315941848506][total:15614464523072459513]
[user:Juan] [type:cobro] [ammount:992076597327694][total:15615456599669787207]
[user:David] [type:cobro] [ammount:479631696863871][total:15615936231366651078]
[user:Felipe] [type:inversión] [ammount:2576248437832706][total:15618512479804483784]
[user:Carlos] [type:inversión] [ammount:1809283023024493][total:15620321762827508277]
[user:Sonia] [type:descuento] [ammount:89695085943470][total:15620411457913451747]
[user:Carlos] [type:pago] [ammount:19649856978855][total:15620431107770430602]
[user:David] [type:cobro] [ammount:2086196243059883][total:15622517304013490485]
[user:Anakin] [type:inversión] [ammount:3459464473426566][total:15625976768486917051]
[user:Dalí] [type:cobro] [ammount:3597174323889045][total:15629573942810806096]
[user:Gustavo] [type:cobro] [ammount:760967438620800][total:15630334910249426896]
[user:Keanu] [type:inversión] [ammount:2235055523869205][total:15632569965773296101]
[user:Carlos] [type:descuento] [ammount:2697533771786099][total:15635267499545082200]
[user:Sonia] [type:descuento] [ammount:231309982122473][total:15635498809527204673]
[user:Dalí] [type:cobro] [ammount:2865555401429580][total:15638364364928634253]
[user:Keanu] [type:inversión] [ammount:3509925355603283][total:15641874290284237536]
[user:Carlos] [type:cobro] [ammount:3153742047306197][total:15645028032331543733]
[user:David] [type:descuento] [ammount:940709742042767][total:15645968742073586500]
[user:David] [type:cobro] [ammount:1502927081153227][total:15647471669154739727]
[user:Gustavo] [type:cobro] [ammount:1127812102995196][total:15648599481257734923]
[user:Carlos] [type:inversión] [ammount:3421958373409696][total:15652021439631144619]
[user:Dalí] [type:cobro] [ammount:863764063814706][total:15652885203694959325]
[user:Sonia] [type:cobro] [ammount:3510177727754960][total:15656395381422714285]
[user:Gustavo] [type:cobro] [ammount:708952240763219][total:15657104333663477504]
[user:Carlos] [type:inversión] [ammount:3562192728549959][total:15660666526392027463]
[user:Felipe] [type:cobro] [ammount:3577151613906077][total:15664243678005933540]
[user:Kung] [type:inversión] [ammount:999604554536081][total:15665243282560469621]
[user:Dalí] [type:inversión] [ammount:3056250416072721][total:15668299532976542342]
[user:Kung] [type:cobro] [ammount:2142566466495476][total:15670442099443037818]
[user:Carlos] [type:inversión] [ammount:2283392404984424][total:15672725491848022242]
[user:Carlos] [type:descuento] [ammount:1530030751678494][total:15674255522599700736]
[user:Felipe] [type:cobro] [ammount:2321451245629625][total:15676576973845330361]
[user:Carlos] [type:descuento] [ammount:2857223981631200][total:15679434197826961561]
[user:Felipe] [type:cobro] [ammount:546091116960][total:15679434743918078521]
[user:Sonia] [type:cobro] [ammount:898931989921858][total:15680333675908000379]
[user:Juan] [type:descuento] [ammount:670845075327480][total:15681004520983327859]
[user:Dalí] [type:descuento] [ammount:1664329460976160][total:15682668850444304019]
[user:Juan] [type:cobro] [ammount:689918296269528][total:15683358768740573547]
[user:Juan] [type:cobro] [ammount:1666999390102851][total:15685025768130676398]
[user:Sonia] [type:cobro] [ammount:1774649368780854][total:15686800417499457252]
[user:Anakin] [type:descuento] [ammount:2571492662009087][total:15689371910161466339]
[user:Keanu] [type:inversión] [ammount:2606974018589616][total:15691978884180055955]
[user:Carlos] [type:pago] [ammount:2954764867598598][total:15694933649047654553]
[user:Juan] [type:cobro] [ammount:1473681870525396][total:15696407330918179949]
[user:Gustavo] [type:cobro] [ammount:2211388471319290][total:15698618719389499239]
[user:Juan] [type:cobro] [ammount:2718395427130582][total:15701337114816629821]
[user:Sonia] [type:cobro] [ammount:3027027136627993][total:15704364141953257814]
[user:David] [type:inversión] [ammount:26656190258059][total:15704390798143515873]
[user:Anakin] [type:descuento] [ammount:3235302844710826][total:15707626100988226699]
[user:Gustavo] [type:inversión] [ammount:3426534800046767][total:15711052635788273466]
[user:Dalí] [type:descuento] [ammount:2267839750877780][total:15713320475539151246]
[user:Anakin] [type:inversión] [ammount:3687114410832760][total:15717007589949984006]
[user:Keanu] [type:pago] [ammount:721814600036091][total:15717729404550020097]
[user:David] [type:inversión] [ammount:2270211595372993][total:15719999616145393090]
[user:Dalí] [type:inversión] [ammount:2420471468732324][total:15722420087614125414]
[user:Sonia] [type:pago] [ammount:3524602554086481][total:15725944690168211895]
[user:Gustavo] [type:pago] [ammount:1007704124604194][total:15726952394292816089]
[user:Kung] [type:pago] [ammount:808566426672422][total:15727760960719488511]
[user:Gustavo] [type:cobro] [ammount:2192076826339840][total:15729953037545828351]
[user:David] [type:inversión] [ammount:283866919485196][total:15730236904465313547]
[user:Felipe] [type:descuento] [ammount:3329207941136422][total:15733566112406449969]
[user:Keanu] [type:pago] [ammount:565706366749738][total:15734131818773199707]
[user:Juan] [type:pago] [ammount:2531829433021122][total:15736663648206220829]
[user:Anakin] [type:cobro] [ammount:3161440325768357][total:15739825088531989186]
[user:Dalí] [type:descuento] [ammount:1297164328727814][total:15741122252860717000]
[user:Anakin] [type:pago] [ammount:621902195460529][total:15741744155056177529]
[user:Sonia] [type:descuento] [ammount:1111327434136323][total:15742855482490313852]
[user:Felipe] [type:pago] [ammount:1038698638239625][total:15743894181128553477]
[user:Dalí] [type:pago] [ammount:1983154422917536][total:15745877335551471013]
[user:Juan] [type:cobro] [ammount:349372410145782][total:15746226707961616795]
[user:Kung] [type:cobro] [ammount:1364545481479119][total:15747591253443095914]
[user:Gustavo] [type:cobro] [ammount:1376432246713291][total:15748967685689809205]
[user:David] [type:inversión] [ammount:2225163266703707][total:15751192848956512912]
[user:Felipe] [type:pago] [ammount:3626546493756226][total:15754819395450269138]
[user:Anakin] [type:pago] [ammount:908784051066135][total:15755728179501335273]
[user:Dalí] [type:descuento] [ammount:103336671822461][total:15755831516173157734]
[user:David] [type:inversión] [ammount:3561124774593738][total:15759392640947751472]
[user:Dalí] [type:inversión] [ammount:3555663472183301][total:15762948304419934773]
[user:Kung] [type:inversión] [ammount:226011350934676][total:15763174315770869449]
[user:Juan] [type:pago] [ammount:757083197345150][total:15763931398968214599]
[user:Dalí] [type:inversión] [ammount:474332835315318][total:15764405731803529917]
[user:Carlos] [type:pago] [ammount:2950083355013816][total:15767355815158543733]
[user:Anakin] [type:cobro] [ammount:2852725103602223][total:15770208540262145956]
[user:Kung] [type:descuento] [ammount:2584620160131365][total:15772793160422277321]
[user:Anakin] [type:cobro] [ammount:1631823367836424][total:15774424983790113745]
[user:David] [type:pago] [ammount:2038702482643790][total:15776463686272757535]
[user:Carlos] [type:cobro] [ammount:1974349183262625][total:15778438035456020160]
[user:Dalí] [type:descuento] [ammount:1904678117959548][total:15780342713573979708]
[user:Kung] [type:pago] [ammount:3495987667576917][total:15783838701241556625]
[user:Juan] [type:pago] [ammount:1267083916151726][total:15785105785157708351]
[user:Keanu] [type:pago] [ammount:3331451732389730][total:15788437236890098081]
[user:Felipe] [type:pago] [ammount:1671505340710161][total:15790108742230808242]
[user:Sonia] [type:descuento] [ammount:1380657424715936][total:15791489399655524178]
[user:Juan] [type:descuento] [ammount:1760519342717016][total:15793249918998241194]
[user:Gustavo] [type:inversión] [ammount:1537733514347633][total:15794787652512588827]
[user:Anakin] [type:inversión] [ammount:2315647785055949][total:15797103300297644776]
[user:Sonia] [type:pago] [ammount:2695816085831349][total:15799799116383476125]
[user:Kung] [type:cobro] [ammount:2984411548428749][total:15802783527931904874]
[user:David] [type:pago] [ammount:2122774680362429][total:15804906302612267303]
[user:Anakin] [type:cobro] [ammount:3632848106470298][total:15808539150718737601]
[user:Sonia] [type:inversión] [ammount:130137192797470][total:15808669287911535071]
[user:Juan] [type:descuento] [ammount:983950012968020][total:15809653237924503091]
[user:Sonia] [type:inversión] [ammount:2085216205495446][total:15811738454129998537]
[user:Dalí] [type:cobro] [ammount:2077573630592253][total:15813816027760590790]
[user:Dalí] [type:inversión] [ammount:2834501047773645][total:15816650528808364435]
[user:Anakin] [type:descuento] [ammount:279591623695570][total:15816930120432060005]
[user:Kung] [type:inversión] [ammount:340649686640110][total:15817270770118700115]
[user:Keanu] [type:inversión] [ammount:1160397171095299][total:15818431167289795414]
[user:Carlos] [type:pago] [ammount:600994756283660][total:15819032162046079074]
[user:Gustavo] [type:descuento] [ammount:2844117430719086][total:15821876279476798160]
[user:Sonia] [type:cobro] [ammount:582316664010449][total:15822458596140808609]
[user:Carlos] [type:descuento] [ammount:702620186575754][total:15823161216327384363]
[user:Felipe] [type:pago] [ammount:2500196303227808][total:15825661412630612171]
[user:Felipe] [type:inversión] [ammount:277342227137531][total:15825938754857749702]
[user:Anakin] [type:pago] [ammount:2284723844803012][total:15828223478702552714]
[user:Sonia] [type:descuento] [ammount:3643033652677329][total:15831866512355230043]
[user:Carlos] [type:cobro] [ammount:2475400275929986][total:15834341912631160029]
[user:Keanu] [type:inversión] [ammount:2705162938910319][total:15837047075570070348]
[user:David] [type:pago] [ammount:337311491406924][total:15837384387061477272]
[user:Gustavo] [type:inversión] [ammount:479452166885835][total:15837863839228363107]
[user:Kung] [type:inversión] [ammount:1574949236279145][total:15839438788464642252]
[user:Carlos] [type:descuento] [ammount:3113649206145913][total:15842552437670788165]
[user:Sonia] [type:cobro] [ammount:867190008715419][total:15843419627679503584]
[user:David] [type:cobro] [ammount:1342726403870261][total:15844762354083373845]
[user:Gustavo] [type:descuento] [ammount:1469744454456132][total:15846232098537829977]
[user:David] [type:pago] [ammount:2021563732716805][total:15848253662270546782]
[user:Felipe] [type:pago] [ammount:3502703799342944][total:15851756366069889726]
[user:Carlos] [type:inversión] [ammount:590741742709490][total:15852347107812599216]
[user:David] [type:descuento] [ammount:1355355229915850][total:15853702463042515066]
[user:Sonia] [type:descuento] [ammount:803910543710561][total:15854506373586225627]
[user:Juan] [type:cobro] [ammount:2929142519732151][total:15857435516105957778]
[user:Keanu] [type:inversión] [ammount:183711466931504][total:15857619227572889282]
[user:Anakin] [type:cobro] [ammount:2474552754921255][total:15860093780327810537]
[user:Gustavo] [type:descuento] [ammount:705748959364802][total:15860799529287175339]
[user:Carlos] [type:pago] [ammount:2299750368580062][total:15863099279655755401]
[user:Gustavo] [type:descuento] [ammount:658002899143405][total:15863757282554898806]
[user:Juan] [type:descuento] [ammount:1557065796810975][total:15865314348351709781]
[user:Felipe] [type:inversión] [ammount:1001786625833941][total:15866316134977543722]
[user:Dalí] [type:inversión] [ammount:381576212908184][total:15866697711190451906]
[user:Kung] [type:inversión] [ammount:1544968827757187][total:15868242680018209093]
[user:Sonia] [type:inversión] [ammount:1323922961852604][total:15869566602980061697]
[user:Sonia] [type:pago] [ammount:691352099226753][total:15870257955079288450]
[user:Felipe] [type:pago] [ammount:3630866192647383][total:15873888821271935833]
[user:David] [type:cobro] [ammount:3535387224070096][total:15877424208496005929]
[user:Juan] [type:pago] [ammount:1411722137886934][total:15878835930633892863]
[user:Sonia] [type:pago] [ammount:2158749777266729][total:15880994680411159592]
[user:Felipe] [type:pago] [ammount:978322931021445][total:15881973003342181037]
[user:Kung] [type:descuento] [ammount:2575842151467455][total:15884548845493648492]
[user:Carlos] [type:cobro] [ammount:2930664547460353][total:15887479510041108845]
[user:Carlos] [type:descuento] [ammount:1165445108790072][total:15888644955149898917]
[user:Carlos] [type:cobro] [ammount:2555052965092117][total:15891200008114991034]
[user:Sonia] [type:cobro] [ammount:2751851899836292][total:15893951860014827326]
[user:Anakin] [type:descuento] [ammount:3593151197815600][total:15897545011212642926]
[user:Carlos] [type:descuento] [ammount:3328787362146640][total:15900873798574789566]
[user:Felipe] [type:cobro] [ammount:2564262208732063][total:15903438060783521629]
[user:Gustavo] [type:inversión] [ammount:245526870757549][total:15903683587654279178]
[user:David] [type:descuento] [ammount:2848516029518688][total:15906532103683797866]
[user:Kung] [type:inversión] [ammount:353756676236725][total:15906885860360034591]
[user:Felipe] [type:cobro] [ammount:3138165979544246][total:15910024026339578837]
[user:Sonia] [type:pago] [ammount:2702414109780092][total:15912726440449358929]
[user:David] [type:pago] [ammount:1065176046808008][total:15913791616496166937]
[user:Felipe] [type:inversión] [ammount:2339485364505512][total:15916131101860672449]
[user:Sonia] [type:descuento] [ammount:456903229187961][total:15916588005089860410]
[user:Kung] [type:cobro] [ammount:413747089783653][total:15917001752179644063]
[user:Sonia] [type:pago] [ammount:1360716400776010][total:15918362468580420073]
[user:David] [type:inversión] [ammount:2886578375857366][total:15921249046956277439]
[user:Anakin] [type:cobro] [ammount:3428877464556108][total:15924677924420833547]
[user:Gustavo] [type:inversión] [ammount:2046229816737959][total:15926724154237571506]
[user:Anakin] [type:inversión] [ammount:2249838011827810][total:15928973992249399316]
[user:Carlos] [type:pago] [ammount:502660482916499][total:15929476652732315815]
[user:Felipe] [type:cobro] [ammount:2523332827906385][total:15931999985560222200]
[user:David] [type:inversión] [ammount:2534407481572937][total:15934534393041795137]
[user:Juan] [type:inversión] [ammount:2982690296471834][total:15937517083338266971]
[user:Carlos] [type:descuento] [ammount:2025771051703230][total:15939542854389970201]
[user:Juan] [type:pago] [ammount:1116213302618982][total:15940659067692589183]
[user:David] [type:inversión] [ammount:2224848373522007][total:15942883916066111190]
[user:Kung] [type:pago] [ammount:1045289823171741][total:15943929205889282931]
[user:Juan] [type:inversión] [ammount:404953824756752][total:15944334159714039683]
[user:Keanu] [type:pago] [ammount:170097341974467][total:15944504257056014150]
[user:David] [type:cobro] [ammount:1518116754104887][total:15946022373810119037]
[user:Sonia] [type:descuento] [ammount:2240883411557396][total:15948263257221676433]
[user:Dalí] [type:inversión] [ammount:3436395447264194][total:15951699652668940627]
[user:Keanu] [type:descuento] [ammount:3302430392022335][total:15955002083060962962]
[user:Sonia] [type:cobro] [ammount:2754580592919394][total:15957756663653882356]
[user:Sonia] [type:inversión] [ammount:2359579872900400][total:15960116243526782756]
[user:Kung] [type:descuento] [ammount:344419071440225][total:15960460662598222981]
[user:Carlos] [type:pago] [ammount:982821911008352][total:15961443484509231333]
[user:Kung] [type:inversión] [ammount:3089081901958797][total:15964532566411190130]
[user:Sonia] [type:pago] [ammount:3013113879194132][total:15967545680290384262]
[user:Juan] [type:inversión] [ammount:2957723230247019][total:15970503403520631281]
[user:Anakin] [type:descuento] [ammount:2784033810129692][total:15973287437330760973]
[user:Gustavo] [type:descuento] [ammount:2523746064527204][total:15975811183395288177]
[user:Carlos] [type:descuento] [ammount:559836735608900][total:15976371020130897077]
[user:Felipe] [type:descuento] [ammount:1569160111173082][total:15977940180242070159]
[user:Anakin] [type:pago] [ammount:2151476777726283][total:15980091657019796442]
[user:Gustavo] [type:descuento] [ammount:3635007643510625][total:15983726664663307067]
[user:Sonia] [type:cobro] [ammount:2558810577319862][total:15986285475240626929]
[user:Keanu] [type:pago] [ammount:1283125510081566][total:15987568600750708495]
[user:Carlos] [type:cobro] [ammount:3047888545977893][total:15990616489296686388]
[user:Anakin] [type:pago] [ammount:2805776853227024][total:15993422266149913412]
[user:Keanu] [type:pago] [ammount:2132976768633017][total:15995555242918546429]
[user:Juan] [type:descuento] [ammount:2495633358694377][total:15998050876277240806]
[user:Keanu] [type:descuento] [ammount:1947470414786924][total:15999998346692027730]
[user:David] [type:descuento] [ammount:465943183644630][total:16000464289875672360]
[user:David] [type:descuento] [ammount:493706248370855][total:16000957996124043215]
[user:Carlos] [type:inversión] [ammount:2420919568502572][total:16003378915692545787]
[user:Carlos] [type:inversión] [ammount:3208381832252953][total:16006587297524798740]
[user:Gustavo] [type:cobro] [ammount:1238325274902706][total:16007825622799701446]
[user:Keanu] [type:pago] [ammount:1816714895717690][total:16009642337695419136]
[user:Carlos] [type:inversión] [ammount:931363318204882][total:16010573701013624018]
[user:Gustavo] [type:cobro] [ammount:2637076685716521][total:16013210777699340539]
[user:Sonia] [type:cobro] [ammount:463172247143042][total:16013673949946483581]
[user:Juan] [type:cobro] [ammount:3664399991576565][total:16017338349938060146]
[user:Keanu] [type:pago] [ammount:3074574434460497][total:16020412924372520643]
[user:Felipe] [type:descuento] [ammount:2543417670072058][total:16022956342042592701]
[user:Keanu] [type:descuento] [ammount:2491737281327839][total:16025448079323920540]
[user:Anakin] [type:pago] [ammount:2463195485902834][total:16027911274809823374]
[user:Carlos] [type:pago] [ammount:2322211903048747][total:16030233486712872121]
[user:Carlos] [type:cobro] [ammount:3260237072534983][total:16033493723785407104]
[user:Sonia] [type:inversión] [ammount:2294680946439925][total:16035788404731847029]
[user:Sonia] [type:cobro] [ammount:1948619610778644][total:16037737024342625673]
[user:Kung] [type:inversión] [ammount:1443684122929010][total:16039180708465554683]
[user:Anakin] [type:pago] [ammount:3658545127131703][total:16042839253592686386]
[user:Carlos] [type:cobro] [ammount:985284131515899][total:16043824537724202285]
[user:Kung] [type:descuento] [ammount:1299771904033966][total:16045124309628236251]
[user:Gustavo] [type:pago] [ammount:634207041900956][total:16045758516670137207]
[user:Gustavo] [type:inversión] [ammount:3476328751398814][total:16049234845421536021]
[user:Keanu] [type:inversión] [ammount:2400210941257187][total:16051635056362793208]
[user:Juan] [type:inversión] [ammount:196911278472995][total:16051831967641266203]
[user:Kung] [type:inversión] [ammount:2470213635266370][total:16054302181276532573]
[user:Juan] [type:pago] [ammount:1263982957541946][total:16055566164234074519]
[user:Kung] [type:descuento] [ammount:2276758964154325][total:16057842923198228844]
[user:Kung] [type:pago] [ammount:427724880376456][total:16058270648078605300]
[user:Felipe] [type:pago] [ammount:3226364879089055][total:16061497012957694355]
[user:Sonia] [type:inversión] [ammount:424864054787936][total:16061921877012482291]
[user:Keanu] [type:descuento] [ammount:149017979675179][total:16062070894992157470]
[user:Kung] [type:pago] [ammount:162183861721749][total:16062233078853879219]
[user:Sonia] [type:inversión] [ammount:2122686095948479][total:16064355764949827698]
[user:Felipe] [type:cobro] [ammount:3182222975517242][total:16067537987925344940]
[user:Dalí] [type:cobro] [ammount:2960696904058160][total:16070498684829403100]
[user:Kung] [type:pago] [ammount:2091722004943563][total:16072590406834346663]
[user:David] [type:cobro] [ammount:1636568895787095][total:16074226975730133758]
[user:Sonia] [type:cobro] [ammount:492880327776793][total:16074719856057910551]
[user:Sonia] [type:cobro] [ammount:1064556364838448][total:16075784412422748999]
[user:Carlos] [type:cobro] [ammount:55093873138769][total:16075839506295887768]
[user:Sonia] [type:inversión] [ammount:2242373806241629][total:16078081880102129397]
[user:David] [type:cobro] [ammount:491104669570540][total:16078572984771699937]
[user:Gustavo] [type:descuento] [ammount:2190648948092841][total:16080763633719792778]
[user:Sonia] [type:descuento] [ammount:173242161031972][total:16080936875880824750]
[user:Kung] [type:pago] [ammount:687850490721892][total:16081624726371546642]
[user:Anakin] [type:pago] [ammount:2986634558742933][total:16084611360930289575]
[user:Sonia] [type:pago] [ammount:2476598088680141][total:16087087959018969716]
[user:Carlos] [type:cobro] [ammount:3225071342474269][total:16090313030361443985]
[user:Gustavo] [type:inversión] [ammount:1155729858128403][total:16091468760219572388]
[user:Felipe] [type:pago] [ammount:1792350414748184][total:16093261110634320572]
[user:Sonia] [type:cobro] [ammount:1868038123892991][total:16095129148758213563]
[user:Carlos] [type:cobro] [ammount:1290703097378443][total:16096419851855592006]
[user:Gustavo] [type:cobro] [ammount:1938217088203578][total:16098358068943795584]
[user:Sonia] [type:descuento] [ammount:734645438117773][total:16099092714381913357]
[user:Sonia] [type:cobro] [ammount:2617615751987833][total:16101710330133901190]
[user:Carlos] [type:inversión] [ammount:220013347683113][total:16101930343481584303]
[user:Carlos] [type:descuento] [ammount:2261552515090074][total:16104191895996674377]
[user:Gustavo] [type:inversión] [ammount:2456119197378014][total:16106648015194052391]
[user:David] [type:descuento] [ammount:2302955390750616][total:16108950970584803007]
[user:Anakin] [type:cobro] [ammount:3274249725245993][total:16112225220310049000]
[user:Carlos] [type:cobro] [ammount:51744250288722][total:16112276964560337722]
[user:Felipe] [type:descuento] [ammount:2992786741663798][total:16115269751302001520]
[user:Anakin] [type:cobro] [ammount:1590990486310348][total:16116860741788311868]
[user:Carlos] [type:descuento] [ammount:1864182683454813][total:16118724924471766681]
[user:Felipe] [type:inversión] [ammount:3113033720713433][total:16121837958192480114]
[user:Felipe] [type:pago] [ammount:361627597050777][total:16122199585789530891]
[user:Dalí] [type:inversión] [ammount:484085062688862][total:16122683670852219753]
[user:David] [type:inversión] [ammount:1939137718615591][total:16124622808570835344]
[user:Kung] [type:cobro] [ammount:3198844877356513][total:16127821653448191857]
[user:Keanu] [type:cobro] [ammount:2688481985741820][total:16130510135433933677]
[user:Keanu] [type:inversión] [ammount:2602289145548328][total:16133112424579482005]
[user:Gustavo] [type:pago] [ammount:2903236601027861][total:16136015661180509866]
[user:Anakin] [type:pago] [ammount:3146123615751420][total:16139161784796261286]
[user:David] [type:inversión] [ammount:1254825196982676][total:16140416609993243962]
[user:Anakin] [type:descuento] [ammount:3510933996082890][total:16143927543989326852]
[user:Kung] [type:pago] [ammount:2834010306681259][total:16146761554296008111]
[user:David] [type:inversión] [ammount:2559482851502067][total:16149321037147510178]
[user:Dalí] [type:inversión] [ammount:696216072274875][total:16150017253219785053]
[user:Gustavo] [type:pago] [ammount:3052230172597467][total:16153069483392382520]
[user:Juan] [type:descuento] [ammount:3372383957834985][total:16156441867350217505]
[user:Gustavo] [type:inversión] [ammount:533884717830700][total:16156975752068048205]
[user:Anakin] [type:cobro] [ammount:1630039162135346][total:16158605791230183551]
[user:Gustavo] [type:cobro] [ammount:3591034276006237][total:16162196825506189788]
[user:Felipe] [type:descuento] [ammount:1185020144778312][total:16163381845650968100]
[user:Kung] [type:inversión] [ammount:658896081614519][total:16164040741732582619]
[user:Carlos] [type:cobro] [ammount:1727384428459919][total:16165768126161042538]
[user:Felipe] [type:descuento] [ammount:985446083417231][total:16166753572244459769]
[user:Carlos] [type:descuento] [ammount:590130035996014][total:16167343702280455783]
[user:Sonia] [type:descuento] [ammount:2270165088573885][total:16169613867369029668]
[user:Keanu] [type:pago] [ammount:2838546212123451][total:16172452413581153119]
[user:Dalí] [type:descuento] [ammount:1814110935017658][total:16174266524516170777]
[user:Felipe] [type:descuento] [ammount:2229825698608972][total:16176496350214779749]
[user:Dalí] [type:descuento] [ammount:2350819473607264][total:16178847169688387013]
[user:David] [type:pago] [ammount:1178478106398134][total:16180025647794785147]
[user:Kung] [type:cobro] [ammount:3355358221200260][total:16183381006015985407]
[user:Kung] [type:inversión] [ammount:3223183231956674][total:16186604189247942081]
[user:Kung] [type:cobro] [ammount:3656240952323222][total:16190260430200265303]
[user:Kung] [type:inversión] [ammount:1478436948569625][total:16191738867148834928]
[user:Juan] [type:descuento] [ammount:1745269115679359][total:16193484136264514287]
[user:Sonia] [type:inversión] [ammount:1466222318859975][total:16194950358583374262]
[user:Anakin] [type:inversión] [ammount:2473747786894676][total:16197424106370268938]
[user:Felipe] [type:cobro] [ammount:2057313683137673][total:16199481420053406611]
[user:Dalí] [type:inversión] [ammount:1267298033138696][total:16200748718086545307]
[user:Juan] [type:pago] [ammount:2821656619788259][total:16203570374706333566]
[user:Keanu] [type:cobro] [ammount:2734942924405786][total:16206305317630739352]
[user:Gustavo] [type:descuento] [ammount:3581455375594153][total:16209886773006333505]
[user:Juan] [type:cobro] [ammount:3470048676242912][total:16213356821682576417]
[user:Felipe] [type:descuento] [ammount:1089224270497836][total:16214446045953074253]
[user:Felipe] [type:inversión] [ammount:2734400685332035][total:16217180446638406288]
[user:Kung] [type:cobro] [ammount:947808705319270][total:16218128255343725558]
[user:Sonia] [type:descuento] [ammount:1086868222391515][total:16219215123566117073]
[user:Keanu] [type:cobro] [ammount:1506811128132039][total:16220721934694249112]
[user:Juan] [type:inversión] [ammount:2444690675426366][total:16223166625369675478]
[user:Anakin] [type:inversión] [ammount:885674947563552][total:16224052300317239030]
[user:Kung] [type:cobro] [ammount:945120405165967][total:16224997420722404997]
[user:Carlos] [type:cobro] [ammount:1402577030346135][total:16226399997752751132]
[user:Felipe] [type:descuento] [ammount:1316059575626403][total:16227716057328377535]
[user:Juan] [type:pago] [ammount:3504682121107559][total:16231220739449485094]
[user:Juan] [type:pago] [ammount:528927042116888][total:16231749666491601982]
[user:Sonia] [type:pago] [ammount:3367784454444388][total:16235117450946046370]
[user:Dalí] [type:descuento] [ammount:815210250580966][total:16235932661196627336]
[user:Juan] [type:descuento] [ammount:2558378406916451][total:16238491039603543787]
[user:Kung] [type:descuento] [ammount:1170203494293260][total:16239661243097837047]
[user:Felipe] [type:cobro] [ammount:2200701711565728][total:16241861944809402775]
[user:Keanu] [type:inversión] [ammount:3435533847884089][total:16245297478657286864]
[user:Kung] [type:pago] [ammount:48106091891589][total:16245345584749178453]
[user:Juan] [type:cobro] [ammount:3639957150516902][total:16248985541899695355]
[user:Gustavo] [type:inversión] [ammount:3676779307937164][total:16252662321207632519]
[user:David] [type:cobro] [ammount:2320473512405742][total:16254982794720038261]
[user:David] [type:pago] [ammount:1504341322899313][total:16256487136042937574]
[user:Juan] [type:inversión] [ammount:1917187036310523][total:16258404323079248097]
[user:Dalí] [type:cobro] [ammount:3209136323820203][total:16261613459403068300]
[user:Carlos] [type:pago] [ammount:968865378110696][total:16262582324781178996]
[user:Dalí] [type:inversión] [ammount:823646752852150][total:16263405971534031146]
[user:David] [type:pago] [ammount:624064655218412][total:16264030036189249558]
[user:Sonia] [type:descuento] [ammount:440470393178714][total:16264470506582428272]
[user:David] [type:descuento] [ammount:3265484278755818][total:16267735990861184090]
[user:Carlos] [type:pago] [ammount:788890125663949][total:16268524880986848039]
[user:Felipe] [type:descuento] [ammount:2035940989122230][total:16270560821975970269]
[user:Dalí] [type:descuento] [ammount:1960247223174929][total:16272521069199145198]
[user:Gustavo] [type:descuento] [ammount:254363117171664][total:16272775432316316862]
[user:Juan] [type:cobro] [ammount:218063133052674][total:16272993495449369536]
[user:Juan] [type:cobro] [ammount:1880482316411783][total:16274873977765781319]
[user:Sonia] [type:inversión] [ammount:786929255576612][total:16275660907021357931]
[user:Gustavo] [type:descuento] [ammount:1648948489860101][total:16277309855511218032]
[user:Sonia] [type:pago] [ammount:3300378032109798][total:16280610233543327830]
[user:Kung] [type:inversión] [ammount:3307362573388666][total:16283917596116716496]
[user:Carlos] [type:cobro] [ammount:962813038809431][total:16284880409155525927]
[user:Dalí] [type:pago] [ammount:2966175303085052][total:16287846584458610979]
[user:Felipe] [type:descuento] [ammount:3655194929419225][total:16291501779388030204]
[user:Gustavo] [type:inversión] [ammount:1068181976678907][total:16292569961364709111]
[user:Dalí] [type:cobro] [ammount:1839952722383873][total:16294409914087092984]
[user:Gustavo] [type:inversión] [ammount:1566814607857890][total:16295976728694950874]
[user:Keanu] [type:inversión] [ammount:2051735034987651][total:16298028463729938525]
[user:Dalí] [type:descuento] [ammount:3670969254020561][total:16301699432983959086]
[user:Sonia] [type:pago] [ammount:2638416388603124][total:16304337849372562210]
[user:Gustavo] [type:cobro] [ammount:3330197257543360][total:16307668046630105570]
[user:Carlos] [type:descuento] [ammount:1888609279940041][total:16309556655910045611]
[user:Kung] [type:inversión] [ammount:477852719040007][total:16310034508629085618]
[user:Felipe] [type:pago] [ammount:3642744463807566][total:16313677253092893184]
[user:Juan] [type:descuento] [ammount:1770765661828370][total:16315448018754721554]
[user:Dalí] [type:descuento] [ammount:762243681783778][total:16316210262436505332]
[user:Anakin] [type:inversión] [ammount:1994462653310049][total:16318204725089815381]
[user:Sonia] [type:pago] [ammount:511034952855130][total:16318715760042670511]
[user:Kung] [type:inversión] [ammount:1935224524033200][total:16320650984566703711]
[user:Gustavo] [type:inversión] [ammount:1889855760998623][total:16322540840327702334]
[user:Gustavo] [type:inversión] [ammount:2368727950985642][total:16324909568278687976]
[user:Felipe] [type:cobro] [ammount:2706771271229482][total:16327616339549917458]
[user:Gustavo] [type:pago] [ammount:731698656859228][total:16328348038206776686]
[user:Sonia] [type:inversión] [ammount:45409723187347][total:16328393447929964033]
[user:Felipe] [type:inversión] [ammount:1502881480085964][total:16329896329410049997]
[user:Carlos] [type:descuento] [ammount:1177977387704808][total:16331074306797754805]
[user:Anakin] [type:pago] [ammount:2595516680062857][total:16333669823477817662]
[user:Keanu] [type:inversión] [ammount:2678310792469265][total:16336348134270286927]
[user:Sonia] [type:pago] [ammount:3504191359051709][total:16339852325629338636]
[user:Kung] [type:pago] [ammount:1043348104531735][total:16340895673733870371]
[user:Carlos] [type:pago] [ammount:3684816367856637][total:16344580490101727008]
[user:Anakin] [type:pago] [ammount:2434079657678634][total:16347014569759405642]
[user:Sonia] [type:inversión] [ammount:2870828776426733][total:16349885398535832375]
[user:Felipe] [type:inversión] [ammount:3503209586473815][total:16353388608122306190]
[user:Juan] [type:pago] [ammount:297493387642351][total:16353686101509948541]
[user:Dalí] [type:descuento] [ammount:2912477758853176][total:16356598579268801717]
[user:Juan] [type:cobro] [ammount:3669904800644696][total:16360268484069446413]
[user:Juan] [type:descuento] [ammount:156808044423771][total:16360425292113870184]
[user:Felipe] [type:cobro] [ammount:642189103099665][total:16361067481216969849]
[user:Gustavo] [type:inversión] [ammount:1846659574970072][total:16362914140791939921]
[user:David] [type:pago] [ammount:3066210396504528][total:16365980351188444449]
[user:David] [type:descuento] [ammount:325055796342957][total:16366305406984787406]
[user:Keanu] [type:descuento] [ammount:571632997401577][total:16366877039982188983]
[user:Sonia] [type:pago] [ammount:3551166347834187][total:16370428206330023170]
[user:Sonia] [type:inversión] [ammount:1523930399963879][total:16371952136729987049]
[user:David] [type:cobro] [ammount:3612029149889514][total:16375564165879876563]
[user:Carlos] [type:descuento] [ammount:37407321124306][total:16375601573201000869]
[user:Kung] [type:pago] [ammount:2751107252253322][total:16378352680453254191]
[user:Kung] [type:cobro] [ammount:3039080853720407][total:16381391761306974598]
[user:Anakin] [type:cobro] [ammount:2614767170120946][total:16384006528477095544]
[user:Kung] [type:descuento] [ammount:789679204986921][total:16384796207682082465]
[user:Gustavo] [type:inversión] [ammount:1729386628179466][total:16386525594310261931]
[user:Dalí] [type:inversión] [ammount:18659805823262][total:16386544254116085193]
[user:Juan] [type:cobro] [ammount:1449954212554019][total:16387994208328639212]
[user:Gustavo] [type:cobro] [ammount:2622802901747169][total:16390617011230386381]
[user:David] [type:pago] [ammount:2816990473877930][total:16393434001704264311]
[user:Dalí] [type:inversión] [ammount:2679823871725226][total:16396113825575989537]
[user:Gustavo] [type:descuento] [ammount:2183594990451749][total:16398297420566441286]
[user:Carlos] [type:cobro] [ammount:3409663375893144][total:16401707083942334430]
[user:Kung] [type:descuento] [ammount:1962634037500447][total:16403669717979834877]
[user:Keanu] [type:cobro] [ammount:1988649412340097][total:16405658367392174974]
[user:Kung] [type:cobro] [ammount:2803319870280170][total:16408461687262455144]
[user:Keanu] [type:inversión] [ammount:537321175298030][total:16408999008437753174]
[user:Gustavo] [type:cobro] [ammount:576017286234822][total:16409575025723987996]
[user:David] [type:pago] [ammount:787177513415929][total:16410362203237403925]
[user:Kung] [type:descuento] [ammount:758246410440135][total:16411120449647844060]
[user:Anakin] [type:descuento] [ammount:718144155532977][total:16411838593803377037]
[user:Carlos] [type:inversión] [ammount:602091679102615][total:16412440685482479652]
[user:David] [type:pago] [ammount:3186750802428922][total:16415627436284908574]
[user:Carlos] [type:pago] [ammount:1905209048792477][total:16417532645333701051]
[user:Carlos] [type:descuento] [ammount:3077832482650973][total:16420610477816352024]
[user:Keanu] [type:pago] [ammount:1508994863560437][total:16422119472679912461]
[user:Gustavo] [type:pago] [ammount:3417918380341869][total:16425537391060254330]
[user:David] [type:descuento] [ammount:2828331599877550][total:16428365722660131880]
[user:Sonia] [type:cobro] [ammount:1658090157682979][total:16430023812817814859]
[user:David] [type:cobro] [ammount:2446397332494215][total:16432470210150309074]
[user:Keanu] [type:descuento] [ammount:1686144146268258][total:16434156354296577332]
[user:Dalí] [type:inversión] [ammount:499708977993784][total:16434656063274571116]
[user:Anakin] [type:pago] [ammount:3274570198553194][total:16437930633473124310]
[user:Juan] [type:inversión] [ammount:645308002537820][total:16438575941475662130]
[user:Gustavo] [type:cobro] [ammount:603839533328883][total:16439179781008991013]
[user:Kung] [type:descuento] [ammount:2815137830697124][total:16441994918839688137]
[user:Carlos] [type:descuento] [ammount:1866505922820528][total:16443861424762508665]
[user:Gustavo] [type:inversión] [ammount:3392773508396729][total:16447254198270905394]
[user:Dalí] [type:cobro] [ammount:2845211707718714][total:16450099409978624108]
[user:Carlos] [type:descuento] [ammount:1848249185942637][total:16451947659164566745]
[user:Gustavo] [type:descuento] [ammount:1512763706255915][total:16453460422870822660]
[user:Sonia] [type:descuento] [ammount:450959670416482][total:16453911382541239142]
[user:Dalí] [type:descuento] [ammount:90123932711741][total:16454001506473950883]
[user:Kung] [type:descuento] [ammount:3079169448460743][total:16457080675922411626]
[user:Anakin] [type:descuento] [ammount:225692805395024][total:16457306368727806650]
[user:Carlos] [type:inversión] [ammount:898162017483034][total:16458204530745289684]
[user:Juan] [type:descuento] [ammount:831067962603136][total:16459035598707892820]
[user:Anakin] [type:pago] [ammount:3086279567738860][total:16462121878275631680]
[user:Carlos] [type:descuento] [ammount:1596020770869684][total:16463717899046501364]
[user:Juan] [type:descuento] [ammount:2878995400633392][total:16466596894447134756]
[user:Anakin] [type:pago] [ammount:680981595341327][total:16467277876042476083]
[user:Carlos] [type:inversión] [ammount:1698439730504941][total:16468976315772981024]
[user:Juan] [type:descuento] [ammount:72939223670673][total:16469049254996651697]
[user:Gustavo] [type:descuento] [ammount:1591052422976411][total:16470640307419628108]
[user:Sonia] [type:cobro] [ammount:2799214288005502][total:16473439521707633610]
[user:Felipe] [type:inversión] [ammount:1709481685050790][total:16475149003392684400]
[user:Keanu] [type:pago] [ammount:598734437338365][total:16475747737830022765]
[user:Carlos] [type:pago] [ammount:3474036858788365][total:16479221774688811130]
[user:Felipe] [type:cobro] [ammount:2982114622723034][total:16482203889311534164]
[user:Felipe] [type:pago] [ammount:1616777295035901][total:16483820666606570065]
[user:David] [type:cobro] [ammount:378041401246738][total:16484198708007816803]
[user:Kung] [type:inversión] [ammount:2477074780126276][total:16486675782787943079]
[user:Carlos] [type:pago] [ammount:1733672628472280][total:16488409455416415359]
[user:Carlos] [type:cobro] [ammount:3381833415189255][total:16491791288831604614]
[user:Felipe] [type:inversión] [ammount:2105949536956518][total:16493897238368561132]
[user:David] [type:inversión] [ammount:2741700440954545][total:16496638938809515677]
[user:Dalí] [type:descuento] [ammount:3014417822908911][total:16499653356632424588]
[user:Dalí] [type:pago] [ammount:1849556625330769][total:16501502913257755357]
[user:David] [type:cobro] [ammount:2533998348131252][total:16504036911605886609]
[user:Juan] [type:pago] [ammount:499483175617930][total:16504536394781504539]
[user:Dalí] [type:inversión] [ammount:788033061601388][total:16505324427843105927]
[user:Juan] [type:cobro] [ammount:1741619288656348][total:16507066047131762275]
[user:Dalí] [type:descuento] [ammount:3356334940321154][total:16510422382072083429]
[user:Sonia] [type:pago] [ammount:1864522643074058][total:16512286904715157487]
[user:Keanu] [type:descuento] [ammount:2464486835728615][total:16514751391550886102]
[user:Juan] [type:cobro] [ammount:169794098254957][total:16514921185649141059]
[user:Kung] [type:descuento] [ammount:3049899047320679][total:16517971084696461738]
[user:David] [type:inversión] [ammount:1638625102071281][total:16519609709798533019]
[user:Juan] [type:descuento] [ammount:1155112250457632][total:16520764822048990651]
[user:Kung] [type:pago] [ammount:3344495944378265][total:16524109317993368916]
[user:Dalí] [type:inversión] [ammount:2028806851675980][total:16526138124845044896]
[user:Gustavo] [type:cobro] [ammount:2799112764961470][total:16528937237610006366]
[user:Juan] [type:cobro] [ammount:1922498090233081][total:16530859735700239447]
[user:Gustavo] [type:cobro] [ammount:1865157474512224][total:16532724893174751671]
[user:Dalí] [type:pago] [ammount:277456690690310][total:16533002349865441981]
[user:Gustavo] [type:cobro] [ammount:2082313281747858][total:16535084663147189839]
[user:Dalí] [type:descuento] [ammount:1705992396289882][total:16536790655543479721]
[user:Sonia] [type:pago] [ammount:1733364172849391][total:16538524019716329112]
[user:Sonia] [type:descuento] [ammount:1358349356069972][total:16539882369072399084]
[user:Anakin] [type:pago] [ammount:123136482356812][total:16540005505554755896]
[user:Anakin] [type:inversión] [ammount:488094297718755][total:16540493599852474651]
[user:David] [type:descuento] [ammount:2186551356295492][total:16542680151208770143]
[user:David] [type:descuento] [ammount:1216520739137449][total:16543896671947907592]
[user:Anakin] [type:inversión] [ammount:2194492303479348][total:16546091164251386940]
[user:Keanu] [type:cobro] [ammount:2580842298554859][total:16548672006549941799]
[user:Sonia] [type:descuento] [ammount:2279494403261492][total:16550951500953203291]
[user:Carlos] [type:inversión] [ammount:3001990503378203][total:16553953491456581494]
[user:Gustavo] [type:inversión] [ammount:1362388984512134][total:16555315880441093628]
[user:Juan] [type:inversión] [ammount:2318482032359170][total:16557634362473452798]
[user:Sonia] [type:cobro] [ammount:3245947662335493][total:16560880310135788291]
[user:Sonia] [type:cobro] [ammount:1734263494791965][total:16562614573630580256]
[user:Anakin] [type:inversión] [ammount:1313019636842198][total:16563927593267422454]
[user:Gustavo] [type:inversión] [ammount:164937856447178][total:16564092531123869632]
[user:Dalí] [type:cobro] [ammount:2132395011071984][total:16566224926134941616]
[user:Felipe] [type:cobro] [ammount:3167169304754974][total:16569392095439696590]
[user:Keanu] [type:pago] [ammount:2660253744505975][total:16572052349184202565]
[user:Dalí] [type:descuento] [ammount:558888968797831][total:16572611238153000396]
[user:Carlos] [type:cobro] [ammount:2265188681499098][total:16574876426834499494]
[user:Anakin] [type:pago] [ammount:2567443040106874][total:16577443869874606368]
[user:David] [type:descuento] [ammount:2934149100273060][total:16580378018974879428]
[user:Felipe] [type:descuento] [ammount:2464279535232702][total:16582842298510112130]
[user:Carlos] [type:descuento] [ammount:2869855772513690][total:16585712154282625820]
[user:Felipe] [type:inversión] [ammount:992866399373960][total:16586705020681999780]
[user:Kung] [type:inversión] [ammount:1853388470449743][total:16588558409152449523]
[user:Carlos] [type:pago] [ammount:1068308392882122][total:16589626717545331645]
[user:Juan] [type:pago] [ammount:436325409606430][total:16590063042954938075]
[user:Felipe] [type:inversión] [ammount:1639888358025644][total:16591702931312963719]
[user:Dalí] [type:descuento] [ammount:570354236437300][total:16592273285549401019]
[user:Sonia] [type:descuento] [ammount:3409793338984536][total:16595683078888385555]
[user:Carlos] [type:descuento] [ammount:2708974667436633][total:16598392053555822188]
[user:Dalí] [type:descuento] [ammount:85518588384777][total:16598477572144206965]
[user:Carlos] [type:cobro] [ammount:1361952609920188][total:16599839524754127153]
[user:Gustavo] [type:inversión] [ammount:2154571287129806][total:16601994096041256959]
[user:Carlos] [type:pago] [ammount:2073967142586297][total:16604068063183843256]
[user:Carlos] [type:inversión] [ammount:478460003417972][total:16604546523187261228]
[user:Dalí] [type:cobro] [ammount:3065207332930137][total:16607611730520191365]
[user:Kung] [type:descuento] [ammount:2827844348183740][total:16610439574868375105]
[user:Carlos] [type:inversión] [ammount:1418571339027461][total:16611858146207402566]
[user:Gustavo] [type:inversión] [ammount:2068583448418259][total:16613926729655820825]
[user:Carlos] [type:cobro] [ammount:925131284429477][total:16614851860940250302]
[user:David] [type:cobro] [ammount:2551368572191321][total:16617403229512441623]
[user:David] [type:pago] [ammount:987754140751963][total:16618390983653193586]
[user:Gustavo] [type:pago] [ammount:1010074022799280][total:16619401057675992866]
[user:Carlos] [type:descuento] [ammount:2351450626585066][total:16621752508302577932]
[user:Gustavo] [type:descuento] [ammount:1843994435784351][total:16623596502738362283]
[user:Gustavo] [type:pago] [ammount:1671691837813744][total:16625268194576176027]
[user:Sonia] [type:inversión] [ammount:569738938763296][total:16625837933514939323]
[user:Juan] [type:pago] [ammount:1852584670941262][total:16627690518185880585]
[user:Sonia] [type:cobro] [ammount:1538583867970942][total:16629229102053851527]
[user:Carlos] [type:inversión] [ammount:3121849584293534][total:16632350951638145061]
[user:Keanu] [type:descuento] [ammount:2797939273580126][total:16635148890911725187]
[user:Dalí] [type:inversión] [ammount:2740557235356121][total:16637889448147081308]
[user:Gustavo] [type:inversión] [ammount:656522564323952][total:16638545970711405260]
[user:Anakin] [type:pago] [ammount:3076973553417717][total:16641622944264822977]
[user:Keanu] [type:cobro] [ammount:1996421094788481][total:16643619365359611458]
[user:Felipe] [type:descuento] [ammount:3354451846448318][total:16646973817206059776]
[user:Carlos] [type:cobro] [ammount:1706580129939177][total:16648680397335998953]
[user:Gustavo] [type:pago] [ammount:1619760163750420][total:16650300157499749373]
[user:Sonia] [type:descuento] [ammount:697738646562397][total:16650997896146311770]
[user:Juan] [type:cobro] [ammount:2738440376687575][total:16653736336522999345]
[user:Felipe] [type:descuento] [ammount:1198504594534525][total:16654934841117533870]
[user:Sonia] [type:descuento] [ammount:2163446853720291][total:16657098287971254161]
[user:Anakin] [type:cobro] [ammount:1586842633413746][total:16658685130604667907]
[user:Keanu] [type:inversión] [ammount:1116118195708792][total:16659801248800376699]
[user:Keanu] [type:pago] [ammount:2518376746042685][total:16662319625546419384]
[user:Kung] [type:cobro] [ammount:1361793179501953][total:16663681418725921337]
[user:Felipe] [type:inversión] [ammount:3642144232890442][total:16667323562958811779]
[user:Kung] [type:descuento] [ammount:942682647300107][total:16668266245606111886]
[user:Dalí] [type:descuento] [ammount:1709841230139148][total:16669976086836251034]
[user:Kung] [type:descuento] [ammount:2138324906830075][total:16672114411743081109]
[user:Carlos] [type:descuento] [ammount:3454369619180622][total:16675568781362261731]
[user:Keanu] [type:pago] [ammount:1545243022457004][total:16677114024384718735]
[user:Dalí] [type:pago] [ammount:2269616760262920][total:16679383641144981655]
[user:Juan] [type:cobro] [ammount:2459509374777155][total:16681843150519758810]
[user:Felipe] [type:inversión] [ammount:3675673758118546][total:16685518824277877356]
[user:Dalí] [type:descuento] [ammount:928167279081446][total:16686446991556958802]
[user:Gustavo] [type:cobro] [ammount:1531036204011315][total:16687978027760970117]
[user:Anakin] [type:cobro] [ammount:1314676492163048][total:16689292704253133165]
[user:Carlos] [type:inversión] [ammount:2245294251695072][total:16691537998504828237]
[user:Felipe] [type:cobro] [ammount:3184301394612171][total:16694722299899440408]
[user:Gustavo] [type:inversión] [ammount:1750273782122424][total:16696472573681562832]
[user:Sonia] [type:descuento] [ammount:1468915533517223][total:16697941489215080055]
[user:Keanu] [type:pago] [ammount:1022740906780301][total:16698964230121860356]
[user:Sonia] [type:inversión] [ammount:3381799889999063][total:16702346030011859419]
[user:Felipe] [type:descuento] [ammount:2556774979464614][total:16704902804991324033]
[user:Felipe] [type:descuento] [ammount:794530557234778][total:16705697335548558811]
[user:Felipe] [type:cobro] [ammount:2483120176239039][total:16708180455724797850]
[user:Gustavo] [type:inversión] [ammount:1348711564334982][total:16709529167289132832]
[user:Kung] [type:cobro] [ammount:2517805922096945][total:16712046973211229777]
[user:Sonia] [type:inversión] [ammount:3044876549894275][total:16715091849761124052]
[user:Keanu] [type:cobro] [ammount:3083140132718066][total:16718174989893842118]
[user:Dalí] [type:cobro] [ammount:2899143075651145][total:16721074132969493263]
[user:Carlos] [type:pago] [ammount:368114659852010][total:16721442247629345273]
[user:Dalí] [type:inversión] [ammount:2929868892086415][total:16724372116521431688]
[user:Felipe] [type:pago] [ammount:856086080775747][total:16725228202602207435]
[user:David] [type:inversión] [ammount:3161392754664162][total:16728389595356871597]
[user:David] [type:cobro] [ammount:2899454762718120][total:16731289050119589717]
[user:David] [type:descuento] [ammount:863762045930652][total:16732152812165520369]
[user:Carlos] [type:cobro] [ammount:1721657234699868][total:16733874469400220237]
[user:Sonia] [type:cobro] [ammount:69975463150247][total:16733944444863370484]
[user:Gustavo] [type:inversión] [ammount:3547571163537467][total:16737492016026907951]
[user:Keanu] [type:inversión] [ammount:436040918614288][total:16737928056945522239]
[user:Dalí] [type:cobro] [ammount:2755130984941501][total:16740683187930463740]
[user:Gustavo] [type:cobro] [ammount:193713871124752][total:16740876901801588492]
[user:Dalí] [type:cobro] [ammount:2956687445024931][total:16743833589246613423]
[user:Gustavo] [type:cobro] [ammount:3335471018687932][total:16747169060265301355]
[user:Keanu] [type:descuento] [ammount:441295819287729][total:16747610356084589084]
[user:Gustavo] [type:descuento] [ammount:3151939802205042][total:16750762295886794126]
[user:Keanu] [type:descuento] [ammount:752006024503083][total:16751514301911297209]
[user:Sonia] [type:inversión] [ammount:691891480953734][total:16752206193392250943]
[user:Dalí] [type:descuento] [ammount:1221137841156576][total:16753427331233407519]
[user:Sonia] [type:descuento] [ammount:73986833082205][total:16753501318066489724]
[user:Dalí] [type:pago] [ammount:3392570089470044][total:16756893888155959768]
[user:Juan] [type:descuento] [ammount:785485256303454][total:16757679373412263222]
[user:Kung] [type:cobro] [ammount:3033964381703816][total:16760713337793967038]
[user:David] [type:cobro] [ammount:975232005142688][total:16761688569799109726]
[user:Felipe] [type:descuento] [ammount:761325386588442][total:16762449895185698168]
[user:Sonia] [type:cobro] [ammount:318460629640647][total:16762768355815338815]
[user:Kung] [type:descuento] [ammount:471822612137409][total:16763240178427476224]
[user:Kung] [type:pago] [ammount:496546292523702][total:16763736724719999926]
[user:Felipe] [type:descuento] [ammount:3526657264747820][total:16767263381984747746]
[user:Anakin] [type:pago] [ammount:2909263633638218][total:16770172645618385964]
[user:Anakin] [type:pago] [ammount:3688768020684074][total:16773861413639070038]
[user:David] [type:pago] [ammount:3545113815943403][total:16777406527455013441]
[user:Carlos] [type:inversión] [ammount:2632929775876644][total:16780039457230890085]
[user:David] [type:cobro] [ammount:713759741161882][total:16780753216972051967]
[user:Anakin] [type:pago] [ammount:460120250157569][total:16781213337222209536]
[user:David] [type:descuento] [ammount:1662331707073791][total:16782875668929283327]
[user:Juan] [type:cobro] [ammount:559005784348605][total:16783434674713631932]
[user:Carlos] [type:descuento] [ammount:1943766498269366][total:16785378441211901298]
[user:Gustavo] [type:pago] [ammount:2721214661795729][total:16788099655873697027]
[user:Gustavo] [type:cobro] [ammount:2489418641040870][total:16790589074514737897]
[user:Gustavo] [type:inversión] [ammount:2915596904838774][total:16793504671419576671]
[user:Anakin] [type:descuento] [ammount:2111792298534256][total:16795616463718110927]
[user:Dalí] [type:descuento] [ammount:3652484657006193][total:16799268948375117120]
[user:Carlos] [type:inversión] [ammount:1469525030721475][total:16800738473405838595]
[user:Kung] [type:inversión] [ammount:2764771264674085][total:16803503244670512680]
[user:Kung] [type:inversión] [ammount:558723500689523][total:16804061968171202203]
[user:Gustavo] [type:inversión] [ammount:2465740119962659][total:16806527708291164862]
[user:Sonia] [type:descuento] [ammount:404638591338338][total:16806932346882503200]
[user:Kung] [type:cobro] [ammount:3387804488087011][total:16810320151370590211]
[user:Dalí] [type:descuento] [ammount:1931946040493613][total:16812252097411083824]
[user:Gustavo] [type:inversión] [ammount:1660781635396923][total:16813912879046480747]
[user:Anakin] [type:cobro] [ammount:2275766848621110][total:16816188645895101857]
[user:Kung] [type:inversión] [ammount:1924578948795700][total:16818113224843897557]
[user:Carlos] [type:pago] [ammount:3558772053184728][total:16821671996897082285]
[user:Anakin] [type:cobro] [ammount:3638020943139205][total:16825310017840221490]
[user:Kung] [type:cobro] [ammount:2697098858874172][total:16828007116699095662]
[user:Juan] [type:inversión] [ammount:341826931693607][total:16828348943630789269]
[user:Anakin] [type:descuento] [ammount:2761245124024432][total:16831110188754813701]
[user:Felipe] [type:cobro] [ammount:1483426400744150][total:16832593615155557851]
[user:Juan] [type:descuento] [ammount:402868092716085][total:16832996483248273936]
[user:Anakin] [type:descuento] [ammount:3619467663414979][total:16836615950911688915]
[user:Juan] [type:pago] [ammount:1995008744427010][total:16838610959656115925]
[user:Carlos] [type:inversión] [ammount:1409966942776989][total:16840020926598892914]
[user:Dalí] [type:cobro] [ammount:2606069599360681][total:16842626996198253595]
[user:Gustavo] [type:descuento] [ammount:3554185221974783][total:16846181181420228378]
[user:Anakin] [type:descuento] [ammount:3058646247255171][total:16849239827667483549]
[user:Kung] [type:cobro] [ammount:684421846590423][total:16849924249514073972]
[user:Anakin] [type:inversión] [ammount:2506348025640083][total:16852430597539714055]
[user:Gustavo] [type:descuento] [ammount:2616902385196434][total:16855047499924910489]
[user:Keanu] [type:pago] [ammount:420506683933670][total:16855468006608844159]
[user:Dalí] [type:pago] [ammount:443393440561496][total:16855911400049405655]
[user:Anakin] [type:cobro] [ammount:379849735846343][total:16856291249785251998]
[user:Dalí] [type:pago] [ammount:1200350449046645][total:16857491600234298643]
[user:Keanu] [type:inversión] [ammount:2533237971440381][total:16860024838205739024]
[user:David] [type:pago] [ammount:381026426417819][total:16860405864632156843]
[user:David] [type:pago] [ammount:22123743372787][total:16860427988375529630]
[user:David] [type:pago] [ammount:1980033687647550][total:16862408022063177180]
[user:Juan] [type:cobro] [ammount:2608014761731590][total:16865016036824908770]
[user:Dalí] [type:descuento] [ammount:2081700522609685][total:16867097737347518455]
[user:Carlos] [type:cobro] [ammount:295258983733201][total:16867392996331251656]
[user:Carlos] [type:descuento] [ammount:3634292358889268][total:16871027288690140924]
[user:Sonia] [type:inversión] [ammount:2250767581275779][total:16873278056271416703]
[user:Felipe] [type:cobro] [ammount:2577279513156095][total:16875855335784572798]
[user:Carlos] [type:descuento] [ammount:477442842444237][total:16876332778627017035]
[user:David] [type:inversión] [ammount:2854363699574266][total:16879187142326591301]
[user:Keanu] [type:pago] [ammount:185428008435040][total:16879372570335026341]
[user:Sonia] [type:descuento] [ammount:2517132622682797][total:16881889702957709138]
[user:Sonia] [type:descuento] [ammount:855499916886773][total:16882745202874595911]
[user:Dalí] [type:pago] [ammount:3191025474228700][total:16885936228348824611]
[user:Carlos] [type:descuento] [ammount:2089636766713618][total:16888025865115538229]
[user:Sonia] [type:pago] [ammount:2454509768168727][total:16890480374883706956]
[user:Juan] [type:inversión] [ammount:3198847646892664][total:16893679222530599620]
[user:Felipe] [type:cobro] [ammount:358922766239226][total:16894038145296838846]
[user:Gustavo] [type:inversión] [ammount:3660983049180937][total:16897699128346019783]
[user:Gustavo] [type:cobro] [ammount:36745789515360][total:16897735874135535143]
[user:Dalí] [type:descuento] [ammount:1828377843226546][total:16899564251978761689]
[user:Sonia] [type:pago] [ammount:23192236355092][total:16899587444215116781]
[user:Keanu] [type:cobro] [ammount:368032215969044][total:16899955476431085825]
[user:Sonia] [type:inversión] [ammount:2814499694033138][total:16902769976125118963]
[user:Dalí] [type:cobro] [ammount:309886333718550][total:16903079862458837513]
[user:Anakin] [type:descuento] [ammount:1352804925839727][total:16904432667384677240]
[user:Anakin] [type:descuento] [ammount:2617021550739542][total:16907049688935416782]
[user:Carlos] [type:pago] [ammount:3092379041517885][total:16910142067976934667]
[user:Carlos] [type:cobro] [ammount:3513000047715606][total:16913655068024650273]
[user:Carlos] [type:cobro] [ammount:1834409997352275][total:16915489478022002548]
[user:Kung] [type:inversión] [ammount:1854964069781488][total:16917344442091784036]
[user:David] [type:cobro] [ammount:3029331221214847][total:16920373773312998883]
[user:Carlos] [type:inversión] [ammount:1294404372643180][total:16921668177685642063]
[user:Sonia] [type:inversión] [ammount:1050350121550141][total:16922718527807192204]
[user:David] [type:pago] [ammount:47912053687835][total:16922766439860880039]
[user:Felipe] [type:descuento] [ammount:3610971514042359][total:16926377411374922398]
[user:Anakin] [type:inversión] [ammount:3302764315664343][total:16929680175690586741]
[user:Carlos] [type:descuento] [ammount:2233915046939039][total:16931914090737525780]
[user:Carlos] [type:inversión] [ammount:1536104470330802][total:16933450195207856582]
[user:Keanu] [type:cobro] [ammount:190209417313192][total:16933640404625169774]
[user:Keanu] [type:descuento] [ammount:1293161785868611][total:16934933566411038385]
[user:Juan] [type:pago] [ammount:1315633716395445][total:16936249200127433830]
[user:Felipe] [type:cobro] [ammount:995653481751685][total:16937244853609185515]
[user:Sonia] [type:descuento] [ammount:2470434517525370][total:16939715288126710885]
[user:Dalí] [type:descuento] [ammount:3329595498393140][total:16943044883625104025]
[user:Dalí] [type:pago] [ammount:137705942468241][total:16943182589567572266]
[user:Felipe] [type:cobro] [ammount:3446663488985274][total:16946629253056557540]
[user:Sonia] [type:descuento] [ammount:2037442492341417][total:16948666695548898957]
[user:Gustavo] [type:cobro] [ammount:1900869168867233][total:16950567564717766190]
[user:Sonia] [type:cobro] [ammount:3341124088369170][total:16953908688806135360]
[user:Juan] [type:descuento] [ammount:3588251081757633][total:16957496939887892993]
[user:David] [type:pago] [ammount:1248563696317643][total:16958745503584210636]
[user:David] [type:pago] [ammount:1810005214548916][total:16960555508798759552]
[user:Juan] [type:cobro] [ammount:3522910701194200][total:16964078419499953752]
[user:David] [type:descuento] [ammount:139812905944824][total:16964218232405898576]
[user:Keanu] [type:cobro] [ammount:244116576696173][total:16964462348982594749]
[user:Dalí] [type:inversión] [ammount:3590337336848168][total:16968052686319442917]
[user:Anakin] [type:inversión] [ammount:3285460718190128][total:16971338147037633045]
[user:Juan] [type:inversión] [ammount:369715556407312][total:16971707862594040357]
[user:Gustavo] [type:cobro] [ammount:3419819135100854][total:16975127681729141211]
[user:David] [type:inversión] [ammount:1386089976490323][total:16976513771705631534]
[user:Felipe] [type:pago] [ammount:1499156773766694][total:16978012928479398228]
[user:Felipe] [type:inversión] [ammount:3675185393322222][total:16981688113872720450]
[user:Sonia] [type:descuento] [ammount:3668596231749310][total:16985356710104469760]
[user:Keanu] [type:descuento] [ammount:2298640957445439][total:16987655351061915199]
[user:Sonia] [type:descuento] [ammount:1689842889119290][total:16989345193951034489]
[user:David] [type:descuento] [ammount:958323822478859][total:16990303517773513348]
[user:Juan] [type:pago] [ammount:293814760566043][total:16990597332534079391]
[user:Dalí] [type:cobro] [ammount:26624061606092][total:16990623956595685483]
[user:Dalí] [type:descuento] [ammount:377103884164487][total:16991001060479849970]
[user:Kung] [type:cobro] [ammount:1815028412173912][total:16992816088892023882]
[user:David] [type:inversión] [ammount:2046793176457714][total:16994862882068481596]
[user:Gustavo] [type:descuento] [ammount:1078186604224200][total:16995941068672705796]
[user:Sonia] [type:descuento] [ammount:1359637280325601][total:16997300705953031397]
[user:Kung] [type:cobro] [ammount:2406415014127037][total:16999707120967158434]
[user:Carlos] [type:descuento] [ammount:2483967303751320][total:17002191088270909754]
[user:Gustavo] [type:inversión] [ammount:1720767805116999][total:17003911856076026753]
[user:Juan] [type:inversión] [ammount:257470419840498][total:17004169326495867251]
[user:Keanu] [type:pago] [ammount:65887546447175][total:17004235214042314426]
[user:Juan] [type:descuento] [ammount:3195188399790289][total:17007430402442104715]
[user:Anakin] [type:cobro] [ammount:2696691279666008][total:17010127093721770723]
[user:Anakin] [type:pago] [ammount:407706856128485][total:17010534800577899208]
[user:Carlos] [type:cobro] [ammount:128979551877562][total:17010663780129776770]
[user:Dalí] [type:cobro] [ammount:1089350330321010][total:17011753130460097780]
[user:Anakin] [type:cobro] [ammount:2717709815062757][total:17014470840275160537]
[user:Juan] [type:pago] [ammount:2974035930539185][total:17017444876205699722]
[user:Felipe] [type:pago] [ammount:1493782020966190][total:17018938658226665912]
[user:Carlos] [type:descuento] [ammount:352020842494500][total:17019290679069160412]
[user:Keanu] [type:cobro] [ammount:324989024722650][total:17019615668093883062]
[user:Keanu] [type:pago] [ammount:3421588439885034][total:17023037256533768096]
[user:Kung] [type:descuento] [ammount:3466273461562557][total:17026503529995330653]
[user:Carlos] [type:pago] [ammount:551370311163142][total:17027054900306493795]
[user:Gustavo] [type:inversión] [ammount:905519060335956][total:17027960419366829751]
[user:Sonia] [type:pago] [ammount:2962548063923886][total:17030922967430753637]
[user:Gustavo] [type:cobro] [ammount:1846464349684385][total:17032769431780438022]
[user:Gustavo] [type:descuento] [ammount:3286013322283738][total:17036055445102721760]
[user:Dalí] [type:pago] [ammount:1874845261004166][total:17037930290363725926]
[user:Sonia] [type:descuento] [ammount:521486088106495][total:17038451776451832421]
[user:Keanu] [type:cobro] [ammount:391899052757900][total:17038843675504590321]
[user:Keanu] [type:cobro] [ammount:2843480405533669][total:17041687155910123990]
[user:Juan] [type:pago] [ammount:2853298842157765][total:17044540454752281755]
[user:Keanu] [type:descuento] [ammount:1323629014466301][total:17045864083766748056]
[user:Dalí] [type:inversión] [ammount:2871437505079954][total:17048735521271828010]
[user:Kung] [type:cobro] [ammount:599068323199598][total:17049334589595027608]
[user:Keanu] [type:descuento] [ammount:420852441164354][total:17049755442036191962]
[user:Keanu] [type:cobro] [ammount:26938865430502][total:17049782380901622464]
[user:Juan] [type:pago] [ammount:127532845123485][total:17049909913746745949]
[user:Carlos] [type:cobro] [ammount:1061464750285645][total:17050971378497031594]
[user:Dalí] [type:descuento] [ammount:1462047609894998][total:17052433426106926592]
[user:Gustavo] [type:inversión] [ammount:1353659518256127][total:17053787085625182719]
[user:Kung] [type:cobro] [ammount:2934598974791584][total:17056721684599974303]
[user:Dalí] [type:pago] [ammount:1728311568063828][total:17058449996168038131]
[user:Keanu] [type:cobro] [ammount:2015055798416385][total:17060465051966454516]
[user:Anakin] [type:cobro] [ammount:2427565031320142][total:17062892616997774658]
[user:Keanu] [type:descuento] [ammount:968618582122772][total:17063861235579897430]
[user:David] [type:inversión] [ammount:13502076781543][total:17063874737656678973]
[user:Dalí] [type:inversión] [ammount:2148010584575618][total:17066022748241254591]
[user:Sonia] [type:descuento] [ammount:2673736037618208][total:17068696484278872799]
[user:Anakin] [type:descuento] [ammount:3051516232304544][total:17071748000511177343]
[user:Felipe] [type:cobro] [ammount:1871923660886183][total:17073619924172063526]
[user:Gustavo] [type:descuento] [ammount:1524050306751023][total:17075143974478814549]
[user:Dalí] [type:pago] [ammount:1220742941591876][total:17076364717420406425]
[user:David] [type:cobro] [ammount:1061549451714331][total:17077426266872120756]
[user:Gustavo] [type:pago] [ammount:1099172694663573][total:17078525439566784329]
[user:Kung] [type:cobro] [ammount:1412501706937901][total:17079937941273722230]
[user:Gustavo] [type:descuento] [ammount:2227490582002984][total:17082165431855725214]
[user:Keanu] [type:pago] [ammount:800701772194022][total:17082966133627919236]
[user:Felipe] [type:cobro] [ammount:296720260390762][total:17083262853888309998]
[user:Kung] [type:descuento] [ammount:3217714772895967][total:17086480568661205965]
[user:Gustavo] [type:inversión] [ammount:2898678293621485][total:17089379246954827450]
[user:Juan] [type:cobro] [ammount:1473262217638874][total:17090852509172466324]
[user:Sonia] [type:pago] [ammount:606422751580897][total:17091458931924047221]
[user:Dalí] [type:pago] [ammount:3158005112130532][total:17094616937036177753]
[user:Anakin] [type:descuento] [ammount:2811237647994697][total:17097428174684172450]
[user:Gustavo] [type:cobro] [ammount:3156839971506820][total:17100585014655679270]
[user:Carlos] [type:cobro] [ammount:2322056244717059][total:17102907070900396329]
[user:Sonia] [type:inversión] [ammount:2840099181304172][total:17105747170081700501]
[user:Kung] [type:pago] [ammount:32183668078679][total:17105779353749779180]
[user:David] [type:descuento] [ammount:2498990358570031][total:17108278344108349211]
[user:Gustavo] [type:inversión] [ammount:3056789053594649][total:17111335133161943860]
[user:Felipe] [type:inversión] [ammount:3567541905376770][total:17114902675067320630]
[user:David] [type:inversión] [ammount:2388972397382359][total:17117291647464702989]
[user:Juan] [type:cobro] [ammount:2096218763688850][total:17119387866228391839]
[user:Felipe] [type:inversión] [ammount:513256334415244][total:17119901122562807083]
[user:Carlos] [type:pago] [ammount:902980698203553][total:17120804103261010636]
[user:Carlos] [type:descuento] [ammount:1484968020038378][total:17122289071281049014]
[user:Dalí] [type:pago] [ammount:431179868622493][total:17122720251149671507]
[user:David] [type:pago] [ammount:3139230918478246][total:17125859482068149753]
[user:Anakin] [type:pago] [ammount:955732851567995][total:17126815214919717748]
[user:Carlos] [type:descuento] [ammount:1220912389163017][total:17128036127308880765]
[user:Keanu] [type:pago] [ammount:3127119945865918][total:17131163247254746683]
[user:Carlos] [type:pago] [ammount:1030231569049728][total:17132193478823796411]
[user:Felipe] [type:pago] [ammount:3375515791990321][total:17135568994615786732]
[user:Carlos] [type:cobro] [ammount:296212624832369][total:17135865207240619101]
[user:Carlos] [type:pago] [ammount:344868411923409][total:17136210075652542510]
[user:Anakin] [type:descuento] [ammount:1379971184338548][total:17137590046836881058]
[user:Juan] [type:pago] [ammount:3263882457224757][total:17140853929294105815]
[user:Felipe] [type:inversión] [ammount:3234263483726977][total:17144088192777832792]
[user:Dalí] [type:cobro] [ammount:3077442132826524][total:17147165634910659316]
[user:Felipe] [type:descuento] [ammount:2596006570928760][total:17149761641481588076]
[user:Kung] [type:descuento] [ammount:3234746369691187][total:17152996387851279263]
[user:Keanu] [type:cobro] [ammount:1481817927424097][total:17154478205778703360]
[user:David] [type:cobro] [ammount:2637943448144060][total:17157116149226847420]
[user:Anakin] [type:inversión] [ammount:567488034725031][total:17157683637261572451]
[user:Gustavo] [type:descuento] [ammount:1160910893705440][total:17158844548155277891]
[user:Kung] [type:inversión] [ammount:2713491553522230][total:17161558039708800121]
[user:Gustavo] [type:pago] [ammount:583730214253112][total:17162141769923053233]
[user:Keanu] [type:cobro] [ammount:1017515709050439][total:17163159285632103672]
[user:Keanu] [type:inversión] [ammount:389231099999674][total:17163548516732103346]
[user:Juan] [type:descuento] [ammount:3579313681611627][total:17167127830413714973]
[user:Anakin] [type:inversión] [ammount:1151239834349523][total:17168279070248064496]
[user:Sonia] [type:descuento] [ammount:932681437295027][total:17169211751685359523]
[user:Kung] [type:pago] [ammount:2247476364588457][total:17171459228049947980]
[user:Kung] [type:cobro] [ammount:2891302258078751][total:17174350530308026731]
[user:Juan] [type:cobro] [ammount:3153525353068159][total:17177504055661094890]
[user:Felipe] [type:inversión] [ammount:2107521219219868][total:17179611576880314758]
[user:Anakin] [type:inversión] [ammount:750304935954612][total:17180361881816269370]
[user:Carlos] [type:pago] [ammount:2845014926490970][total:17183206896742760340]
[user:Gustavo] [type:cobro] [ammount:2903823802163877][total:17186110720544924217]
[user:Carlos] [type:inversión] [ammount:2246489311434059][total:17188357209856358276]
[user:Gustavo] [type:cobro] [ammount:2386535884633823][total:17190743745740992099]
[user:Keanu] [type:descuento] [ammount:1125078557554442][total:17191868824298546541]
[user:Kung] [type:cobro] [ammount:311901024535775][total:17192180725323082316]
[user:Sonia] [type:inversión] [ammount:2578659449704995][total:17194759384772787311]
[user:Dalí] [type:descuento] [ammount:832704401107487][total:17195592089173894798]
[user:Dalí] [type:descuento] [ammount:3612026274988627][total:17199204115448883425]
[user:Carlos] [type:cobro] [ammount:1287289846469569][total:17200491405295352994]
[user:Sonia] [type:pago] [ammount:1893779588305160][total:17202385184883658154]
[user:Anakin] [type:pago] [ammount:1171758886455481][total:17203556943770113635]
[user:Sonia] [type:inversión] [ammount:3543983751720813][total:17207100927521834448]
[user:David] [type:descuento] [ammount:990112260671183][total:17208091039782505631]
[user:Kung] [type:pago] [ammount:287404718010110][total:17208378444500515741]
[user:Carlos] [type:descuento] [ammount:1754468265555290][total:17210132912766071031]
[user:Dalí] [type:cobro] [ammount:3440433569278545][total:17213573346335349576]
[user:Dalí] [type:pago] [ammount:465026003142130][total:17214038372338491706]
[user:Keanu] [type:descuento] [ammount:3537756877671068][total:17217576129216162774]
[user:Dalí] [type:descuento] [ammount:458347682814604][total:17218034476898977378]
[user:Keanu] [type:descuento] [ammount:2954236948789914][total:17220988713847767292]
[user:Felipe] [type:descuento] [ammount:2610488466093640][total:17223599202313860932]
[user:Gustavo] [type:inversión] [ammount:3420973561656956][total:17227020175875517888]
[user:Juan] [type:inversión] [ammount:3046735028868589][total:17230066910904386477]
[user:David] [type:cobro] [ammount:3334634915696135][total:17233401545820082612]
[user:Sonia] [type:inversión] [ammount:3587305253440012][total:17236988851073522624]
[user:Felipe] [type:cobro] [ammount:161047789931676][total:17237149898863454300]
[user:David] [type:cobro] [ammount:508906508638099][total:17237658805372092399]
[user:Keanu] [type:pago] [ammount:3295046805624517][total:17240953852177716916]
[user:Felipe] [type:inversión] [ammount:1013952206923961][total:17241967804384640877]
[user:Keanu] [type:cobro] [ammount:2228391333362473][total:17244196195718003350]
[user:Kung] [type:inversión] [ammount:933820294092583][total:17245130016012095933]
[user:David] [type:pago] [ammount:1484416968503196][total:17246614432980599129]
[user:Kung] [type:cobro] [ammount:1205555718486599][total:17247819988699085728]
[user:Anakin] [type:pago] [ammount:380767642063795][total:17248200756341149523]
[user:Gustavo] [type:cobro] [ammount:3058911571275563][total:17251259667912425086]
[user:Sonia] [type:inversión] [ammount:3371953149888155][total:17254631621062313241]
[user:Anakin] [type:descuento] [ammount:3013558539593158][total:17257645179601906399]
[user:Dalí] [type:cobro] [ammount:3148010678331748][total:17260793190280238147]
[user:Carlos] [type:descuento] [ammount:3524093231907193][total:17264317283512145340]
[user:Carlos] [type:descuento] [ammount:3348236558328199][total:17267665520070473539]
[user:Carlos] [type:cobro] [ammount:3444314339758766][total:17271109834410232305]
[user:Gustavo] [type:pago] [ammount:88923183225342][total:17271198757593457647]
[user:Keanu] [type:descuento] [ammount:935606053272254][total:17272134363646729901]
[user:Anakin] [type:pago] [ammount:2839414688597502][total:17274973778335327403]
[user:Felipe] [type:cobro] [ammount:185010292559965][total:17275158788627887368]
[user:Felipe] [type:inversión] [ammount:680088226691425][total:17275838876854578793]
[user:Kung] [type:descuento] [ammount:955907674826272][total:17276794784529405065]
[user:Gustavo] [type:inversión] [ammount:2435684011139293][total:17279230468540544358]
[user:Keanu] [type:cobro] [ammount:3036153327362424][total:17282266621867906782]
[user:Sonia] [type:descuento] [ammount:1908396804638128][total:17284175018672544910]
[user:Sonia] [type:cobro] [ammount:2601708351490493][total:17286776727024035403]
[user:Keanu] [type:descuento] [ammount:2759001602229354][total:17289535728626264757]
[user:Dalí] [type:cobro] [ammount:2089704576886153][total:17291625433203150910]
[user:Juan] [type:pago] [ammount:1968584938144558][total:17293594018141295468]
[user:David] [type:descuento] [ammount:281705431498549][total:17293875723572794017]
[user:Felipe] [type:descuento] [ammount:806993199013140][total:17294682716771807157]
[user:Sonia] [type:descuento] [ammount:3118488635850672][total:17297801205407657829]
[user:Sonia] [type:cobro] [ammount:2639982570544241][total:17300441187978202070]
[user:Felipe] [type:pago] [ammount:2084096019651286][total:17302525283997853356]
[user:Kung] [type:inversión] [ammount:2172453784133945][total:17304697737781987301]
[user:Kung] [type:descuento] [ammount:3449481622669474][total:17308147219404656775]
[user:Juan] [type:descuento] [ammount:52482645927693][total:17308199702050584468]
[user:Dalí] [type:pago] [ammount:3554170118270520][total:17311753872168854988]
[user:Felipe] [type:inversión] [ammount:2654545175499787][total:17314408417344354775]
[user:Keanu] [type:pago] [ammount:3423667346288604][total:17317832084690643379]
[user:Juan] [type:cobro] [ammount:2286107929149443][total:17320118192619792822]
[user:Sonia] [type:inversión] [ammount:3451186203379890][total:17323569378823172712]
[user:Sonia] [type:descuento] [ammount:994768627334353][total:17324564147450507065]
[user:Felipe] [type:descuento] [ammount:1968620761918987][total:17326532768212426052]
[user:Anakin] [type:descuento] [ammount:1081143437875155][total:17327613911650301207]
[user:Anakin] [type:cobro] [ammount:3474892570414581][total:17331088804220715788]
[user:Kung] [type:inversión] [ammount:816243732488172][total:17331905047953203960]
[user:Kung] [type:descuento] [ammount:586049607661054][total:17332491097560865014]
[user:Kung] [type:descuento] [ammount:1047901344840953][total:17333538998905705967]
[user:Kung] [type:inversión] [ammount:3304030349597556][total:17336843029255303523]
[user:Sonia] [type:inversión] [ammount:2230933276088936][total:17339073962531392459]
[user:Sonia] [type:descuento] [ammount:308719069274919][total:17339382681600667378]
[user:Sonia] [type:pago] [ammount:550333257852147][total:17339933014858519525]
[user:David] [type:descuento] [ammount:3228695516423509][total:17343161710374943034]
[user:Kung] [type:cobro] [ammount:1869090411576060][total:17345030800786519094]
[user:Juan] [type:pago] [ammount:2403866635567746][total:17347434667422086840]
[user:Anakin] [type:descuento] [ammount:362973612822773][total:17347797641034909613]
[user:Gustavo] [type:descuento] [ammount:2677264975915685][total:17350474906010825298]
[user:Sonia] [type:cobro] [ammount:1738377404407030][total:17352213283415232328]
[user:Anakin] [type:inversión] [ammount:2599779331638660][total:17354813062746870988]
[user:David] [type:cobro] [ammount:2950752808107414][total:17357763815554978402]
[user:Gustavo] [type:descuento] [ammount:465121708091426][total:17358228937263069828]
[user:Carlos] [type:pago] [ammount:3595572296137919][total:17361824509559207747]
[user:Carlos] [type:inversión] [ammount:1661954255786559][total:17363486463814994306]
[user:Keanu] [type:descuento] [ammount:1368315389252941][total:17364854779204247247]
[user:Felipe] [type:pago] [ammount:1530261662953012][total:17366385040867200259]
[user:Sonia] [type:descuento] [ammount:1886660863978382][total:17368271701731178641]
[user:Carlos] [type:pago] [ammount:3645041124473012][total:17371916742855651653]
[user:Carlos] [type:pago] [ammount:3418912919003933][total:17375335655774655586]
[user:Keanu] [type:pago] [ammount:1326146831583786][total:17376661802606239372]
[user:Kung] [type:descuento] [ammount:1424700773718922][total:17378086503379958294]
[user:Juan] [type:inversión] [ammount:3296093263273954][total:17381382596643232248]
[user:Carlos] [type:descuento] [ammount:2423348068097239][total:17383805944711329487]
[user:Gustavo] [type:inversión] [ammount:2610627564726574][total:17386416572276056061]
[user:Keanu] [type:descuento] [ammount:3663043438177590][total:17390079615714233651]
[user:Juan] [type:inversión] [ammount:760153794728324][total:17390839769508961975]
[user:Sonia] [type:pago] [ammount:1119797173450320][total:17391959566682412295]
[user:Sonia] [type:inversión] [ammount:58134192707445][total:17392017700875119740]
[user:Dalí] [type:descuento] [ammount:2678144554009965][total:17394695845429129705]
[user:Dalí] [type:descuento] [ammount:2600548732716446][total:17397296394161846151]
[user:Juan] [type:cobro] [ammount:233534100326629][total:17397529928262172780]
[user:Dalí] [type:pago] [ammount:2467740958457789][total:17399997669220630569]
[user:David] [type:descuento] [ammount:842930410082027][total:17400840599630712596]
[user:Kung] [type:pago] [ammount:1822150171892532][total:17402662749802605128]
[user:Sonia] [type:inversión] [ammount:3593978089612932][total:17406256727892218060]
[user:Keanu] [type:pago] [ammount:682347989737340][total:17406939075881955400]
[user:David] [type:cobro] [ammount:2718635155970957][total:17409657711037926357]
[user:Sonia] [type:cobro] [ammount:1327788144349923][total:17410985499182276280]
[user:Anakin] [type:inversión] [ammount:795280987291177][total:17411780780169567457]
[user:Felipe] [type:cobro] [ammount:660810444733772][total:17412441590614301229]
[user:Felipe] [type:inversión] [ammount:2268848236405260][total:17414710438850706489]
[user:Keanu] [type:cobro] [ammount:3288676515110911][total:17417999115365817400]
[user:Carlos] [type:cobro] [ammount:1156922341632993][total:17419156037707450393]
[user:Anakin] [type:pago] [ammount:1161091868413459][total:17420317129575863852]
[user:David] [type:inversión] [ammount:2270133556893479][total:17422587263132757331]
[user:Kung] [type:inversión] [ammount:1607168043011392][total:17424194431175768723]
[user:David] [type:pago] [ammount:2835084683792217][total:17427029515859560940]
[user:Keanu] [type:inversión] [ammount:1283512543187758][total:17428313028402748698]
[user:Keanu] [type:descuento] [ammount:610580488550308][total:17428923608891299006]
[user:Felipe] [type:descuento] [ammount:3483358487212376][total:17432406967378511382]
[user:Kung] [type:descuento] [ammount:1465993287149376][total:17433872960665660758]
[user:Felipe] [type:cobro] [ammount:2647344979861603][total:17436520305645522361]
[user:Keanu] [type:cobro] [ammount:2257217411452612][total:17438777523056974973]
[user:Juan] [type:pago] [ammount:327176609893283][total:17439104699666868256]
[user:Dalí] [type:pago] [ammount:13758168365150][total:17439118457835233406]
[user:Sonia] [type:pago] [ammount:989804675979356][total:17440108262511212762]
[user:Sonia] [type:pago] [ammount:1453368223306306][total:17441561630734519068]
[user:Dalí] [type:cobro] [ammount:111380840055020][total:17441673011574574088]
[user:David] [type:descuento] [ammount:3587839505318454][total:17445260851079892542]
[user:Dalí] [type:cobro] [ammount:171829856591843][total:17445432680936484385]
[user:Kung] [type:inversión] [ammount:242229359729825][total:17445674910296214210]
[user:Dalí] [type:inversión] [ammount:956482159196895][total:17446631392455411105]
[user:David] [type:cobro] [ammount:2884262761691727][total:17449515655217102832]
[user:Juan] [type:pago] [ammount:2948287236565378][total:17452463942453668210]
[user:Dalí] [type:cobro] [ammount:3282991147458796][total:17455746933601127006]
[user:David] [type:inversión] [ammount:1908471604296611][total:17457655405205423617]
[user:Gustavo] [type:inversión] [ammount:519558356027142][total:17458174963561450759]
[user:Sonia] [type:cobro] [ammount:342556330909557][total:17458517519892360316]
[user:Gustavo] [type:descuento] [ammount:2411904121722364][total:17460929424014082680]
[user:Anakin] [type:pago] [ammount:1586999797660460][total:17462516423811743140]
[user:Anakin] [type:cobro] [ammount:1788758028014346][total:17464305181839757486]
[user:Anakin] [type:pago] [ammount:3617291647303286][total:17467922473487060772]
[user:Dalí] [type:pago] [ammount:827427671036488][total:17468749901158097260]
[user:Anakin] [type:descuento] [ammount:565260543311518][total:17469315161701408778]
[user:Gustavo] [type:pago] [ammount:185222629132172][total:17469500384330540950]
[user:David] [type:cobro] [ammount:1746998056782137][total:17471247382387323087]
[user:Dalí] [type:inversión] [ammount:1078965909811067][total:17472326348297134154]
[user:David] [type:pago] [ammount:2191628583511075][total:17474517976880645229]
[user:Kung] [type:cobro] [ammount:3048026348876578][total:17477566003229521807]
[user:Felipe] [type:cobro] [ammount:3234661679410653][total:17480800664908932460]
[user:David] [type:inversión] [ammount:2429438081022059][total:17483230102989954519]
[user:Dalí] [type:descuento] [ammount:1494624326881422][total:17484724727316835941]
[user:Juan] [type:pago] [ammount:2419916236258946][total:17487144643553094887]
[user:Dalí] [type:descuento] [ammount:2850076193434134][total:17489994719746529021]
[user:Kung] [type:inversión] [ammount:2112501729177344][total:17492107221475706365]
[user:Juan] [type:cobro] [ammount:1987336276761642][total:17494094557752468007]
[user:Juan] [type:cobro] [ammount:181452766590125][total:17494276010519058132]
[user:Sonia] [type:descuento] [ammount:274370746468829][total:17494550381265526961]
[user:Anakin] [type:inversión] [ammount:183432106029863][total:17494733813371556824]
[user:Gustavo] [type:pago] [ammount:1019292987264153][total:17495753106358820977]
[user:Juan] [type:cobro] [ammount:3661687987143984][total:17499414794345964961]
[user:Juan] [type:pago] [ammount:1423654758220333][total:17500838449104185294]
[user:David] [type:inversión] [ammount:1403242400567157][total:17502241691504752451]
[user:Kung] [type:inversión] [ammount:1931270277727178][total:17504172961782479629]
[user:Felipe] [type:descuento] [ammount:2268232547219315][total:17506441194329698944]
[user:Dalí] [type:pago] [ammount:318548888973290][total:17506759743218672234]
[user:Gustavo] [type:descuento] [ammount:1643448140264604][total:17508403191358936838]
[user:Dalí] [type:cobro] [ammount:294877740964805][total:17508698069099901643]
[user:Felipe] [type:pago] [ammount:2816994798700497][total:17511515063898602140]
[user:Felipe] [type:descuento] [ammount:2544920438768787][total:17514059984337370927]
[user:Felipe] [type:pago] [ammount:1622109635045044][total:17515682093972415971]
[user:Gustavo] [type:pago] [ammount:1197386061115407][total:17516879480033531378]
[user:Juan] [type:cobro] [ammount:1858366180057028][total:17518737846213588406]
[user:Keanu] [type:cobro] [ammount:1108010136144272][total:17519845856349732678]
[user:Gustavo] [type:cobro] [ammount:478315212874866][total:17520324171562607544]
[user:Dalí] [type:pago] [ammount:1907490017544444][total:17522231661580151988]
[user:Felipe] [type:inversión] [ammount:621423680102210][total:17522853085260254198]
[user:Anakin] [type:inversión] [ammount:3031844714219727][total:17525884929974473925]
[user:Juan] [type:cobro] [ammount:2508584015174399][total:17528393513989648324]
[user:Anakin] [type:descuento] [ammount:3141903001036269][total:17531535416990684593]
[user:Keanu] [type:cobro] [ammount:1739558684321094][total:17533274975675005687]
[user:Gustavo] [type:cobro] [ammount:2540019723503239][total:17535814995398508926]
[user:Felipe] [type:inversión] [ammount:19490115874217][total:17535834485514383143]
[user:Carlos] [type:descuento] [ammount:3499869239221916][total:17539334354753605059]
[user:Kung] [type:pago] [ammount:2422481635919208][total:17541756836389524267]
[user:Felipe] [type:pago] [ammount:383842020957757][total:17542140678410482024]
[user:Felipe] [type:pago] [ammount:2633091671444302][total:17544773770081926326]
[user:Keanu] [type:inversión] [ammount:1239630243639472][total:17546013400325565798]
[user:Dalí] [type:pago] [ammount:993990731860515][total:17547007391057426313]
[user:Dalí] [type:descuento] [ammount:2340882393220681][total:17549348273450646994]
[user:Sonia] [type:pago] [ammount:1069159076208332][total:17550417432526855326]
[user:David] [type:pago] [ammount:712112682375364][total:17551129545209230690]
[user:David] [type:cobro] [ammount:691083553898482][total:17551820628763129172]
[user:Carlos] [type:descuento] [ammount:327637888799557][total:17552148266651928729]
[user:Sonia] [type:cobro] [ammount:3249184041041905][total:17555397450692970634]
[user:Kung] [type:pago] [ammount:1685029023113481][total:17557082479716084115]
[user:Felipe] [type:descuento] [ammount:2573930177617700][total:17559656409893701815]
[user:Juan] [type:cobro] [ammount:2747608896553903][total:17562404018790255718]
[user:Gustavo] [type:pago] [ammount:1961756587888783][total:17564365775378144501]
[user:Felipe] [type:cobro] [ammount:938880902067411][total:17565304656280211912]
[user:Felipe] [type:descuento] [ammount:3579906977329405][total:17568884563257541317]
[user:Gustavo] [type:pago] [ammount:2332151101392711][total:17571216714358934028]
[user:Juan] [type:descuento] [ammount:1140844814371598][total:17572357559173305626]
[user:Juan] [type:pago] [ammount:604722139398760][total:17572962281312704386]
[user:Kung] [type:inversión] [ammount:672043275777591][total:17573634324588481977]
[user:Juan] [type:pago] [ammount:2858713784500258][total:17576493038372982235]
[user:Felipe] [type:pago] [ammount:306910955776345][total:17576799949328758580]
[user:Anakin] [type:inversión] [ammount:497150929132213][total:17577297100257890793]
[user:Anakin] [type:inversión] [ammount:3502475902721027][total:17580799576160611820]
[user:Anakin] [type:cobro] [ammount:1962047593597925][total:17582761623754209745]
[user:Kung] [type:descuento] [ammount:913870940469856][total:17583675494694679601]
[user:Dalí] [type:cobro] [ammount:1446435746986900][total:17585121930441666501]
[user:Dalí] [type:descuento] [ammount:1959711469197365][total:17587081641910863866]
[user:Carlos] [type:inversión] [ammount:1930240657266709][total:17589011882568130575]
[user:Sonia] [type:pago] [ammount:809432459934852][total:17589821315028065427]
[user:Carlos] [type:descuento] [ammount:134162538130759][total:17589955477566196186]
[user:Dalí] [type:cobro] [ammount:3679697172827415][total:17593635174739023601]
[user:Sonia] [type:pago] [ammount:977701855732090][total:17594612876594755691]
[user:Anakin] [type:descuento] [ammount:1226805688658999][total:17595839682283414690]
[user:Juan] [type:pago] [ammount:2971617517292158][total:17598811299800706848]
[user:Sonia] [type:inversión] [ammount:3064314640615285][total:17601875614441322133]
[user:Keanu] [type:descuento] [ammount:3405637039586400][total:17605281251480908533]
[user:Juan] [type:cobro] [ammount:1178137982439412][total:17606459389463347945]
[user:Anakin] [type:pago] [ammount:3409972085333062][total:17609869361548681007]
[user:Kung] [type:pago] [ammount:2941528015553276][total:17612810889564234283]
[user:Kung] [type:cobro] [ammount:1614822052698183][total:17614425711616932466]
[user:Sonia] [type:cobro] [ammount:767527661598163][total:17615193239278530629]
[user:Juan] [type:inversión] [ammount:410225069325417][total:17615603464347856046]
[user:Dalí] [type:pago] [ammount:1286716323954398][total:17616890180671810444]
[user:Gustavo] [type:inversión] [ammount:1101112867325019][total:17617991293539135463]
[user:Felipe] [type:cobro] [ammount:3260026505824115][total:17621251320044959578]
[user:David] [type:inversión] [ammount:805573119596967][total:17622056893164556545]
[user:Felipe] [type:inversión] [ammount:1148570389901485][total:17623205463554458030]
[user:Carlos] [type:inversión] [ammount:3527674157324155][total:17626733137711782185]
[user:Keanu] [type:pago] [ammount:2752537323534322][total:17629485675035316507]
[user:Felipe] [type:pago] [ammount:329617553427721][total:17629815292588744228]
[user:Felipe] [type:descuento] [ammount:930663044240424][total:17630745955632984652]
[user:Kung] [type:pago] [ammount:237915165337724][total:17630983870798322376]
[user:Juan] [type:inversión] [ammount:2697352140224344][total:17633681222938546720]
[user:Sonia] [type:inversión] [ammount:887898514742262][total:17634569121453288982]
[user:Gustavo] [type:descuento] [ammount:1302293774198066][total:17635871415227487048]
[user:Carlos] [type:descuento] [ammount:3494718404778343][total:17639366133632265391]
[user:David] [type:pago] [ammount:3545309890245278][total:17642911443522510669]
[user:David] [type:inversión] [ammount:3346111672153049][total:17646257555194663718]
[user:Dalí] [type:inversión] [ammount:1983493513994691][total:17648241048708658409]
[user:Sonia] [type:pago] [ammount:2535083434796180][total:17650776132143454589]
[user:Felipe] [type:cobro] [ammount:2919029586861112][total:17653695161730315701]
[user:David] [type:cobro] [ammount:1573721520661047][total:17655268883250976748]
[user:Kung] [type:descuento] [ammount:2187206083046085][total:17657456089334022833]
[user:Anakin] [type:cobro] [ammount:829155846419931][total:17658285245180442764]
[user:Carlos] [type:inversión] [ammount:1410555029461501][total:17659695800209904265]
[user:Gustavo] [type:cobro] [ammount:1759274618114408][total:17661455074828018673]
[user:Keanu] [type:cobro] [ammount:1030907915150008][total:17662485982743168681]
[user:David] [type:cobro] [ammount:2273480431014914][total:17664759463174183595]
[user:Carlos] [type:inversión] [ammount:2894275066554831][total:17667653738240738426]
[user:Gustavo] [type:inversión] [ammount:382492094850293][total:17668036230335588719]
[user:Keanu] [type:pago] [ammount:706866696609925][total:17668743097032198644]
[user:Kung] [type:inversión] [ammount:1505610006769194][total:17670248707038967838]
[user:Dalí] [type:inversión] [ammount:2575782456295167][total:17672824489495263005]
[user:David] [type:pago] [ammount:1106485606007166][total:17673930975101270171]
[user:Keanu] [type:pago] [ammount:3345732137828871][total:17677276707239099042]
[user:Anakin] [type:pago] [ammount:3513523735849886][total:17680790230974948928]
[user:Kung] [type:inversión] [ammount:837621953108039][total:17681627852928056967]
[user:Juan] [type:descuento] [ammount:2203943946715044][total:17683831796874772011]
[user:Kung] [type:pago] [ammount:826565522838382][total:17684658362397610393]
[user:Carlos] [type:descuento] [ammount:736654436837128][total:17685395016834447521]
[user:Felipe] [type:descuento] [ammount:306903783548195][total:17685701920617995716]
[user:Sonia] [type:inversión] [ammount:889929606541025][total:17686591850224536741]
[user:Carlos] [type:descuento] [ammount:527494624264165][total:17687119344848800906]
[user:Gustavo] [type:descuento] [ammount:2411427167881237][total:17689530772016682143]
[user:David] [type:inversión] [ammount:829582080963898][total:17690360354097646041]
[user:David] [type:inversión] [ammount:602899047567506][total:17690963253145213547]
[user:Anakin] [type:cobro] [ammount:2972154769041750][total:17693935407914255297]
[user:Juan] [type:descuento] [ammount:3137548418502826][total:17697072956332758123]
[user:Anakin] [type:cobro] [ammount:3097893082606585][total:17700170849415364708]
[user:Felipe] [type:descuento] [ammount:2490120500353591][total:17702660969915718299]
[user:Anakin] [type:pago] [ammount:532090132000720][total:17703193060047719019]
[user:Dalí] [type:pago] [ammount:668710308795952][total:17703861770356514971]
[user:Dalí] [type:cobro] [ammount:352265844227261][total:17704214036200742232]
[user:Kung] [type:descuento] [ammount:847501336352862][total:17705061537537095094]
[user:Anakin] [type:inversión] [ammount:2843500731120927][total:17707905038268216021]
[user:Carlos] [type:cobro] [ammount:1355713110892232][total:17709260751379108253]
[user:Juan] [type:inversión] [ammount:2190793675161720][total:17711451545054269973]
[user:Anakin] [type:cobro] [ammount:1390973112562280][total:17712842518166832253]
[user:Felipe] [type:inversión] [ammount:1035380239579430][total:17713877898406411683]
[user:Dalí] [type:inversión] [ammount:3258201401913694][total:17717136099808325377]
[user:Dalí] [type:inversión] [ammount:3167322350251238][total:17720303422158576615]
[user:Sonia] [type:pago] [ammount:3039755537174692][total:17723343177695751307]
[user:David] [type:cobro] [ammount:283092261271919][total:17723626269957023226]
[user:Kung] [type:inversión] [ammount:1886196034044852][total:17725512465991068078]
[user:Anakin] [type:descuento] [ammount:1431353356712976][total:17726943819347781054]
[user:Anakin] [type:descuento] [ammount:123746104372198][total:17727067565452153252]
[user:Kung] [type:cobro] [ammount:2963163771628240][total:17730030729223781492]
[user:Juan] [type:inversión] [ammount:2988892138115416][total:17733019621361896908]
[user:Keanu] [type:pago] [ammount:1927477847665561][total:17734947099209562469]
[user:Kung] [type:inversión] [ammount:1674281439300866][total:17736621380648863335]
[user:Kung] [type:descuento] [ammount:1939083491353438][total:17738560464140216773]
[user:Carlos] [type:cobro] [ammount:1090411090811884][total:17739650875231028657]
[user:Kung] [type:pago] [ammount:1921574434844546][total:17741572449665873203]
[user:Kung] [type:cobro] [ammount:2494490991302476][total:17744066940657175679]
[user:Carlos] [type:inversión] [ammount:3557006345071665][total:17747623947002247344]
[user:Juan] [type:inversión] [ammount:2224762077848147][total:17749848709080095491]
[user:Dalí] [type:inversión] [ammount:1041254594347397][total:17750889963674442888]
[user:Carlos] [type:pago] [ammount:252343273909541][total:17751142306948352429]
[user:Felipe] [type:descuento] [ammount:1176794395792510][total:17752319101344144939]
[user:Gustavo] [type:inversión] [ammount:997245731560780][total:17753316347075705719]
[user:Keanu] [type:inversión] [ammount:2956594001458816][total:17756272941077164535]
[user:Carlos] [type:pago] [ammount:2456827017166415][total:17758729768094330950]
[user:Carlos] [type:descuento] [ammount:2495522760372977][total:17761225290854703927]
[user:Anakin] [type:pago] [ammount:745445747549295][total:17761970736602253222]
[user:Keanu] [type:pago] [ammount:323230791948061][total:17762293967394201283]
[user:Dalí] [type:pago] [ammount:1146486968644073][total:17763440454362845356]
[user:Carlos] [type:pago] [ammount:3539462139008284][total:17766979916501853640]
[user:Keanu] [type:cobro] [ammount:2386668356630603][total:17769366584858484243]
[user:Anakin] [type:inversión] [ammount:2575667838576693][total:17771942252697060936]
[user:Felipe] [type:inversión] [ammount:3133422657701691][total:17775075675354762627]
[user:Felipe] [type:inversión] [ammount:2085244889308089][total:17777160920244070716]
[user:Keanu] [type:inversión] [ammount:3106901399172654][total:17780267821643243370]
[user:Sonia] [type:pago] [ammount:1075806390468874][total:17781343628033712244]
[user:Sonia] [type:cobro] [ammount:656495420901190][total:17782000123454613434]
[user:Gustavo] [type:descuento] [ammount:3205822772594946][total:17785205946227208380]
[user:David] [type:inversión] [ammount:797612869445334][total:17786003559096653714]
[user:Juan] [type:pago] [ammount:1643498611000503][total:17787647057707654217]
[user:Juan] [type:cobro] [ammount:759788617161672][total:17788406846324815889]
[user:Juan] [type:inversión] [ammount:371822468408869][total:17788778668793224758]
[user:Juan] [type:inversión] [ammount:660474985941480][total:17789439143779166238]
[user:Felipe] [type:cobro] [ammount:533072111739451][total:17789972215890905689]
[user:Keanu] [type:descuento] [ammount:1937474588572658][total:17791909690479478347]
[user:Felipe] [type:inversión] [ammount:1305375830384569][total:17793215066309862916]
[user:Felipe] [type:descuento] [ammount:2322099406190613][total:17795537165716053529]
[user:David] [type:pago] [ammount:2324330678305765][total:17797861496394359294]
[user:Carlos] [type:pago] [ammount:2640870118876423][total:17800502366513235717]
[user:Anakin] [type:inversión] [ammount:662485810628141][total:17801164852323863858]
[user:Gustavo] [type:inversión] [ammount:127795318418848][total:17801292647642282706]
[user:Gustavo] [type:descuento] [ammount:1076513880801028][total:17802369161523083734]
[user:Sonia] [type:cobro] [ammount:3240062879029425][total:17805609224402113159]
[user:Gustavo] [type:descuento] [ammount:1463573341789248][total:17807072797743902407]
[user:David] [type:descuento] [ammount:2831417219997579][total:17809904214963899986]
[user:Anakin] [type:cobro] [ammount:1254459289189895][total:17811158674253089881]
[user:David] [type:pago] [ammount:1838984639268474][total:17812997658892358355]
[user:Juan] [type:cobro] [ammount:278500682918207][total:17813276159575276562]
[user:Felipe] [type:inversión] [ammount:3604676324305567][total:17816880835899582129]
[user:Keanu] [type:descuento] [ammount:409212092090424][total:17817290047991672553]
[user:Gustavo] [type:pago] [ammount:1024704637586065][total:17818314752629258618]
[user:David] [type:inversión] [ammount:1657430633609901][total:17819972183262868519]
[user:Dalí] [type:inversión] [ammount:3068139179949092][total:17823040322442817611]
[user:David] [type:inversión] [ammount:2584223251575875][total:17825624545694393486]
[user:Keanu] [type:cobro] [ammount:1262881729552216][total:17826887427423945702]
[user:Anakin] [type:pago] [ammount:1613660896476980][total:17828501088320422682]
[user:Carlos] [type:pago] [ammount:731088272674784][total:17829232176593097466]
[user:Kung] [type:pago] [ammount:1917785053260191][total:17831149961646357657]
[user:Carlos] [type:descuento] [ammount:2594463485182778][total:17833744425131540435]
[user:Felipe] [type:pago] [ammount:2071823271560912][total:17835816248403101347]
[user:Anakin] [type:inversión] [ammount:2160858756083624][total:17837977107159184971]
[user:Sonia] [type:descuento] [ammount:1328883754022078][total:17839305990913207049]
[user:Keanu] [type:inversión] [ammount:1627880716095877][total:17840933871629302926]
[user:Juan] [type:descuento] [ammount:1731929718936807][total:17842665801348239733]
[user:Gustavo] [type:pago] [ammount:1226537738048498][total:17843892339086288231]
[user:Gustavo] [type:descuento] [ammount:1966302581567301][total:17845858641667855532]
[user:David] [type:pago] [ammount:952443034177974][total:17846811084702033506]
[user:Kung] [type:descuento] [ammount:149406180855854][total:17846960490882889360]
[user:Sonia] [type:descuento] [ammount:2686251549286954][total:17849646742432176314]
[user:Keanu] [type:pago] [ammount:972269035529808][total:17850619011467706122]
[user:Felipe] [type:cobro] [ammount:1865996593006652][total:17852485008060712774]
[user:Anakin] [type:cobro] [ammount:2758684250737086][total:17855243692311449860]
[user:Felipe] [type:inversión] [ammount:3175354092600323][total:17858419046404050183]
[user:Carlos] [type:pago] [ammount:3302519045680308][total:17861721565449730491]
[user:Anakin] [type:descuento] [ammount:1194832464592256][total:17862916397914322747]
[user:Kung] [type:cobro] [ammount:834140627810530][total:17863750538542133277]
[user:Kung] [type:pago] [ammount:823018448178454][total:17864573556990311731]
[user:Dalí] [type:cobro] [ammount:843619449010900][total:17865417176439322631]
[user:Felipe] [type:descuento] [ammount:2022760120971871][total:17867439936560294502]
[user:Dalí] [type:descuento] [ammount:3575780737859134][total:17871015717298153636]
[user:Carlos] [type:cobro] [ammount:994859486915072][total:17872010576785068708]
[user:Felipe] [type:inversión] [ammount:2786201588098437][total:17874796778373167145]
[user:Juan] [type:descuento] [ammount:1314753022219437][total:17876111531395386582]
[user:Keanu] [type:cobro] [ammount:2318696464416234][total:17878430227859802816]
[user:Gustavo] [type:pago] [ammount:3431286539618842][total:17881861514399421658]
[user:Gustavo] [type:cobro] [ammount:3591611623375558][total:17885453126022797216]
[user:Dalí] [type:inversión] [ammount:2718054361913122][total:17888171180384710338]
[user:Carlos] [type:cobro] [ammount:1183553145551416][total:17889354733530261754]
[user:Felipe] [type:cobro] [ammount:3428210763167821][total:17892782944293429575]
[user:Dalí] [type:inversión] [ammount:1374570185895655][total:17894157514479325230]
[user:Anakin] [type:pago] [ammount:2728968486562830][total:17896886482965888060]
[user:Kung] [type:inversión] [ammount:1261659407442793][total:17898148142373330853]
[user:Carlos] [type:cobro] [ammount:1715928125981599][total:17899864070499312452]
[user:Juan] [type:descuento] [ammount:3104858366682825][total:17902968928865995277]
[user:Carlos] [type:descuento] [ammount:1301999403947298][total:17904270928269942575]
[user:Kung] [type:pago] [ammount:407237869310352][total:17904678166139252927]
[user:David] [type:cobro] [ammount:2061332773889081][total:17906739498913142008]
[user:Carlos] [type:inversión] [ammount:3395304841722015][total:17910134803754864023]
[user:Anakin] [type:inversión] [ammount:573716330814592][total:17910708520085678615]
[user:Anakin] [type:cobro] [ammount:1263534703191941][total:17911972054788870556]
[user:Anakin] [type:descuento] [ammount:541415737081552][total:17912513470525952108]
[user:Kung] [type:cobro] [ammount:3206068480551126][total:17915719539006503234]
[user:Carlos] [type:inversión] [ammount:1033608716673361][total:17916753147723176595]
[user:Sonia] [type:inversión] [ammount:731815201231622][total:17917484962924408217]
[user:Anakin] [type:pago] [ammount:3401562656452162][total:17920886525580860379]
[user:Anakin] [type:inversión] [ammount:2921750716472970][total:17923808276297333349]
[user:David] [type:pago] [ammount:3114149858703230][total:17926922426156036579]
[user:Juan] [type:descuento] [ammount:2387147688676130][total:17929309573844712709]
[user:David] [type:inversión] [ammount:1823069639372244][total:17931132643484084953]
[user:Anakin] [type:pago] [ammount:41253095034661][total:17931173896579119614]
[user:David] [type:inversión] [ammount:190901488127121][total:17931364798067246735]
[user:Felipe] [type:descuento] [ammount:3653581018071068][total:17935018379085317803]
[user:Keanu] [type:pago] [ammount:3226089693385335][total:17938244468778703138]
[user:Gustavo] [type:inversión] [ammount:2020183545847900][total:17940264652324551038]
[user:Kung] [type:cobro] [ammount:1077068733461037][total:17941341721058012075]
[user:Sonia] [type:pago] [ammount:2311339697012696][total:17943653060755024771]
[user:Felipe] [type:cobro] [ammount:449677204700211][total:17944102737959724982]
[user:Dalí] [type:cobro] [ammount:2337565075336567][total:17946440303035061549]
[user:Carlos] [type:inversión] [ammount:132522249757443][total:17946572825284818992]
[user:Felipe] [type:cobro] [ammount:503720582279231][total:17947076545867098223]
[user:Keanu] [type:pago] [ammount:1653594435247219][total:17948730140302345442]
[user:Sonia] [type:inversión] [ammount:2986589079816547][total:17951716729382161989]
[user:Gustavo] [type:cobro] [ammount:1511849517626912][total:17953228578899788901]
[user:Carlos] [type:inversión] [ammount:3071608568951601][total:17956300187468740502]
[user:Dalí] [type:inversión] [ammount:2802125014328606][total:17959102312483069108]
[user:Juan] [type:inversión] [ammount:2167504740715808][total:17961269817223784916]
[user:Gustavo] [type:pago] [ammount:1522359350372564][total:17962792176574157480]
[user:Carlos] [type:descuento] [ammount:2571478319357419][total:17965363654893514899]
[user:Kung] [type:inversión] [ammount:559027983181313][total:17965922682876696212]
[user:Carlos] [type:cobro] [ammount:2078550836109124][total:17968001233712805336]
[user:Carlos] [type:inversión] [ammount:2810464507439878][total:17970811698220245214]
[user:Keanu] [type:pago] [ammount:1516748070254209][total:17972328446290499423]
[user:Anakin] [type:cobro] [ammount:710601109164587][total:17973039047399664010]
[user:Dalí] [type:descuento] [ammount:1768742140423814][total:17974807789540087824]
[user:Juan] [type:descuento] [ammount:504853437045120][total:17975312642977132944]
[user:Felipe] [type:inversión] [ammount:2282595260494844][total:17977595238237627788]
[user:David] [type:cobro] [ammount:126396310737483][total:17977721634548365271]
[user:Carlos] [type:inversión] [ammount:2525138327744609][total:17980246772876109880]
[user:Carlos] [type:inversión] [ammount:2760711619185959][total:17983007484495295839]
[user:Juan] [type:cobro] [ammount:1496735829708390][total:17984504220325004229]
[user:Gustavo] [type:pago] [ammount:2826702871976341][total:17987330923196980570]
[user:Carlos] [type:inversión] [ammount:1609082766655373][total:17988940005963635943]
[user:Felipe] [type:cobro] [ammount:231026208508045][total:17989171032172143988]
[user:Juan] [type:descuento] [ammount:2786770194613951][total:17991957802366757939]
[user:Dalí] [type:descuento] [ammount:1769909206706104][total:17993727711573464043]
[user:Keanu] [type:descuento] [ammount:2408185655686908][total:17996135897229150951]
[user:Dalí] [type:pago] [ammount:408609093691421][total:17996544506322842372]
[user:Dalí] [type:descuento] [ammount:3493725387857469][total:18000038231710699841]
[user:David] [type:pago] [ammount:3175917564939724][total:18003214149275639565]
[user:David] [type:cobro] [ammount:2516554673207814][total:18005730703948847379]
[user:Carlos] [type:descuento] [ammount:1658855424560404][total:18007389559373407783]
[user:Dalí] [type:descuento] [ammount:3025763904341954][total:18010415323277749737]
[user:Gustavo] [type:pago] [ammount:1881558416412121][total:18012296881694161858]
[user:Dalí] [type:cobro] [ammount:1476042352113317][total:18013772924046275175]
[user:Keanu] [type:pago] [ammount:3292814906908005][total:18017065738953183180]
[user:Juan] [type:cobro] [ammount:2217376351262995][total:18019283115304446175]
[user:Juan] [type:descuento] [ammount:1974228605941938][total:18021257343910388113]
[user:Carlos] [type:pago] [ammount:1959517450217359][total:18023216861360605472]
[user:Felipe] [type:cobro] [ammount:1911614241950374][total:18025128475602555846]
[user:Keanu] [type:inversión] [ammount:2965554234009965][total:18028094029836565811]
[user:Juan] [type:cobro] [ammount:3573968681673369][total:18031667998518239180]
[user:Kung] [type:cobro] [ammount:705634978542817][total:18032373633496781997]
[user:Carlos] [type:inversión] [ammount:3048821337089065][total:18035422454833871062]
[user:Anakin] [type:pago] [ammount:1104924797123187][total:18036527379630994249]
[user:Kung] [type:inversión] [ammount:3472831757469349][total:18040000211388463598]
[user:Carlos] [type:pago] [ammount:431754074645592][total:18040431965463109190]
[user:Felipe] [type:pago] [ammount:2554714370744751][total:18042986679833853941]
[user:Carlos] [type:inversión] [ammount:853045744561905][total:18043839725578415846]
[user:Sonia] [type:pago] [ammount:3227905778799555][total:18047067631357215401]
[user:Carlos] [type:inversión] [ammount:187638048809573][total:18047255269406024974]
[user:Keanu] [type:descuento] [ammount:1259368493521525][total:18048514637899546499]
[user:Anakin] [type:inversión] [ammount:2005274468243976][total:18050519912367790475]
[user:David] [type:pago] [ammount:2006717270293927][total:18052526629638084402]
[user:Anakin] [type:descuento] [ammount:1323291370551242][total:18053849921008635644]
[user:Gustavo] [type:pago] [ammount:2030269743825366][total:18055880190752461010]
[user:Kung] [type:descuento] [ammount:1325275706764711][total:18057205466459225721]
[user:Sonia] [type:pago] [ammount:2711636120085942][total:18059917102579311663]
[user:Dalí] [type:descuento] [ammount:2504923570797267][total:18062422026150108930]
[user:Juan] [type:cobro] [ammount:309850265488290][total:18062731876415597220]
[user:Gustavo] [type:descuento] [ammount:2839750070934644][total:18065571626486531864]
[user:Felipe] [type:descuento] [ammount:3231682250956664][total:18068803308737488528]
[user:Anakin] [type:inversión] [ammount:2231053368408434][total:18071034362105896962]
[user:Dalí] [type:pago] [ammount:2389408510689242][total:18073423770616586204]
[user:Felipe] [type:inversión] [ammount:2414727353947677][total:18075838497970533881]
[user:Dalí] [type:pago] [ammount:505605162229881][total:18076344103132763762]
[user:Anakin] [type:cobro] [ammount:2998526690445083][total:18079342629823208845]
[user:Dalí] [type:pago] [ammount:551027532472519][total:18079893657355681364]
[user:Anakin] [type:descuento] [ammount:398139451238472][total:18080291796806919836]
[user:Dalí] [type:descuento] [ammount:3098587806169245][total:18083390384613089081]
[user:Juan] [type:descuento] [ammount:2331763150005237][total:18085722147763094318]
[user:Kung] [type:cobro] [ammount:644341260828800][total:18086366489023923118]
[user:Sonia] [type:pago] [ammount:2832525723477224][total:18089199014747400342]
[user:Dalí] [type:inversión] [ammount:3458868242964060][total:18092657882990364402]
[user:Carlos] [type:descuento] [ammount:1916077235847022][total:18094573960226211424]
[user:Keanu] [type:descuento] [ammount:788679876942252][total:18095362640103153676]
[user:Juan] [type:inversión] [ammount:2432803495576198][total:18097795443598729874]
[user:Felipe] [type:descuento] [ammount:1680191247204795][total:18099475634845934669]
[user:Kung] [type:descuento] [ammount:1936025678210949][total:18101411660524145618]
[user:Anakin] [type:inversión] [ammount:1520620449225043][total:18102932280973370661]
[user:David] [type:pago] [ammount:2998241578898250][total:18105930522552268911]
[user:Carlos] [type:descuento] [ammount:3441418524779773][total:18109371941077048684]
[user:Keanu] [type:pago] [ammount:1531316637018402][total:18110903257714067086]
[user:Dalí] [type:cobro] [ammount:3224931158897127][total:18114128188872964213]
[user:Carlos] [type:pago] [ammount:798809874815351][total:18114926998747779564]
[user:Felipe] [type:cobro] [ammount:611816481136967][total:18115538815228916531]
[user:Keanu] [type:cobro] [ammount:331888252083310][total:18115870703480999841]
[user:Keanu] [type:descuento] [ammount:3251494965349484][total:18119122198446349325]
[user:David] [type:descuento] [ammount:2130992874442417][total:18121253191320791742]
[user:Dalí] [type:inversión] [ammount:1544186743794896][total:18122797378064586638]
[user:Felipe] [type:descuento] [ammount:1167000413772195][total:18123964378478358833]
[user:Anakin] [type:cobro] [ammount:2765866090872495][total:18126730244569231328]
[user:Sonia] [type:pago] [ammount:3502264399262975][total:18130232508968494303]
[user:Anakin] [type:cobro] [ammount:1556277246029971][total:18131788786214524274]
[user:Dalí] [type:pago] [ammount:3656653709201717][total:18135445439923725991]
[user:Kung] [type:cobro] [ammount:152538839113423][total:18135597978762839414]
[user:Sonia] [type:descuento] [ammount:3047327368490478][total:18138645306131329892]
[user:Keanu] [type:inversión] [ammount:215350160037699][total:18138860656291367591]
[user:Dalí] [type:inversión] [ammount:1731697186303915][total:18140592353477671506]
[user:Juan] [type:descuento] [ammount:3049372982718845][total:18143641726460390351]
[user:David] [type:cobro] [ammount:1212887539464912][total:18144854613999855263]
[user:Anakin] [type:inversión] [ammount:1034533399341191][total:18145889147399196454]
[user:Keanu] [type:cobro] [ammount:3271643051598990][total:18149160790450795444]
[user:Dalí] [type:inversión] [ammount:407331386666511][total:18149568121837461955]
[user:David] [type:descuento] [ammount:562281917747096][total:18150130403755209051]
[user:Juan] [type:pago] [ammount:1256692763176667][total:18151387096518385718]
[user:Carlos] [type:inversión] [ammount:692198969738655][total:18152079295488124373]
[user:Dalí] [type:cobro] [ammount:2515694094402940][total:18154594989582527313]
[user:Felipe] [type:pago] [ammount:3448566781665214][total:18158043556364192527]
[user:Dalí] [type:cobro] [ammount:2708692171152580][total:18160752248535345107]
[user:Gustavo] [type:descuento] [ammount:1221054899177831][total:18161973303434522938]
[user:Keanu] [type:pago] [ammount:564686620253261][total:18162537990054776199]
[user:Gustavo] [type:pago] [ammount:923224645530263][total:18163461214700306462]
[user:Kung] [type:descuento] [ammount:2354536929616309][total:18165815751629922771]
[user:Sonia] [type:pago] [ammount:1455569121352958][total:18167271320751275729]
[user:Anakin] [type:pago] [ammount:3493343389754430][total:18170764664141030159]
[user:Sonia] [type:pago] [ammount:803344536014648][total:18171568008677044807]
[user:Gustavo] [type:descuento] [ammount:733805562040427][total:18172301814239085234]
[user:Juan] [type:inversión] [ammount:1633142851892680][total:18173934957090977914]
[user:Kung] [type:descuento] [ammount:3637247206580812][total:18177572204297558726]
[user:Felipe] [type:cobro] [ammount:2568533215902165][total:18180140737513460891]
[user:Gustavo] [type:descuento] [ammount:1010042841343088][total:18181150780354803979]
[user:David] [type:cobro] [ammount:2758773895899560][total:18183909554250703539]
[user:Anakin] [type:cobro] [ammount:2565933521171868][total:18186475487771875407]
[user:Anakin] [type:descuento] [ammount:529650930389519][total:18187005138702264926]
[user:Kung] [type:descuento] [ammount:3254130554158524][total:18190259269256423450]
[user:Carlos] [type:inversión] [ammount:1705273018959900][total:18191964542275383350]
[user:Dalí] [type:pago] [ammount:320405860329738][total:18192284948135713088]
[user:Carlos] [type:pago] [ammount:3037940191116644][total:18195322888326829732]
[user:Gustavo] [type:inversión] [ammount:3201230661882373][total:18198524118988712105]
[user:Felipe] [type:descuento] [ammount:1773594585443872][total:18200297713574155977]
[user:Kung] [type:pago] [ammount:2701505741850081][total:18202999219316006058]
[user:Carlos] [type:pago] [ammount:2126949354318530][total:18205126168670324588]
[user:Keanu] [type:pago] [ammount:503548895891716][total:18205629717566216304]
[user:Gustavo] [type:descuento] [ammount:509749055475247][total:18206139466621691551]
[user:Felipe] [type:descuento] [ammount:507716962528248][total:18206647183584219799]
[user:Keanu] [type:descuento] [ammount:213273392549583][total:18206860456976769382]
[user:Kung] [type:descuento] [ammount:2759580714003705][total:18209620037690773087]
[user:Sonia] [type:pago] [ammount:1469412080989975][total:18211089449771763062]
[user:Gustavo] [type:inversión] [ammount:648986104618023][total:18211738435876381085]
[user:Anakin] [type:cobro] [ammount:375867294506920][total:18212114303170888005]
[user:Keanu] [type:inversión] [ammount:2052830210000502][total:18214167133380888507]
[user:Anakin] [type:descuento] [ammount:2828975328531107][total:18216996108709419614]
[user:Juan] [type:descuento] [ammount:2797216426742618][total:18219793325136162232]
[user:Juan] [type:inversión] [ammount:859629409950902][total:18220652954546113134]
[user:Juan] [type:pago] [ammount:157269072832217][total:18220810223618945351]
[user:Juan] [type:descuento] [ammount:2725692558678605][total:18223535916177623956]
[user:Carlos] [type:descuento] [ammount:1800029780226386][total:18225335945957850342]
[user:Anakin] [type:inversión] [ammount:2190505903736954][total:18227526451861587296]
[user:Kung] [type:cobro] [ammount:315275929350598][total:18227841727790937894]
[user:Keanu] [type:descuento] [ammount:695837577872974][total:18228537565368810868]
[user:David] [type:pago] [ammount:798793595565716][total:18229336358964376584]
[user:Dalí] [type:inversión] [ammount:1939195007057][total:18229338298159383641]
[user:Gustavo] [type:descuento] [ammount:1662787354268689][total:18231001085513652330]
[user:Keanu] [type:descuento] [ammount:1395762087062356][total:18232396847600714686]
[user:Dalí] [type:inversión] [ammount:2440734182080805][total:18234837581782795491]
[user:Sonia] [type:inversión] [ammount:2577262137504419][total:18237414843920299910]
[user:Juan] [type:inversión] [ammount:3424051511391817][total:18240838895431691727]
[user:Gustavo] [type:descuento] [ammount:1521590959434378][total:18242360486391126105]
[user:Dalí] [type:pago] [ammount:1371456538580883][total:18243731942929706988]
[user:Keanu] [type:descuento] [ammount:3450223842870472][total:18247182166772577460]
[user:Felipe] [type:descuento] [ammount:1088569919492773][total:18248270736692070233]
[user:Dalí] [type:inversión] [ammount:1662533208972155][total:18249933269901042388]
[user:Gustavo] [type:descuento] [ammount:2071486163397125][total:18252004756064439513]
[user:Gustavo] [type:pago] [ammount:3627859065899862][total:18255632615130339375]
[user:David] [type:descuento] [ammount:1473007020624880][total:18257105622150964255]
[user:Sonia] [type:inversión] [ammount:1342114143484190][total:18258447736294448445]
[user:Felipe] [type:pago] [ammount:647216371055454][total:18259094952665503899]
[user:Juan] [type:pago] [ammount:2031360659649262][total:18261126313325153161]
[user:Kung] [type:descuento] [ammount:2040437429358044][total:18263166750754511205]
[user:David] [type:pago] [ammount:133539065633909][total:18263300289820145114]
[user:Keanu] [type:cobro] [ammount:2919237362876821][total:18266219527183021935]
[user:Dalí] [type:inversión] [ammount:691884523593351][total:18266911411706615286]
[user:Carlos] [type:descuento] [ammount:1331931251690471][total:18268243342958305757]
[user:Carlos] [type:cobro] [ammount:1335262990032754][total:18269578605948338511]
[user:Juan] [type:cobro] [ammount:3143155873301725][total:18272721761821640236]
[user:David] [type:inversión] [ammount:604984736665221][total:18273326746558305457]
[user:Juan] [type:pago] [ammount:1109387628088409][total:18274436134186393866]
[user:Keanu] [type:inversión] [ammount:1282798683856][total:18274437416985077722]
[user:Felipe] [type:inversión] [ammount:2093322099519313][total:18276530739084597035]
[user:Juan] [type:pago] [ammount:1045726520900865][total:18277576465605497900]
[user:Sonia] [type:inversión] [ammount:3095787639464664][total:18280672253244962564]
[user:Keanu] [type:descuento] [ammount:1948852703794857][total:18282621105948757421]
[user:Felipe] [type:pago] [ammount:2576180048295530][total:18285197285997052951]
[user:Keanu] [type:descuento] [ammount:3007264981750130][total:18288204550978803081]
[user:David] [type:descuento] [ammount:3263124726487621][total:18291467675705290702]
[user:Sonia] [type:pago] [ammount:124651524267728][total:18291592327229558430]
[user:Kung] [type:cobro] [ammount:2640593330959320][total:18294232920560517750]
[user:Anakin] [type:cobro] [ammount:2687779524527270][total:18296920700085045020]
[user:Anakin] [type:descuento] [ammount:461041942133629][total:18297381742027178649]
[user:Juan] [type:cobro] [ammount:1536574393612580][total:18298918316420791229]
[user:Anakin] [type:inversión] [ammount:881471174997914][total:18299799787595789143]
[user:Dalí] [type:descuento] [ammount:1338057188768337][total:18301137844784557480]
[user:Sonia] [type:inversión] [ammount:1787564368182583][total:18302925409152740063]
[user:Kung] [type:pago] [ammount:439696342954623][total:18303365105495694686]
[user:Carlos] [type:descuento] [ammount:3655173330506023][total:18307020278826200709]
[user:Felipe] [type:cobro] [ammount:383418465395002][total:18307403697291595711]
[user:Felipe] [type:cobro] [ammount:1386250802035966][total:18308789948093631677]
[user:Carlos] [type:cobro] [ammount:429358251725239][total:18309219306345356916]
[user:Gustavo] [type:cobro] [ammount:3148238877495055][total:18312367545222851971]
[user:Juan] [type:inversión] [ammount:3010743525723956][total:18315378288748575927]
[user:Juan] [type:pago] [ammount:133135619897110][total:18315511424368473037]
[user:David] [type:inversión] [ammount:905439770234840][total:18316416864138707877]
[user:David] [type:pago] [ammount:696616810100534][total:18317113480948808411]
[user:Juan] [type:descuento] [ammount:2779172903141356][total:18319892653851949767]
[user:David] [type:cobro] [ammount:1408515388146537][total:18321301169240096304]
[user:Carlos] [type:pago] [ammount:3533165183091222][total:18324834334423187526]
[user:Felipe] [type:inversión] [ammount:2432631314505033][total:18327266965737692559]
[user:Carlos] [type:pago] [ammount:1721229412366820][total:18328988195150059379]
[user:Felipe] [type:inversión] [ammount:878549030524984][total:18329866744180584363]
[user:Anakin] [type:cobro] [ammount:3341576738768424][total:18333208320919352787]
[user:Gustavo] [type:inversión] [ammount:1649409800175237][total:18334857730719528024]
[user:Carlos] [type:descuento] [ammount:1951849699309457][total:18336809580418837481]
[user:Anakin] [type:descuento] [ammount:1717109372515138][total:18338526689791352619]
[user:Juan] [type:pago] [ammount:2058815194781727][total:18340585504986134346]
[user:Keanu] [type:inversión] [ammount:1489931543953754][total:18342075436530088100]
[user:Kung] [type:cobro] [ammount:2136787224733976][total:18344212223754822076]
[user:Felipe] [type:descuento] [ammount:1337627709819414][total:18345549851464641490]
[user:Felipe] [type:cobro] [ammount:2240489944972459][total:18347790341409613949]
[user:Sonia] [type:descuento] [ammount:505345100187864][total:18348295686509801813]
[user:Gustavo] [type:pago] [ammount:1886263328270557][total:18350181949838072370]
[user:Dalí] [type:cobro] [ammount:1633823149359050][total:18351815772987431420]
[user:Felipe] [type:cobro] [ammount:202458453031643][total:18352018231440463063]
[user:Juan] [type:cobro] [ammount:1353036677593604][total:18353371268118056667]
[user:Felipe] [type:cobro] [ammount:1235559349540305][total:18354606827467596972]
[user:David] [type:pago] [ammount:2441288585883331][total:18357048116053480303]
[user:Juan] [type:descuento] [ammount:2499563817451571][total:18359547679870931874]
[user:Dalí] [type:cobro] [ammount:2761180909270147][total:18362308860780202021]
[user:Kung] [type:inversión] [ammount:1029576881757538][total:18363338437661959559]
[user:Keanu] [type:pago] [ammount:493028371396819][total:18363831466033356378]
[user:Anakin] [type:descuento] [ammount:577983973195311][total:18364409450006551689]
[user:Keanu] [type:pago] [ammount:932542632236243][total:18365341992638787932]
[user:Gustavo] [type:cobro] [ammount:2958366174244126][total:18368300358813032058]
[user:Juan] [type:pago] [ammount:2725846611714727][total:18371026205424746785]
[user:Kung] [type:cobro] [ammount:1179869779475038][total:18372206075204221823]
[user:Felipe] [type:cobro] [ammount:3466289814789863][total:18375672365019011686]
[user:Gustavo] [type:pago] [ammount:2270660697045709][total:18377943025716057395]
[user:Kung] [type:descuento] [ammount:1065031660813618][total:18379008057376871013]
[user:Felipe] [type:descuento] [ammount:2778091052239356][total:18381786148429110369]
[user:Dalí] [type:inversión] [ammount:1810659613271776][total:18383596808042382145]
[user:Keanu] [type:pago] [ammount:1630413898661705][total:18385227221941043850]
[user:Anakin] [type:pago] [ammount:253205933038860][total:18385480427874082710]
[user:Gustavo] [type:cobro] [ammount:1828566525312064][total:18387308994399394774]
[user:Sonia] [type:inversión] [ammount:3343155124040214][total:18390652149523434988]
[user:Anakin] [type:cobro] [ammount:3010673918061380][total:18393662823441496368]
[user:Sonia] [type:descuento] [ammount:2068652606455933][total:18395731476047952301]
[user:Kung] [type:descuento] [ammount:1145067947090361][total:18396876543995042662]
[user:Carlos] [type:cobro] [ammount:2055492122485157][total:18398932036117527819]
[user:Felipe] [type:pago] [ammount:3386095423598585][total:18402318131541126404]
[user:Carlos] [type:cobro] [ammount:2579691653444298][total:18404897823194570702]
[user:Juan] [type:descuento] [ammount:1821465581816645][total:18406719288776387347]
[user:Keanu] [type:inversión] [ammount:3447787487649708][total:18410167076264037055]
[user:Gustavo] [type:pago] [ammount:438537634343202][total:18410605613898380257]
[user:Felipe] [type:inversión] [ammount:228731063949819][total:18410834344962330076]
[user:Carlos] [type:inversión] [ammount:275734268628246][total:18411110079230958322]
[user:David] [type:inversión] [ammount:1802827594958659][total:18412912906825916981]
[user:Sonia] [type:cobro] [ammount:795446105311340][total:18413708352931228321]
[user:Dalí] [type:inversión] [ammount:1726583828565975][total:18415434936759794296]
[user:Kung] [type:pago] [ammount:1680834603629239][total:18417115771363423535]
[user:Felipe] [type:descuento] [ammount:313545339606215][total:18417429316703029750]
[user:Juan] [type:descuento] [ammount:2899693614375901][total:18420329010317405651]
[user:Juan] [type:cobro] [ammount:3203391421164303][total:18423532401738569954]
[user:Sonia] [type:descuento] [ammount:2409119247033299][total:18425941520985603253]
[user:Anakin] [type:cobro] [ammount:1089154439875614][total:18427030675425478867]
[user:Sonia] [type:pago] [ammount:3494931837724677][total:18430525607263203544]
[user:David] [type:pago] [ammount:2195165479418094][total:18432720772742621638]
[user:Felipe] [type:cobro] [ammount:3534808762660254][total:18436255581505281892]
[user:David] [type:descuento] [ammount:2570516803700048][total:18438826098308981940]
[user:Carlos] [type:descuento] [ammount:616415435142636][total:18439442513744124576]
[user:David] [type:cobro] [ammount:491081293846846][total:18439933595037971422]
[user:Carlos] [type:descuento] [ammount:2853543840267957][total:18442787138878239379]
[user:Anakin] [type:inversión] [ammount:2700538688159340][total:18445487677566398719]
